Archive member included to satisfy reference by file (symbol)

C:/src/KAU_EMBEDED_19/Quartus/software/VGA_GRAY_bsp/\libhal_bsp.a(alt_irq_register.o)
                              obj/default/hello_world.o (alt_irq_register)
C:/src/KAU_EMBEDED_19/Quartus/software/VGA_GRAY_bsp/\libhal_bsp.a(alt_irq_vars.o)
                              C:/src/KAU_EMBEDED_19/Quartus/software/VGA_GRAY_bsp/\libhal_bsp.a(alt_irq_register.o) (alt_irq_active)
C:/src/KAU_EMBEDED_19/Quartus/software/VGA_GRAY_bsp/\libhal_bsp.a(alt_load.o)
                              C:/src/KAU_EMBEDED_19/Quartus/software/VGA_GRAY_bsp//obj/HAL/src/crt0.o (alt_load)
C:/src/KAU_EMBEDED_19/Quartus/software/VGA_GRAY_bsp/\libhal_bsp.a(alt_main.o)
                              C:/src/KAU_EMBEDED_19/Quartus/software/VGA_GRAY_bsp//obj/HAL/src/crt0.o (alt_main)
C:/src/KAU_EMBEDED_19/Quartus/software/VGA_GRAY_bsp/\libhal_bsp.a(alt_sys_init.o)
                              C:/src/KAU_EMBEDED_19/Quartus/software/VGA_GRAY_bsp/\libhal_bsp.a(alt_main.o) (alt_irq_init)
C:/src/KAU_EMBEDED_19/Quartus/software/VGA_GRAY_bsp/\libhal_bsp.a(altera_avalon_jtag_uart_fd.o)
                              C:/src/KAU_EMBEDED_19/Quartus/software/VGA_GRAY_bsp/\libhal_bsp.a(alt_sys_init.o) (altera_avalon_jtag_uart_read_fd)
C:/src/KAU_EMBEDED_19/Quartus/software/VGA_GRAY_bsp/\libhal_bsp.a(altera_avalon_jtag_uart_init.o)
                              C:/src/KAU_EMBEDED_19/Quartus/software/VGA_GRAY_bsp/\libhal_bsp.a(alt_sys_init.o) (altera_avalon_jtag_uart_init)
C:/src/KAU_EMBEDED_19/Quartus/software/VGA_GRAY_bsp/\libhal_bsp.a(altera_avalon_jtag_uart_ioctl.o)
                              C:/src/KAU_EMBEDED_19/Quartus/software/VGA_GRAY_bsp/\libhal_bsp.a(altera_avalon_jtag_uart_fd.o) (altera_avalon_jtag_uart_ioctl)
C:/src/KAU_EMBEDED_19/Quartus/software/VGA_GRAY_bsp/\libhal_bsp.a(altera_avalon_jtag_uart_read.o)
                              C:/src/KAU_EMBEDED_19/Quartus/software/VGA_GRAY_bsp/\libhal_bsp.a(altera_avalon_jtag_uart_fd.o) (altera_avalon_jtag_uart_read)
C:/src/KAU_EMBEDED_19/Quartus/software/VGA_GRAY_bsp/\libhal_bsp.a(altera_avalon_jtag_uart_write.o)
                              C:/src/KAU_EMBEDED_19/Quartus/software/VGA_GRAY_bsp/\libhal_bsp.a(altera_avalon_jtag_uart_fd.o) (altera_avalon_jtag_uart_write)
C:/src/KAU_EMBEDED_19/Quartus/software/VGA_GRAY_bsp/\libhal_bsp.a(altera_avalon_timer_sc.o)
                              C:/src/KAU_EMBEDED_19/Quartus/software/VGA_GRAY_bsp/\libhal_bsp.a(alt_sys_init.o) (alt_avalon_timer_sc_init)
C:/src/KAU_EMBEDED_19/Quartus/software/VGA_GRAY_bsp/\libhal_bsp.a(altera_up_avalon_irda.o)
                              C:/src/KAU_EMBEDED_19/Quartus/software/VGA_GRAY_bsp/\libhal_bsp.a(alt_sys_init.o) (alt_up_irda_read_fd)
C:/src/KAU_EMBEDED_19/Quartus/software/VGA_GRAY_bsp/\libhal_bsp.a(altera_up_avalon_ps2.o)
                              C:/src/KAU_EMBEDED_19/Quartus/software/VGA_GRAY_bsp/\libhal_bsp.a(alt_sys_init.o) (alt_up_ps2_init)
C:/src/KAU_EMBEDED_19/Quartus/software/VGA_GRAY_bsp/\libhal_bsp.a(alt_alarm_start.o)
                              C:/src/KAU_EMBEDED_19/Quartus/software/VGA_GRAY_bsp/\libhal_bsp.a(altera_avalon_jtag_uart_init.o) (alt_alarm_start)
C:/src/KAU_EMBEDED_19/Quartus/software/VGA_GRAY_bsp/\libhal_bsp.a(alt_close.o)
                              C:/src/KAU_EMBEDED_19/Quartus/software/VGA_GRAY_bsp/\libhal_bsp.a(alt_main.o) (close)
C:/src/KAU_EMBEDED_19/Quartus/software/VGA_GRAY_bsp/\libhal_bsp.a(alt_dcache_flush_all.o)
                              C:/src/KAU_EMBEDED_19/Quartus/software/VGA_GRAY_bsp/\libhal_bsp.a(alt_load.o) (alt_dcache_flush_all)
C:/src/KAU_EMBEDED_19/Quartus/software/VGA_GRAY_bsp/\libhal_bsp.a(alt_dev.o)
                              C:/src/KAU_EMBEDED_19/Quartus/software/VGA_GRAY_bsp/\libhal_bsp.a(alt_sys_init.o) (alt_dev_list)
C:/src/KAU_EMBEDED_19/Quartus/software/VGA_GRAY_bsp/\libhal_bsp.a(alt_dev_llist_insert.o)
                              C:/src/KAU_EMBEDED_19/Quartus/software/VGA_GRAY_bsp/\libhal_bsp.a(alt_sys_init.o) (alt_dev_llist_insert)
C:/src/KAU_EMBEDED_19/Quartus/software/VGA_GRAY_bsp/\libhal_bsp.a(alt_do_ctors.o)
                              C:/src/KAU_EMBEDED_19/Quartus/software/VGA_GRAY_bsp/\libhal_bsp.a(alt_main.o) (_do_ctors)
C:/src/KAU_EMBEDED_19/Quartus/software/VGA_GRAY_bsp/\libhal_bsp.a(alt_do_dtors.o)
                              C:/src/KAU_EMBEDED_19/Quartus/software/VGA_GRAY_bsp/\libhal_bsp.a(alt_main.o) (_do_dtors)
C:/src/KAU_EMBEDED_19/Quartus/software/VGA_GRAY_bsp/\libhal_bsp.a(alt_errno.o)
                              C:/src/KAU_EMBEDED_19/Quartus/software/VGA_GRAY_bsp/\libhal_bsp.a(alt_close.o) (alt_errno)
C:/src/KAU_EMBEDED_19/Quartus/software/VGA_GRAY_bsp/\libhal_bsp.a(alt_find_dev.o)
                              C:/src/KAU_EMBEDED_19/Quartus/software/VGA_GRAY_bsp/\libhal_bsp.a(altera_up_avalon_irda.o) (alt_find_dev)
C:/src/KAU_EMBEDED_19/Quartus/software/VGA_GRAY_bsp/\libhal_bsp.a(alt_icache_flush_all.o)
[...]
Memory Configuration

Name             Origin             Length             Attributes
reset            0x0000000000000000 0x0000000000000020
SDRAM            0x0000000000000020 0x0000000001ffffe0
Onchip_SRAM      0x0000000008000000 0x0000000000040000
VGA_Subsystem_Char_Buf_Subsystem_Onchip_SRAM 0x0000000009000000 0x0000000000002000
ARM_A9_HPS_axi_sdram 0x0000000040000000 0x0000000040000000
*default*        0x0000000000000000 0xffffffffffffffff

Linker script and memory map

LOAD C:/src/KAU_EMBEDED_19/Quartus/software/VGA_GRAY_bsp//obj/HAL/src/crt0.o
LOAD obj/default/hello_world.o
LOAD c:/intelfpga_lite/16.1/nios2eds/bin/gnu/h-x86_64-mingw32/bin/../lib/gcc/nios2-elf/5.3.0/../../../../../H-x86_64-mingw32/nios2-elf/lib/mhw-mulx\libstdc++.a
LOAD c:/intelfpga_lite/16.1/nios2eds/bin/gnu/h-x86_64-mingw32/bin/../lib/gcc/nios2-elf/5.3.0/../../../../../H-x86_64-mingw32/nios2-elf/lib/mhw-mulx\libm.a
LOAD c:/intelfpga_lite/16.1/nios2eds/bin/gnu/h-x86_64-mingw32/bin/../lib/gcc/nios2-elf/5.3.0/mhw-mulx\libgcc.a
START GROUP
LOAD c:/intelfpga_lite/16.1/nios2eds/bin/gnu/h-x86_64-mingw32/bin/../lib/gcc/nios2-elf/5.3.0/../../../../../H-x86_64-mingw32/nios2-elf/lib/mhw-mulx\libc.a
LOAD c:/intelfpga_lite/16.1/nios2eds/bin/gnu/h-x86_64-mingw32/bin/../lib/gcc/nios2-elf/5.3.0/mhw-mulx\libgcc.a
LOAD C:/src/KAU_EMBEDED_19/Quartus/software/VGA_GRAY_bsp/\libhal_bsp.a
LOAD c:/intelfpga_lite/16.1/nios2eds/bin/gnu/h-x86_64-mingw32/bin/../lib/gcc/nios2-elf/5.3.0/../../../../../H-x86_64-mingw32/nios2-elf/lib/mhw-mulx\libm.a
END GROUP
LOAD c:/intelfpga_lite/16.1/nios2eds/bin/gnu/h-x86_64-mingw32/bin/../lib/gcc/nios2-elf/5.3.0/mhw-mulx\libgcc.a
                0x0000000000000000                __alt_mem_SDRAM = 0x0
                0x0000000008000000                __alt_mem_Onchip_SRAM = 0x8000000
                0x0000000009000000                __alt_mem_VGA_Subsystem_Char_Buf_Subsystem_Onchip_SRAM = 0x9000000
                0x0000000040000000                __alt_mem_ARM_A9_HPS_axi_sdram = 0x40000000

.entry          0x0000000000000000       0x20
 *(.entry)
 .entry         0x0000000000000000       0x20 C:/src/KAU_EMBEDED_19/Quartus/software/VGA_GRAY_bsp//obj/HAL/src/crt0.o
                0x0000000000000000                __reset

.exceptions     0x0000000000000020      0x228
                0x0000000000000020                PROVIDE (__ram_exceptions_start, ABSOLUTE (.))
                0x0000000000000020                . = ALIGN (0x20)
 *(.irq)
 *(.exceptions.entry.label)
 .exceptions.entry.label
                0x0000000000000020        0x0 C:/src/KAU_EMBEDED_19/Quartus/software/VGA_GRAY_bsp/\libhal_bsp.a(alt_irq_entry.o)
                0x0000000000000020                alt_irq_entry
 .exceptions.entry.label
                0x0000000000000020        0x0 C:/src/KAU_EMBEDED_19/Quartus/software/VGA_GRAY_bsp/\libhal_bsp.a(alt_exception_entry.o)
                0x0000000000000020                alt_exception
 *(.exceptions.entry.user)
 *(.exceptions.entry.ecc_fatal)
 *(.exceptions.entry)
 .exceptions.entry
                0x0000000000000020       0x54 C:/src/KAU_EMBEDED_19/Quartus/software/VGA_GRAY_bsp/\libhal_bsp.a(alt_exception_entry.o)
 *(.exceptions.irqtest.user)
 *(.exceptions.irqtest)
 .exceptions.irqtest
                0x0000000000000074       0x10 C:/src/KAU_EMBEDED_19/Quartus/software/VGA_GRAY_bsp/\libhal_bsp.a(alt_irq_entry.o)
 *(.exceptions.irqhandler.user)
 *(.exceptions.irqhandler)
 .exceptions.irqhandler
                0x0000000000000084        0x4 C:/src/KAU_EMBEDED_19/Quartus/software/VGA_GRAY_bsp/\libhal_bsp.a(alt_irq_entry.o)
 *(.exceptions.irqreturn.user)
 *(.exceptions.irqreturn)
 .exceptions.irqreturn
                0x0000000000000088        0x4 C:/src/KAU_EMBEDED_19/Quartus/software/VGA_GRAY_bsp/\libhal_bsp.a(alt_irq_entry.o)
 *(.exceptions.notirq.label)
 .exceptions.notirq.label
                0x000000000000008c        0x0 C:/src/KAU_EMBEDED_19/Quartus/software/VGA_GRAY_bsp/\libhal_bsp.a(alt_irq_entry.o)
 *(.exceptions.notirq.user)
 *(.exceptions.notirq)
 .exceptions.notirq
                0x000000000000008c        0x8 C:/src/KAU_EMBEDED_19/Quartus/software/VGA_GRAY_bsp/\libhal_bsp.a(alt_exception_entry.o)
 *(.exceptions.soft.user)
 *(.exceptions.soft)
 *(.exceptions.unknown.user)
 *(.exceptions.unknown)
 .exceptions.unknown
                0x0000000000000094       0x14 C:/src/KAU_EMBEDED_19/Quartus/software/VGA_GRAY_bsp/\libhal_bsp.a(alt_exception_entry.o)
 *(.exceptions.exit.label)
 .exceptions.exit.label
                0x00000000000000a8        0x0 C:/src/KAU_EMBEDED_19/Quartus/software/VGA_GRAY_bsp/\libhal_bsp.a(alt_irq_entry.o)
 .exceptions.exit.label
                0x00000000000000a8        0x0 C:/src/KAU_EMBEDED_19/Quartus/software/VGA_GRAY_bsp/\libhal_bsp.a(alt_exception_entry.o)
 *(.exceptions.exit.user)
 *(.exceptions.exit)
 .exceptions.exit
                0x00000000000000a8       0x54 C:/src/KAU_EMBEDED_19/Quartus/software/VGA_GRAY_bsp/\libhal_bsp.a(alt_exception_entry.o)
 *(.exceptions)
 .exceptions    0x00000000000000fc       0xd8 C:/src/KAU_EMBEDED_19/Quartus/software/VGA_GRAY_bsp/\libhal_bsp.a(alt_irq_handler.o)
                0x00000000000000fc                alt_irq_handler
 .exceptions    0x00000000000001d4       0x74 C:/src/KAU_EMBEDED_19/Quartus/software/VGA_GRAY_bsp/\libhal_bsp.a(alt_instruction_exception_entry.o)
                0x00000000000001d4                alt_instruction_exception_entry
                0x0000000000000248                PROVIDE (__ram_exceptions_end, ABSOLUTE (.))
                0x0000000000000020                PROVIDE (__flash_exceptions_start, LOADADDR (.exceptions))

.text           0x0000000000000248     0x3644
                [!provide]                        PROVIDE (stext, ABSOLUTE (.))
 *(.interp)
 *(.hash)
 *(.dynsym)
 *(.dynstr)
 *(.gnu.version)
 *(.gnu.version_d)
 *(.gnu.version_r)
 *(.rel.init)
 *(.rela.init)
 *(.rel.text .rel.text.* .rel.gnu.linkonce.t.*)
 *(.rela.text .rela.text.* .rela.gnu.linkonce.t.*)
 *(.rel.fini)
 *(.rela.fini)
 *(.rel.rodata .rel.rodata.* .rel.gnu.linkonce.r.*)
 *(.rela.rodata .rela.rodata.* .rela.gnu.linkonce.r.*)
 *(.rel.data .rel.data.* .rel.gnu.linkonce.d.*)
 *(.rela.data .rela.data.* .rela.gnu.linkonce.d.*)
 *(.rel.tdata .rel.tdata.* .rel.gnu.linkonce.td.*)
 *(.rela.tdata .rela.tdata.* .rela.gnu.linkonce.td.*)
 *(.rel.tbss .rel.tbss.* .rel.gnu.linkonce.tb.*)
 *(.rela.tbss .rela.tbss.* .rela.gnu.linkonce.tb.*)
 *(.rel.ctors)
 *(.rela.ctors)
 *(.rel.dtors)
 *(.rela.dtors)
 *(.rel.got)
 *(.rela.got)
 *(.rel.sdata .rel.sdata.* .rel.gnu.linkonce.s.*)
 *(.rela.sdata .rela.sdata.* .rela.gnu.linkonce.s.*)
 *(.rel.sbss .rel.sbss.* .rel.gnu.linkonce.sb.*)
 *(.rela.sbss .rela.sbss.* .rela.gnu.linkonce.sb.*)
 *(.rel.sdata2 .rel.sdata2.* .rel.gnu.linkonce.s2.*)
 *(.rela.sdata2 .rela.sdata2.* .rela.gnu.linkonce.s2.*)
 *(.rel.sbss2 .rel.sbss2.* .rel.gnu.linkonce.sb2.*)
 *(.rela.sbss2 .rela.sbss2.* .rela.gnu.linkonce.sb2.*)
 *(.rel.bss .rel.bss.* .rel.gnu.linkonce.b.*)
 *(.rela.bss .rela.bss.* .rela.gnu.linkonce.b.*)
 *(.rel.plt)
 *(.rela.plt)
 *(.rel.dyn)
 *(.init)
 *(.plt)
 *(.text .stub .text.* .gnu.linkonce.t.*)
 .text          0x0000000000000248       0x3c C:/src/KAU_EMBEDED_19/Quartus/software/VGA_GRAY_bsp//obj/HAL/src/crt0.o
                0x0000000000000248                _start
 .text          0x0000000000000284      0x2a4 obj/default/hello_world.o
                0x0000000000000284                main
                0x0000000000000314                Timer_ISR
                0x0000000000000388                fillColor
                0x000000000000040c                wait_for_vsync
                0x000000000000045c                plot_pixel
                0x00000000000004b0                clear_screen
 .text          0x0000000000000528      0x180 C:/src/KAU_EMBEDED_19/Quartus/software/VGA_GRAY_bsp/\libhal_bsp.a(alt_irq_register.o)
                0x0000000000000528                alt_irq_register
 .text          0x00000000000006a8        0x0 C:/src/KAU_EMBEDED_19/Quartus/software/VGA_GRAY_bsp/\libhal_bsp.a(alt_irq_vars.o)
 .text          0x00000000000006a8       0xec C:/src/KAU_EMBEDED_19/Quartus/software/VGA_GRAY_bsp/\libhal_bsp.a(alt_load.o)
                0x0000000000000710                alt_load
 .text          0x0000000000000794       0x7c C:/src/KAU_EMBEDED_19/Quartus/software/VGA_GRAY_bsp/\libhal_bsp.a(alt_main.o)
                0x0000000000000794                alt_main
 .text          0x0000000000000810      0x7fc C:/src/KAU_EMBEDED_19/Quartus/software/VGA_GRAY_bsp/\libhal_bsp.a(alt_sys_init.o)
                0x0000000000000844                alt_irq_init
                0x000000000000087c                alt_sys_init
 .text          0x000000000000100c      0x164 C:/src/KAU_EMBEDED_19/Quartus/software/VGA_GRAY_bsp/\libhal_bsp.a(altera_avalon_jtag_uart_fd.o)
                0x000000000000100c                altera_avalon_jtag_uart_read_fd
                0x000000000000106c                altera_avalon_jtag_uart_write_fd
                0x00000000000010cc                altera_avalon_jtag_uart_close_fd
                0x000000000000111c                altera_avalon_jtag_uart_ioctl_fd
 .text          0x0000000000001170      0x3cc C:/src/KAU_EMBEDED_19/Quartus/software/VGA_GRAY_bsp/\libhal_bsp.a(altera_avalon_jtag_uart_init.o)
                0x0000000000001170                altera_avalon_jtag_uart_init
                0x00000000000014d4                altera_avalon_jtag_uart_close
 .text          0x000000000000153c       0xf0 C:/src/KAU_EMBEDED_19/Quartus/software/VGA_GRAY_bsp/\libhal_bsp.a(altera_avalon_jtag_uart_ioctl.o)
                0x000000000000153c                altera_avalon_jtag_uart_ioctl
 .text          0x000000000000162c      0x21c C:/src/KAU_EMBEDED_19/Quartus/software/VGA_GRAY_bsp/\libhal_bsp.a(altera_avalon_jtag_uart_read.o)
                0x000000000000162c                altera_avalon_jtag_uart_read
 .text          0x0000000000001848      0x224 C:/src/KAU_EMBEDED_19/Quartus/software/VGA_GRAY_bsp/\libhal_bsp.a(altera_avalon_jtag_uart_write.o)
                0x0000000000001848                altera_avalon_jtag_uart_write
 .text          0x0000000000001a6c       0xf0 C:/src/KAU_EMBEDED_19/Quartus/software/VGA_GRAY_bsp/\libhal_bsp.a(altera_avalon_timer_sc.o)
                0x0000000000001ae8                alt_avalon_timer_sc_init
 .text          0x0000000000001b5c      0x38c C:/src/KAU_EMBEDED_19/Quartus/software/VGA_GRAY_bsp/\libhal_bsp.a(altera_up_avalon_irda.o)
                0x0000000000001b5c                alt_up_irda_enable_read_interrupt
                0x0000000000001bb8                alt_up_irda_disable_read_interrupt
                0x0000000000001c18                alt_up_irda_get_used_space_in_read_FIFO
                0x0000000000001c58                alt_up_irda_get_available_space_in_write_FIFO
                0x0000000000001c94                alt_up_irda_check_parity
                0x0000000000001cd8                alt_up_irda_write_data
                0x0000000000001d18                alt_up_irda_read_data
                0x0000000000001d8c                alt_up_irda_read_fd
                0x0000000000001e1c                alt_up_irda_write_fd
                0x0000000000001eac                alt_up_irda_open_dev
 .text          0x0000000000001ee8      0x6b0 C:/src/KAU_EMBEDED_19/Quartus/software/VGA_GRAY_bsp/\libhal_bsp.a(altera_up_avalon_ps2.o)
                0x0000000000001ee8                read_RI_bit
                0x0000000000001f1c                read_RE_bit
                0x0000000000001f4c                read_CE_bit
                0x0000000000001f80                read_num_bytes_available
                0x0000000000001fb0                read_data_valid
                0x0000000000001fe4                read_data_byte
                0x0000000000002010                alt_up_ps2_init
                0x00000000000020d8                alt_up_ps2_enable_read_interrupt
                0x0000000000002134                alt_up_ps2_disable_read_interrupt
                0x0000000000002194                alt_up_ps2_write_data_byte
                0x0000000000002208                alt_up_ps2_wait_for_ack
                0x0000000000002270                alt_up_ps2_write_data_byte_with_ack
                0x00000000000022d4                alt_up_ps2_read_data_byte_timeout
                0x0000000000002370                alt_up_ps2_read_data_byte
                0x00000000000023e0                alt_up_ps2_clear_fifo
                0x0000000000002438                alt_up_ps2_read_fd
                0x00000000000024c4                alt_up_ps2_write_fd
                0x000000000000255c                alt_up_ps2_open_dev
 .text          0x0000000000002598      0x12c C:/src/KAU_EMBEDED_19/Quartus/software/VGA_GRAY_bsp/\libhal_bsp.a(alt_alarm_start.o)
                0x0000000000002598                alt_alarm_start
 .text          0x00000000000026c4      0x10c C:/src/KAU_EMBEDED_19/Quartus/software/VGA_GRAY_bsp/\libhal_bsp.a(alt_close.o)
                0x0000000000002700                close
 .text          0x00000000000027d0       0x20 C:/src/KAU_EMBEDED_19/Quartus/software/VGA_GRAY_bsp/\libhal_bsp.a(alt_dcache_flush_all.o)
                0x00000000000027d0                alt_dcache_flush_all
 .text          0x00000000000027f0       0x2c C:/src/KAU_EMBEDED_19/Quartus/software/VGA_GRAY_bsp/\libhal_bsp.a(alt_dev.o)
 .text          0x000000000000281c       0xe0 C:/src/KAU_EMBEDED_19/Quartus/software/VGA_GRAY_bsp/\libhal_bsp.a(alt_dev_llist_insert.o)
                0x0000000000002858                alt_dev_llist_insert
 .text          0x00000000000028fc       0x60 C:/src/KAU_EMBEDED_19/Quartus/software/VGA_GRAY_bsp/\libhal_bsp.a(alt_do_ctors.o)
                0x00000000000028fc                _do_ctors
 .text          0x000000000000295c       0x60 C:/src/KAU_EMBEDED_19/Quartus/software/VGA_GRAY_bsp/\libhal_bsp.a(alt_do_dtors.o)
                0x000000000000295c                _do_dtors
 .text          0x00000000000029bc        0x0 C:/src/KAU_EMBEDED_19/Quartus/software/VGA_GRAY_bsp/\libhal_bsp.a(alt_errno.o)
 .text          0x00000000000029bc       0x90 C:/src/KAU_EMBEDED_19/Quartus/software/VGA_GRAY_bsp/\libhal_bsp.a(alt_find_dev.o)
                0x00000000000029bc                alt_find_dev
 .text          0x0000000000002a4c       0x34 C:/src/KAU_EMBEDED_19/Quartus/software/VGA_GRAY_bsp/\libhal_bsp.a(alt_icache_flush_all.o)
                0x0000000000002a4c                alt_icache_flush_all
 .text          0x0000000000002a80      0x140 C:/src/KAU_EMBEDED_19/Quartus/software/VGA_GRAY_bsp/\libhal_bsp.a(alt_io_redirect.o)
                0x0000000000002b44                alt_io_redirect
 .text          0x0000000000002bc0        0x0 C:/src/KAU_EMBEDED_19/Quartus/software/VGA_GRAY_bsp/\libhal_bsp.a(alt_irq_entry.o)
 .text          0x0000000000002bc0        0x0 C:/src/KAU_EMBEDED_19/Quartus/software/VGA_GRAY_bsp/\libhal_bsp.a(alt_irq_handler.o)
 .text          0x0000000000002bc0      0x254 C:/src/KAU_EMBEDED_19/Quartus/software/VGA_GRAY_bsp/\libhal_bsp.a(alt_open.o)
                0x0000000000002cc0                open
 .text          0x0000000000002e14       0x64 C:/src/KAU_EMBEDED_19/Quartus/software/VGA_GRAY_bsp/\libhal_bsp.a(alt_release_fd.o)
                0x0000000000002e14                alt_release_fd
 .text          0x0000000000002e78      0x1a4 C:/src/KAU_EMBEDED_19/Quartus/software/VGA_GRAY_bsp/\libhal_bsp.a(alt_tick.o)
                0x0000000000002e78                alt_alarm_stop
                0x0000000000002f14                alt_tick
 .text          0x000000000000301c       0x24 C:/src/KAU_EMBEDED_19/Quartus/software/VGA_GRAY_bsp/\libhal_bsp.a(altera_nios2_gen2_irq.o)
                0x000000000000301c                altera_nios2_gen2_irq_init
 .text          0x0000000000003040        0x0 C:/src/KAU_EMBEDED_19/Quartus/software/VGA_GRAY_bsp/\libhal_bsp.a(alt_exception_entry.o)
 .text          0x0000000000003040      0x108 C:/src/KAU_EMBEDED_19/Quartus/software/VGA_GRAY_bsp/\libhal_bsp.a(alt_find_file.o)
                0x0000000000003040                alt_find_file
 .text          0x0000000000003148       0xa4 C:/src/KAU_EMBEDED_19/Quartus/software/VGA_GRAY_bsp/\libhal_bsp.a(alt_get_fd.o)
                0x0000000000003148                alt_get_fd
 .text          0x00000000000031ec       0x90 C:/src/KAU_EMBEDED_19/Quartus/software/VGA_GRAY_bsp/\libhal_bsp.a(alt_icache_flush.o)
                0x00000000000031ec                alt_icache_flush
 .text          0x000000000000327c       0x9c C:/src/KAU_EMBEDED_19/Quartus/software/VGA_GRAY_bsp/\libhal_bsp.a(alt_instruction_exception_entry.o)
                0x000000000000327c                alt_exception_cause_generated_bad_addr
 .text          0x0000000000003318        0x0 c:/intelfpga_lite/16.1/nios2eds/bin/gnu/h-x86_64-mingw32/bin/../lib/gcc/nios2-elf/5.3.0/../../../../../H-x86_64-mingw32/nios2-elf/lib/mhw-mulx\libc.a(lib_a-atexit.o)
 .text.atexit   0x0000000000003318       0x14 c:/intelfpga_lite/16.1/nios2eds/bin/gnu/h-x86_64-mingw32/bin/../lib/gcc/nios2-elf/5.3.0/../../../../../H-x86_64-mingw32/nios2-elf/lib/mhw-mulx\libc.a(lib_a-atexit.o)
                0x0000000000003318                atexit
 .text          0x000000000000332c        0x0 c:/intelfpga_lite/16.1/nios2eds/bin/gnu/h-x86_64-mingw32/bin/../lib/gcc/nios2-elf/5.3.0/../../../../../H-x86_64-mingw32/nios2-elf/lib/mhw-mulx\libc.a(lib_a-exit.o)
 .text.exit     0x000000000000332c       0x38 c:/intelfpga_lite/16.1/nios2eds/bin/gnu/h-x86_64-mingw32/bin/../lib/gcc/nios2-elf/5.3.0/../../../../../H-x86_64-mingw32/nios2-elf/lib/mhw-mulx\libc.a(lib_a-exit.o)
                0x000000000000332c                exit
 .text          0x0000000000003364        0x0 c:/intelfpga_lite/16.1/nios2eds/bin/gnu/h-x86_64-mingw32/bin/../lib/gcc/nios2-elf/5.3.0/../../../../../H-x86_64-mingw32/nios2-elf/lib/mhw-mulx\libc.a(lib_a-impure.o)
 .text          0x0000000000003364        0x0 c:/intelfpga_lite/16.1/nios2eds/bin/gnu/h-x86_64-mingw32/bin/../lib/gcc/nios2-elf/5.3.0/../../../../../H-x86_64-mingw32/nios2-elf/lib/mhw-mulx\libc.a(lib_a-int_errno.o)
 .text          0x0000000000003364        0x0 c:/intelfpga_lite/16.1/nios2eds/bin/gnu/h-x86_64-mingw32/bin/../lib/gcc/nios2-elf/5.3.0/../../../../../H-x86_64-mingw32/nios2-elf/lib/mhw-mulx\libc.a(lib_a-memcmp.o)
 .text.memcmp   0x0000000000003364       0x7c c:/intelfpga_lite/16.1/nios2eds/bin/gnu/h-x86_64-mingw32/bin/../lib/gcc/nios2-elf/5.3.0/../../../../../H-x86_64-mingw32/nios2-elf/lib/mhw-mulx\libc.a(lib_a-memcmp.o)
                0x0000000000003364                memcmp
 .text          0x00000000000033e0        0x0 c:/intelfpga_lite/16.1/nios2eds/bin/gnu/h-x86_64-mingw32/bin/../lib/gcc/nios2-elf/5.3.0/../../../../../H-x86_64-mingw32/nios2-elf/lib/mhw-mulx\libc.a(lib_a-memcpy.o)
 .text.memcpy   0x00000000000033e0      0x148 c:/intelfpga_lite/16.1/nios2eds/bin/gnu/h-x86_64-mingw32/bin/../lib/gcc/nios2-elf/5.3.0/../../../../../H-x86_64-mingw32/nios2-elf/lib/mhw-mulx\libc.a(lib_a-memcpy.o)
                0x00000000000033e0                memcpy
 .text          0x0000000000003528        0x0 c:/intelfpga_lite/16.1/nios2eds/bin/gnu/h-x86_64-mingw32/bin/../lib/gcc/nios2-elf/5.3.0/../../../../../H-x86_64-mingw32/nios2-elf/lib/mhw-mulx\libc.a(lib_a-strlen.o)
 .text.strlen   0x0000000000003528       0x98 c:/intelfpga_lite/16.1/nios2eds/bin/gnu/h-x86_64-mingw32/bin/../lib/gcc/nios2-elf/5.3.0/../../../../../H-x86_64-mingw32/nios2-elf/lib/mhw-mulx\libc.a(lib_a-strlen.o)
                0x0000000000003528                strlen
 .text          0x00000000000035c0        0x0 c:/intelfpga_lite/16.1/nios2eds/bin/gnu/h-x86_64-mingw32/bin/../lib/gcc/nios2-elf/5.3.0/../../../../../H-x86_64-mingw32/nios2-elf/lib/mhw-mulx\libc.a(lib_a-__atexit.o)
 .text.__register_exitproc
                0x00000000000035c0      0x118 c:/intelfpga_lite/16.1/nios2eds/bin/gnu/h-x86_64-mingw32/bin/../lib/gcc/nios2-elf/5.3.0/../../../../../H-x86_64-mingw32/nios2-elf/lib/mhw-mulx\libc.a(lib_a-__atexit.o)
                0x00000000000035c0                __register_exitproc
 .text          0x00000000000036d8        0x0 c:/intelfpga_lite/16.1/nios2eds/bin/gnu/h-x86_64-mingw32/bin/../lib/gcc/nios2-elf/5.3.0/../../../../../H-x86_64-mingw32/nios2-elf/lib/mhw-mulx\libc.a(lib_a-__call_atexit.o)
 .text.__call_exitprocs
                0x00000000000036d8      0x180 c:/intelfpga_lite/16.1/nios2eds/bin/gnu/h-x86_64-mingw32/bin/../lib/gcc/nios2-elf/5.3.0/../../../../../H-x86_64-mingw32/nios2-elf/lib/mhw-mulx\libc.a(lib_a-__call_atexit.o)
                0x00000000000036d8                __call_exitprocs
 .text          0x0000000000003858       0x34 C:/src/KAU_EMBEDED_19/Quartus/software/VGA_GRAY_bsp/\libhal_bsp.a(alt_exit.o)
                0x0000000000003858                _exit
 *(.gnu.warning.*)
 *(.fini)
                [!provide]                        PROVIDE (__etext, ABSOLUTE (.))
                [!provide]                        PROVIDE (_etext, ABSOLUTE (.))
                [!provide]                        PROVIDE (etext, ABSOLUTE (.))
 *(.eh_frame_hdr)
                0x000000000000388c                . = ALIGN (0x4)
                [!provide]                        PROVIDE (__preinit_array_start, ABSOLUTE (.))
 *(.preinit_array)
                [!provide]                        PROVIDE (__preinit_array_end, ABSOLUTE (.))
                [!provide]                        PROVIDE (__init_array_start, ABSOLUTE (.))
 *(.init_array)
                [!provide]                        PROVIDE (__init_array_end, ABSOLUTE (.))
                [!provide]                        PROVIDE (__fini_array_start, ABSOLUTE (.))
 *(.fini_array)
                [!provide]                        PROVIDE (__fini_array_end, ABSOLUTE (.))
 *(.eh_frame)
 *(.gcc_except_table .gcc_except_table.*)
 *(.dynamic)
                0x000000000000388c                PROVIDE (__CTOR_LIST__, ABSOLUTE (.))
 *(.ctors)
 *(SORT(.ctors.*))
                0x000000000000388c                PROVIDE (__CTOR_END__, ABSOLUTE (.))
                0x000000000000388c                PROVIDE (__DTOR_LIST__, ABSOLUTE (.))
 *(.dtors)
 *(SORT(.dtors.*))
                0x000000000000388c                PROVIDE (__DTOR_END__, ABSOLUTE (.))
 *(.jcr)
                0x000000000000388c                . = ALIGN (0x4)

.rodata         0x000000000000388c      0x118
                0x000000000000388c                PROVIDE (__ram_rodata_start, ABSOLUTE (.))
                0x000000000000388c                . = ALIGN (0x4)
 *(.rodata .rodata.* .gnu.linkonce.r.*)
 .rodata        0x000000000000388c        0xf C:/src/KAU_EMBEDED_19/Quartus/software/VGA_GRAY_bsp/\libhal_bsp.a(alt_main.o)
 *fill*         0x000000000000389b        0x1 
 .rodata        0x000000000000389c       0xf5 C:/src/KAU_EMBEDED_19/Quartus/software/VGA_GRAY_bsp/\libhal_bsp.a(alt_sys_init.o)
 *fill*         0x0000000000003991        0x3 
 .rodata        0x0000000000003994        0xa C:/src/KAU_EMBEDED_19/Quartus/software/VGA_GRAY_bsp/\libhal_bsp.a(alt_dev.o)
 *fill*         0x000000000000399e        0x2 
 .rodata.str1.4
                0x00000000000039a0        0x4 c:/intelfpga_lite/16.1/nios2eds/bin/gnu/h-x86_64-mingw32/bin/../lib/gcc/nios2-elf/5.3.0/../../../../../H-x86_64-mingw32/nios2-elf/lib/mhw-mulx\libc.a(lib_a-impure.o)
                                          0x2 (size before relaxing)
 *(.rodata1)
                0x00000000000039a4                . = ALIGN (0x4)
                0x00000000000039a4                PROVIDE (__ram_rodata_end, ABSOLUTE (.))
                0x000000000000388c                PROVIDE (__flash_rodata_start, LOADADDR (.rodata))

.rwdata         0x00000000000039a4     0x189c load address 0x0000000000005240
                0x00000000000039a4                PROVIDE (__ram_rwdata_start, ABSOLUTE (.))
                0x00000000000039a4                . = ALIGN (0x4)
 *(.got.plt)
 *(.got)
 *(.data1)
 *(.data .data.* .gnu.linkonce.d.*)
 .data          0x00000000000039a4        0x0 C:/src/KAU_EMBEDED_19/Quartus/software/VGA_GRAY_bsp//obj/HAL/src/crt0.o
 .data          0x00000000000039a4        0x0 obj/default/hello_world.o
 .data          0x00000000000039a4        0x0 C:/src/KAU_EMBEDED_19/Quartus/software/VGA_GRAY_bsp/\libhal_bsp.a(alt_irq_register.o)
 .data          0x00000000000039a4        0x0 C:/src/KAU_EMBEDED_19/Quartus/software/VGA_GRAY_bsp/\libhal_bsp.a(alt_irq_vars.o)
 .data          0x00000000000039a4        0x0 C:/src/KAU_EMBEDED_19/Quartus/software/VGA_GRAY_bsp/\libhal_bsp.a(alt_load.o)
 .data          0x00000000000039a4        0x0 C:/src/KAU_EMBEDED_19/Quartus/software/VGA_GRAY_bsp/\libhal_bsp.a(alt_main.o)
 .data          0x00000000000039a4     0x1294 C:/src/KAU_EMBEDED_19/Quartus/software/VGA_GRAY_bsp/\libhal_bsp.a(alt_sys_init.o)
 .data          0x0000000000004c38        0x0 C:/src/KAU_EMBEDED_19/Quartus/software/VGA_GRAY_bsp/\libhal_bsp.a(altera_avalon_jtag_uart_fd.o)
 .data          0x0000000000004c38        0x0 C:/src/KAU_EMBEDED_19/Quartus/software/VGA_GRAY_bsp/\libhal_bsp.a(altera_avalon_jtag_uart_init.o)
 .data          0x0000000000004c38        0x0 C:/src/KAU_EMBEDED_19/Quartus/software/VGA_GRAY_bsp/\libhal_bsp.a(altera_avalon_jtag_uart_ioctl.o)
 .data          0x0000000000004c38        0x0 C:/src/KAU_EMBEDED_19/Quartus/software/VGA_GRAY_bsp/\libhal_bsp.a(altera_avalon_jtag_uart_read.o)
 .data          0x0000000000004c38        0x0 C:/src/KAU_EMBEDED_19/Quartus/software/VGA_GRAY_bsp/\libhal_bsp.a(altera_avalon_jtag_uart_write.o)
 .data          0x0000000000004c38        0x0 C:/src/KAU_EMBEDED_19/Quartus/software/VGA_GRAY_bsp/\libhal_bsp.a(altera_avalon_timer_sc.o)
 .data          0x0000000000004c38        0x0 C:/src/KAU_EMBEDED_19/Quartus/software/VGA_GRAY_bsp/\libhal_bsp.a(altera_up_avalon_irda.o)
 .data          0x0000000000004c38        0x0 C:/src/KAU_EMBEDED_19/Quartus/software/VGA_GRAY_bsp/\libhal_bsp.a(altera_up_avalon_ps2.o)
 .data          0x0000000000004c38        0x0 C:/src/KAU_EMBEDED_19/Quartus/software/VGA_GRAY_bsp/\libhal_bsp.a(alt_alarm_start.o)
 .data          0x0000000000004c38        0x0 C:/src/KAU_EMBEDED_19/Quartus/software/VGA_GRAY_bsp/\libhal_bsp.a(alt_close.o)
 .data          0x0000000000004c38        0x0 C:/src/KAU_EMBEDED_19/Quartus/software/VGA_GRAY_bsp/\libhal_bsp.a(alt_dcache_flush_all.o)
 .data          0x0000000000004c38      0x1a8 C:/src/KAU_EMBEDED_19/Quartus/software/VGA_GRAY_bsp/\libhal_bsp.a(alt_dev.o)
                0x0000000000004c38                alt_dev_null
                0x0000000000004c60                alt_fd_list
 .data          0x0000000000004de0        0x0 C:/src/KAU_EMBEDED_19/Quartus/software/VGA_GRAY_bsp/\libhal_bsp.a(alt_dev_llist_insert.o)
 .data          0x0000000000004de0        0x0 C:/src/KAU_EMBEDED_19/Quartus/software/VGA_GRAY_bsp/\libhal_bsp.a(alt_do_ctors.o)
 .data          0x0000000000004de0        0x0 C:/src/KAU_EMBEDED_19/Quartus/software/VGA_GRAY_bsp/\libhal_bsp.a(alt_do_dtors.o)
 .data          0x0000000000004de0        0x0 C:/src/KAU_EMBEDED_19/Quartus/software/VGA_GRAY_bsp/\libhal_bsp.a(alt_errno.o)
 .data          0x0000000000004de0        0x0 C:/src/KAU_EMBEDED_19/Quartus/software/VGA_GRAY_bsp/\libhal_bsp.a(alt_find_dev.o)
 .data          0x0000000000004de0        0x0 C:/src/KAU_EMBEDED_19/Quartus/software/VGA_GRAY_bsp/\libhal_bsp.a(alt_icache_flush_all.o)
 .data          0x0000000000004de0        0x0 C:/src/KAU_EMBEDED_19/Quartus/software/VGA_GRAY_bsp/\libhal_bsp.a(alt_io_redirect.o)
 .data          0x0000000000004de0        0x0 C:/src/KAU_EMBEDED_19/Quartus/software/VGA_GRAY_bsp/\libhal_bsp.a(alt_irq_entry.o)
 .data          0x0000000000004de0        0x0 C:/src/KAU_EMBEDED_19/Quartus/software/VGA_GRAY_bsp/\libhal_bsp.a(alt_irq_handler.o)
 .data          0x0000000000004de0        0x0 C:/src/KAU_EMBEDED_19/Quartus/software/VGA_GRAY_bsp/\libhal_bsp.a(alt_open.o)
 .data          0x0000000000004de0        0x0 C:/src/KAU_EMBEDED_19/Quartus/software/VGA_GRAY_bsp/\libhal_bsp.a(alt_release_fd.o)
 .data          0x0000000000004de0        0x0 C:/src/KAU_EMBEDED_19/Quartus/software/VGA_GRAY_bsp/\libhal_bsp.a(alt_tick.o)
 .data          0x0000000000004de0        0x0 C:/src/KAU_EMBEDED_19/Quartus/software/VGA_GRAY_bsp/\libhal_bsp.a(altera_nios2_gen2_irq.o)
 .data          0x0000000000004de0        0x0 C:/src/KAU_EMBEDED_19/Quartus/software/VGA_GRAY_bsp/\libhal_bsp.a(alt_exception_entry.o)
 .data          0x0000000000004de0        0x0 C:/src/KAU_EMBEDED_19/Quartus/software/VGA_GRAY_bsp/\libhal_bsp.a(alt_find_file.o)
 .data          0x0000000000004de0        0x0 C:/src/KAU_EMBEDED_19/Quartus/software/VGA_GRAY_bsp/\libhal_bsp.a(alt_get_fd.o)
 .data          0x0000000000004de0        0x0 C:/src/KAU_EMBEDED_19/Quartus/software/VGA_GRAY_bsp/\libhal_bsp.a(alt_icache_flush.o)
 .data          0x0000000000004de0        0x0 C:/src/KAU_EMBEDED_19/Quartus/software/VGA_GRAY_bsp/\libhal_bsp.a(alt_instruction_exception_entry.o)
 .data          0x0000000000004de0        0x0 c:/intelfpga_lite/16.1/nios2eds/bin/gnu/h-x86_64-mingw32/bin/../lib/gcc/nios2-elf/5.3.0/../../../../../H-x86_64-mingw32/nios2-elf/lib/mhw-mulx\libc.a(lib_a-atexit.o)
 .data          0x0000000000004de0        0x0 c:/intelfpga_lite/16.1/nios2eds/bin/gnu/h-x86_64-mingw32/bin/../lib/gcc/nios2-elf/5.3.0/../../../../../H-x86_64-mingw32/nios2-elf/lib/mhw-mulx\libc.a(lib_a-exit.o)
 .data          0x0000000000004de0        0x0 c:/intelfpga_lite/16.1/nios2eds/bin/gnu/h-x86_64-mingw32/bin/../lib/gcc/nios2-elf/5.3.0/../../../../../H-x86_64-mingw32/nios2-elf/lib/mhw-mulx\libc.a(lib_a-impure.o)
 .data.impure_data
                0x0000000000004de0      0x424 c:/intelfpga_lite/16.1/nios2eds/bin/gnu/h-x86_64-mingw32/bin/../lib/gcc/nios2-elf/5.3.0/../../../../../H-x86_64-mingw32/nios2-elf/lib/mhw-mulx\libc.a(lib_a-impure.o)
 .data          0x0000000000005204        0x0 c:/intelfpga_lite/16.1/nios2eds/bin/gnu/h-x86_64-mingw32/bin/../lib/gcc/nios2-elf/5.3.0/../../../../../H-x86_64-mingw32/nios2-elf/lib/mhw-mulx\libc.a(lib_a-int_errno.o)
 .data          0x0000000000005204        0x0 c:/intelfpga_lite/16.1/nios2eds/bin/gnu/h-x86_64-mingw32/bin/../lib/gcc/nios2-elf/5.3.0/../../../../../H-x86_64-mingw32/nios2-elf/lib/mhw-mulx\libc.a(lib_a-memcmp.o)
 .data          0x0000000000005204        0x0 c:/intelfpga_lite/16.1/nios2eds/bin/gnu/h-x86_64-mingw32/bin/../lib/gcc/nios2-elf/5.3.0/../../../../../H-x86_64-mingw32/nios2-elf/lib/mhw-mulx\libc.a(lib_a-memcpy.o)
 .data          0x0000000000005204        0x0 c:/intelfpga_lite/16.1/nios2eds/bin/gnu/h-x86_64-mingw32/bin/../lib/gcc/nios2-elf/5.3.0/../../../../../H-x86_64-mingw32/nios2-elf/lib/mhw-mulx\libc.a(lib_a-strlen.o)
 .data          0x0000000000005204        0x0 c:/intelfpga_lite/16.1/nios2eds/bin/gnu/h-x86_64-mingw32/bin/../lib/gcc/nios2-elf/5.3.0/../../../../../H-x86_64-mingw32/nios2-elf/lib/mhw-mulx\libc.a(lib_a-__atexit.o)
 .data          0x0000000000005204        0x0 c:/intelfpga_lite/16.1/nios2eds/bin/gnu/h-x86_64-mingw32/bin/../lib/gcc/nios2-elf/5.3.0/../../../../../H-x86_64-mingw32/nios2-elf/lib/mhw-mulx\libc.a(lib_a-__call_atexit.o)
 .data          0x0000000000005204        0x0 C:/src/KAU_EMBEDED_19/Quartus/software/VGA_GRAY_bsp/\libhal_bsp.a(alt_exit.o)
                0x000000000000d204                _gp = ABSOLUTE ((. + 0x8000))
                [!provide]                        PROVIDE (gp, _gp)
 *(.rwdata .rwdata.*)
 *(.sdata .sdata.* .gnu.linkonce.s.*)
 .sdata         0x0000000000005204       0x10 obj/default/hello_world.o
                0x0000000000005204                pTimer
                0x0000000000005208                pTime_low
                0x000000000000520c                pTime_high
                0x0000000000005210                pixel_ctrl_ptr
 .sdata         0x0000000000005214        0x4 C:/src/KAU_EMBEDED_19/Quartus/software/VGA_GRAY_bsp/\libhal_bsp.a(alt_irq_vars.o)
                0x0000000000005214                alt_priority_mask
 .sdata         0x0000000000005218       0x14 C:/src/KAU_EMBEDED_19/Quartus/software/VGA_GRAY_bsp/\libhal_bsp.a(alt_dev.o)
                0x0000000000005218                alt_fs_list
                0x0000000000005220                alt_dev_list
                0x0000000000005228                alt_max_fd
 .sdata         0x000000000000522c        0x4 C:/src/KAU_EMBEDED_19/Quartus/software/VGA_GRAY_bsp/\libhal_bsp.a(alt_errno.o)
                0x000000000000522c                alt_errno
 .sdata         0x0000000000005230        0x8 C:/src/KAU_EMBEDED_19/Quartus/software/VGA_GRAY_bsp/\libhal_bsp.a(alt_tick.o)
                0x0000000000005230                alt_alarm_list
 .sdata._global_impure_ptr
                0x0000000000005238        0x4 c:/intelfpga_lite/16.1/nios2eds/bin/gnu/h-x86_64-mingw32/bin/../lib/gcc/nios2-elf/5.3.0/../../../../../H-x86_64-mingw32/nios2-elf/lib/mhw-mulx\libc.a(lib_a-impure.o)
                0x0000000000005238                _global_impure_ptr
 .sdata._impure_ptr
                0x000000000000523c        0x4 c:/intelfpga_lite/16.1/nios2eds/bin/gnu/h-x86_64-mingw32/bin/../lib/gcc/nios2-elf/5.3.0/../../../../../H-x86_64-mingw32/nios2-elf/lib/mhw-mulx\libc.a(lib_a-impure.o)
                0x000000000000523c                _impure_ptr
 *(.sdata2 .sdata2.* .gnu.linkonce.s2.*)
                0x0000000000005240                . = ALIGN (0x4)
                0x0000000000005240                _edata = ABSOLUTE (.)
                [!provide]                        PROVIDE (edata, ABSOLUTE (.))
                0x0000000000005240                PROVIDE (__ram_rwdata_end, ABSOLUTE (.))
                0x0000000000005240                PROVIDE (__flash_rwdata_start, LOADADDR (.rwdata))

.bss            0x0000000000006adc    0x80128
                0x0000000000006adc                __bss_start = ABSOLUTE (.)
                [!provide]                        PROVIDE (__sbss_start, ABSOLUTE (.))
                [!provide]                        PROVIDE (___sbss_start, ABSOLUTE (.))
 *(.dynsbss)
 *(.sbss .sbss.* .gnu.linkonce.sb.*)
 .sbss          0x0000000000006adc        0x4 obj/default/hello_world.o
                0x0000000000006adc                count
 .sbss          0x0000000000006ae0        0x4 obj/default/hello_world.o
                0x0000000000006ae0                pixel_buffer_start
 .sbss          0x0000000000006ae4        0x4 C:/src/KAU_EMBEDED_19/Quartus/software/VGA_GRAY_bsp/\libhal_bsp.a(alt_irq_vars.o)
                0x0000000000006ae4                alt_irq_active
 .sbss          0x0000000000006ae8        0xc C:/src/KAU_EMBEDED_19/Quartus/software/VGA_GRAY_bsp/\libhal_bsp.a(alt_main.o)
                0x0000000000006ae8                alt_argc
                0x0000000000006aec                alt_argv
                0x0000000000006af0                alt_envp
 .sbss          0x0000000000006af4        0x8 C:/src/KAU_EMBEDED_19/Quartus/software/VGA_GRAY_bsp/\libhal_bsp.a(alt_tick.o)
                0x0000000000006af4                _alt_tick_rate
                0x0000000000006af8                _alt_nticks
 .sbss          0x0000000000006afc        0x4 C:/src/KAU_EMBEDED_19/Quartus/software/VGA_GRAY_bsp/\libhal_bsp.a(alt_instruction_exception_entry.o)
                0x0000000000006afc                alt_instruction_exception_handler
 .sbss          0x0000000000006b00        0x4 c:/intelfpga_lite/16.1/nios2eds/bin/gnu/h-x86_64-mingw32/bin/../lib/gcc/nios2-elf/5.3.0/../../../../../H-x86_64-mingw32/nios2-elf/lib/mhw-mulx\libc.a(lib_a-int_errno.o)
                0x0000000000006b00                errno
 *(.sbss2 .sbss2.* .gnu.linkonce.sb2.*)
 *(.scommon)
                [!provide]                        PROVIDE (__sbss_end, ABSOLUTE (.))
                [!provide]                        PROVIDE (___sbss_end, ABSOLUTE (.))
 *(.dynbss)
 *(.bss .bss.* .gnu.linkonce.b.*)
 .bss           0x0000000000006b04        0x0 C:/src/KAU_EMBEDED_19/Quartus/software/VGA_GRAY_bsp//obj/HAL/src/crt0.o
 .bss           0x0000000000006b04        0x0 obj/default/hello_world.o
 .bss           0x0000000000006b04        0x0 C:/src/KAU_EMBEDED_19/Quartus/software/VGA_GRAY_bsp/\libhal_bsp.a(alt_irq_register.o)
 .bss           0x0000000000006b04        0x0 C:/src/KAU_EMBEDED_19/Quartus/software/VGA_GRAY_bsp/\libhal_bsp.a(alt_irq_vars.o)
 .bss           0x0000000000006b04        0x0 C:/src/KAU_EMBEDED_19/Quartus/software/VGA_GRAY_bsp/\libhal_bsp.a(alt_load.o)
 .bss           0x0000000000006b04        0x0 C:/src/KAU_EMBEDED_19/Quartus/software/VGA_GRAY_bsp/\libhal_bsp.a(alt_main.o)
 .bss           0x0000000000006b04        0x0 C:/src/KAU_EMBEDED_19/Quartus/software/VGA_GRAY_bsp/\libhal_bsp.a(alt_sys_init.o)
 .bss           0x0000000000006b04        0x0 C:/src/KAU_EMBEDED_19/Quartus/software/VGA_GRAY_bsp/\libhal_bsp.a(altera_avalon_jtag_uart_fd.o)
 .bss           0x0000000000006b04        0x0 C:/src/KAU_EMBEDED_19/Quartus/software/VGA_GRAY_bsp/\libhal_bsp.a(altera_avalon_jtag_uart_init.o)
 .bss           0x0000000000006b04        0x0 C:/src/KAU_EMBEDED_19/Quartus/software/VGA_GRAY_bsp/\libhal_bsp.a(altera_avalon_jtag_uart_ioctl.o)
 .bss           0x0000000000006b04        0x0 C:/src/KAU_EMBEDED_19/Quartus/software/VGA_GRAY_bsp/\libhal_bsp.a(altera_avalon_jtag_uart_read.o)
 .bss           0x0000000000006b04        0x0 C:/src/KAU_EMBEDED_19/Quartus/software/VGA_GRAY_bsp/\libhal_bsp.a(altera_avalon_jtag_uart_write.o)
 .bss           0x0000000000006b04        0x0 C:/src/KAU_EMBEDED_19/Quartus/software/VGA_GRAY_bsp/\libhal_bsp.a(altera_avalon_timer_sc.o)
 .bss           0x0000000000006b04        0x0 C:/src/KAU_EMBEDED_19/Quartus/software/VGA_GRAY_bsp/\libhal_bsp.a(altera_up_avalon_irda.o)
 .bss           0x0000000000006b04        0x0 C:/src/KAU_EMBEDED_19/Quartus/software/VGA_GRAY_bsp/\libhal_bsp.a(altera_up_avalon_ps2.o)
 .bss           0x0000000000006b04        0x0 C:/src/KAU_EMBEDED_19/Quartus/software/VGA_GRAY_bsp/\libhal_bsp.a(alt_alarm_start.o)
 .bss           0x0000000000006b04        0x0 C:/src/KAU_EMBEDED_19/Quartus/software/VGA_GRAY_bsp/\libhal_bsp.a(alt_close.o)
 .bss           0x0000000000006b04        0x0 C:/src/KAU_EMBEDED_19/Quartus/software/VGA_GRAY_bsp/\libhal_bsp.a(alt_dcache_flush_all.o)
 .bss           0x0000000000006b04        0x0 C:/src/KAU_EMBEDED_19/Quartus/software/VGA_GRAY_bsp/\libhal_bsp.a(alt_dev.o)
 .bss           0x0000000000006b04        0x0 C:/src/KAU_EMBEDED_19/Quartus/software/VGA_GRAY_bsp/\libhal_bsp.a(alt_dev_llist_insert.o)
 .bss           0x0000000000006b04        0x0 C:/src/KAU_EMBEDED_19/Quartus/software/VGA_GRAY_bsp/\libhal_bsp.a(alt_do_ctors.o)
 .bss           0x0000000000006b04        0x0 C:/src/KAU_EMBEDED_19/Quartus/software/VGA_GRAY_bsp/\libhal_bsp.a(alt_do_dtors.o)
 .bss           0x0000000000006b04        0x0 C:/src/KAU_EMBEDED_19/Quartus/software/VGA_GRAY_bsp/\libhal_bsp.a(alt_errno.o)
 .bss           0x0000000000006b04        0x0 C:/src/KAU_EMBEDED_19/Quartus/software/VGA_GRAY_bsp/\libhal_bsp.a(alt_find_dev.o)
 .bss           0x0000000000006b04        0x0 C:/src/KAU_EMBEDED_19/Quartus/software/VGA_GRAY_bsp/\libhal_bsp.a(alt_icache_flush_all.o)
 .bss           0x0000000000006b04        0x0 C:/src/KAU_EMBEDED_19/Quartus/software/VGA_GRAY_bsp/\libhal_bsp.a(alt_io_redirect.o)
 .bss           0x0000000000006b04        0x0 C:/src/KAU_EMBEDED_19/Quartus/software/VGA_GRAY_bsp/\libhal_bsp.a(alt_irq_entry.o)
 .bss           0x0000000000006b04        0x0 C:/src/KAU_EMBEDED_19/Quartus/software/VGA_GRAY_bsp/\libhal_bsp.a(alt_irq_handler.o)
 .bss           0x0000000000006b04        0x0 C:/src/KAU_EMBEDED_19/Quartus/software/VGA_GRAY_bsp/\libhal_bsp.a(alt_open.o)
 .bss           0x0000000000006b04        0x0 C:/src/KAU_EMBEDED_19/Quartus/software/VGA_GRAY_bsp/\libhal_bsp.a(alt_release_fd.o)
 .bss           0x0000000000006b04        0x0 C:/src/KAU_EMBEDED_19/Quartus/software/VGA_GRAY_bsp/\libhal_bsp.a(alt_tick.o)
 .bss           0x0000000000006b04        0x0 C:/src/KAU_EMBEDED_19/Quartus/software/VGA_GRAY_bsp/\libhal_bsp.a(altera_nios2_gen2_irq.o)
 .bss           0x0000000000006b04        0x0 C:/src/KAU_EMBEDED_19/Quartus/software/VGA_GRAY_bsp/\libhal_bsp.a(alt_exception_entry.o)
 .bss           0x0000000000006b04        0x0 C:/src/KAU_EMBEDED_19/Quartus/software/VGA_GRAY_bsp/\libhal_bsp.a(alt_find_file.o)
 .bss           0x0000000000006b04        0x0 C:/src/KAU_EMBEDED_19/Quartus/software/VGA_GRAY_bsp/\libhal_bsp.a(alt_get_fd.o)
 .bss           0x0000000000006b04        0x0 C:/src/KAU_EMBEDED_19/Quartus/software/VGA_GRAY_bsp/\libhal_bsp.a(alt_icache_flush.o)
 .bss           0x0000000000006b04        0x0 C:/src/KAU_EMBEDED_19/Quartus/software/VGA_GRAY_bsp/\libhal_bsp.a(alt_instruction_exception_entry.o)
 .bss           0x0000000000006b04        0x0 c:/intelfpga_lite/16.1/nios2eds/bin/gnu/h-x86_64-mingw32/bin/../lib/gcc/nios2-elf/5.3.0/../../../../../H-x86_64-mingw32/nios2-elf/lib/mhw-mulx\libc.a(lib_a-atexit.o)
 .bss           0x0000000000006b04        0x0 c:/intelfpga_lite/16.1/nios2eds/bin/gnu/h-x86_64-mingw32/bin/../lib/gcc/nios2-elf/5.3.0/../../../../../H-x86_64-mingw32/nios2-elf/lib/mhw-mulx\libc.a(lib_a-exit.o)
 .bss           0x0000000000006b04        0x0 c:/intelfpga_lite/16.1/nios2eds/bin/gnu/h-x86_64-mingw32/bin/../lib/gcc/nios2-elf/5.3.0/../../../../../H-x86_64-mingw32/nios2-elf/lib/mhw-mulx\libc.a(lib_a-impure.o)
 .bss           0x0000000000006b04        0x0 c:/intelfpga_lite/16.1/nios2eds/bin/gnu/h-x86_64-mingw32/bin/../lib/gcc/nios2-elf/5.3.0/../../../../../H-x86_64-mingw32/nios2-elf/lib/mhw-mulx\libc.a(lib_a-int_errno.o)
 .bss           0x0000000000006b04        0x0 c:/intelfpga_lite/16.1/nios2eds/bin/gnu/h-x86_64-mingw32/bin/../lib/gcc/nios2-elf/5.3.0/../../../../../H-x86_64-mingw32/nios2-elf/lib/mhw-mulx\libc.a(lib_a-memcmp.o)
 .bss           0x0000000000006b04        0x0 c:/intelfpga_lite/16.1/nios2eds/bin/gnu/h-x86_64-mingw32/bin/../lib/gcc/nios2-elf/5.3.0/../../../../../H-x86_64-mingw32/nios2-elf/lib/mhw-mulx\libc.a(lib_a-memcpy.o)
 .bss           0x0000000000006b04        0x0 c:/intelfpga_lite/16.1/nios2eds/bin/gnu/h-x86_64-mingw32/bin/../lib/gcc/nios2-elf/5.3.0/../../../../../H-x86_64-mingw32/nios2-elf/lib/mhw-mulx\libc.a(lib_a-strlen.o)
 .bss           0x0000000000006b04        0x0 c:/intelfpga_lite/16.1/nios2eds/bin/gnu/h-x86_64-mingw32/bin/../lib/gcc/nios2-elf/5.3.0/../../../../../H-x86_64-mingw32/nios2-elf/lib/mhw-mulx\libc.a(lib_a-__atexit.o)
 .bss           0x0000000000006b04        0x0 c:/intelfpga_lite/16.1/nios2eds/bin/gnu/h-x86_64-mingw32/bin/../lib/gcc/nios2-elf/5.3.0/../../../../../H-x86_64-mingw32/nios2-elf/lib/mhw-mulx\libc.a(lib_a-__call_atexit.o)
 .bss           0x0000000000006b04        0x0 C:/src/KAU_EMBEDED_19/Quartus/software/VGA_GRAY_bsp/\libhal_bsp.a(alt_exit.o)
 *(COMMON)
 COMMON         0x0000000000006b04    0x80000 obj/default/hello_world.o
                0x0000000000006b04                front_buffer
                0x0000000000046b04                back_buffer
 COMMON         0x0000000000086b04      0x100 C:/src/KAU_EMBEDED_19/Quartus/software/VGA_GRAY_bsp/\libhal_bsp.a(alt_irq_handler.o)
                0x0000000000086b04                alt_irq
                0x0000000000086c04                . = ALIGN (0x4)
                0x0000000000086c04                __bss_end = ABSOLUTE (.)

.SDRAM          0x0000000000086c04        0x0
                [!provide]                        PROVIDE (_alt_partition_SDRAM_start, ABSOLUTE (.))
 *(.SDRAM .SDRAM. SDRAM.*)
                0x0000000000086c04                . = ALIGN (0x4)
                [!provide]                        PROVIDE (_alt_partition_SDRAM_end, ABSOLUTE (.))
                0x0000000000086c04                _end = ABSOLUTE (.)
                0x0000000000086c04                end = ABSOLUTE (.)
                0x0000000000086c04                __alt_stack_base = ABSOLUTE (.)
                [!provide]                        PROVIDE (_alt_partition_SDRAM_load_addr, LOADADDR (.SDRAM))

.Onchip_SRAM    0x0000000008000000        0x0 load address 0x0000000000086c04
                [!provide]                        PROVIDE (_alt_partition_Onchip_SRAM_start, ABSOLUTE (.))
 *(.Onchip_SRAM .Onchip_SRAM. Onchip_SRAM.*)
                0x0000000008000000                . = ALIGN (0x4)
                [!provide]                        PROVIDE (_alt_partition_Onchip_SRAM_end, ABSOLUTE (.))
                [!provide]                        PROVIDE (_alt_partition_Onchip_SRAM_load_addr, LOADADDR (.Onchip_SRAM))

.VGA_Subsystem_Char_Buf_Subsystem_Onchip_SRAM
                0x0000000009000000        0x0 load address 0x0000000000086c04
                [!provide]                        PROVIDE (_alt_partition_VGA_Subsystem_Char_Buf_Subsystem_Onchip_SRAM_start, ABSOLUTE (.))
 *(.VGA_Subsystem_Char_Buf_Subsystem_Onchip_SRAM .VGA_Subsystem_Char_Buf_Subsystem_Onchip_SRAM. VGA_Subsystem_Char_Buf_Subsystem_Onchip_SRAM.*)
                0x0000000009000000                . = ALIGN (0x4)
                [!provide]                        PROVIDE (_alt_partition_VGA_Subsystem_Char_Buf_Subsystem_Onchip_SRAM_end, ABSOLUTE (.))
                [!provide]                        PROVIDE (_alt_partition_VGA_Subsystem_Char_Buf_Subsystem_Onchip_SRAM_load_addr, LOADADDR (.VGA_Subsystem_Char_Buf_Subsystem_Onchip_SRAM))

.ARM_A9_HPS_axi_sdram
                0x0000000040000000        0x0 load address 0x0000000000086c04
                [!provide]                        PROVIDE (_alt_partition_ARM_A9_HPS_axi_sdram_start, ABSOLUTE (.))
 *(.ARM_A9_HPS_axi_sdram .ARM_A9_HPS_axi_sdram. ARM_A9_HPS_axi_sdram.*)
                0x0000000040000000                . = ALIGN (0x4)
                [!provide]                        PROVIDE (_alt_partition_ARM_A9_HPS_axi_sdram_end, ABSOLUTE (.))
                [!provide]                        PROVIDE (_alt_partition_ARM_A9_HPS_axi_sdram_load_addr, LOADADDR (.ARM_A9_HPS_axi_sdram))

.stab
 *(.stab)

.stabstr
 *(.stabstr)

.stab.excl
 *(.stab.excl)

.stab.exclstr
 *(.stab.exclstr)

.stab.index
 *(.stab.index)

.stab.indexstr
 *(.stab.indexstr)

.comment        0x0000000000000000       0x23
 *(.comment)
 .comment       0x0000000000000000       0x23 obj/default/hello_world.o
                                         0x24 (size before relaxing)
 .comment       0x0000000000000023       0x24 C:/src/KAU_EMBEDED_19/Quartus/software/VGA_GRAY_bsp/\libhal_bsp.a(alt_irq_register.o)
 .comment       0x0000000000000023       0x24 C:/src/KAU_EMBEDED_19/Quartus/software/VGA_GRAY_bsp/\libhal_bsp.a(alt_irq_vars.o)
 .comment       0x0000000000000023       0x24 C:/src/KAU_EMBEDED_19/Quartus/software/VGA_GRAY_bsp/\libhal_bsp.a(alt_load.o)
 .comment       0x0000000000000023       0x24 C:/src/KAU_EMBEDED_19/Quartus/software/VGA_GRAY_bsp/\libhal_bsp.a(alt_main.o)
 .comment       0x0000000000000023       0x24 C:/src/KAU_EMBEDED_19/Quartus/software/VGA_GRAY_bsp/\libhal_bsp.a(alt_sys_init.o)
 .comment       0x0000000000000023       0x24 C:/src/KAU_EMBEDED_19/Quartus/software/VGA_GRAY_bsp/\libhal_bsp.a(altera_avalon_jtag_uart_fd.o)
 .comment       0x0000000000000023       0x24 C:/src/KAU_EMBEDED_19/Quartus/software/VGA_GRAY_bsp/\libhal_bsp.a(altera_avalon_jtag_uart_init.o)
 .comment       0x0000000000000023       0x24 C:/src/KAU_EMBEDED_19/Quartus/software/VGA_GRAY_bsp/\libhal_bsp.a(altera_avalon_jtag_uart_ioctl.o)
 .comment       0x0000000000000023       0x24 C:/src/KAU_EMBEDED_19/Quartus/software/VGA_GRAY_bsp/\libhal_bsp.a(altera_avalon_jtag_uart_read.o)
 .comment       0x0000000000000023       0x24 C:/src/KAU_EMBEDED_19/Quartus/software/VGA_GRAY_bsp/\libhal_bsp.a(altera_avalon_jtag_uart_write.o)
 .comment       0x0000000000000023       0x24 C:/src/KAU_EMBEDED_19/Quartus/software/VGA_GRAY_bsp/\libhal_bsp.a(altera_avalon_timer_sc.o)
 .comment       0x0000000000000023       0x24 C:/src/KAU_EMBEDED_19/Quartus/software/VGA_GRAY_bsp/\libhal_bsp.a(altera_up_avalon_irda.o)
 .comment       0x0000000000000023       0x24 C:/src/KAU_EMBEDED_19/Quartus/software/VGA_GRAY_bsp/\libhal_bsp.a(altera_up_avalon_ps2.o)
 .comment       0x0000000000000023       0x24 C:/src/KAU_EMBEDED_19/Quartus/software/VGA_GRAY_bsp/\libhal_bsp.a(alt_alarm_start.o)
 .comment       0x0000000000000023       0x24 C:/src/KAU_EMBEDED_19/Quartus/software/VGA_GRAY_bsp/\libhal_bsp.a(alt_close.o)
 .comment       0x0000000000000023       0x24 C:/src/KAU_EMBEDED_19/Quartus/software/VGA_GRAY_bsp/\libhal_bsp.a(alt_dcache_flush_all.o)
 .comment       0x0000000000000023       0x24 C:/src/KAU_EMBEDED_19/Quartus/software/VGA_GRAY_bsp/\libhal_bsp.a(alt_dev.o)
 .comment       0x0000000000000023       0x24 C:/src/KAU_EMBEDED_19/Quartus/software/VGA_GRAY_bsp/\libhal_bsp.a(alt_dev_llist_insert.o)
 .comment       0x0000000000000023       0x24 C:/src/KAU_EMBEDED_19/Quartus/software/VGA_GRAY_bsp/\libhal_bsp.a(alt_do_ctors.o)
 .comment       0x0000000000000023       0x24 C:/src/KAU_EMBEDED_19/Quartus/software/VGA_GRAY_bsp/\libhal_bsp.a(alt_do_dtors.o)
 .comment       0x0000000000000023       0x24 C:/src/KAU_EMBEDED_19/Quartus/software/VGA_GRAY_bsp/\libhal_bsp.a(alt_errno.o)
 .comment       0x0000000000000023       0x24 C:/src/KAU_EMBEDED_19/Quartus/software/VGA_GRAY_bsp/\libhal_bsp.a(alt_find_dev.o)
 .comment       0x0000000000000023       0x24 C:/src/KAU_EMBEDED_19/Quartus/software/VGA_GRAY_bsp/\libhal_bsp.a(alt_icache_flush_all.o)
 .comment       0x0000000000000023       0x24 C:/src/KAU_EMBEDED_19/Quartus/software/VGA_GRAY_bsp/\libhal_bsp.a(alt_io_redirect.o)
 .comment       0x0000000000000023       0x24 C:/src/KAU_EMBEDED_19/Quartus/software/VGA_GRAY_bsp/\libhal_bsp.a(alt_irq_handler.o)
 .comment       0x0000000000000023       0x24 C:/src/KAU_EMBEDED_19/Quartus/software/VGA_GRAY_bsp/\libhal_bsp.a(alt_open.o)
 .comment       0x0000000000000023       0x24 C:/src/KAU_EMBEDED_19/Quartus/software/VGA_GRAY_bsp/\libhal_bsp.a(alt_release_fd.o)
 .comment       0x0000000000000023       0x24 C:/src/KAU_EMBEDED_19/Quartus/software/VGA_GRAY_bsp/\libhal_bsp.a(alt_tick.o)
 .comment       0x0000000000000023       0x24 C:/src/KAU_EMBEDED_19/Quartus/software/VGA_GRAY_bsp/\libhal_bsp.a(altera_nios2_gen2_irq.o)
 .comment       0x0000000000000023       0x24 C:/src/KAU_EMBEDED_19/Quartus/software/VGA_GRAY_bsp/\libhal_bsp.a(alt_find_file.o)
 .comment       0x0000000000000023       0x24 C:/src/KAU_EMBEDED_19/Quartus/software/VGA_GRAY_bsp/\libhal_bsp.a(alt_get_fd.o)
 .comment       0x0000000000000023       0x24 C:/src/KAU_EMBEDED_19/Quartus/software/VGA_GRAY_bsp/\libhal_bsp.a(alt_icache_flush.o)
 .comment       0x0000000000000023       0x24 C:/src/KAU_EMBEDED_19/Quartus/software/VGA_GRAY_bsp/\libhal_bsp.a(alt_instruction_exception_entry.o)
 .comment       0x0000000000000023       0x24 c:/intelfpga_lite/16.1/nios2eds/bin/gnu/h-x86_64-mingw32/bin/../lib/gcc/nios2-elf/5.3.0/../../../../../H-x86_64-mingw32/nios2-elf/lib/mhw-mulx\libc.a(lib_a-atexit.o)
 .comment       0x0000000000000023       0x24 c:/intelfpga_lite/16.1/nios2eds/bin/gnu/h-x86_64-mingw32/bin/../lib/gcc/nios2-elf/5.3.0/../../../../../H-x86_64-mingw32/nios2-elf/lib/mhw-mulx\libc.a(lib_a-exit.o)
 .comment       0x0000000000000023       0x24 c:/intelfpga_lite/16.1/nios2eds/bin/gnu/h-x86_64-mingw32/bin/../lib/gcc/nios2-elf/5.3.0/../../../../../H-x86_64-mingw32/nios2-elf/lib/mhw-mulx\libc.a(lib_a-impure.o)
 .comment       0x0000000000000023       0x24 c:/intelfpga_lite/16.1/nios2eds/bin/gnu/h-x86_64-mingw32/bin/../lib/gcc/nios2-elf/5.3.0/../../../../../H-x86_64-mingw32/nios2-elf/lib/mhw-mulx\libc.a(lib_a-int_errno.o)
 .comment       0x0000000000000023       0x24 c:/intelfpga_lite/16.1/nios2eds/bin/gnu/h-x86_64-mingw32/bin/../lib/gcc/nios2-elf/5.3.0/../../../../../H-x86_64-mingw32/nios2-elf/lib/mhw-mulx\libc.a(lib_a-memcmp.o)
 .comment       0x0000000000000023       0x24 c:/intelfpga_lite/16.1/nios2eds/bin/gnu/h-x86_64-mingw32/bin/../lib/gcc/nios2-elf/5.3.0/../../../../../H-x86_64-mingw32/nios2-elf/lib/mhw-mulx\libc.a(lib_a-memcpy.o)
 .comment       0x0000000000000023       0x24 c:/intelfpga_lite/16.1/nios2eds/bin/gnu/h-x86_64-mingw32/bin/../lib/gcc/nios2-elf/5.3.0/../../../../../H-x86_64-mingw32/nios2-elf/lib/mhw-mulx\libc.a(lib_a-strlen.o)
 .comment       0x0000000000000023       0x24 c:/intelfpga_lite/16.1/nios2eds/bin/gnu/h-x86_64-mingw32/bin/../lib/gcc/nios2-elf/5.3.0/../../../../../H-x86_64-mingw32/nios2-elf/lib/mhw-mulx\libc.a(lib_a-__atexit.o)
 .comment       0x0000000000000023       0x24 c:/intelfpga_lite/16.1/nios2eds/bin/gnu/h-x86_64-mingw32/bin/../lib/gcc/nios2-elf/5.3.0/../../../../../H-x86_64-mingw32/nios2-elf/lib/mhw-mulx\libc.a(lib_a-__call_atexit.o)
 .comment       0x0000000000000023       0x24 C:/src/KAU_EMBEDED_19/Quartus/software/VGA_GRAY_bsp/\libhal_bsp.a(alt_exit.o)

.debug
 *(.debug)

.line
 *(.line)

.debug_srcinfo
 *(.debug_srcinfo)

.debug_sfnames
 *(.debug_sfnames)

.debug_aranges  0x0000000000000000      0x5f8
 *(.debug_aranges)
 .debug_aranges
                0x0000000000000000       0x28 C:/src/KAU_EMBEDED_19/Quartus/software/VGA_GRAY_bsp//obj/HAL/src/crt0.o
 .debug_aranges
                0x0000000000000028       0x20 obj/default/hello_world.o
 .debug_aranges
                0x0000000000000048       0x20 C:/src/KAU_EMBEDED_19/Quartus/software/VGA_GRAY_bsp/\libhal_bsp.a(alt_irq_register.o)
 .debug_aranges
                0x0000000000000068       0x18 C:/src/KAU_EMBEDED_19/Quartus/software/VGA_GRAY_bsp/\libhal_bsp.a(alt_irq_vars.o)
 .debug_aranges
                0x0000000000000080       0x20 C:/src/KAU_EMBEDED_19/Quartus/software/VGA_GRAY_bsp/\libhal_bsp.a(alt_load.o)
 .debug_aranges
                0x00000000000000a0       0x20 C:/src/KAU_EMBEDED_19/Quartus/software/VGA_GRAY_bsp/\libhal_bsp.a(alt_main.o)
 .debug_aranges
                0x00000000000000c0       0x20 C:/src/KAU_EMBEDED_19/Quartus/software/VGA_GRAY_bsp/\libhal_bsp.a(alt_sys_init.o)
 .debug_aranges
                0x00000000000000e0       0x20 C:/src/KAU_EMBEDED_19/Quartus/software/VGA_GRAY_bsp/\libhal_bsp.a(altera_avalon_jtag_uart_fd.o)
 .debug_aranges
                0x0000000000000100       0x20 C:/src/KAU_EMBEDED_19/Quartus/software/VGA_GRAY_bsp/\libhal_bsp.a(altera_avalon_jtag_uart_init.o)
 .debug_aranges
                0x0000000000000120       0x20 C:/src/KAU_EMBEDED_19/Quartus/software/VGA_GRAY_bsp/\libhal_bsp.a(altera_avalon_jtag_uart_ioctl.o)
 .debug_aranges
                0x0000000000000140       0x20 C:/src/KAU_EMBEDED_19/Quartus/software/VGA_GRAY_bsp/\libhal_bsp.a(altera_avalon_jtag_uart_read.o)
 .debug_aranges
                0x0000000000000160       0x20 C:/src/KAU_EMBEDED_19/Quartus/software/VGA_GRAY_bsp/\libhal_bsp.a(altera_avalon_jtag_uart_write.o)
 .debug_aranges
                0x0000000000000180       0x20 C:/src/KAU_EMBEDED_19/Quartus/software/VGA_GRAY_bsp/\libhal_bsp.a(altera_avalon_timer_sc.o)
 .debug_aranges
                0x00000000000001a0       0x20 C:/src/KAU_EMBEDED_19/Quartus/software/VGA_GRAY_bsp/\libhal_bsp.a(altera_up_avalon_irda.o)
 .debug_aranges
                0x00000000000001c0       0x20 C:/src/KAU_EMBEDED_19/Quartus/software/VGA_GRAY_bsp/\libhal_bsp.a(altera_up_avalon_ps2.o)
 .debug_aranges
                0x00000000000001e0       0x20 C:/src/KAU_EMBEDED_19/Quartus/software/VGA_GRAY_bsp/\libhal_bsp.a(alt_alarm_start.o)
 .debug_aranges
                0x0000000000000200       0x20 C:/src/KAU_EMBEDED_19/Quartus/software/VGA_GRAY_bsp/\libhal_bsp.a(alt_close.o)
 .debug_aranges
                0x0000000000000220       0x20 C:/src/KAU_EMBEDED_19/Quartus/software/VGA_GRAY_bsp/\libhal_bsp.a(alt_dcache_flush_all.o)
 .debug_aranges
                0x0000000000000240       0x20 C:/src/KAU_EMBEDED_19/Quartus/software/VGA_GRAY_bsp/\libhal_bsp.a(alt_dev.o)
 .debug_aranges
                0x0000000000000260       0x20 C:/src/KAU_EMBEDED_19/Quartus/software/VGA_GRAY_bsp/\libhal_bsp.a(alt_dev_llist_insert.o)
 .debug_aranges
                0x0000000000000280       0x20 C:/src/KAU_EMBEDED_19/Quartus/software/VGA_GRAY_bsp/\libhal_bsp.a(alt_do_ctors.o)
 .debug_aranges
                0x00000000000002a0       0x20 C:/src/KAU_EMBEDED_19/Quartus/software/VGA_GRAY_bsp/\libhal_bsp.a(alt_do_dtors.o)
 .debug_aranges
                0x00000000000002c0       0x18 C:/src/KAU_EMBEDED_19/Quartus/software/VGA_GRAY_bsp/\libhal_bsp.a(alt_errno.o)
 .debug_aranges
                0x00000000000002d8       0x20 C:/src/KAU_EMBEDED_19/Quartus/software/VGA_GRAY_bsp/\libhal_bsp.a(alt_find_dev.o)
 .debug_aranges
                0x00000000000002f8       0x20 C:/src/KAU_EMBEDED_19/Quartus/software/VGA_GRAY_bsp/\libhal_bsp.a(alt_icache_flush_all.o)
 .debug_aranges
                0x0000000000000318       0x20 C:/src/KAU_EMBEDED_19/Quartus/software/VGA_GRAY_bsp/\libhal_bsp.a(alt_io_redirect.o)
 .debug_aranges
                0x0000000000000338       0x30 C:/src/KAU_EMBEDED_19/Quartus/software/VGA_GRAY_bsp/\libhal_bsp.a(alt_irq_entry.o)
 .debug_aranges
                0x0000000000000368       0x20 C:/src/KAU_EMBEDED_19/Quartus/software/VGA_GRAY_bsp/\libhal_bsp.a(alt_irq_handler.o)
 .debug_aranges
                0x0000000000000388       0x20 C:/src/KAU_EMBEDED_19/Quartus/software/VGA_GRAY_bsp/\libhal_bsp.a(alt_open.o)
 .debug_aranges
                0x00000000000003a8       0x20 C:/src/KAU_EMBEDED_19/Quartus/software/VGA_GRAY_bsp/\libhal_bsp.a(alt_release_fd.o)
 .debug_aranges
                0x00000000000003c8       0x20 C:/src/KAU_EMBEDED_19/Quartus/software/VGA_GRAY_bsp/\libhal_bsp.a(alt_tick.o)
 .debug_aranges
                0x00000000000003e8       0x20 C:/src/KAU_EMBEDED_19/Quartus/software/VGA_GRAY_bsp/\libhal_bsp.a(altera_nios2_gen2_irq.o)
 .debug_aranges
                0x0000000000000408       0x38 C:/src/KAU_EMBEDED_19/Quartus/software/VGA_GRAY_bsp/\libhal_bsp.a(alt_exception_entry.o)
 .debug_aranges
                0x0000000000000440       0x20 C:/src/KAU_EMBEDED_19/Quartus/software/VGA_GRAY_bsp/\libhal_bsp.a(alt_find_file.o)
 .debug_aranges
                0x0000000000000460       0x20 C:/src/KAU_EMBEDED_19/Quartus/software/VGA_GRAY_bsp/\libhal_bsp.a(alt_get_fd.o)
 .debug_aranges
                0x0000000000000480       0x20 C:/src/KAU_EMBEDED_19/Quartus/software/VGA_GRAY_bsp/\libhal_bsp.a(alt_icache_flush.o)
 .debug_aranges
                0x00000000000004a0       0x28 C:/src/KAU_EMBEDED_19/Quartus/software/VGA_GRAY_bsp/\libhal_bsp.a(alt_instruction_exception_entry.o)
 .debug_aranges
                0x00000000000004c8       0x20 c:/intelfpga_lite/16.1/nios2eds/bin/gnu/h-x86_64-mingw32/bin/../lib/gcc/nios2-elf/5.3.0/../../../../../H-x86_64-mingw32/nios2-elf/lib/mhw-mulx\libc.a(lib_a-atexit.o)
 .debug_aranges
                0x00000000000004e8       0x20 c:/intelfpga_lite/16.1/nios2eds/bin/gnu/h-x86_64-mingw32/bin/../lib/gcc/nios2-elf/5.3.0/../../../../../H-x86_64-mingw32/nios2-elf/lib/mhw-mulx\libc.a(lib_a-exit.o)
 .debug_aranges
                0x0000000000000508       0x18 c:/intelfpga_lite/16.1/nios2eds/bin/gnu/h-x86_64-mingw32/bin/../lib/gcc/nios2-elf/5.3.0/../../../../../H-x86_64-mingw32/nios2-elf/lib/mhw-mulx\libc.a(lib_a-impure.o)
 .debug_aranges
                0x0000000000000520       0x18 c:/intelfpga_lite/16.1/nios2eds/bin/gnu/h-x86_64-mingw32/bin/../lib/gcc/nios2-elf/5.3.0/../../../../../H-x86_64-mingw32/nios2-elf/lib/mhw-mulx\libc.a(lib_a-int_errno.o)
 .debug_aranges
                0x0000000000000538       0x20 c:/intelfpga_lite/16.1/nios2eds/bin/gnu/h-x86_64-mingw32/bin/../lib/gcc/nios2-elf/5.3.0/../../../../../H-x86_64-mingw32/nios2-elf/lib/mhw-mulx\libc.a(lib_a-memcmp.o)
 .debug_aranges
                0x0000000000000558       0x20 c:/intelfpga_lite/16.1/nios2eds/bin/gnu/h-x86_64-mingw32/bin/../lib/gcc/nios2-elf/5.3.0/../../../../../H-x86_64-mingw32/nios2-elf/lib/mhw-mulx\libc.a(lib_a-memcpy.o)
 .debug_aranges
                0x0000000000000578       0x20 c:/intelfpga_lite/16.1/nios2eds/bin/gnu/h-x86_64-mingw32/bin/../lib/gcc/nios2-elf/5.3.0/../../../../../H-x86_64-mingw32/nios2-elf/lib/mhw-mulx\libc.a(lib_a-strlen.o)
 .debug_aranges
                0x0000000000000598       0x20 c:/intelfpga_lite/16.1/nios2eds/bin/gnu/h-x86_64-mingw32/bin/../lib/gcc/nios2-elf/5.3.0/../../../../../H-x86_64-mingw32/nios2-elf/lib/mhw-mulx\libc.a(lib_a-__atexit.o)
 .debug_aranges
                0x00000000000005b8       0x20 c:/intelfpga_lite/16.1/nios2eds/bin/gnu/h-x86_64-mingw32/bin/../lib/gcc/nios2-elf/5.3.0/../../../../../H-x86_64-mingw32/nios2-elf/lib/mhw-mulx\libc.a(lib_a-__call_atexit.o)
 .debug_aranges
                0x00000000000005d8       0x20 C:/src/KAU_EMBEDED_19/Quartus/software/VGA_GRAY_bsp/\libhal_bsp.a(alt_exit.o)

.debug_pubnames
 *(.debug_pubnames)

.debug_info     0x0000000000000000     0x89b8
 *(.debug_info .gnu.linkonce.wi.*)
 .debug_info    0x0000000000000000       0x68 C:/src/KAU_EMBEDED_19/Quartus/software/VGA_GRAY_bsp//obj/HAL/src/crt0.o
 .debug_info    0x0000000000000068      0x277 obj/default/hello_world.o
 .debug_info    0x00000000000002df      0x329 C:/src/KAU_EMBEDED_19/Quartus/software/VGA_GRAY_bsp/\libhal_bsp.a(alt_irq_register.o)
 .debug_info    0x0000000000000608       0x88 C:/src/KAU_EMBEDED_19/Quartus/software/VGA_GRAY_bsp/\libhal_bsp.a(alt_irq_vars.o)
 .debug_info    0x0000000000000690      0x145 C:/src/KAU_EMBEDED_19/Quartus/software/VGA_GRAY_bsp/\libhal_bsp.a(alt_load.o)
 .debug_info    0x00000000000007d5      0x157 C:/src/KAU_EMBEDED_19/Quartus/software/VGA_GRAY_bsp/\libhal_bsp.a(alt_main.o)
 .debug_info    0x000000000000092c      0x929 C:/src/KAU_EMBEDED_19/Quartus/software/VGA_GRAY_bsp/\libhal_bsp.a(alt_sys_init.o)
 .debug_info    0x0000000000001255      0x52e C:/src/KAU_EMBEDED_19/Quartus/software/VGA_GRAY_bsp/\libhal_bsp.a(altera_avalon_jtag_uart_fd.o)
 .debug_info    0x0000000000001783      0x3c3 C:/src/KAU_EMBEDED_19/Quartus/software/VGA_GRAY_bsp/\libhal_bsp.a(altera_avalon_jtag_uart_init.o)
 .debug_info    0x0000000000001b46      0x280 C:/src/KAU_EMBEDED_19/Quartus/software/VGA_GRAY_bsp/\libhal_bsp.a(altera_avalon_jtag_uart_ioctl.o)
 .debug_info    0x0000000000001dc6      0x35b C:/src/KAU_EMBEDED_19/Quartus/software/VGA_GRAY_bsp/\libhal_bsp.a(altera_avalon_jtag_uart_read.o)
 .debug_info    0x0000000000002121      0x356 C:/src/KAU_EMBEDED_19/Quartus/software/VGA_GRAY_bsp/\libhal_bsp.a(altera_avalon_jtag_uart_write.o)
 .debug_info    0x0000000000002477      0x249 C:/src/KAU_EMBEDED_19/Quartus/software/VGA_GRAY_bsp/\libhal_bsp.a(altera_avalon_timer_sc.o)
 .debug_info    0x00000000000026c0      0x568 C:/src/KAU_EMBEDED_19/Quartus/software/VGA_GRAY_bsp/\libhal_bsp.a(altera_up_avalon_irda.o)
 .debug_info    0x0000000000002c28      0x7d4 C:/src/KAU_EMBEDED_19/Quartus/software/VGA_GRAY_bsp/\libhal_bsp.a(altera_up_avalon_ps2.o)
 .debug_info    0x00000000000033fc      0x2e2 C:/src/KAU_EMBEDED_19/Quartus/software/VGA_GRAY_bsp/\libhal_bsp.a(alt_alarm_start.o)
 .debug_info    0x00000000000036de      0x321 C:/src/KAU_EMBEDED_19/Quartus/software/VGA_GRAY_bsp/\libhal_bsp.a(alt_close.o)
 .debug_info    0x00000000000039ff       0x92 C:/src/KAU_EMBEDED_19/Quartus/software/VGA_GRAY_bsp/\libhal_bsp.a(alt_dcache_flush_all.o)
 .debug_info    0x0000000000003a91      0x49c C:/src/KAU_EMBEDED_19/Quartus/software/VGA_GRAY_bsp/\libhal_bsp.a(alt_dev.o)
 .debug_info    0x0000000000003f2d      0x1a9 C:/src/KAU_EMBEDED_19/Quartus/software/VGA_GRAY_bsp/\libhal_bsp.a(alt_dev_llist_insert.o)
 .debug_info    0x00000000000040d6       0x83 C:/src/KAU_EMBEDED_19/Quartus/software/VGA_GRAY_bsp/\libhal_bsp.a(alt_do_ctors.o)
 .debug_info    0x0000000000004159       0x83 C:/src/KAU_EMBEDED_19/Quartus/software/VGA_GRAY_bsp/\libhal_bsp.a(alt_do_dtors.o)
 .debug_info    0x00000000000041dc       0xa6 C:/src/KAU_EMBEDED_19/Quartus/software/VGA_GRAY_bsp/\libhal_bsp.a(alt_errno.o)
 .debug_info    0x0000000000004282      0x2e9 C:/src/KAU_EMBEDED_19/Quartus/software/VGA_GRAY_bsp/\libhal_bsp.a(alt_find_dev.o)
 .debug_info    0x000000000000456b       0x92 C:/src/KAU_EMBEDED_19/Quartus/software/VGA_GRAY_bsp/\libhal_bsp.a(alt_icache_flush_all.o)
 .debug_info    0x00000000000045fd      0x4a5 C:/src/KAU_EMBEDED_19/Quartus/software/VGA_GRAY_bsp/\libhal_bsp.a(alt_io_redirect.o)
 .debug_info    0x0000000000004aa2       0x71 C:/src/KAU_EMBEDED_19/Quartus/software/VGA_GRAY_bsp/\libhal_bsp.a(alt_irq_entry.o)
 .debug_info    0x0000000000004b13      0x1a7 C:/src/KAU_EMBEDED_19/Quartus/software/VGA_GRAY_bsp/\libhal_bsp.a(alt_irq_handler.o)
 .debug_info    0x0000000000004cba      0x3bb C:/src/KAU_EMBEDED_19/Quartus/software/VGA_GRAY_bsp/\libhal_bsp.a(alt_open.o)
 .debug_info    0x0000000000005075      0x2b0 C:/src/KAU_EMBEDED_19/Quartus/software/VGA_GRAY_bsp/\libhal_bsp.a(alt_release_fd.o)
 .debug_info    0x0000000000005325      0x2af C:/src/KAU_EMBEDED_19/Quartus/software/VGA_GRAY_bsp/\libhal_bsp.a(alt_tick.o)
 .debug_info    0x00000000000055d4       0xb8 C:/src/KAU_EMBEDED_19/Quartus/software/VGA_GRAY_bsp/\libhal_bsp.a(altera_nios2_gen2_irq.o)
 .debug_info    0x000000000000568c       0x77 C:/src/KAU_EMBEDED_19/Quartus/software/VGA_GRAY_bsp/\libhal_bsp.a(alt_exception_entry.o)
 .debug_info    0x0000000000005703      0x2e6 C:/src/KAU_EMBEDED_19/Quartus/software/VGA_GRAY_bsp/\libhal_bsp.a(alt_find_file.o)
 .debug_info    0x00000000000059e9      0x310 C:/src/KAU_EMBEDED_19/Quartus/software/VGA_GRAY_bsp/\libhal_bsp.a(alt_get_fd.o)
 .debug_info    0x0000000000005cf9       0xdc C:/src/KAU_EMBEDED_19/Quartus/software/VGA_GRAY_bsp/\libhal_bsp.a(alt_icache_flush.o)
 .debug_info    0x0000000000005dd5      0x1e7 C:/src/KAU_EMBEDED_19/Quartus/software/VGA_GRAY_bsp/\libhal_bsp.a(alt_instruction_exception_entry.o)
 .debug_info    0x0000000000005fbc       0xfe c:/intelfpga_lite/16.1/nios2eds/bin/gnu/h-x86_64-mingw32/bin/../lib/gcc/nios2-elf/5.3.0/../../../../../H-x86_64-mingw32/nios2-elf/lib/mhw-mulx\libc.a(lib_a-atexit.o)
 .debug_info    0x00000000000060ba      0x8e4 c:/intelfpga_lite/16.1/nios2eds/bin/gnu/h-x86_64-mingw32/bin/../lib/gcc/nios2-elf/5.3.0/../../../../../H-x86_64-mingw32/nios2-elf/lib/mhw-mulx\libc.a(lib_a-exit.o)
 .debug_info    0x000000000000699e      0x8a1 c:/intelfpga_lite/16.1/nios2eds/bin/gnu/h-x86_64-mingw32/bin/../lib/gcc/nios2-elf/5.3.0/../../../../../H-x86_64-mingw32/nios2-elf/lib/mhw-mulx\libc.a(lib_a-impure.o)
 .debug_info    0x000000000000723f       0x8a c:/intelfpga_lite/16.1/nios2eds/bin/gnu/h-x86_64-mingw32/bin/../lib/gcc/nios2-elf/5.3.0/../../../../../H-x86_64-mingw32/nios2-elf/lib/mhw-mulx\libc.a(lib_a-int_errno.o)
 .debug_info    0x00000000000072c9      0x11a c:/intelfpga_lite/16.1/nios2eds/bin/gnu/h-x86_64-mingw32/bin/../lib/gcc/nios2-elf/5.3.0/../../../../../H-x86_64-mingw32/nios2-elf/lib/mhw-mulx\libc.a(lib_a-memcmp.o)
 .debug_info    0x00000000000073e3      0x144 c:/intelfpga_lite/16.1/nios2eds/bin/gnu/h-x86_64-mingw32/bin/../lib/gcc/nios2-elf/5.3.0/../../../../../H-x86_64-mingw32/nios2-elf/lib/mhw-mulx\libc.a(lib_a-memcpy.o)
 .debug_info    0x0000000000007527       0xe2 c:/intelfpga_lite/16.1/nios2eds/bin/gnu/h-x86_64-mingw32/bin/../lib/gcc/nios2-elf/5.3.0/../../../../../H-x86_64-mingw32/nios2-elf/lib/mhw-mulx\libc.a(lib_a-strlen.o)
 .debug_info    0x0000000000007609      0x934 c:/intelfpga_lite/16.1/nios2eds/bin/gnu/h-x86_64-mingw32/bin/../lib/gcc/nios2-elf/5.3.0/../../../../../H-x86_64-mingw32/nios2-elf/lib/mhw-mulx\libc.a(lib_a-__atexit.o)
 .debug_info    0x0000000000007f3d      0x965 c:/intelfpga_lite/16.1/nios2eds/bin/gnu/h-x86_64-mingw32/bin/../lib/gcc/nios2-elf/5.3.0/../../../../../H-x86_64-mingw32/nios2-elf/lib/mhw-mulx\libc.a(lib_a-__call_atexit.o)
 .debug_info    0x00000000000088a2      0x116 C:/src/KAU_EMBEDED_19/Quartus/software/VGA_GRAY_bsp/\libhal_bsp.a(alt_exit.o)

.debug_abbrev   0x0000000000000000     0x2d91
 *(.debug_abbrev)
 .debug_abbrev  0x0000000000000000       0x12 C:/src/KAU_EMBEDED_19/Quartus/software/VGA_GRAY_bsp//obj/HAL/src/crt0.o
 .debug_abbrev  0x0000000000000012      0x13c obj/default/hello_world.o
 .debug_abbrev  0x000000000000014e      0x186 C:/src/KAU_EMBEDED_19/Quartus/software/VGA_GRAY_bsp/\libhal_bsp.a(alt_irq_register.o)
 .debug_abbrev  0x00000000000002d4       0x40 C:/src/KAU_EMBEDED_19/Quartus/software/VGA_GRAY_bsp/\libhal_bsp.a(alt_irq_vars.o)
 .debug_abbrev  0x0000000000000314       0x9f C:/src/KAU_EMBEDED_19/Quartus/software/VGA_GRAY_bsp/\libhal_bsp.a(alt_load.o)
 .debug_abbrev  0x00000000000003b3       0xc1 C:/src/KAU_EMBEDED_19/Quartus/software/VGA_GRAY_bsp/\libhal_bsp.a(alt_main.o)
 .debug_abbrev  0x0000000000000474      0x1aa C:/src/KAU_EMBEDED_19/Quartus/software/VGA_GRAY_bsp/\libhal_bsp.a(alt_sys_init.o)
 .debug_abbrev  0x000000000000061e      0x127 C:/src/KAU_EMBEDED_19/Quartus/software/VGA_GRAY_bsp/\libhal_bsp.a(altera_avalon_jtag_uart_fd.o)
 .debug_abbrev  0x0000000000000745      0x19e C:/src/KAU_EMBEDED_19/Quartus/software/VGA_GRAY_bsp/\libhal_bsp.a(altera_avalon_jtag_uart_init.o)
 .debug_abbrev  0x00000000000008e3      0x111 C:/src/KAU_EMBEDED_19/Quartus/software/VGA_GRAY_bsp/\libhal_bsp.a(altera_avalon_jtag_uart_ioctl.o)
 .debug_abbrev  0x00000000000009f4      0x1aa C:/src/KAU_EMBEDED_19/Quartus/software/VGA_GRAY_bsp/\libhal_bsp.a(altera_avalon_jtag_uart_read.o)
 .debug_abbrev  0x0000000000000b9e      0x1a8 C:/src/KAU_EMBEDED_19/Quartus/software/VGA_GRAY_bsp/\libhal_bsp.a(altera_avalon_jtag_uart_write.o)
 .debug_abbrev  0x0000000000000d46      0x155 C:/src/KAU_EMBEDED_19/Quartus/software/VGA_GRAY_bsp/\libhal_bsp.a(altera_avalon_timer_sc.o)
 .debug_abbrev  0x0000000000000e9b      0x135 C:/src/KAU_EMBEDED_19/Quartus/software/VGA_GRAY_bsp/\libhal_bsp.a(altera_up_avalon_irda.o)
 .debug_abbrev  0x0000000000000fd0      0x1a1 C:/src/KAU_EMBEDED_19/Quartus/software/VGA_GRAY_bsp/\libhal_bsp.a(altera_up_avalon_ps2.o)
 .debug_abbrev  0x0000000000001171      0x162 C:/src/KAU_EMBEDED_19/Quartus/software/VGA_GRAY_bsp/\libhal_bsp.a(alt_alarm_start.o)
 .debug_abbrev  0x00000000000012d3      0x11f C:/src/KAU_EMBEDED_19/Quartus/software/VGA_GRAY_bsp/\libhal_bsp.a(alt_close.o)
 .debug_abbrev  0x00000000000013f2       0x42 C:/src/KAU_EMBEDED_19/Quartus/software/VGA_GRAY_bsp/\libhal_bsp.a(alt_dcache_flush_all.o)
 .debug_abbrev  0x0000000000001434       0xd9 C:/src/KAU_EMBEDED_19/Quartus/software/VGA_GRAY_bsp/\libhal_bsp.a(alt_dev.o)
 .debug_abbrev  0x000000000000150d      0x114 C:/src/KAU_EMBEDED_19/Quartus/software/VGA_GRAY_bsp/\libhal_bsp.a(alt_dev_llist_insert.o)
 .debug_abbrev  0x0000000000001621       0x79 C:/src/KAU_EMBEDED_19/Quartus/software/VGA_GRAY_bsp/\libhal_bsp.a(alt_do_ctors.o)
 .debug_abbrev  0x000000000000169a       0x79 C:/src/KAU_EMBEDED_19/Quartus/software/VGA_GRAY_bsp/\libhal_bsp.a(alt_do_dtors.o)
 .debug_abbrev  0x0000000000001713       0x5a C:/src/KAU_EMBEDED_19/Quartus/software/VGA_GRAY_bsp/\libhal_bsp.a(alt_errno.o)
 .debug_abbrev  0x000000000000176d       0xf0 C:/src/KAU_EMBEDED_19/Quartus/software/VGA_GRAY_bsp/\libhal_bsp.a(alt_find_dev.o)
 .debug_abbrev  0x000000000000185d       0x42 C:/src/KAU_EMBEDED_19/Quartus/software/VGA_GRAY_bsp/\libhal_bsp.a(alt_icache_flush_all.o)
 .debug_abbrev  0x000000000000189f      0x114 C:/src/KAU_EMBEDED_19/Quartus/software/VGA_GRAY_bsp/\libhal_bsp.a(alt_io_redirect.o)
 .debug_abbrev  0x00000000000019b3       0x12 C:/src/KAU_EMBEDED_19/Quartus/software/VGA_GRAY_bsp/\libhal_bsp.a(alt_irq_entry.o)
 .debug_abbrev  0x00000000000019c5      0x13a C:/src/KAU_EMBEDED_19/Quartus/software/VGA_GRAY_bsp/\libhal_bsp.a(alt_irq_handler.o)
 .debug_abbrev  0x0000000000001aff      0x148 C:/src/KAU_EMBEDED_19/Quartus/software/VGA_GRAY_bsp/\libhal_bsp.a(alt_open.o)
 .debug_abbrev  0x0000000000001c47       0xde C:/src/KAU_EMBEDED_19/Quartus/software/VGA_GRAY_bsp/\libhal_bsp.a(alt_release_fd.o)
 .debug_abbrev  0x0000000000001d25      0x16b C:/src/KAU_EMBEDED_19/Quartus/software/VGA_GRAY_bsp/\libhal_bsp.a(alt_tick.o)
 .debug_abbrev  0x0000000000001e90       0x67 C:/src/KAU_EMBEDED_19/Quartus/software/VGA_GRAY_bsp/\libhal_bsp.a(altera_nios2_gen2_irq.o)
 .debug_abbrev  0x0000000000001ef7       0x12 C:/src/KAU_EMBEDED_19/Quartus/software/VGA_GRAY_bsp/\libhal_bsp.a(alt_exception_entry.o)
 .debug_abbrev  0x0000000000001f09       0xf0 C:/src/KAU_EMBEDED_19/Quartus/software/VGA_GRAY_bsp/\libhal_bsp.a(alt_find_file.o)
 .debug_abbrev  0x0000000000001ff9      0x10d C:/src/KAU_EMBEDED_19/Quartus/software/VGA_GRAY_bsp/\libhal_bsp.a(alt_get_fd.o)
 .debug_abbrev  0x0000000000002106       0x8c C:/src/KAU_EMBEDED_19/Quartus/software/VGA_GRAY_bsp/\libhal_bsp.a(alt_icache_flush.o)
 .debug_abbrev  0x0000000000002192       0xdc C:/src/KAU_EMBEDED_19/Quartus/software/VGA_GRAY_bsp/\libhal_bsp.a(alt_instruction_exception_entry.o)
 .debug_abbrev  0x000000000000226e       0xaa c:/intelfpga_lite/16.1/nios2eds/bin/gnu/h-x86_64-mingw32/bin/../lib/gcc/nios2-elf/5.3.0/../../../../../H-x86_64-mingw32/nios2-elf/lib/mhw-mulx\libc.a(lib_a-atexit.o)
 .debug_abbrev  0x0000000000002318      0x1e5 c:/intelfpga_lite/16.1/nios2eds/bin/gnu/h-x86_64-mingw32/bin/../lib/gcc/nios2-elf/5.3.0/../../../../../H-x86_64-mingw32/nios2-elf/lib/mhw-mulx\libc.a(lib_a-exit.o)
 .debug_abbrev  0x00000000000024fd      0x18f c:/intelfpga_lite/16.1/nios2eds/bin/gnu/h-x86_64-mingw32/bin/../lib/gcc/nios2-elf/5.3.0/../../../../../H-x86_64-mingw32/nios2-elf/lib/mhw-mulx\libc.a(lib_a-impure.o)
 .debug_abbrev  0x000000000000268c       0x37 c:/intelfpga_lite/16.1/nios2eds/bin/gnu/h-x86_64-mingw32/bin/../lib/gcc/nios2-elf/5.3.0/../../../../../H-x86_64-mingw32/nios2-elf/lib/mhw-mulx\libc.a(lib_a-int_errno.o)
 .debug_abbrev  0x00000000000026c3       0x7f c:/intelfpga_lite/16.1/nios2eds/bin/gnu/h-x86_64-mingw32/bin/../lib/gcc/nios2-elf/5.3.0/../../../../../H-x86_64-mingw32/nios2-elf/lib/mhw-mulx\libc.a(lib_a-memcmp.o)
 .debug_abbrev  0x0000000000002742       0xa3 c:/intelfpga_lite/16.1/nios2eds/bin/gnu/h-x86_64-mingw32/bin/../lib/gcc/nios2-elf/5.3.0/../../../../../H-x86_64-mingw32/nios2-elf/lib/mhw-mulx\libc.a(lib_a-memcpy.o)
 .debug_abbrev  0x00000000000027e5       0x90 c:/intelfpga_lite/16.1/nios2eds/bin/gnu/h-x86_64-mingw32/bin/../lib/gcc/nios2-elf/5.3.0/../../../../../H-x86_64-mingw32/nios2-elf/lib/mhw-mulx\libc.a(lib_a-strlen.o)
 .debug_abbrev  0x0000000000002875      0x21e c:/intelfpga_lite/16.1/nios2eds/bin/gnu/h-x86_64-mingw32/bin/../lib/gcc/nios2-elf/5.3.0/../../../../../H-x86_64-mingw32/nios2-elf/lib/mhw-mulx\libc.a(lib_a-__atexit.o)
 .debug_abbrev  0x0000000000002a93      0x22e c:/intelfpga_lite/16.1/nios2eds/bin/gnu/h-x86_64-mingw32/bin/../lib/gcc/nios2-elf/5.3.0/../../../../../H-x86_64-mingw32/nios2-elf/lib/mhw-mulx\libc.a(lib_a-__call_atexit.o)
 .debug_abbrev  0x0000000000002cc1       0xd0 C:/src/KAU_EMBEDED_19/Quartus/software/VGA_GRAY_bsp/\libhal_bsp.a(alt_exit.o)

.debug_line     0x0000000000000000     0x30ec
 *(.debug_line)
 .debug_line    0x0000000000000000       0x6c C:/src/KAU_EMBEDED_19/Quartus/software/VGA_GRAY_bsp//obj/HAL/src/crt0.o
 .debug_line    0x000000000000006c      0x154 obj/default/hello_world.o
 .debug_line    0x00000000000001c0      0x155 C:/src/KAU_EMBEDED_19/Quartus/software/VGA_GRAY_bsp/\libhal_bsp.a(alt_irq_register.o)
 .debug_line    0x0000000000000315       0x50 C:/src/KAU_EMBEDED_19/Quartus/software/VGA_GRAY_bsp/\libhal_bsp.a(alt_irq_vars.o)
 .debug_line    0x0000000000000365       0x8e C:/src/KAU_EMBEDED_19/Quartus/software/VGA_GRAY_bsp/\libhal_bsp.a(alt_load.o)
 .debug_line    0x00000000000003f3       0xd1 C:/src/KAU_EMBEDED_19/Quartus/software/VGA_GRAY_bsp/\libhal_bsp.a(alt_main.o)
 .debug_line    0x00000000000004c4      0x30d C:/src/KAU_EMBEDED_19/Quartus/software/VGA_GRAY_bsp/\libhal_bsp.a(alt_sys_init.o)
 .debug_line    0x00000000000007d1      0x12f C:/src/KAU_EMBEDED_19/Quartus/software/VGA_GRAY_bsp/\libhal_bsp.a(altera_avalon_jtag_uart_fd.o)
 .debug_line    0x0000000000000900      0x19f C:/src/KAU_EMBEDED_19/Quartus/software/VGA_GRAY_bsp/\libhal_bsp.a(altera_avalon_jtag_uart_init.o)
 .debug_line    0x0000000000000a9f      0x131 C:/src/KAU_EMBEDED_19/Quartus/software/VGA_GRAY_bsp/\libhal_bsp.a(altera_avalon_jtag_uart_ioctl.o)
 .debug_line    0x0000000000000bd0      0x185 C:/src/KAU_EMBEDED_19/Quartus/software/VGA_GRAY_bsp/\libhal_bsp.a(altera_avalon_jtag_uart_read.o)
 .debug_line    0x0000000000000d55      0x184 C:/src/KAU_EMBEDED_19/Quartus/software/VGA_GRAY_bsp/\libhal_bsp.a(altera_avalon_jtag_uart_write.o)
 .debug_line    0x0000000000000ed9      0x113 C:/src/KAU_EMBEDED_19/Quartus/software/VGA_GRAY_bsp/\libhal_bsp.a(altera_avalon_timer_sc.o)
 .debug_line    0x0000000000000fec      0x13c C:/src/KAU_EMBEDED_19/Quartus/software/VGA_GRAY_bsp/\libhal_bsp.a(altera_up_avalon_irda.o)
 .debug_line    0x0000000000001128      0x1a5 C:/src/KAU_EMBEDED_19/Quartus/software/VGA_GRAY_bsp/\libhal_bsp.a(altera_up_avalon_ps2.o)
 .debug_line    0x00000000000012cd      0x10d C:/src/KAU_EMBEDED_19/Quartus/software/VGA_GRAY_bsp/\libhal_bsp.a(alt_alarm_start.o)
 .debug_line    0x00000000000013da      0x165 C:/src/KAU_EMBEDED_19/Quartus/software/VGA_GRAY_bsp/\libhal_bsp.a(alt_close.o)
 .debug_line    0x000000000000153f       0x51 C:/src/KAU_EMBEDED_19/Quartus/software/VGA_GRAY_bsp/\libhal_bsp.a(alt_dcache_flush_all.o)
 .debug_line    0x0000000000001590       0xf8 C:/src/KAU_EMBEDED_19/Quartus/software/VGA_GRAY_bsp/\libhal_bsp.a(alt_dev.o)
 .debug_line    0x0000000000001688       0xcf C:/src/KAU_EMBEDED_19/Quartus/software/VGA_GRAY_bsp/\libhal_bsp.a(alt_dev_llist_insert.o)
 .debug_line    0x0000000000001757       0x59 C:/src/KAU_EMBEDED_19/Quartus/software/VGA_GRAY_bsp/\libhal_bsp.a(alt_do_ctors.o)
 .debug_line    0x00000000000017b0       0x59 C:/src/KAU_EMBEDED_19/Quartus/software/VGA_GRAY_bsp/\libhal_bsp.a(alt_do_dtors.o)
 .debug_line    0x0000000000001809       0x51 C:/src/KAU_EMBEDED_19/Quartus/software/VGA_GRAY_bsp/\libhal_bsp.a(alt_errno.o)
 .debug_line    0x000000000000185a       0xb5 C:/src/KAU_EMBEDED_19/Quartus/software/VGA_GRAY_bsp/\libhal_bsp.a(alt_find_dev.o)
 .debug_line    0x000000000000190f       0x50 C:/src/KAU_EMBEDED_19/Quartus/software/VGA_GRAY_bsp/\libhal_bsp.a(alt_icache_flush_all.o)
 .debug_line    0x000000000000195f      0x133 C:/src/KAU_EMBEDED_19/Quartus/software/VGA_GRAY_bsp/\libhal_bsp.a(alt_io_redirect.o)
 .debug_line    0x0000000000001a92       0x6b C:/src/KAU_EMBEDED_19/Quartus/software/VGA_GRAY_bsp/\libhal_bsp.a(alt_irq_entry.o)
 .debug_line    0x0000000000001afd       0xcd C:/src/KAU_EMBEDED_19/Quartus/software/VGA_GRAY_bsp/\libhal_bsp.a(alt_irq_handler.o)
 .debug_line    0x0000000000001bca      0x128 C:/src/KAU_EMBEDED_19/Quartus/software/VGA_GRAY_bsp/\libhal_bsp.a(alt_open.o)
 .debug_line    0x0000000000001cf2       0xae C:/src/KAU_EMBEDED_19/Quartus/software/VGA_GRAY_bsp/\libhal_bsp.a(alt_release_fd.o)
 .debug_line    0x0000000000001da0      0x113 C:/src/KAU_EMBEDED_19/Quartus/software/VGA_GRAY_bsp/\libhal_bsp.a(alt_tick.o)
 .debug_line    0x0000000000001eb3       0x8d C:/src/KAU_EMBEDED_19/Quartus/software/VGA_GRAY_bsp/\libhal_bsp.a(altera_nios2_gen2_irq.o)
 .debug_line    0x0000000000001f40       0xb3 C:/src/KAU_EMBEDED_19/Quartus/software/VGA_GRAY_bsp/\libhal_bsp.a(alt_exception_entry.o)
 .debug_line    0x0000000000001ff3       0xd1 C:/src/KAU_EMBEDED_19/Quartus/software/VGA_GRAY_bsp/\libhal_bsp.a(alt_find_file.o)
 .debug_line    0x00000000000020c4       0xd4 C:/src/KAU_EMBEDED_19/Quartus/software/VGA_GRAY_bsp/\libhal_bsp.a(alt_get_fd.o)
 .debug_line    0x0000000000002198       0x81 C:/src/KAU_EMBEDED_19/Quartus/software/VGA_GRAY_bsp/\libhal_bsp.a(alt_icache_flush.o)
 .debug_line    0x0000000000002219       0xba C:/src/KAU_EMBEDED_19/Quartus/software/VGA_GRAY_bsp/\libhal_bsp.a(alt_instruction_exception_entry.o)
 .debug_line    0x00000000000022d3       0xe7 c:/intelfpga_lite/16.1/nios2eds/bin/gnu/h-x86_64-mingw32/bin/../lib/gcc/nios2-elf/5.3.0/../../../../../H-x86_64-mingw32/nios2-elf/lib/mhw-mulx\libc.a(lib_a-atexit.o)
 .debug_line    0x00000000000023ba      0x1fc c:/intelfpga_lite/16.1/nios2eds/bin/gnu/h-x86_64-mingw32/bin/../lib/gcc/nios2-elf/5.3.0/../../../../../H-x86_64-mingw32/nios2-elf/lib/mhw-mulx\libc.a(lib_a-exit.o)
 .debug_line    0x00000000000025b6      0x160 c:/intelfpga_lite/16.1/nios2eds/bin/gnu/h-x86_64-mingw32/bin/../lib/gcc/nios2-elf/5.3.0/../../../../../H-x86_64-mingw32/nios2-elf/lib/mhw-mulx\libc.a(lib_a-impure.o)
 .debug_line    0x0000000000002716       0x5f c:/intelfpga_lite/16.1/nios2eds/bin/gnu/h-x86_64-mingw32/bin/../lib/gcc/nios2-elf/5.3.0/../../../../../H-x86_64-mingw32/nios2-elf/lib/mhw-mulx\libc.a(lib_a-int_errno.o)
 .debug_line    0x0000000000002775      0x176 c:/intelfpga_lite/16.1/nios2eds/bin/gnu/h-x86_64-mingw32/bin/../lib/gcc/nios2-elf/5.3.0/../../../../../H-x86_64-mingw32/nios2-elf/lib/mhw-mulx\libc.a(lib_a-memcmp.o)
 .debug_line    0x00000000000028eb      0x18c c:/intelfpga_lite/16.1/nios2eds/bin/gnu/h-x86_64-mingw32/bin/../lib/gcc/nios2-elf/5.3.0/../../../../../H-x86_64-mingw32/nios2-elf/lib/mhw-mulx\libc.a(lib_a-memcpy.o)
 .debug_line    0x0000000000002a77      0x16f c:/intelfpga_lite/16.1/nios2eds/bin/gnu/h-x86_64-mingw32/bin/../lib/gcc/nios2-elf/5.3.0/../../../../../H-x86_64-mingw32/nios2-elf/lib/mhw-mulx\libc.a(lib_a-strlen.o)
 .debug_line    0x0000000000002be6      0x21f c:/intelfpga_lite/16.1/nios2eds/bin/gnu/h-x86_64-mingw32/bin/../lib/gcc/nios2-elf/5.3.0/../../../../../H-x86_64-mingw32/nios2-elf/lib/mhw-mulx\libc.a(lib_a-__atexit.o)
 .debug_line    0x0000000000002e05      0x23a c:/intelfpga_lite/16.1/nios2eds/bin/gnu/h-x86_64-mingw32/bin/../lib/gcc/nios2-elf/5.3.0/../../../../../H-x86_64-mingw32/nios2-elf/lib/mhw-mulx\libc.a(lib_a-__call_atexit.o)
 .debug_line    0x000000000000303f       0xad C:/src/KAU_EMBEDED_19/Quartus/software/VGA_GRAY_bsp/\libhal_bsp.a(alt_exit.o)

.debug_frame    0x0000000000000000      0xf64
 *(.debug_frame)
 .debug_frame   0x0000000000000000       0xf0 obj/default/hello_world.o
 .debug_frame   0x00000000000000f0       0x34 C:/src/KAU_EMBEDED_19/Quartus/software/VGA_GRAY_bsp/\libhal_bsp.a(alt_irq_register.o)
 .debug_frame   0x0000000000000124       0x5c C:/src/KAU_EMBEDED_19/Quartus/software/VGA_GRAY_bsp/\libhal_bsp.a(alt_load.o)
 .debug_frame   0x0000000000000180       0x2c C:/src/KAU_EMBEDED_19/Quartus/software/VGA_GRAY_bsp/\libhal_bsp.a(alt_main.o)
 .debug_frame   0x00000000000001ac       0x88 C:/src/KAU_EMBEDED_19/Quartus/software/VGA_GRAY_bsp/\libhal_bsp.a(alt_sys_init.o)
 .debug_frame   0x0000000000000234       0xb0 C:/src/KAU_EMBEDED_19/Quartus/software/VGA_GRAY_bsp/\libhal_bsp.a(altera_avalon_jtag_uart_fd.o)
 .debug_frame   0x00000000000002e4       0xa4 C:/src/KAU_EMBEDED_19/Quartus/software/VGA_GRAY_bsp/\libhal_bsp.a(altera_avalon_jtag_uart_init.o)
 .debug_frame   0x0000000000000388       0x34 C:/src/KAU_EMBEDED_19/Quartus/software/VGA_GRAY_bsp/\libhal_bsp.a(altera_avalon_jtag_uart_ioctl.o)
 .debug_frame   0x00000000000003bc       0x38 C:/src/KAU_EMBEDED_19/Quartus/software/VGA_GRAY_bsp/\libhal_bsp.a(altera_avalon_jtag_uart_read.o)
 .debug_frame   0x00000000000003f4       0x38 C:/src/KAU_EMBEDED_19/Quartus/software/VGA_GRAY_bsp/\libhal_bsp.a(altera_avalon_jtag_uart_write.o)
 .debug_frame   0x000000000000042c       0x60 C:/src/KAU_EMBEDED_19/Quartus/software/VGA_GRAY_bsp/\libhal_bsp.a(altera_avalon_timer_sc.o)
 .debug_frame   0x000000000000048c      0x188 C:/src/KAU_EMBEDED_19/Quartus/software/VGA_GRAY_bsp/\libhal_bsp.a(altera_up_avalon_irda.o)
 .debug_frame   0x0000000000000614      0x2c0 C:/src/KAU_EMBEDED_19/Quartus/software/VGA_GRAY_bsp/\libhal_bsp.a(altera_up_avalon_ps2.o)
 .debug_frame   0x00000000000008d4       0x34 C:/src/KAU_EMBEDED_19/Quartus/software/VGA_GRAY_bsp/\libhal_bsp.a(alt_alarm_start.o)
 .debug_frame   0x0000000000000908       0x60 C:/src/KAU_EMBEDED_19/Quartus/software/VGA_GRAY_bsp/\libhal_bsp.a(alt_close.o)
 .debug_frame   0x0000000000000968       0x34 C:/src/KAU_EMBEDED_19/Quartus/software/VGA_GRAY_bsp/\libhal_bsp.a(alt_dcache_flush_all.o)
 .debug_frame   0x000000000000099c       0x34 C:/src/KAU_EMBEDED_19/Quartus/software/VGA_GRAY_bsp/\libhal_bsp.a(alt_dev.o)
 .debug_frame   0x00000000000009d0       0x60 C:/src/KAU_EMBEDED_19/Quartus/software/VGA_GRAY_bsp/\libhal_bsp.a(alt_dev_llist_insert.o)
 .debug_frame   0x0000000000000a30       0x38 C:/src/KAU_EMBEDED_19/Quartus/software/VGA_GRAY_bsp/\libhal_bsp.a(alt_do_ctors.o)
 .debug_frame   0x0000000000000a68       0x38 C:/src/KAU_EMBEDED_19/Quartus/software/VGA_GRAY_bsp/\libhal_bsp.a(alt_do_dtors.o)
 .debug_frame   0x0000000000000aa0       0x38 C:/src/KAU_EMBEDED_19/Quartus/software/VGA_GRAY_bsp/\libhal_bsp.a(alt_find_dev.o)
 .debug_frame   0x0000000000000ad8       0x38 C:/src/KAU_EMBEDED_19/Quartus/software/VGA_GRAY_bsp/\libhal_bsp.a(alt_icache_flush_all.o)
 .debug_frame   0x0000000000000b10       0x60 C:/src/KAU_EMBEDED_19/Quartus/software/VGA_GRAY_bsp/\libhal_bsp.a(alt_io_redirect.o)
 .debug_frame   0x0000000000000b70       0x38 C:/src/KAU_EMBEDED_19/Quartus/software/VGA_GRAY_bsp/\libhal_bsp.a(alt_irq_handler.o)
 .debug_frame   0x0000000000000ba8       0x84 C:/src/KAU_EMBEDED_19/Quartus/software/VGA_GRAY_bsp/\libhal_bsp.a(alt_open.o)
 .debug_frame   0x0000000000000c2c       0x34 C:/src/KAU_EMBEDED_19/Quartus/software/VGA_GRAY_bsp/\libhal_bsp.a(alt_release_fd.o)
 .debug_frame   0x0000000000000c60       0x5c C:/src/KAU_EMBEDED_19/Quartus/software/VGA_GRAY_bsp/\libhal_bsp.a(alt_tick.o)
 .debug_frame   0x0000000000000cbc       0x34 C:/src/KAU_EMBEDED_19/Quartus/software/VGA_GRAY_bsp/\libhal_bsp.a(altera_nios2_gen2_irq.o)
 .debug_frame   0x0000000000000cf0       0x38 C:/src/KAU_EMBEDED_19/Quartus/software/VGA_GRAY_bsp/\libhal_bsp.a(alt_find_file.o)
 .debug_frame   0x0000000000000d28       0x34 C:/src/KAU_EMBEDED_19/Quartus/software/VGA_GRAY_bsp/\libhal_bsp.a(alt_get_fd.o)
 .debug_frame   0x0000000000000d5c       0x34 C:/src/KAU_EMBEDED_19/Quartus/software/VGA_GRAY_bsp/\libhal_bsp.a(alt_icache_flush.o)
 .debug_frame   0x0000000000000d90       0x5c C:/src/KAU_EMBEDED_19/Quartus/software/VGA_GRAY_bsp/\libhal_bsp.a(alt_instruction_exception_entry.o)
 .debug_frame   0x0000000000000dec       0x20 c:/intelfpga_lite/16.1/nios2eds/bin/gnu/h-x86_64-mingw32/bin/../lib/gcc/nios2-elf/5.3.0/../../../../../H-x86_64-mingw32/nios2-elf/lib/mhw-mulx\libc.a(lib_a-atexit.o)
 .debug_frame   0x0000000000000e0c       0x28 c:/intelfpga_lite/16.1/nios2eds/bin/gnu/h-x86_64-mingw32/bin/../lib/gcc/nios2-elf/5.3.0/../../../../../H-x86_64-mingw32/nios2-elf/lib/mhw-mulx\libc.a(lib_a-exit.o)
 .debug_frame   0x0000000000000e34       0x20 c:/intelfpga_lite/16.1/nios2eds/bin/gnu/h-x86_64-mingw32/bin/../lib/gcc/nios2-elf/5.3.0/../../../../../H-x86_64-mingw32/nios2-elf/lib/mhw-mulx\libc.a(lib_a-memcmp.o)
 .debug_frame   0x0000000000000e54       0x38 c:/intelfpga_lite/16.1/nios2eds/bin/gnu/h-x86_64-mingw32/bin/../lib/gcc/nios2-elf/5.3.0/../../../../../H-x86_64-mingw32/nios2-elf/lib/mhw-mulx\libc.a(lib_a-memcpy.o)
 .debug_frame   0x0000000000000e8c       0x20 c:/intelfpga_lite/16.1/nios2eds/bin/gnu/h-x86_64-mingw32/bin/../lib/gcc/nios2-elf/5.3.0/../../../../../H-x86_64-mingw32/nios2-elf/lib/mhw-mulx\libc.a(lib_a-strlen.o)
 .debug_frame   0x0000000000000eac       0x38 c:/intelfpga_lite/16.1/nios2eds/bin/gnu/h-x86_64-mingw32/bin/../lib/gcc/nios2-elf/5.3.0/../../../../../H-x86_64-mingw32/nios2-elf/lib/mhw-mulx\libc.a(lib_a-__atexit.o)
 .debug_frame   0x0000000000000ee4       0x54 c:/intelfpga_lite/16.1/nios2eds/bin/gnu/h-x86_64-mingw32/bin/../lib/gcc/nios2-elf/5.3.0/../../../../../H-x86_64-mingw32/nios2-elf/lib/mhw-mulx\libc.a(lib_a-__call_atexit.o)
 .debug_frame   0x0000000000000f38       0x2c C:/src/KAU_EMBEDED_19/Quartus/software/VGA_GRAY_bsp/\libhal_bsp.a(alt_exit.o)

.debug_str      0x0000000000000000     0x2111
 *(.debug_str)
 .debug_str     0x0000000000000000      0x1c7 obj/default/hello_world.o
                                        0x212 (size before relaxing)
 .debug_str     0x00000000000001c7       0xdb C:/src/KAU_EMBEDED_19/Quartus/software/VGA_GRAY_bsp/\libhal_bsp.a(alt_irq_register.o)
                                        0x20f (size before relaxing)
 .debug_str     0x00000000000002a2       0x17 C:/src/KAU_EMBEDED_19/Quartus/software/VGA_GRAY_bsp/\libhal_bsp.a(alt_irq_vars.o)
                                        0x141 (size before relaxing)
 .debug_str     0x00000000000002b9       0xe9 C:/src/KAU_EMBEDED_19/Quartus/software/VGA_GRAY_bsp/\libhal_bsp.a(alt_load.o)
                                        0x219 (size before relaxing)
 .debug_str     0x00000000000003a2       0x70 C:/src/KAU_EMBEDED_19/Quartus/software/VGA_GRAY_bsp/\libhal_bsp.a(alt_main.o)
                                        0x1cd (size before relaxing)
 .debug_str     0x0000000000000412      0x4c6 C:/src/KAU_EMBEDED_19/Quartus/software/VGA_GRAY_bsp/\libhal_bsp.a(alt_sys_init.o)
                                        0x6be (size before relaxing)
 .debug_str     0x00000000000008d8       0xb2 C:/src/KAU_EMBEDED_19/Quartus/software/VGA_GRAY_bsp/\libhal_bsp.a(altera_avalon_jtag_uart_fd.o)
                                        0x3ab (size before relaxing)
 .debug_str     0x000000000000098a       0xd1 C:/src/KAU_EMBEDED_19/Quartus/software/VGA_GRAY_bsp/\libhal_bsp.a(altera_avalon_jtag_uart_init.o)
                                        0x360 (size before relaxing)
 .debug_str     0x0000000000000a5b       0x4a C:/src/KAU_EMBEDED_19/Quartus/software/VGA_GRAY_bsp/\libhal_bsp.a(altera_avalon_jtag_uart_ioctl.o)
                                        0x29a (size before relaxing)
 .debug_str     0x0000000000000aa5       0x48 C:/src/KAU_EMBEDED_19/Quartus/software/VGA_GRAY_bsp/\libhal_bsp.a(altera_avalon_jtag_uart_read.o)
                                        0x310 (size before relaxing)
 .debug_str     0x0000000000000aed       0x4a C:/src/KAU_EMBEDED_19/Quartus/software/VGA_GRAY_bsp/\libhal_bsp.a(altera_avalon_jtag_uart_write.o)
                                        0x311 (size before relaxing)
 .debug_str     0x0000000000000b37       0x6d C:/src/KAU_EMBEDED_19/Quartus/software/VGA_GRAY_bsp/\libhal_bsp.a(altera_avalon_timer_sc.o)
                                        0x273 (size before relaxing)
 .debug_str     0x0000000000000ba4      0x176 C:/src/KAU_EMBEDED_19/Quartus/software/VGA_GRAY_bsp/\libhal_bsp.a(altera_up_avalon_irda.o)
                                        0x366 (size before relaxing)
 .debug_str     0x0000000000000d1a      0x1c5 C:/src/KAU_EMBEDED_19/Quartus/software/VGA_GRAY_bsp/\libhal_bsp.a(altera_up_avalon_ps2.o)
                                        0x439 (size before relaxing)
 .debug_str     0x0000000000000edf       0x59 C:/src/KAU_EMBEDED_19/Quartus/software/VGA_GRAY_bsp/\libhal_bsp.a(alt_alarm_start.o)
                                        0x2a6 (size before relaxing)
 .debug_str     0x0000000000000f38       0x44 C:/src/KAU_EMBEDED_19/Quartus/software/VGA_GRAY_bsp/\libhal_bsp.a(alt_close.o)
                                        0x212 (size before relaxing)
 .debug_str     0x0000000000000f7c       0x34 C:/src/KAU_EMBEDED_19/Quartus/software/VGA_GRAY_bsp/\libhal_bsp.a(alt_dcache_flush_all.o)
                                        0x15c (size before relaxing)
 .debug_str     0x0000000000000fb0      0x120 C:/src/KAU_EMBEDED_19/Quartus/software/VGA_GRAY_bsp/\libhal_bsp.a(alt_dev.o)
                                        0x30c (size before relaxing)
 .debug_str     0x00000000000010d0       0x34 C:/src/KAU_EMBEDED_19/Quartus/software/VGA_GRAY_bsp/\libhal_bsp.a(alt_dev_llist_insert.o)
                                        0x1d3 (size before relaxing)
 .debug_str     0x0000000000001104       0x48 C:/src/KAU_EMBEDED_19/Quartus/software/VGA_GRAY_bsp/\libhal_bsp.a(alt_do_ctors.o)
                                         0xd7 (size before relaxing)
 .debug_str     0x000000000000114c       0x4c C:/src/KAU_EMBEDED_19/Quartus/software/VGA_GRAY_bsp/\libhal_bsp.a(alt_do_dtors.o)
                                         0xd6 (size before relaxing)
 .debug_str     0x0000000000001198       0x14 C:/src/KAU_EMBEDED_19/Quartus/software/VGA_GRAY_bsp/\libhal_bsp.a(alt_errno.o)
                                        0x14c (size before relaxing)
 .debug_str     0x00000000000011ac       0x24 C:/src/KAU_EMBEDED_19/Quartus/software/VGA_GRAY_bsp/\libhal_bsp.a(alt_find_dev.o)
                                        0x1f3 (size before relaxing)
 .debug_str     0x00000000000011d0       0x34 C:/src/KAU_EMBEDED_19/Quartus/software/VGA_GRAY_bsp/\libhal_bsp.a(alt_icache_flush_all.o)
                                        0x15c (size before relaxing)
 .debug_str     0x0000000000001204       0x56 C:/src/KAU_EMBEDED_19/Quartus/software/VGA_GRAY_bsp/\libhal_bsp.a(alt_io_redirect.o)
                                        0x31d (size before relaxing)
 .debug_str     0x000000000000125a       0x3a C:/src/KAU_EMBEDED_19/Quartus/software/VGA_GRAY_bsp/\libhal_bsp.a(alt_irq_handler.o)
                                        0x1bf (size before relaxing)
 .debug_str     0x0000000000001294       0x2f C:/src/KAU_EMBEDED_19/Quartus/software/VGA_GRAY_bsp/\libhal_bsp.a(alt_open.o)
                                        0x252 (size before relaxing)
 .debug_str     0x00000000000012c3       0x28 C:/src/KAU_EMBEDED_19/Quartus/software/VGA_GRAY_bsp/\libhal_bsp.a(alt_release_fd.o)
                                        0x1da (size before relaxing)
 .debug_str     0x00000000000012eb       0x4a C:/src/KAU_EMBEDED_19/Quartus/software/VGA_GRAY_bsp/\libhal_bsp.a(alt_tick.o)
                                        0x27a (size before relaxing)
 .debug_str     0x0000000000001335       0x3b C:/src/KAU_EMBEDED_19/Quartus/software/VGA_GRAY_bsp/\libhal_bsp.a(altera_nios2_gen2_irq.o)
                                        0x18c (size before relaxing)
 .debug_str     0x0000000000001370       0x26 C:/src/KAU_EMBEDED_19/Quartus/software/VGA_GRAY_bsp/\libhal_bsp.a(alt_find_file.o)
                                        0x201 (size before relaxing)
 .debug_str     0x0000000000001396       0x30 C:/src/KAU_EMBEDED_19/Quartus/software/VGA_GRAY_bsp/\libhal_bsp.a(alt_get_fd.o)
                                        0x223 (size before relaxing)
 .debug_str     0x00000000000013c6       0x2c C:/src/KAU_EMBEDED_19/Quartus/software/VGA_GRAY_bsp/\libhal_bsp.a(alt_icache_flush.o)
                                        0x162 (size before relaxing)
 .debug_str     0x00000000000013f2      0x48b C:/src/KAU_EMBEDED_19/Quartus/software/VGA_GRAY_bsp/\libhal_bsp.a(alt_instruction_exception_entry.o)
                                        0x5a7 (size before relaxing)
 .debug_str     0x000000000000187d      0x178 c:/intelfpga_lite/16.1/nios2eds/bin/gnu/h-x86_64-mingw32/bin/../lib/gcc/nios2-elf/5.3.0/../../../../../H-x86_64-mingw32/nios2-elf/lib/mhw-mulx\libc.a(lib_a-atexit.o)
                                        0x21d (size before relaxing)
 .debug_str     0x00000000000019f5      0x3a7 c:/intelfpga_lite/16.1/nios2eds/bin/gnu/h-x86_64-mingw32/bin/../lib/gcc/nios2-elf/5.3.0/../../../../../H-x86_64-mingw32/nios2-elf/lib/mhw-mulx\libc.a(lib_a-exit.o)
                                        0x5ba (size before relaxing)
 .debug_str     0x0000000000001d9c       0xd4 c:/intelfpga_lite/16.1/nios2eds/bin/gnu/h-x86_64-mingw32/bin/../lib/gcc/nios2-elf/5.3.0/../../../../../H-x86_64-mingw32/nios2-elf/lib/mhw-mulx\libc.a(lib_a-impure.o)
                                        0x5b1 (size before relaxing)