Archive member included to satisfy reference by file (symbol)

C:/src/KAU_EMBEDED_19/Quartus/software/CAMERA_GRAY_bsp/\libhal_bsp.a(alt_load.o)
                              C:/src/KAU_EMBEDED_19/Quartus/software/CAMERA_GRAY_bsp//obj/HAL/src/crt0.o (alt_load)
C:/src/KAU_EMBEDED_19/Quartus/software/CAMERA_GRAY_bsp/\libhal_bsp.a(alt_main.o)
                              C:/src/KAU_EMBEDED_19/Quartus/software/CAMERA_GRAY_bsp//obj/HAL/src/crt0.o (alt_main)
C:/src/KAU_EMBEDED_19/Quartus/software/CAMERA_GRAY_bsp/\libhal_bsp.a(alt_sys_init.o)
                              C:/src/KAU_EMBEDED_19/Quartus/software/CAMERA_GRAY_bsp/\libhal_bsp.a(alt_main.o) (alt_irq_init)
C:/src/KAU_EMBEDED_19/Quartus/software/CAMERA_GRAY_bsp/\libhal_bsp.a(altera_avalon_jtag_uart_fd.o)
                              C:/src/KAU_EMBEDED_19/Quartus/software/CAMERA_GRAY_bsp/\libhal_bsp.a(alt_sys_init.o) (altera_avalon_jtag_uart_read_fd)
C:/src/KAU_EMBEDED_19/Quartus/software/CAMERA_GRAY_bsp/\libhal_bsp.a(altera_avalon_jtag_uart_init.o)
                              C:/src/KAU_EMBEDED_19/Quartus/software/CAMERA_GRAY_bsp/\libhal_bsp.a(alt_sys_init.o) (altera_avalon_jtag_uart_init)
C:/src/KAU_EMBEDED_19/Quartus/software/CAMERA_GRAY_bsp/\libhal_bsp.a(altera_avalon_jtag_uart_ioctl.o)
                              C:/src/KAU_EMBEDED_19/Quartus/software/CAMERA_GRAY_bsp/\libhal_bsp.a(altera_avalon_jtag_uart_fd.o) (altera_avalon_jtag_uart_ioctl)
C:/src/KAU_EMBEDED_19/Quartus/software/CAMERA_GRAY_bsp/\libhal_bsp.a(altera_avalon_jtag_uart_read.o)
                              C:/src/KAU_EMBEDED_19/Quartus/software/CAMERA_GRAY_bsp/\libhal_bsp.a(altera_avalon_jtag_uart_fd.o) (altera_avalon_jtag_uart_read)
C:/src/KAU_EMBEDED_19/Quartus/software/CAMERA_GRAY_bsp/\libhal_bsp.a(altera_avalon_jtag_uart_write.o)
                              C:/src/KAU_EMBEDED_19/Quartus/software/CAMERA_GRAY_bsp/\libhal_bsp.a(altera_avalon_jtag_uart_fd.o) (altera_avalon_jtag_uart_write)
C:/src/KAU_EMBEDED_19/Quartus/software/CAMERA_GRAY_bsp/\libhal_bsp.a(altera_avalon_timer_sc.o)
                              C:/src/KAU_EMBEDED_19/Quartus/software/CAMERA_GRAY_bsp/\libhal_bsp.a(alt_sys_init.o) (alt_avalon_timer_sc_init)
C:/src/KAU_EMBEDED_19/Quartus/software/CAMERA_GRAY_bsp/\libhal_bsp.a(altera_up_avalon_irda.o)
                              C:/src/KAU_EMBEDED_19/Quartus/software/CAMERA_GRAY_bsp/\libhal_bsp.a(alt_sys_init.o) (alt_up_irda_read_fd)
C:/src/KAU_EMBEDED_19/Quartus/software/CAMERA_GRAY_bsp/\libhal_bsp.a(altera_up_avalon_ps2.o)
                              C:/src/KAU_EMBEDED_19/Quartus/software/CAMERA_GRAY_bsp/\libhal_bsp.a(alt_sys_init.o) (alt_up_ps2_init)
C:/src/KAU_EMBEDED_19/Quartus/software/CAMERA_GRAY_bsp/\libhal_bsp.a(alt_alarm_start.o)
                              C:/src/KAU_EMBEDED_19/Quartus/software/CAMERA_GRAY_bsp/\libhal_bsp.a(altera_avalon_jtag_uart_init.o) (alt_alarm_start)
C:/src/KAU_EMBEDED_19/Quartus/software/CAMERA_GRAY_bsp/\libhal_bsp.a(alt_close.o)
                              C:/src/KAU_EMBEDED_19/Quartus/software/CAMERA_GRAY_bsp/\libhal_bsp.a(alt_main.o) (close)
C:/src/KAU_EMBEDED_19/Quartus/software/CAMERA_GRAY_bsp/\libhal_bsp.a(alt_dcache_flush_all.o)
                              C:/src/KAU_EMBEDED_19/Quartus/software/CAMERA_GRAY_bsp/\libhal_bsp.a(alt_load.o) (alt_dcache_flush_all)
C:/src/KAU_EMBEDED_19/Quartus/software/CAMERA_GRAY_bsp/\libhal_bsp.a(alt_dev.o)
                              C:/src/KAU_EMBEDED_19/Quartus/software/CAMERA_GRAY_bsp/\libhal_bsp.a(alt_sys_init.o) (alt_dev_list)
C:/src/KAU_EMBEDED_19/Quartus/software/CAMERA_GRAY_bsp/\libhal_bsp.a(alt_dev_llist_insert.o)
                              C:/src/KAU_EMBEDED_19/Quartus/software/CAMERA_GRAY_bsp/\libhal_bsp.a(alt_sys_init.o) (alt_dev_llist_insert)
C:/src/KAU_EMBEDED_19/Quartus/software/CAMERA_GRAY_bsp/\libhal_bsp.a(alt_do_ctors.o)
                              C:/src/KAU_EMBEDED_19/Quartus/software/CAMERA_GRAY_bsp/\libhal_bsp.a(alt_main.o) (_do_ctors)
C:/src/KAU_EMBEDED_19/Quartus/software/CAMERA_GRAY_bsp/\libhal_bsp.a(alt_do_dtors.o)
                              C:/src/KAU_EMBEDED_19/Quartus/software/CAMERA_GRAY_bsp/\libhal_bsp.a(alt_main.o) (_do_dtors)
C:/src/KAU_EMBEDED_19/Quartus/software/CAMERA_GRAY_bsp/\libhal_bsp.a(alt_errno.o)
                              C:/src/KAU_EMBEDED_19/Quartus/software/CAMERA_GRAY_bsp/\libhal_bsp.a(alt_close.o) (alt_errno)
C:/src/KAU_EMBEDED_19/Quartus/software/CAMERA_GRAY_bsp/\libhal_bsp.a(alt_find_dev.o)
                              C:/src/KAU_EMBEDED_19/Quartus/software/CAMERA_GRAY_bsp/\libhal_bsp.a(altera_up_avalon_irda.o) (alt_find_dev)
C:/src/KAU_EMBEDED_19/Quartus/software/CAMERA_GRAY_bsp/\libhal_bsp.a(alt_icache_flush_all.o)
                              C:/src/KAU_EMBEDED_19/Quartus/software/CAMERA_GRAY_bsp/\libhal_bsp.a(alt_load.o) (alt_icache_flush_all)
C:/src/KAU_EMBEDED_19/Quartus/software/CAMERA_GRAY_bsp/\libhal_bsp.a(alt_io_redirect.o)
[...]
Memory Configuration

Name             Origin             Length             Attributes
reset            0x0000000000000000 0x0000000000000020
SDRAM            0x0000000000000020 0x0000000001ffffe0
Onchip_SRAM      0x0000000008000000 0x0000000000040000
VGA_Subsystem_Char_Buf_Subsystem_Onchip_SRAM 0x0000000009000000 0x0000000000002000
ARM_A9_HPS_axi_sdram 0x0000000040000000 0x0000000040000000
*default*        0x0000000000000000 0xffffffffffffffff

Linker script and memory map

LOAD C:/src/KAU_EMBEDED_19/Quartus/software/CAMERA_GRAY_bsp//obj/HAL/src/crt0.o
LOAD obj/default/hello_world.o
LOAD c:/intelfpga_lite/16.1/nios2eds/bin/gnu/h-x86_64-mingw32/bin/../lib/gcc/nios2-elf/5.3.0/../../../../../H-x86_64-mingw32/nios2-elf/lib/mhw-mulx\libstdc++.a
LOAD c:/intelfpga_lite/16.1/nios2eds/bin/gnu/h-x86_64-mingw32/bin/../lib/gcc/nios2-elf/5.3.0/../../../../../H-x86_64-mingw32/nios2-elf/lib/mhw-mulx\libm.a
LOAD c:/intelfpga_lite/16.1/nios2eds/bin/gnu/h-x86_64-mingw32/bin/../lib/gcc/nios2-elf/5.3.0/mhw-mulx\libgcc.a
START GROUP
LOAD c:/intelfpga_lite/16.1/nios2eds/bin/gnu/h-x86_64-mingw32/bin/../lib/gcc/nios2-elf/5.3.0/../../../../../H-x86_64-mingw32/nios2-elf/lib/mhw-mulx\libc.a
LOAD c:/intelfpga_lite/16.1/nios2eds/bin/gnu/h-x86_64-mingw32/bin/../lib/gcc/nios2-elf/5.3.0/mhw-mulx\libgcc.a
LOAD C:/src/KAU_EMBEDED_19/Quartus/software/CAMERA_GRAY_bsp/\libhal_bsp.a
LOAD c:/intelfpga_lite/16.1/nios2eds/bin/gnu/h-x86_64-mingw32/bin/../lib/gcc/nios2-elf/5.3.0/../../../../../H-x86_64-mingw32/nios2-elf/lib/mhw-mulx\libm.a
END GROUP
LOAD c:/intelfpga_lite/16.1/nios2eds/bin/gnu/h-x86_64-mingw32/bin/../lib/gcc/nios2-elf/5.3.0/mhw-mulx\libgcc.a
                0x0000000000000000                __alt_mem_SDRAM = 0x0
                0x0000000008000000                __alt_mem_Onchip_SRAM = 0x8000000
                0x0000000009000000                __alt_mem_VGA_Subsystem_Char_Buf_Subsystem_Onchip_SRAM = 0x9000000
                0x0000000040000000                __alt_mem_ARM_A9_HPS_axi_sdram = 0x40000000

.entry          0x0000000000000000       0x20
 *(.entry)
 .entry         0x0000000000000000       0x20 C:/src/KAU_EMBEDED_19/Quartus/software/CAMERA_GRAY_bsp//obj/HAL/src/crt0.o
                0x0000000000000000                __reset

.exceptions     0x0000000000000020      0x228
                0x0000000000000020                PROVIDE (__ram_exceptions_start, ABSOLUTE (.))
                0x0000000000000020                . = ALIGN (0x20)
 *(.irq)
 *(.exceptions.entry.label)
 .exceptions.entry.label
                0x0000000000000020        0x0 C:/src/KAU_EMBEDED_19/Quartus/software/CAMERA_GRAY_bsp/\libhal_bsp.a(alt_irq_entry.o)
                0x0000000000000020                alt_irq_entry
 .exceptions.entry.label
                0x0000000000000020        0x0 C:/src/KAU_EMBEDED_19/Quartus/software/CAMERA_GRAY_bsp/\libhal_bsp.a(alt_exception_entry.o)
                0x0000000000000020                alt_exception
 *(.exceptions.entry.user)
 *(.exceptions.entry.ecc_fatal)
 *(.exceptions.entry)
 .exceptions.entry
                0x0000000000000020       0x54 C:/src/KAU_EMBEDED_19/Quartus/software/CAMERA_GRAY_bsp/\libhal_bsp.a(alt_exception_entry.o)
 *(.exceptions.irqtest.user)
 *(.exceptions.irqtest)
 .exceptions.irqtest
                0x0000000000000074       0x10 C:/src/KAU_EMBEDED_19/Quartus/software/CAMERA_GRAY_bsp/\libhal_bsp.a(alt_irq_entry.o)
 *(.exceptions.irqhandler.user)
 *(.exceptions.irqhandler)
 .exceptions.irqhandler
                0x0000000000000084        0x4 C:/src/KAU_EMBEDED_19/Quartus/software/CAMERA_GRAY_bsp/\libhal_bsp.a(alt_irq_entry.o)
 *(.exceptions.irqreturn.user)
 *(.exceptions.irqreturn)
 .exceptions.irqreturn
                0x0000000000000088        0x4 C:/src/KAU_EMBEDED_19/Quartus/software/CAMERA_GRAY_bsp/\libhal_bsp.a(alt_irq_entry.o)
 *(.exceptions.notirq.label)
 .exceptions.notirq.label
                0x000000000000008c        0x0 C:/src/KAU_EMBEDED_19/Quartus/software/CAMERA_GRAY_bsp/\libhal_bsp.a(alt_irq_entry.o)
 *(.exceptions.notirq.user)
 *(.exceptions.notirq)
 .exceptions.notirq
                0x000000000000008c        0x8 C:/src/KAU_EMBEDED_19/Quartus/software/CAMERA_GRAY_bsp/\libhal_bsp.a(alt_exception_entry.o)
 *(.exceptions.soft.user)
 *(.exceptions.soft)
 *(.exceptions.unknown.user)
 *(.exceptions.unknown)
 .exceptions.unknown
                0x0000000000000094       0x14 C:/src/KAU_EMBEDED_19/Quartus/software/CAMERA_GRAY_bsp/\libhal_bsp.a(alt_exception_entry.o)
 *(.exceptions.exit.label)
 .exceptions.exit.label
                0x00000000000000a8        0x0 C:/src/KAU_EMBEDED_19/Quartus/software/CAMERA_GRAY_bsp/\libhal_bsp.a(alt_irq_entry.o)
 .exceptions.exit.label
                0x00000000000000a8        0x0 C:/src/KAU_EMBEDED_19/Quartus/software/CAMERA_GRAY_bsp/\libhal_bsp.a(alt_exception_entry.o)
 *(.exceptions.exit.user)
 *(.exceptions.exit)
 .exceptions.exit
                0x00000000000000a8       0x54 C:/src/KAU_EMBEDED_19/Quartus/software/CAMERA_GRAY_bsp/\libhal_bsp.a(alt_exception_entry.o)
 *(.exceptions)
 .exceptions    0x00000000000000fc       0xd8 C:/src/KAU_EMBEDED_19/Quartus/software/CAMERA_GRAY_bsp/\libhal_bsp.a(alt_irq_handler.o)
                0x00000000000000fc                alt_irq_handler
 .exceptions    0x00000000000001d4       0x74 C:/src/KAU_EMBEDED_19/Quartus/software/CAMERA_GRAY_bsp/\libhal_bsp.a(alt_instruction_exception_entry.o)
                0x00000000000001d4                alt_instruction_exception_entry
                0x0000000000000248                PROVIDE (__ram_exceptions_end, ABSOLUTE (.))
                0x0000000000000020                PROVIDE (__flash_exceptions_start, LOADADDR (.exceptions))

.text           0x0000000000000248     0x33d0
                [!provide]                        PROVIDE (stext, ABSOLUTE (.))
 *(.interp)
 *(.hash)
 *(.dynsym)
 *(.dynstr)
 *(.gnu.version)
 *(.gnu.version_d)
 *(.gnu.version_r)
 *(.rel.init)
 *(.rela.init)
 *(.rel.text .rel.text.* .rel.gnu.linkonce.t.*)
 *(.rela.text .rela.text.* .rela.gnu.linkonce.t.*)
 *(.rel.fini)
 *(.rela.fini)
 *(.rel.rodata .rel.rodata.* .rel.gnu.linkonce.r.*)
 *(.rela.rodata .rela.rodata.* .rela.gnu.linkonce.r.*)
 *(.rel.data .rel.data.* .rel.gnu.linkonce.d.*)
 *(.rela.data .rela.data.* .rela.gnu.linkonce.d.*)
 *(.rel.tdata .rel.tdata.* .rel.gnu.linkonce.td.*)
 *(.rela.tdata .rela.tdata.* .rela.gnu.linkonce.td.*)
 *(.rel.tbss .rel.tbss.* .rel.gnu.linkonce.tb.*)
 *(.rela.tbss .rela.tbss.* .rela.gnu.linkonce.tb.*)
 *(.rel.ctors)
 *(.rela.ctors)
 *(.rel.dtors)
 *(.rela.dtors)
 *(.rel.got)
 *(.rela.got)
 *(.rel.sdata .rel.sdata.* .rel.gnu.linkonce.s.*)
 *(.rela.sdata .rela.sdata.* .rela.gnu.linkonce.s.*)
 *(.rel.sbss .rel.sbss.* .rel.gnu.linkonce.sb.*)
 *(.rela.sbss .rela.sbss.* .rela.gnu.linkonce.sb.*)
 *(.rel.sdata2 .rel.sdata2.* .rel.gnu.linkonce.s2.*)
 *(.rela.sdata2 .rela.sdata2.* .rela.gnu.linkonce.s2.*)
 *(.rel.sbss2 .rel.sbss2.* .rel.gnu.linkonce.sb2.*)
 *(.rela.sbss2 .rela.sbss2.* .rela.gnu.linkonce.sb2.*)
 *(.rel.bss .rel.bss.* .rel.gnu.linkonce.b.*)
 *(.rela.bss .rela.bss.* .rela.gnu.linkonce.b.*)
 *(.rel.plt)
 *(.rela.plt)
 *(.rel.dyn)
 *(.init)
 *(.plt)
 *(.text .stub .text.* .gnu.linkonce.t.*)
 .text          0x0000000000000248       0x3c C:/src/KAU_EMBEDED_19/Quartus/software/CAMERA_GRAY_bsp//obj/HAL/src/crt0.o
                0x0000000000000248                _start
 .text          0x0000000000000284       0x30 obj/default/hello_world.o
                0x0000000000000284                main
 .text          0x00000000000002b4       0xec C:/src/KAU_EMBEDED_19/Quartus/software/CAMERA_GRAY_bsp/\libhal_bsp.a(alt_load.o)
                0x000000000000031c                alt_load
 .text          0x00000000000003a0       0x7c C:/src/KAU_EMBEDED_19/Quartus/software/CAMERA_GRAY_bsp/\libhal_bsp.a(alt_main.o)
                0x00000000000003a0                alt_main
 .text          0x000000000000041c      0x7fc C:/src/KAU_EMBEDED_19/Quartus/software/CAMERA_GRAY_bsp/\libhal_bsp.a(alt_sys_init.o)
                0x0000000000000450                alt_irq_init
                0x0000000000000488                alt_sys_init
 .text          0x0000000000000c18      0x164 C:/src/KAU_EMBEDED_19/Quartus/software/CAMERA_GRAY_bsp/\libhal_bsp.a(altera_avalon_jtag_uart_fd.o)
                0x0000000000000c18                altera_avalon_jtag_uart_read_fd
                0x0000000000000c78                altera_avalon_jtag_uart_write_fd
                0x0000000000000cd8                altera_avalon_jtag_uart_close_fd
                0x0000000000000d28                altera_avalon_jtag_uart_ioctl_fd
 .text          0x0000000000000d7c      0x3cc C:/src/KAU_EMBEDED_19/Quartus/software/CAMERA_GRAY_bsp/\libhal_bsp.a(altera_avalon_jtag_uart_init.o)
                0x0000000000000d7c                altera_avalon_jtag_uart_init
                0x00000000000010e0                altera_avalon_jtag_uart_close
 .text          0x0000000000001148       0xf0 C:/src/KAU_EMBEDED_19/Quartus/software/CAMERA_GRAY_bsp/\libhal_bsp.a(altera_avalon_jtag_uart_ioctl.o)
                0x0000000000001148                altera_avalon_jtag_uart_ioctl
 .text          0x0000000000001238      0x21c C:/src/KAU_EMBEDED_19/Quartus/software/CAMERA_GRAY_bsp/\libhal_bsp.a(altera_avalon_jtag_uart_read.o)
                0x0000000000001238                altera_avalon_jtag_uart_read
 .text          0x0000000000001454      0x224 C:/src/KAU_EMBEDED_19/Quartus/software/CAMERA_GRAY_bsp/\libhal_bsp.a(altera_avalon_jtag_uart_write.o)
                0x0000000000001454                altera_avalon_jtag_uart_write
 .text          0x0000000000001678       0xf0 C:/src/KAU_EMBEDED_19/Quartus/software/CAMERA_GRAY_bsp/\libhal_bsp.a(altera_avalon_timer_sc.o)
                0x00000000000016f4                alt_avalon_timer_sc_init
 .text          0x0000000000001768      0x38c C:/src/KAU_EMBEDED_19/Quartus/software/CAMERA_GRAY_bsp/\libhal_bsp.a(altera_up_avalon_irda.o)
                0x0000000000001768                alt_up_irda_enable_read_interrupt
                0x00000000000017c4                alt_up_irda_disable_read_interrupt
                0x0000000000001824                alt_up_irda_get_used_space_in_read_FIFO
                0x0000000000001864                alt_up_irda_get_available_space_in_write_FIFO
                0x00000000000018a0                alt_up_irda_check_parity
                0x00000000000018e4                alt_up_irda_write_data
                0x0000000000001924                alt_up_irda_read_data
                0x0000000000001998                alt_up_irda_read_fd
                0x0000000000001a28                alt_up_irda_write_fd
                0x0000000000001ab8                alt_up_irda_open_dev
 .text          0x0000000000001af4      0x6b0 C:/src/KAU_EMBEDED_19/Quartus/software/CAMERA_GRAY_bsp/\libhal_bsp.a(altera_up_avalon_ps2.o)
                0x0000000000001af4                read_RI_bit
                0x0000000000001b28                read_RE_bit
                0x0000000000001b58                read_CE_bit
                0x0000000000001b8c                read_num_bytes_available
                0x0000000000001bbc                read_data_valid
                0x0000000000001bf0                read_data_byte
                0x0000000000001c1c                alt_up_ps2_init
                0x0000000000001ce4                alt_up_ps2_enable_read_interrupt
                0x0000000000001d40                alt_up_ps2_disable_read_interrupt
                0x0000000000001da0                alt_up_ps2_write_data_byte
                0x0000000000001e14                alt_up_ps2_wait_for_ack
                0x0000000000001e7c                alt_up_ps2_write_data_byte_with_ack
                0x0000000000001ee0                alt_up_ps2_read_data_byte_timeout
                0x0000000000001f7c                alt_up_ps2_read_data_byte
                0x0000000000001fec                alt_up_ps2_clear_fifo
                0x0000000000002044                alt_up_ps2_read_fd
                0x00000000000020d0                alt_up_ps2_write_fd
                0x0000000000002168                alt_up_ps2_open_dev
 .text          0x00000000000021a4      0x12c C:/src/KAU_EMBEDED_19/Quartus/software/CAMERA_GRAY_bsp/\libhal_bsp.a(alt_alarm_start.o)
                0x00000000000021a4                alt_alarm_start
 .text          0x00000000000022d0      0x10c C:/src/KAU_EMBEDED_19/Quartus/software/CAMERA_GRAY_bsp/\libhal_bsp.a(alt_close.o)
                0x000000000000230c                close
 .text          0x00000000000023dc       0x20 C:/src/KAU_EMBEDED_19/Quartus/software/CAMERA_GRAY_bsp/\libhal_bsp.a(alt_dcache_flush_all.o)
                0x00000000000023dc                alt_dcache_flush_all
 .text          0x00000000000023fc       0x2c C:/src/KAU_EMBEDED_19/Quartus/software/CAMERA_GRAY_bsp/\libhal_bsp.a(alt_dev.o)
 .text          0x0000000000002428       0xe0 C:/src/KAU_EMBEDED_19/Quartus/software/CAMERA_GRAY_bsp/\libhal_bsp.a(alt_dev_llist_insert.o)
                0x0000000000002464                alt_dev_llist_insert
 .text          0x0000000000002508       0x60 C:/src/KAU_EMBEDED_19/Quartus/software/CAMERA_GRAY_bsp/\libhal_bsp.a(alt_do_ctors.o)
                0x0000000000002508                _do_ctors
 .text          0x0000000000002568       0x60 C:/src/KAU_EMBEDED_19/Quartus/software/CAMERA_GRAY_bsp/\libhal_bsp.a(alt_do_dtors.o)
                0x0000000000002568                _do_dtors
 .text          0x00000000000025c8        0x0 C:/src/KAU_EMBEDED_19/Quartus/software/CAMERA_GRAY_bsp/\libhal_bsp.a(alt_errno.o)
 .text          0x00000000000025c8       0x90 C:/src/KAU_EMBEDED_19/Quartus/software/CAMERA_GRAY_bsp/\libhal_bsp.a(alt_find_dev.o)
                0x00000000000025c8                alt_find_dev
 .text          0x0000000000002658       0x34 C:/src/KAU_EMBEDED_19/Quartus/software/CAMERA_GRAY_bsp/\libhal_bsp.a(alt_icache_flush_all.o)
                0x0000000000002658                alt_icache_flush_all
 .text          0x000000000000268c      0x140 C:/src/KAU_EMBEDED_19/Quartus/software/CAMERA_GRAY_bsp/\libhal_bsp.a(alt_io_redirect.o)
                0x0000000000002750                alt_io_redirect
 .text          0x00000000000027cc      0x180 C:/src/KAU_EMBEDED_19/Quartus/software/CAMERA_GRAY_bsp/\libhal_bsp.a(alt_irq_register.o)
                0x00000000000027cc                alt_irq_register
 .text          0x000000000000294c        0x0 C:/src/KAU_EMBEDED_19/Quartus/software/CAMERA_GRAY_bsp/\libhal_bsp.a(alt_irq_vars.o)
 .text          0x000000000000294c      0x254 C:/src/KAU_EMBEDED_19/Quartus/software/CAMERA_GRAY_bsp/\libhal_bsp.a(alt_open.o)
                0x0000000000002a4c                open
 .text          0x0000000000002ba0       0x64 C:/src/KAU_EMBEDED_19/Quartus/software/CAMERA_GRAY_bsp/\libhal_bsp.a(alt_release_fd.o)
                0x0000000000002ba0                alt_release_fd
 .text          0x0000000000002c04      0x1a4 C:/src/KAU_EMBEDED_19/Quartus/software/CAMERA_GRAY_bsp/\libhal_bsp.a(alt_tick.o)
                0x0000000000002c04                alt_alarm_stop
                0x0000000000002ca0                alt_tick
 .text          0x0000000000002da8       0x24 C:/src/KAU_EMBEDED_19/Quartus/software/CAMERA_GRAY_bsp/\libhal_bsp.a(altera_nios2_gen2_irq.o)
                0x0000000000002da8                altera_nios2_gen2_irq_init
 .text          0x0000000000002dcc      0x108 C:/src/KAU_EMBEDED_19/Quartus/software/CAMERA_GRAY_bsp/\libhal_bsp.a(alt_find_file.o)
                0x0000000000002dcc                alt_find_file
 .text          0x0000000000002ed4       0xa4 C:/src/KAU_EMBEDED_19/Quartus/software/CAMERA_GRAY_bsp/\libhal_bsp.a(alt_get_fd.o)
                0x0000000000002ed4                alt_get_fd
 .text          0x0000000000002f78       0x90 C:/src/KAU_EMBEDED_19/Quartus/software/CAMERA_GRAY_bsp/\libhal_bsp.a(alt_icache_flush.o)
                0x0000000000002f78                alt_icache_flush
 .text          0x0000000000003008        0x0 C:/src/KAU_EMBEDED_19/Quartus/software/CAMERA_GRAY_bsp/\libhal_bsp.a(alt_irq_entry.o)
 .text          0x0000000000003008        0x0 C:/src/KAU_EMBEDED_19/Quartus/software/CAMERA_GRAY_bsp/\libhal_bsp.a(alt_irq_handler.o)
 .text          0x0000000000003008        0x0 C:/src/KAU_EMBEDED_19/Quartus/software/CAMERA_GRAY_bsp/\libhal_bsp.a(alt_exception_entry.o)
 .text          0x0000000000003008       0x9c C:/src/KAU_EMBEDED_19/Quartus/software/CAMERA_GRAY_bsp/\libhal_bsp.a(alt_instruction_exception_entry.o)
                0x0000000000003008                alt_exception_cause_generated_bad_addr
 .text          0x00000000000030a4        0x0 c:/intelfpga_lite/16.1/nios2eds/bin/gnu/h-x86_64-mingw32/bin/../lib/gcc/nios2-elf/5.3.0/../../../../../H-x86_64-mingw32/nios2-elf/lib/mhw-mulx\libc.a(lib_a-atexit.o)
 .text.atexit   0x00000000000030a4       0x14 c:/intelfpga_lite/16.1/nios2eds/bin/gnu/h-x86_64-mingw32/bin/../lib/gcc/nios2-elf/5.3.0/../../../../../H-x86_64-mingw32/nios2-elf/lib/mhw-mulx\libc.a(lib_a-atexit.o)
                0x00000000000030a4                atexit
 .text          0x00000000000030b8        0x0 c:/intelfpga_lite/16.1/nios2eds/bin/gnu/h-x86_64-mingw32/bin/../lib/gcc/nios2-elf/5.3.0/../../../../../H-x86_64-mingw32/nios2-elf/lib/mhw-mulx\libc.a(lib_a-exit.o)
 .text.exit     0x00000000000030b8       0x38 c:/intelfpga_lite/16.1/nios2eds/bin/gnu/h-x86_64-mingw32/bin/../lib/gcc/nios2-elf/5.3.0/../../../../../H-x86_64-mingw32/nios2-elf/lib/mhw-mulx\libc.a(lib_a-exit.o)
                0x00000000000030b8                exit
 .text          0x00000000000030f0        0x0 c:/intelfpga_lite/16.1/nios2eds/bin/gnu/h-x86_64-mingw32/bin/../lib/gcc/nios2-elf/5.3.0/../../../../../H-x86_64-mingw32/nios2-elf/lib/mhw-mulx\libc.a(lib_a-impure.o)
 .text          0x00000000000030f0        0x0 c:/intelfpga_lite/16.1/nios2eds/bin/gnu/h-x86_64-mingw32/bin/../lib/gcc/nios2-elf/5.3.0/../../../../../H-x86_64-mingw32/nios2-elf/lib/mhw-mulx\libc.a(lib_a-int_errno.o)
 .text          0x00000000000030f0        0x0 c:/intelfpga_lite/16.1/nios2eds/bin/gnu/h-x86_64-mingw32/bin/../lib/gcc/nios2-elf/5.3.0/../../../../../H-x86_64-mingw32/nios2-elf/lib/mhw-mulx\libc.a(lib_a-memcmp.o)
 .text.memcmp   0x00000000000030f0       0x7c c:/intelfpga_lite/16.1/nios2eds/bin/gnu/h-x86_64-mingw32/bin/../lib/gcc/nios2-elf/5.3.0/../../../../../H-x86_64-mingw32/nios2-elf/lib/mhw-mulx\libc.a(lib_a-memcmp.o)
                0x00000000000030f0                memcmp
 .text          0x000000000000316c        0x0 c:/intelfpga_lite/16.1/nios2eds/bin/gnu/h-x86_64-mingw32/bin/../lib/gcc/nios2-elf/5.3.0/../../../../../H-x86_64-mingw32/nios2-elf/lib/mhw-mulx\libc.a(lib_a-memcpy.o)
 .text.memcpy   0x000000000000316c      0x148 c:/intelfpga_lite/16.1/nios2eds/bin/gnu/h-x86_64-mingw32/bin/../lib/gcc/nios2-elf/5.3.0/../../../../../H-x86_64-mingw32/nios2-elf/lib/mhw-mulx\libc.a(lib_a-memcpy.o)
                0x000000000000316c                memcpy
 .text          0x00000000000032b4        0x0 c:/intelfpga_lite/16.1/nios2eds/bin/gnu/h-x86_64-mingw32/bin/../lib/gcc/nios2-elf/5.3.0/../../../../../H-x86_64-mingw32/nios2-elf/lib/mhw-mulx\libc.a(lib_a-strlen.o)
 .text.strlen   0x00000000000032b4       0x98 c:/intelfpga_lite/16.1/nios2eds/bin/gnu/h-x86_64-mingw32/bin/../lib/gcc/nios2-elf/5.3.0/../../../../../H-x86_64-mingw32/nios2-elf/lib/mhw-mulx\libc.a(lib_a-strlen.o)
                0x00000000000032b4                strlen
 .text          0x000000000000334c        0x0 c:/intelfpga_lite/16.1/nios2eds/bin/gnu/h-x86_64-mingw32/bin/../lib/gcc/nios2-elf/5.3.0/../../../../../H-x86_64-mingw32/nios2-elf/lib/mhw-mulx\libc.a(lib_a-__atexit.o)
 .text.__register_exitproc
                0x000000000000334c      0x118 c:/intelfpga_lite/16.1/nios2eds/bin/gnu/h-x86_64-mingw32/bin/../lib/gcc/nios2-elf/5.3.0/../../../../../H-x86_64-mingw32/nios2-elf/lib/mhw-mulx\libc.a(lib_a-__atexit.o)
                0x000000000000334c                __register_exitproc
 .text          0x0000000000003464        0x0 c:/intelfpga_lite/16.1/nios2eds/bin/gnu/h-x86_64-mingw32/bin/../lib/gcc/nios2-elf/5.3.0/../../../../../H-x86_64-mingw32/nios2-elf/lib/mhw-mulx\libc.a(lib_a-__call_atexit.o)
 .text.__call_exitprocs
                0x0000000000003464      0x180 c:/intelfpga_lite/16.1/nios2eds/bin/gnu/h-x86_64-mingw32/bin/../lib/gcc/nios2-elf/5.3.0/../../../../../H-x86_64-mingw32/nios2-elf/lib/mhw-mulx\libc.a(lib_a-__call_atexit.o)
                0x0000000000003464                __call_exitprocs
 .text          0x00000000000035e4       0x34 C:/src/KAU_EMBEDED_19/Quartus/software/CAMERA_GRAY_bsp/\libhal_bsp.a(alt_exit.o)
                0x00000000000035e4                _exit
 *(.gnu.warning.*)
 *(.fini)
                [!provide]                        PROVIDE (__etext, ABSOLUTE (.))
                [!provide]                        PROVIDE (_etext, ABSOLUTE (.))
                [!provide]                        PROVIDE (etext, ABSOLUTE (.))
 *(.eh_frame_hdr)
                0x0000000000003618                . = ALIGN (0x4)
                [!provide]                        PROVIDE (__preinit_array_start, ABSOLUTE (.))
 *(.preinit_array)
                [!provide]                        PROVIDE (__preinit_array_end, ABSOLUTE (.))
                [!provide]                        PROVIDE (__init_array_start, ABSOLUTE (.))
 *(.init_array)
                [!provide]                        PROVIDE (__init_array_end, ABSOLUTE (.))
                [!provide]                        PROVIDE (__fini_array_start, ABSOLUTE (.))
 *(.fini_array)
                [!provide]                        PROVIDE (__fini_array_end, ABSOLUTE (.))
 *(.eh_frame)
 *(.gcc_except_table .gcc_except_table.*)
 *(.dynamic)
                0x0000000000003618                PROVIDE (__CTOR_LIST__, ABSOLUTE (.))
 *(.ctors)
 *(SORT(.ctors.*))
                0x0000000000003618                PROVIDE (__CTOR_END__, ABSOLUTE (.))
                0x0000000000003618                PROVIDE (__DTOR_LIST__, ABSOLUTE (.))
 *(.dtors)
 *(SORT(.dtors.*))
                0x0000000000003618                PROVIDE (__DTOR_END__, ABSOLUTE (.))
 *(.jcr)
                0x0000000000003618                . = ALIGN (0x4)

.rodata         0x0000000000003618      0x118
                0x0000000000003618                PROVIDE (__ram_rodata_start, ABSOLUTE (.))
                0x0000000000003618                . = ALIGN (0x4)
 *(.rodata .rodata.* .gnu.linkonce.r.*)
 .rodata        0x0000000000003618        0xf C:/src/KAU_EMBEDED_19/Quartus/software/CAMERA_GRAY_bsp/\libhal_bsp.a(alt_main.o)
 *fill*         0x0000000000003627        0x1 
 .rodata        0x0000000000003628       0xf5 C:/src/KAU_EMBEDED_19/Quartus/software/CAMERA_GRAY_bsp/\libhal_bsp.a(alt_sys_init.o)
 *fill*         0x000000000000371d        0x3 
 .rodata        0x0000000000003720        0xa C:/src/KAU_EMBEDED_19/Quartus/software/CAMERA_GRAY_bsp/\libhal_bsp.a(alt_dev.o)
 *fill*         0x000000000000372a        0x2 
 .rodata.str1.4
                0x000000000000372c        0x4 c:/intelfpga_lite/16.1/nios2eds/bin/gnu/h-x86_64-mingw32/bin/../lib/gcc/nios2-elf/5.3.0/../../../../../H-x86_64-mingw32/nios2-elf/lib/mhw-mulx\libc.a(lib_a-impure.o)
                                          0x2 (size before relaxing)
 *(.rodata1)
                0x0000000000003730                . = ALIGN (0x4)
                0x0000000000003730                PROVIDE (__ram_rodata_end, ABSOLUTE (.))
                0x0000000000003618                PROVIDE (__flash_rodata_start, LOADADDR (.rodata))

.rwdata         0x0000000000003730     0x1890 load address 0x0000000000004fc0
                0x0000000000003730                PROVIDE (__ram_rwdata_start, ABSOLUTE (.))
                0x0000000000003730                . = ALIGN (0x4)
 *(.got.plt)
 *(.got)
 *(.data1)
 *(.data .data.* .gnu.linkonce.d.*)
 .data          0x0000000000003730        0x0 C:/src/KAU_EMBEDED_19/Quartus/software/CAMERA_GRAY_bsp//obj/HAL/src/crt0.o
 .data          0x0000000000003730        0x0 obj/default/hello_world.o
 .data          0x0000000000003730        0x0 C:/src/KAU_EMBEDED_19/Quartus/software/CAMERA_GRAY_bsp/\libhal_bsp.a(alt_load.o)
 .data          0x0000000000003730        0x0 C:/src/KAU_EMBEDED_19/Quartus/software/CAMERA_GRAY_bsp/\libhal_bsp.a(alt_main.o)
 .data          0x0000000000003730     0x1294 C:/src/KAU_EMBEDED_19/Quartus/software/CAMERA_GRAY_bsp/\libhal_bsp.a(alt_sys_init.o)
 .data          0x00000000000049c4        0x0 C:/src/KAU_EMBEDED_19/Quartus/software/CAMERA_GRAY_bsp/\libhal_bsp.a(altera_avalon_jtag_uart_fd.o)
 .data          0x00000000000049c4        0x0 C:/src/KAU_EMBEDED_19/Quartus/software/CAMERA_GRAY_bsp/\libhal_bsp.a(altera_avalon_jtag_uart_init.o)
 .data          0x00000000000049c4        0x0 C:/src/KAU_EMBEDED_19/Quartus/software/CAMERA_GRAY_bsp/\libhal_bsp.a(altera_avalon_jtag_uart_ioctl.o)
 .data          0x00000000000049c4        0x0 C:/src/KAU_EMBEDED_19/Quartus/software/CAMERA_GRAY_bsp/\libhal_bsp.a(altera_avalon_jtag_uart_read.o)
 .data          0x00000000000049c4        0x0 C:/src/KAU_EMBEDED_19/Quartus/software/CAMERA_GRAY_bsp/\libhal_bsp.a(altera_avalon_jtag_uart_write.o)
 .data          0x00000000000049c4        0x0 C:/src/KAU_EMBEDED_19/Quartus/software/CAMERA_GRAY_bsp/\libhal_bsp.a(altera_avalon_timer_sc.o)
 .data          0x00000000000049c4        0x0 C:/src/KAU_EMBEDED_19/Quartus/software/CAMERA_GRAY_bsp/\libhal_bsp.a(altera_up_avalon_irda.o)
 .data          0x00000000000049c4        0x0 C:/src/KAU_EMBEDED_19/Quartus/software/CAMERA_GRAY_bsp/\libhal_bsp.a(altera_up_avalon_ps2.o)
 .data          0x00000000000049c4        0x0 C:/src/KAU_EMBEDED_19/Quartus/software/CAMERA_GRAY_bsp/\libhal_bsp.a(alt_alarm_start.o)
 .data          0x00000000000049c4        0x0 C:/src/KAU_EMBEDED_19/Quartus/software/CAMERA_GRAY_bsp/\libhal_bsp.a(alt_close.o)
 .data          0x00000000000049c4        0x0 C:/src/KAU_EMBEDED_19/Quartus/software/CAMERA_GRAY_bsp/\libhal_bsp.a(alt_dcache_flush_all.o)
 .data          0x00000000000049c4      0x1a8 C:/src/KAU_EMBEDED_19/Quartus/software/CAMERA_GRAY_bsp/\libhal_bsp.a(alt_dev.o)
                0x00000000000049c4                alt_dev_null
                0x00000000000049ec                alt_fd_list
 .data          0x0000000000004b6c        0x0 C:/src/KAU_EMBEDED_19/Quartus/software/CAMERA_GRAY_bsp/\libhal_bsp.a(alt_dev_llist_insert.o)
 .data          0x0000000000004b6c        0x0 C:/src/KAU_EMBEDED_19/Quartus/software/CAMERA_GRAY_bsp/\libhal_bsp.a(alt_do_ctors.o)
 .data          0x0000000000004b6c        0x0 C:/src/KAU_EMBEDED_19/Quartus/software/CAMERA_GRAY_bsp/\libhal_bsp.a(alt_do_dtors.o)
 .data          0x0000000000004b6c        0x0 C:/src/KAU_EMBEDED_19/Quartus/software/CAMERA_GRAY_bsp/\libhal_bsp.a(alt_errno.o)
 .data          0x0000000000004b6c        0x0 C:/src/KAU_EMBEDED_19/Quartus/software/CAMERA_GRAY_bsp/\libhal_bsp.a(alt_find_dev.o)
 .data          0x0000000000004b6c        0x0 C:/src/KAU_EMBEDED_19/Quartus/software/CAMERA_GRAY_bsp/\libhal_bsp.a(alt_icache_flush_all.o)
 .data          0x0000000000004b6c        0x0 C:/src/KAU_EMBEDED_19/Quartus/software/CAMERA_GRAY_bsp/\libhal_bsp.a(alt_io_redirect.o)
 .data          0x0000000000004b6c        0x0 C:/src/KAU_EMBEDED_19/Quartus/software/CAMERA_GRAY_bsp/\libhal_bsp.a(alt_irq_register.o)
 .data          0x0000000000004b6c        0x0 C:/src/KAU_EMBEDED_19/Quartus/software/CAMERA_GRAY_bsp/\libhal_bsp.a(alt_irq_vars.o)
 .data          0x0000000000004b6c        0x0 C:/src/KAU_EMBEDED_19/Quartus/software/CAMERA_GRAY_bsp/\libhal_bsp.a(alt_open.o)
 .data          0x0000000000004b6c        0x0 C:/src/KAU_EMBEDED_19/Quartus/software/CAMERA_GRAY_bsp/\libhal_bsp.a(alt_release_fd.o)
 .data          0x0000000000004b6c        0x0 C:/src/KAU_EMBEDED_19/Quartus/software/CAMERA_GRAY_bsp/\libhal_bsp.a(alt_tick.o)
 .data          0x0000000000004b6c        0x0 C:/src/KAU_EMBEDED_19/Quartus/software/CAMERA_GRAY_bsp/\libhal_bsp.a(altera_nios2_gen2_irq.o)
 .data          0x0000000000004b6c        0x0 C:/src/KAU_EMBEDED_19/Quartus/software/CAMERA_GRAY_bsp/\libhal_bsp.a(alt_find_file.o)
 .data          0x0000000000004b6c        0x0 C:/src/KAU_EMBEDED_19/Quartus/software/CAMERA_GRAY_bsp/\libhal_bsp.a(alt_get_fd.o)
 .data          0x0000000000004b6c        0x0 C:/src/KAU_EMBEDED_19/Quartus/software/CAMERA_GRAY_bsp/\libhal_bsp.a(alt_icache_flush.o)
 .data          0x0000000000004b6c        0x0 C:/src/KAU_EMBEDED_19/Quartus/software/CAMERA_GRAY_bsp/\libhal_bsp.a(alt_irq_entry.o)
 .data          0x0000000000004b6c        0x0 C:/src/KAU_EMBEDED_19/Quartus/software/CAMERA_GRAY_bsp/\libhal_bsp.a(alt_irq_handler.o)
 .data          0x0000000000004b6c        0x0 C:/src/KAU_EMBEDED_19/Quartus/software/CAMERA_GRAY_bsp/\libhal_bsp.a(alt_exception_entry.o)
 .data          0x0000000000004b6c        0x0 C:/src/KAU_EMBEDED_19/Quartus/software/CAMERA_GRAY_bsp/\libhal_bsp.a(alt_instruction_exception_entry.o)
 .data          0x0000000000004b6c        0x0 c:/intelfpga_lite/16.1/nios2eds/bin/gnu/h-x86_64-mingw32/bin/../lib/gcc/nios2-elf/5.3.0/../../../../../H-x86_64-mingw32/nios2-elf/lib/mhw-mulx\libc.a(lib_a-atexit.o)
 .data          0x0000000000004b6c        0x0 c:/intelfpga_lite/16.1/nios2eds/bin/gnu/h-x86_64-mingw32/bin/../lib/gcc/nios2-elf/5.3.0/../../../../../H-x86_64-mingw32/nios2-elf/lib/mhw-mulx\libc.a(lib_a-exit.o)
 .data          0x0000000000004b6c        0x0 c:/intelfpga_lite/16.1/nios2eds/bin/gnu/h-x86_64-mingw32/bin/../lib/gcc/nios2-elf/5.3.0/../../../../../H-x86_64-mingw32/nios2-elf/lib/mhw-mulx\libc.a(lib_a-impure.o)
 .data.impure_data
                0x0000000000004b6c      0x424 c:/intelfpga_lite/16.1/nios2eds/bin/gnu/h-x86_64-mingw32/bin/../lib/gcc/nios2-elf/5.3.0/../../../../../H-x86_64-mingw32/nios2-elf/lib/mhw-mulx\libc.a(lib_a-impure.o)
 .data          0x0000000000004f90        0x0 c:/intelfpga_lite/16.1/nios2eds/bin/gnu/h-x86_64-mingw32/bin/../lib/gcc/nios2-elf/5.3.0/../../../../../H-x86_64-mingw32/nios2-elf/lib/mhw-mulx\libc.a(lib_a-int_errno.o)
 .data          0x0000000000004f90        0x0 c:/intelfpga_lite/16.1/nios2eds/bin/gnu/h-x86_64-mingw32/bin/../lib/gcc/nios2-elf/5.3.0/../../../../../H-x86_64-mingw32/nios2-elf/lib/mhw-mulx\libc.a(lib_a-memcmp.o)
 .data          0x0000000000004f90        0x0 c:/intelfpga_lite/16.1/nios2eds/bin/gnu/h-x86_64-mingw32/bin/../lib/gcc/nios2-elf/5.3.0/../../../../../H-x86_64-mingw32/nios2-elf/lib/mhw-mulx\libc.a(lib_a-memcpy.o)
 .data          0x0000000000004f90        0x0 c:/intelfpga_lite/16.1/nios2eds/bin/gnu/h-x86_64-mingw32/bin/../lib/gcc/nios2-elf/5.3.0/../../../../../H-x86_64-mingw32/nios2-elf/lib/mhw-mulx\libc.a(lib_a-strlen.o)
 .data          0x0000000000004f90        0x0 c:/intelfpga_lite/16.1/nios2eds/bin/gnu/h-x86_64-mingw32/bin/../lib/gcc/nios2-elf/5.3.0/../../../../../H-x86_64-mingw32/nios2-elf/lib/mhw-mulx\libc.a(lib_a-__atexit.o)
 .data          0x0000000000004f90        0x0 c:/intelfpga_lite/16.1/nios2eds/bin/gnu/h-x86_64-mingw32/bin/../lib/gcc/nios2-elf/5.3.0/../../../../../H-x86_64-mingw32/nios2-elf/lib/mhw-mulx\libc.a(lib_a-__call_atexit.o)
 .data          0x0000000000004f90        0x0 C:/src/KAU_EMBEDED_19/Quartus/software/CAMERA_GRAY_bsp/\libhal_bsp.a(alt_exit.o)
                0x000000000000cf90                _gp = ABSOLUTE ((. + 0x8000))
                [!provide]                        PROVIDE (gp, _gp)
 *(.rwdata .rwdata.*)
 *(.sdata .sdata.* .gnu.linkonce.s.*)
 .sdata         0x0000000000004f90        0x4 obj/default/hello_world.o
                0x0000000000004f90                video_ctrl_ptr
 .sdata         0x0000000000004f94       0x14 C:/src/KAU_EMBEDED_19/Quartus/software/CAMERA_GRAY_bsp/\libhal_bsp.a(alt_dev.o)
                0x0000000000004f94                alt_fs_list
                0x0000000000004f9c                alt_dev_list
                0x0000000000004fa4                alt_max_fd
 .sdata         0x0000000000004fa8        0x4 C:/src/KAU_EMBEDED_19/Quartus/software/CAMERA_GRAY_bsp/\libhal_bsp.a(alt_errno.o)
                0x0000000000004fa8                alt_errno
 .sdata         0x0000000000004fac        0x4 C:/src/KAU_EMBEDED_19/Quartus/software/CAMERA_GRAY_bsp/\libhal_bsp.a(alt_irq_vars.o)
                0x0000000000004fac                alt_priority_mask
 .sdata         0x0000000000004fb0        0x8 C:/src/KAU_EMBEDED_19/Quartus/software/CAMERA_GRAY_bsp/\libhal_bsp.a(alt_tick.o)
                0x0000000000004fb0                alt_alarm_list
 .sdata._global_impure_ptr
                0x0000000000004fb8        0x4 c:/intelfpga_lite/16.1/nios2eds/bin/gnu/h-x86_64-mingw32/bin/../lib/gcc/nios2-elf/5.3.0/../../../../../H-x86_64-mingw32/nios2-elf/lib/mhw-mulx\libc.a(lib_a-impure.o)
                0x0000000000004fb8                _global_impure_ptr
 .sdata._impure_ptr
                0x0000000000004fbc        0x4 c:/intelfpga_lite/16.1/nios2eds/bin/gnu/h-x86_64-mingw32/bin/../lib/gcc/nios2-elf/5.3.0/../../../../../H-x86_64-mingw32/nios2-elf/lib/mhw-mulx\libc.a(lib_a-impure.o)
                0x0000000000004fbc                _impure_ptr
 *(.sdata2 .sdata2.* .gnu.linkonce.s2.*)
                0x0000000000004fc0                . = ALIGN (0x4)
                0x0000000000004fc0                _edata = ABSOLUTE (.)
                [!provide]                        PROVIDE (edata, ABSOLUTE (.))
                0x0000000000004fc0                PROVIDE (__ram_rwdata_end, ABSOLUTE (.))
                0x0000000000004fc0                PROVIDE (__flash_rwdata_start, LOADADDR (.rwdata))

.bss            0x0000000000006850      0x120
                0x0000000000006850                __bss_start = ABSOLUTE (.)
                [!provide]                        PROVIDE (__sbss_start, ABSOLUTE (.))
                [!provide]                        PROVIDE (___sbss_start, ABSOLUTE (.))
 *(.dynsbss)
 *(.sbss .sbss.* .gnu.linkonce.sb.*)
 .sbss          0x0000000000006850        0xc C:/src/KAU_EMBEDED_19/Quartus/software/CAMERA_GRAY_bsp/\libhal_bsp.a(alt_main.o)
                0x0000000000006850                alt_argc
                0x0000000000006854                alt_argv
                0x0000000000006858                alt_envp
 .sbss          0x000000000000685c        0x4 C:/src/KAU_EMBEDED_19/Quartus/software/CAMERA_GRAY_bsp/\libhal_bsp.a(alt_irq_vars.o)
                0x000000000000685c                alt_irq_active
 .sbss          0x0000000000006860        0x8 C:/src/KAU_EMBEDED_19/Quartus/software/CAMERA_GRAY_bsp/\libhal_bsp.a(alt_tick.o)
                0x0000000000006860                _alt_tick_rate
                0x0000000000006864                _alt_nticks
 .sbss          0x0000000000006868        0x4 C:/src/KAU_EMBEDED_19/Quartus/software/CAMERA_GRAY_bsp/\libhal_bsp.a(alt_instruction_exception_entry.o)
                0x0000000000006868                alt_instruction_exception_handler
 .sbss          0x000000000000686c        0x4 c:/intelfpga_lite/16.1/nios2eds/bin/gnu/h-x86_64-mingw32/bin/../lib/gcc/nios2-elf/5.3.0/../../../../../H-x86_64-mingw32/nios2-elf/lib/mhw-mulx\libc.a(lib_a-int_errno.o)
                0x000000000000686c                errno
 *(.sbss2 .sbss2.* .gnu.linkonce.sb2.*)
 *(.scommon)
                [!provide]                        PROVIDE (__sbss_end, ABSOLUTE (.))
                [!provide]                        PROVIDE (___sbss_end, ABSOLUTE (.))
 *(.dynbss)
 *(.bss .bss.* .gnu.linkonce.b.*)
 .bss           0x0000000000006870        0x0 C:/src/KAU_EMBEDED_19/Quartus/software/CAMERA_GRAY_bsp//obj/HAL/src/crt0.o
 .bss           0x0000000000006870        0x0 obj/default/hello_world.o
 .bss           0x0000000000006870        0x0 C:/src/KAU_EMBEDED_19/Quartus/software/CAMERA_GRAY_bsp/\libhal_bsp.a(alt_load.o)
 .bss           0x0000000000006870        0x0 C:/src/KAU_EMBEDED_19/Quartus/software/CAMERA_GRAY_bsp/\libhal_bsp.a(alt_main.o)
 .bss           0x0000000000006870        0x0 C:/src/KAU_EMBEDED_19/Quartus/software/CAMERA_GRAY_bsp/\libhal_bsp.a(alt_sys_init.o)
 .bss           0x0000000000006870        0x0 C:/src/KAU_EMBEDED_19/Quartus/software/CAMERA_GRAY_bsp/\libhal_bsp.a(altera_avalon_jtag_uart_fd.o)
 .bss           0x0000000000006870        0x0 C:/src/KAU_EMBEDED_19/Quartus/software/CAMERA_GRAY_bsp/\libhal_bsp.a(altera_avalon_jtag_uart_init.o)
 .bss           0x0000000000006870        0x0 C:/src/KAU_EMBEDED_19/Quartus/software/CAMERA_GRAY_bsp/\libhal_bsp.a(altera_avalon_jtag_uart_ioctl.o)
 .bss           0x0000000000006870        0x0 C:/src/KAU_EMBEDED_19/Quartus/software/CAMERA_GRAY_bsp/\libhal_bsp.a(altera_avalon_jtag_uart_read.o)
 .bss           0x0000000000006870        0x0 C:/src/KAU_EMBEDED_19/Quartus/software/CAMERA_GRAY_bsp/\libhal_bsp.a(altera_avalon_jtag_uart_write.o)
 .bss           0x0000000000006870        0x0 C:/src/KAU_EMBEDED_19/Quartus/software/CAMERA_GRAY_bsp/\libhal_bsp.a(altera_avalon_timer_sc.o)
 .bss           0x0000000000006870        0x0 C:/src/KAU_EMBEDED_19/Quartus/software/CAMERA_GRAY_bsp/\libhal_bsp.a(altera_up_avalon_irda.o)
 .bss           0x0000000000006870        0x0 C:/src/KAU_EMBEDED_19/Quartus/software/CAMERA_GRAY_bsp/\libhal_bsp.a(altera_up_avalon_ps2.o)
 .bss           0x0000000000006870        0x0 C:/src/KAU_EMBEDED_19/Quartus/software/CAMERA_GRAY_bsp/\libhal_bsp.a(alt_alarm_start.o)
 .bss           0x0000000000006870        0x0 C:/src/KAU_EMBEDED_19/Quartus/software/CAMERA_GRAY_bsp/\libhal_bsp.a(alt_close.o)
 .bss           0x0000000000006870        0x0 C:/src/KAU_EMBEDED_19/Quartus/software/CAMERA_GRAY_bsp/\libhal_bsp.a(alt_dcache_flush_all.o)
 .bss           0x0000000000006870        0x0 C:/src/KAU_EMBEDED_19/Quartus/software/CAMERA_GRAY_bsp/\libhal_bsp.a(alt_dev.o)
 .bss           0x0000000000006870        0x0 C:/src/KAU_EMBEDED_19/Quartus/software/CAMERA_GRAY_bsp/\libhal_bsp.a(alt_dev_llist_insert.o)
 .bss           0x0000000000006870        0x0 C:/src/KAU_EMBEDED_19/Quartus/software/CAMERA_GRAY_bsp/\libhal_bsp.a(alt_do_ctors.o)
 .bss           0x0000000000006870        0x0 C:/src/KAU_EMBEDED_19/Quartus/software/CAMERA_GRAY_bsp/\libhal_bsp.a(alt_do_dtors.o)
 .bss           0x0000000000006870        0x0 C:/src/KAU_EMBEDED_19/Quartus/software/CAMERA_GRAY_bsp/\libhal_bsp.a(alt_errno.o)
 .bss           0x0000000000006870        0x0 C:/src/KAU_EMBEDED_19/Quartus/software/CAMERA_GRAY_bsp/\libhal_bsp.a(alt_find_dev.o)
 .bss           0x0000000000006870        0x0 C:/src/KAU_EMBEDED_19/Quartus/software/CAMERA_GRAY_bsp/\libhal_bsp.a(alt_icache_flush_all.o)
 .bss           0x0000000000006870        0x0 C:/src/KAU_EMBEDED_19/Quartus/software/CAMERA_GRAY_bsp/\libhal_bsp.a(alt_io_redirect.o)
 .bss           0x0000000000006870        0x0 C:/src/KAU_EMBEDED_19/Quartus/software/CAMERA_GRAY_bsp/\libhal_bsp.a(alt_irq_register.o)
 .bss           0x0000000000006870        0x0 C:/src/KAU_EMBEDED_19/Quartus/software/CAMERA_GRAY_bsp/\libhal_bsp.a(alt_irq_vars.o)
 .bss           0x0000000000006870        0x0 C:/src/KAU_EMBEDED_19/Quartus/software/CAMERA_GRAY_bsp/\libhal_bsp.a(alt_open.o)
 .bss           0x0000000000006870        0x0 C:/src/KAU_EMBEDED_19/Quartus/software/CAMERA_GRAY_bsp/\libhal_bsp.a(alt_release_fd.o)
 .bss           0x0000000000006870        0x0 C:/src/KAU_EMBEDED_19/Quartus/software/CAMERA_GRAY_bsp/\libhal_bsp.a(alt_tick.o)
 .bss           0x0000000000006870        0x0 C:/src/KAU_EMBEDED_19/Quartus/software/CAMERA_GRAY_bsp/\libhal_bsp.a(altera_nios2_gen2_irq.o)
 .bss           0x0000000000006870        0x0 C:/src/KAU_EMBEDED_19/Quartus/software/CAMERA_GRAY_bsp/\libhal_bsp.a(alt_find_file.o)
 .bss           0x0000000000006870        0x0 C:/src/KAU_EMBEDED_19/Quartus/software/CAMERA_GRAY_bsp/\libhal_bsp.a(alt_get_fd.o)
 .bss           0x0000000000006870        0x0 C:/src/KAU_EMBEDED_19/Quartus/software/CAMERA_GRAY_bsp/\libhal_bsp.a(alt_icache_flush.o)
 .bss           0x0000000000006870        0x0 C:/src/KAU_EMBEDED_19/Quartus/software/CAMERA_GRAY_bsp/\libhal_bsp.a(alt_irq_entry.o)
 .bss           0x0000000000006870        0x0 C:/src/KAU_EMBEDED_19/Quartus/software/CAMERA_GRAY_bsp/\libhal_bsp.a(alt_irq_handler.o)
 .bss           0x0000000000006870        0x0 C:/src/KAU_EMBEDED_19/Quartus/software/CAMERA_GRAY_bsp/\libhal_bsp.a(alt_exception_entry.o)
 .bss           0x0000000000006870        0x0 C:/src/KAU_EMBEDED_19/Quartus/software/CAMERA_GRAY_bsp/\libhal_bsp.a(alt_instruction_exception_entry.o)
 .bss           0x0000000000006870        0x0 c:/intelfpga_lite/16.1/nios2eds/bin/gnu/h-x86_64-mingw32/bin/../lib/gcc/nios2-elf/5.3.0/../../../../../H-x86_64-mingw32/nios2-elf/lib/mhw-mulx\libc.a(lib_a-atexit.o)
 .bss           0x0000000000006870        0x0 c:/intelfpga_lite/16.1/nios2eds/bin/gnu/h-x86_64-mingw32/bin/../lib/gcc/nios2-elf/5.3.0/../../../../../H-x86_64-mingw32/nios2-elf/lib/mhw-mulx\libc.a(lib_a-exit.o)
 .bss           0x0000000000006870        0x0 c:/intelfpga_lite/16.1/nios2eds/bin/gnu/h-x86_64-mingw32/bin/../lib/gcc/nios2-elf/5.3.0/../../../../../H-x86_64-mingw32/nios2-elf/lib/mhw-mulx\libc.a(lib_a-impure.o)
 .bss           0x0000000000006870        0x0 c:/intelfpga_lite/16.1/nios2eds/bin/gnu/h-x86_64-mingw32/bin/../lib/gcc/nios2-elf/5.3.0/../../../../../H-x86_64-mingw32/nios2-elf/lib/mhw-mulx\libc.a(lib_a-int_errno.o)
 .bss           0x0000000000006870        0x0 c:/intelfpga_lite/16.1/nios2eds/bin/gnu/h-x86_64-mingw32/bin/../lib/gcc/nios2-elf/5.3.0/../../../../../H-x86_64-mingw32/nios2-elf/lib/mhw-mulx\libc.a(lib_a-memcmp.o)
 .bss           0x0000000000006870        0x0 c:/intelfpga_lite/16.1/nios2eds/bin/gnu/h-x86_64-mingw32/bin/../lib/gcc/nios2-elf/5.3.0/../../../../../H-x86_64-mingw32/nios2-elf/lib/mhw-mulx\libc.a(lib_a-memcpy.o)
 .bss           0x0000000000006870        0x0 c:/intelfpga_lite/16.1/nios2eds/bin/gnu/h-x86_64-mingw32/bin/../lib/gcc/nios2-elf/5.3.0/../../../../../H-x86_64-mingw32/nios2-elf/lib/mhw-mulx\libc.a(lib_a-strlen.o)
 .bss           0x0000000000006870        0x0 c:/intelfpga_lite/16.1/nios2eds/bin/gnu/h-x86_64-mingw32/bin/../lib/gcc/nios2-elf/5.3.0/../../../../../H-x86_64-mingw32/nios2-elf/lib/mhw-mulx\libc.a(lib_a-__atexit.o)
 .bss           0x0000000000006870        0x0 c:/intelfpga_lite/16.1/nios2eds/bin/gnu/h-x86_64-mingw32/bin/../lib/gcc/nios2-elf/5.3.0/../../../../../H-x86_64-mingw32/nios2-elf/lib/mhw-mulx\libc.a(lib_a-__call_atexit.o)
 .bss           0x0000000000006870        0x0 C:/src/KAU_EMBEDED_19/Quartus/software/CAMERA_GRAY_bsp/\libhal_bsp.a(alt_exit.o)
 *(COMMON)
 COMMON         0x0000000000006870      0x100 C:/src/KAU_EMBEDED_19/Quartus/software/CAMERA_GRAY_bsp/\libhal_bsp.a(alt_irq_handler.o)
                0x0000000000006870                alt_irq
                0x0000000000006970                . = ALIGN (0x4)
                0x0000000000006970                __bss_end = ABSOLUTE (.)

.SDRAM          0x0000000000006970        0x0
                [!provide]                        PROVIDE (_alt_partition_SDRAM_start, ABSOLUTE (.))
 *(.SDRAM .SDRAM. SDRAM.*)
                0x0000000000006970                . = ALIGN (0x4)
                [!provide]                        PROVIDE (_alt_partition_SDRAM_end, ABSOLUTE (.))
                0x0000000000006970                _end = ABSOLUTE (.)
                0x0000000000006970                end = ABSOLUTE (.)
                0x0000000000006970                __alt_stack_base = ABSOLUTE (.)
                [!provide]                        PROVIDE (_alt_partition_SDRAM_load_addr, LOADADDR (.SDRAM))

.Onchip_SRAM    0x0000000008000000        0x0 load address 0x0000000000006970
                [!provide]                        PROVIDE (_alt_partition_Onchip_SRAM_start, ABSOLUTE (.))
 *(.Onchip_SRAM .Onchip_SRAM. Onchip_SRAM.*)
                0x0000000008000000                . = ALIGN (0x4)
                [!provide]                        PROVIDE (_alt_partition_Onchip_SRAM_end, ABSOLUTE (.))
                [!provide]                        PROVIDE (_alt_partition_Onchip_SRAM_load_addr, LOADADDR (.Onchip_SRAM))

.VGA_Subsystem_Char_Buf_Subsystem_Onchip_SRAM
                0x0000000009000000        0x0 load address 0x0000000000006970
                [!provide]                        PROVIDE (_alt_partition_VGA_Subsystem_Char_Buf_Subsystem_Onchip_SRAM_start, ABSOLUTE (.))
 *(.VGA_Subsystem_Char_Buf_Subsystem_Onchip_SRAM .VGA_Subsystem_Char_Buf_Subsystem_Onchip_SRAM. VGA_Subsystem_Char_Buf_Subsystem_Onchip_SRAM.*)
                0x0000000009000000                . = ALIGN (0x4)
                [!provide]                        PROVIDE (_alt_partition_VGA_Subsystem_Char_Buf_Subsystem_Onchip_SRAM_end, ABSOLUTE (.))
                [!provide]                        PROVIDE (_alt_partition_VGA_Subsystem_Char_Buf_Subsystem_Onchip_SRAM_load_addr, LOADADDR (.VGA_Subsystem_Char_Buf_Subsystem_Onchip_SRAM))

.ARM_A9_HPS_axi_sdram
                0x0000000040000000        0x0 load address 0x0000000000006970
                [!provide]                        PROVIDE (_alt_partition_ARM_A9_HPS_axi_sdram_start, ABSOLUTE (.))
 *(.ARM_A9_HPS_axi_sdram .ARM_A9_HPS_axi_sdram. ARM_A9_HPS_axi_sdram.*)
                0x0000000040000000                . = ALIGN (0x4)
                [!provide]                        PROVIDE (_alt_partition_ARM_A9_HPS_axi_sdram_end, ABSOLUTE (.))
                [!provide]                        PROVIDE (_alt_partition_ARM_A9_HPS_axi_sdram_load_addr, LOADADDR (.ARM_A9_HPS_axi_sdram))

.stab
 *(.stab)

.stabstr
 *(.stabstr)

.stab.excl
 *(.stab.excl)

.stab.exclstr
 *(.stab.exclstr)

.stab.index
 *(.stab.index)

.stab.indexstr
 *(.stab.indexstr)

.comment        0x0000000000000000       0x23
 *(.comment)
 .comment       0x0000000000000000       0x23 obj/default/hello_world.o
                                         0x24 (size before relaxing)
 .comment       0x0000000000000023       0x24 C:/src/KAU_EMBEDED_19/Quartus/software/CAMERA_GRAY_bsp/\libhal_bsp.a(alt_load.o)
 .comment       0x0000000000000023       0x24 C:/src/KAU_EMBEDED_19/Quartus/software/CAMERA_GRAY_bsp/\libhal_bsp.a(alt_main.o)
 .comment       0x0000000000000023       0x24 C:/src/KAU_EMBEDED_19/Quartus/software/CAMERA_GRAY_bsp/\libhal_bsp.a(alt_sys_init.o)
 .comment       0x0000000000000023       0x24 C:/src/KAU_EMBEDED_19/Quartus/software/CAMERA_GRAY_bsp/\libhal_bsp.a(altera_avalon_jtag_uart_fd.o)
 .comment       0x0000000000000023       0x24 C:/src/KAU_EMBEDED_19/Quartus/software/CAMERA_GRAY_bsp/\libhal_bsp.a(altera_avalon_jtag_uart_init.o)
 .comment       0x0000000000000023       0x24 C:/src/KAU_EMBEDED_19/Quartus/software/CAMERA_GRAY_bsp/\libhal_bsp.a(altera_avalon_jtag_uart_ioctl.o)
 .comment       0x0000000000000023       0x24 C:/src/KAU_EMBEDED_19/Quartus/software/CAMERA_GRAY_bsp/\libhal_bsp.a(altera_avalon_jtag_uart_read.o)
 .comment       0x0000000000000023       0x24 C:/src/KAU_EMBEDED_19/Quartus/software/CAMERA_GRAY_bsp/\libhal_bsp.a(altera_avalon_jtag_uart_write.o)
 .comment       0x0000000000000023       0x24 C:/src/KAU_EMBEDED_19/Quartus/software/CAMERA_GRAY_bsp/\libhal_bsp.a(altera_avalon_timer_sc.o)
 .comment       0x0000000000000023       0x24 C:/src/KAU_EMBEDED_19/Quartus/software/CAMERA_GRAY_bsp/\libhal_bsp.a(altera_up_avalon_irda.o)
 .comment       0x0000000000000023       0x24 C:/src/KAU_EMBEDED_19/Quartus/software/CAMERA_GRAY_bsp/\libhal_bsp.a(altera_up_avalon_ps2.o)
 .comment       0x0000000000000023       0x24 C:/src/KAU_EMBEDED_19/Quartus/software/CAMERA_GRAY_bsp/\libhal_bsp.a(alt_alarm_start.o)
 .comment       0x0000000000000023       0x24 C:/src/KAU_EMBEDED_19/Quartus/software/CAMERA_GRAY_bsp/\libhal_bsp.a(alt_close.o)
 .comment       0x0000000000000023       0x24 C:/src/KAU_EMBEDED_19/Quartus/software/CAMERA_GRAY_bsp/\libhal_bsp.a(alt_dcache_flush_all.o)
 .comment       0x0000000000000023       0x24 C:/src/KAU_EMBEDED_19/Quartus/software/CAMERA_GRAY_bsp/\libhal_bsp.a(alt_dev.o)
 .comment       0x0000000000000023       0x24 C:/src/KAU_EMBEDED_19/Quartus/software/CAMERA_GRAY_bsp/\libhal_bsp.a(alt_dev_llist_insert.o)
 .comment       0x0000000000000023       0x24 C:/src/KAU_EMBEDED_19/Quartus/software/CAMERA_GRAY_bsp/\libhal_bsp.a(alt_do_ctors.o)
 .comment       0x0000000000000023       0x24 C:/src/KAU_EMBEDED_19/Quartus/software/CAMERA_GRAY_bsp/\libhal_bsp.a(alt_do_dtors.o)
 .comment       0x0000000000000023       0x24 C:/src/KAU_EMBEDED_19/Quartus/software/CAMERA_GRAY_bsp/\libhal_bsp.a(alt_errno.o)
 .comment       0x0000000000000023       0x24 C:/src/KAU_EMBEDED_19/Quartus/software/CAMERA_GRAY_bsp/\libhal_bsp.a(alt_find_dev.o)
 .comment       0x0000000000000023       0x24 C:/src/KAU_EMBEDED_19/Quartus/software/CAMERA_GRAY_bsp/\libhal_bsp.a(alt_icache_flush_all.o)
 .comment       0x0000000000000023       0x24 C:/src/KAU_EMBEDED_19/Quartus/software/CAMERA_GRAY_bsp/\libhal_bsp.a(alt_io_redirect.o)
 .comment       0x0000000000000023       0x24 C:/src/KAU_EMBEDED_19/Quartus/software/CAMERA_GRAY_bsp/\libhal_bsp.a(alt_irq_register.o)
 .comment       0x0000000000000023       0x24 C:/src/KAU_EMBEDED_19/Quartus/software/CAMERA_GRAY_bsp/\libhal_bsp.a(alt_irq_vars.o)
 .comment       0x0000000000000023       0x24 C:/src/KAU_EMBEDED_19/Quartus/software/CAMERA_GRAY_bsp/\libhal_bsp.a(alt_open.o)
 .comment       0x0000000000000023       0x24 C:/src/KAU_EMBEDED_19/Quartus/software/CAMERA_GRAY_bsp/\libhal_bsp.a(alt_release_fd.o)
 .comment       0x0000000000000023       0x24 C:/src/KAU_EMBEDED_19/Quartus/software/CAMERA_GRAY_bsp/\libhal_bsp.a(alt_tick.o)
 .comment       0x0000000000000023       0x24 C:/src/KAU_EMBEDED_19/Quartus/software/CAMERA_GRAY_bsp/\libhal_bsp.a(altera_nios2_gen2_irq.o)
 .comment       0x0000000000000023       0x24 C:/src/KAU_EMBEDED_19/Quartus/software/CAMERA_GRAY_bsp/\libhal_bsp.a(alt_find_file.o)
 .comment       0x0000000000000023       0x24 C:/src/KAU_EMBEDED_19/Quartus/software/CAMERA_GRAY_bsp/\libhal_bsp.a(alt_get_fd.o)
 .comment       0x0000000000000023       0x24 C:/src/KAU_EMBEDED_19/Quartus/software/CAMERA_GRAY_bsp/\libhal_bsp.a(alt_icache_flush.o)
 .comment       0x0000000000000023       0x24 C:/src/KAU_EMBEDED_19/Quartus/software/CAMERA_GRAY_bsp/\libhal_bsp.a(alt_irq_handler.o)
 .comment       0x0000000000000023       0x24 C:/src/KAU_EMBEDED_19/Quartus/software/CAMERA_GRAY_bsp/\libhal_bsp.a(alt_instruction_exception_entry.o)
 .comment       0x0000000000000023       0x24 c:/intelfpga_lite/16.1/nios2eds/bin/gnu/h-x86_64-mingw32/bin/../lib/gcc/nios2-elf/5.3.0/../../../../../H-x86_64-mingw32/nios2-elf/lib/mhw-mulx\libc.a(lib_a-atexit.o)
 .comment       0x0000000000000023       0x24 c:/intelfpga_lite/16.1/nios2eds/bin/gnu/h-x86_64-mingw32/bin/../lib/gcc/nios2-elf/5.3.0/../../../../../H-x86_64-mingw32/nios2-elf/lib/mhw-mulx\libc.a(lib_a-exit.o)
 .comment       0x0000000000000023       0x24 c:/intelfpga_lite/16.1/nios2eds/bin/gnu/h-x86_64-mingw32/bin/../lib/gcc/nios2-elf/5.3.0/../../../../../H-x86_64-mingw32/nios2-elf/lib/mhw-mulx\libc.a(lib_a-impure.o)
 .comment       0x0000000000000023       0x24 c:/intelfpga_lite/16.1/nios2eds/bin/gnu/h-x86_64-mingw32/bin/../lib/gcc/nios2-elf/5.3.0/../../../../../H-x86_64-mingw32/nios2-elf/lib/mhw-mulx\libc.a(lib_a-int_errno.o)
 .comment       0x0000000000000023       0x24 c:/intelfpga_lite/16.1/nios2eds/bin/gnu/h-x86_64-mingw32/bin/../lib/gcc/nios2-elf/5.3.0/../../../../../H-x86_64-mingw32/nios2-elf/lib/mhw-mulx\libc.a(lib_a-memcmp.o)
 .comment       0x0000000000000023       0x24 c:/intelfpga_lite/16.1/nios2eds/bin/gnu/h-x86_64-mingw32/bin/../lib/gcc/nios2-elf/5.3.0/../../../../../H-x86_64-mingw32/nios2-elf/lib/mhw-mulx\libc.a(lib_a-memcpy.o)
 .comment       0x0000000000000023       0x24 c:/intelfpga_lite/16.1/nios2eds/bin/gnu/h-x86_64-mingw32/bin/../lib/gcc/nios2-elf/5.3.0/../../../../../H-x86_64-mingw32/nios2-elf/lib/mhw-mulx\libc.a(lib_a-strlen.o)
 .comment       0x0000000000000023       0x24 c:/intelfpga_lite/16.1/nios2eds/bin/gnu/h-x86_64-mingw32/bin/../lib/gcc/nios2-elf/5.3.0/../../../../../H-x86_64-mingw32/nios2-elf/lib/mhw-mulx\libc.a(lib_a-__atexit.o)
 .comment       0x0000000000000023       0x24 c:/intelfpga_lite/16.1/nios2eds/bin/gnu/h-x86_64-mingw32/bin/../lib/gcc/nios2-elf/5.3.0/../../../../../H-x86_64-mingw32/nios2-elf/lib/mhw-mulx\libc.a(lib_a-__call_atexit.o)
 .comment       0x0000000000000023       0x24 C:/src/KAU_EMBEDED_19/Quartus/software/CAMERA_GRAY_bsp/\libhal_bsp.a(alt_exit.o)

.debug
 *(.debug)

.line
 *(.line)

.debug_srcinfo
 *(.debug_srcinfo)

.debug_sfnames
 *(.debug_sfnames)

.debug_aranges  0x0000000000000000      0x5f8
 *(.debug_aranges)
 .debug_aranges
                0x0000000000000000       0x28 C:/src/KAU_EMBEDED_19/Quartus/software/CAMERA_GRAY_bsp//obj/HAL/src/crt0.o
 .debug_aranges
                0x0000000000000028       0x20 obj/default/hello_world.o
 .debug_aranges
                0x0000000000000048       0x20 C:/src/KAU_EMBEDED_19/Quartus/software/CAMERA_GRAY_bsp/\libhal_bsp.a(alt_load.o)
 .debug_aranges
                0x0000000000000068       0x20 C:/src/KAU_EMBEDED_19/Quartus/software/CAMERA_GRAY_bsp/\libhal_bsp.a(alt_main.o)
 .debug_aranges
                0x0000000000000088       0x20 C:/src/KAU_EMBEDED_19/Quartus/software/CAMERA_GRAY_bsp/\libhal_bsp.a(alt_sys_init.o)
 .debug_aranges
                0x00000000000000a8       0x20 C:/src/KAU_EMBEDED_19/Quartus/software/CAMERA_GRAY_bsp/\libhal_bsp.a(altera_avalon_jtag_uart_fd.o)
 .debug_aranges
                0x00000000000000c8       0x20 C:/src/KAU_EMBEDED_19/Quartus/software/CAMERA_GRAY_bsp/\libhal_bsp.a(altera_avalon_jtag_uart_init.o)
 .debug_aranges
                0x00000000000000e8       0x20 C:/src/KAU_EMBEDED_19/Quartus/software/CAMERA_GRAY_bsp/\libhal_bsp.a(altera_avalon_jtag_uart_ioctl.o)
 .debug_aranges
                0x0000000000000108       0x20 C:/src/KAU_EMBEDED_19/Quartus/software/CAMERA_GRAY_bsp/\libhal_bsp.a(altera_avalon_jtag_uart_read.o)
 .debug_aranges
                0x0000000000000128       0x20 C:/src/KAU_EMBEDED_19/Quartus/software/CAMERA_GRAY_bsp/\libhal_bsp.a(altera_avalon_jtag_uart_write.o)
 .debug_aranges
                0x0000000000000148       0x20 C:/src/KAU_EMBEDED_19/Quartus/software/CAMERA_GRAY_bsp/\libhal_bsp.a(altera_avalon_timer_sc.o)
 .debug_aranges
                0x0000000000000168       0x20 C:/src/KAU_EMBEDED_19/Quartus/software/CAMERA_GRAY_bsp/\libhal_bsp.a(altera_up_avalon_irda.o)
 .debug_aranges
                0x0000000000000188       0x20 C:/src/KAU_EMBEDED_19/Quartus/software/CAMERA_GRAY_bsp/\libhal_bsp.a(altera_up_avalon_ps2.o)
 .debug_aranges
                0x00000000000001a8       0x20 C:/src/KAU_EMBEDED_19/Quartus/software/CAMERA_GRAY_bsp/\libhal_bsp.a(alt_alarm_start.o)
 .debug_aranges
                0x00000000000001c8       0x20 C:/src/KAU_EMBEDED_19/Quartus/software/CAMERA_GRAY_bsp/\libhal_bsp.a(alt_close.o)
 .debug_aranges
                0x00000000000001e8       0x20 C:/src/KAU_EMBEDED_19/Quartus/software/CAMERA_GRAY_bsp/\libhal_bsp.a(alt_dcache_flush_all.o)
 .debug_aranges
                0x0000000000000208       0x20 C:/src/KAU_EMBEDED_19/Quartus/software/CAMERA_GRAY_bsp/\libhal_bsp.a(alt_dev.o)
 .debug_aranges
                0x0000000000000228       0x20 C:/src/KAU_EMBEDED_19/Quartus/software/CAMERA_GRAY_bsp/\libhal_bsp.a(alt_dev_llist_insert.o)
 .debug_aranges
                0x0000000000000248       0x20 C:/src/KAU_EMBEDED_19/Quartus/software/CAMERA_GRAY_bsp/\libhal_bsp.a(alt_do_ctors.o)
 .debug_aranges
                0x0000000000000268       0x20 C:/src/KAU_EMBEDED_19/Quartus/software/CAMERA_GRAY_bsp/\libhal_bsp.a(alt_do_dtors.o)
 .debug_aranges
                0x0000000000000288       0x18 C:/src/KAU_EMBEDED_19/Quartus/software/CAMERA_GRAY_bsp/\libhal_bsp.a(alt_errno.o)
 .debug_aranges
                0x00000000000002a0       0x20 C:/src/KAU_EMBEDED_19/Quartus/software/CAMERA_GRAY_bsp/\libhal_bsp.a(alt_find_dev.o)
 .debug_aranges
                0x00000000000002c0       0x20 C:/src/KAU_EMBEDED_19/Quartus/software/CAMERA_GRAY_bsp/\libhal_bsp.a(alt_icache_flush_all.o)
 .debug_aranges
                0x00000000000002e0       0x20 C:/src/KAU_EMBEDED_19/Quartus/software/CAMERA_GRAY_bsp/\libhal_bsp.a(alt_io_redirect.o)
 .debug_aranges
                0x0000000000000300       0x20 C:/src/KAU_EMBEDED_19/Quartus/software/CAMERA_GRAY_bsp/\libhal_bsp.a(alt_irq_register.o)
 .debug_aranges
                0x0000000000000320       0x18 C:/src/KAU_EMBEDED_19/Quartus/software/CAMERA_GRAY_bsp/\libhal_bsp.a(alt_irq_vars.o)
 .debug_aranges
                0x0000000000000338       0x20 C:/src/KAU_EMBEDED_19/Quartus/software/CAMERA_GRAY_bsp/\libhal_bsp.a(alt_open.o)
 .debug_aranges
                0x0000000000000358       0x20 C:/src/KAU_EMBEDED_19/Quartus/software/CAMERA_GRAY_bsp/\libhal_bsp.a(alt_release_fd.o)
 .debug_aranges
                0x0000000000000378       0x20 C:/src/KAU_EMBEDED_19/Quartus/software/CAMERA_GRAY_bsp/\libhal_bsp.a(alt_tick.o)
 .debug_aranges
                0x0000000000000398       0x20 C:/src/KAU_EMBEDED_19/Quartus/software/CAMERA_GRAY_bsp/\libhal_bsp.a(altera_nios2_gen2_irq.o)
 .debug_aranges
                0x00000000000003b8       0x20 C:/src/KAU_EMBEDED_19/Quartus/software/CAMERA_GRAY_bsp/\libhal_bsp.a(alt_find_file.o)
 .debug_aranges
                0x00000000000003d8       0x20 C:/src/KAU_EMBEDED_19/Quartus/software/CAMERA_GRAY_bsp/\libhal_bsp.a(alt_get_fd.o)
 .debug_aranges
                0x00000000000003f8       0x20 C:/src/KAU_EMBEDED_19/Quartus/software/CAMERA_GRAY_bsp/\libhal_bsp.a(alt_icache_flush.o)
 .debug_aranges
                0x0000000000000418       0x30 C:/src/KAU_EMBEDED_19/Quartus/software/CAMERA_GRAY_bsp/\libhal_bsp.a(alt_irq_entry.o)
 .debug_aranges
                0x0000000000000448       0x20 C:/src/KAU_EMBEDED_19/Quartus/software/CAMERA_GRAY_bsp/\libhal_bsp.a(alt_irq_handler.o)
 .debug_aranges
                0x0000000000000468       0x38 C:/src/KAU_EMBEDED_19/Quartus/software/CAMERA_GRAY_bsp/\libhal_bsp.a(alt_exception_entry.o)
 .debug_aranges
                0x00000000000004a0       0x28 C:/src/KAU_EMBEDED_19/Quartus/software/CAMERA_GRAY_bsp/\libhal_bsp.a(alt_instruction_exception_entry.o)
 .debug_aranges
                0x00000000000004c8       0x20 c:/intelfpga_lite/16.1/nios2eds/bin/gnu/h-x86_64-mingw32/bin/../lib/gcc/nios2-elf/5.3.0/../../../../../H-x86_64-mingw32/nios2-elf/lib/mhw-mulx\libc.a(lib_a-atexit.o)
 .debug_aranges
                0x00000000000004e8       0x20 c:/intelfpga_lite/16.1/nios2eds/bin/gnu/h-x86_64-mingw32/bin/../lib/gcc/nios2-elf/5.3.0/../../../../../H-x86_64-mingw32/nios2-elf/lib/mhw-mulx\libc.a(lib_a-exit.o)
 .debug_aranges
                0x0000000000000508       0x18 c:/intelfpga_lite/16.1/nios2eds/bin/gnu/h-x86_64-mingw32/bin/../lib/gcc/nios2-elf/5.3.0/../../../../../H-x86_64-mingw32/nios2-elf/lib/mhw-mulx\libc.a(lib_a-impure.o)
 .debug_aranges
                0x0000000000000520       0x18 c:/intelfpga_lite/16.1/nios2eds/bin/gnu/h-x86_64-mingw32/bin/../lib/gcc/nios2-elf/5.3.0/../../../../../H-x86_64-mingw32/nios2-elf/lib/mhw-mulx\libc.a(lib_a-int_errno.o)
 .debug_aranges
                0x0000000000000538       0x20 c:/intelfpga_lite/16.1/nios2eds/bin/gnu/h-x86_64-mingw32/bin/../lib/gcc/nios2-elf/5.3.0/../../../../../H-x86_64-mingw32/nios2-elf/lib/mhw-mulx\libc.a(lib_a-memcmp.o)
 .debug_aranges
                0x0000000000000558       0x20 c:/intelfpga_lite/16.1/nios2eds/bin/gnu/h-x86_64-mingw32/bin/../lib/gcc/nios2-elf/5.3.0/../../../../../H-x86_64-mingw32/nios2-elf/lib/mhw-mulx\libc.a(lib_a-memcpy.o)
 .debug_aranges
                0x0000000000000578       0x20 c:/intelfpga_lite/16.1/nios2eds/bin/gnu/h-x86_64-mingw32/bin/../lib/gcc/nios2-elf/5.3.0/../../../../../H-x86_64-mingw32/nios2-elf/lib/mhw-mulx\libc.a(lib_a-strlen.o)
 .debug_aranges
                0x0000000000000598       0x20 c:/intelfpga_lite/16.1/nios2eds/bin/gnu/h-x86_64-mingw32/bin/../lib/gcc/nios2-elf/5.3.0/../../../../../H-x86_64-mingw32/nios2-elf/lib/mhw-mulx\libc.a(lib_a-__atexit.o)
 .debug_aranges
                0x00000000000005b8       0x20 c:/intelfpga_lite/16.1/nios2eds/bin/gnu/h-x86_64-mingw32/bin/../lib/gcc/nios2-elf/5.3.0/../../../../../H-x86_64-mingw32/nios2-elf/lib/mhw-mulx\libc.a(lib_a-__call_atexit.o)
 .debug_aranges
                0x00000000000005d8       0x20 C:/src/KAU_EMBEDED_19/Quartus/software/CAMERA_GRAY_bsp/\libhal_bsp.a(alt_exit.o)

.debug_pubnames
 *(.debug_pubnames)

.debug_info     0x0000000000000000     0x87fc
 *(.debug_info .gnu.linkonce.wi.*)
 .debug_info    0x0000000000000000       0x6b C:/src/KAU_EMBEDED_19/Quartus/software/CAMERA_GRAY_bsp//obj/HAL/src/crt0.o
 .debug_info    0x000000000000006b       0xb2 obj/default/hello_world.o
 .debug_info    0x000000000000011d      0x145 C:/src/KAU_EMBEDED_19/Quartus/software/CAMERA_GRAY_bsp/\libhal_bsp.a(alt_load.o)
 .debug_info    0x0000000000000262      0x157 C:/src/KAU_EMBEDED_19/Quartus/software/CAMERA_GRAY_bsp/\libhal_bsp.a(alt_main.o)
 .debug_info    0x00000000000003b9      0x929 C:/src/KAU_EMBEDED_19/Quartus/software/CAMERA_GRAY_bsp/\libhal_bsp.a(alt_sys_init.o)
 .debug_info    0x0000000000000ce2      0x52e C:/src/KAU_EMBEDED_19/Quartus/software/CAMERA_GRAY_bsp/\libhal_bsp.a(altera_avalon_jtag_uart_fd.o)
 .debug_info    0x0000000000001210      0x3c3 C:/src/KAU_EMBEDED_19/Quartus/software/CAMERA_GRAY_bsp/\libhal_bsp.a(altera_avalon_jtag_uart_init.o)
 .debug_info    0x00000000000015d3      0x280 C:/src/KAU_EMBEDED_19/Quartus/software/CAMERA_GRAY_bsp/\libhal_bsp.a(altera_avalon_jtag_uart_ioctl.o)
 .debug_info    0x0000000000001853      0x35b C:/src/KAU_EMBEDED_19/Quartus/software/CAMERA_GRAY_bsp/\libhal_bsp.a(altera_avalon_jtag_uart_read.o)
 .debug_info    0x0000000000001bae      0x356 C:/src/KAU_EMBEDED_19/Quartus/software/CAMERA_GRAY_bsp/\libhal_bsp.a(altera_avalon_jtag_uart_write.o)
 .debug_info    0x0000000000001f04      0x249 C:/src/KAU_EMBEDED_19/Quartus/software/CAMERA_GRAY_bsp/\libhal_bsp.a(altera_avalon_timer_sc.o)
 .debug_info    0x000000000000214d      0x568 C:/src/KAU_EMBEDED_19/Quartus/software/CAMERA_GRAY_bsp/\libhal_bsp.a(altera_up_avalon_irda.o)
 .debug_info    0x00000000000026b5      0x7d4 C:/src/KAU_EMBEDED_19/Quartus/software/CAMERA_GRAY_bsp/\libhal_bsp.a(altera_up_avalon_ps2.o)
 .debug_info    0x0000000000002e89      0x2e2 C:/src/KAU_EMBEDED_19/Quartus/software/CAMERA_GRAY_bsp/\libhal_bsp.a(alt_alarm_start.o)
 .debug_info    0x000000000000316b      0x321 C:/src/KAU_EMBEDED_19/Quartus/software/CAMERA_GRAY_bsp/\libhal_bsp.a(alt_close.o)
 .debug_info    0x000000000000348c       0x92 C:/src/KAU_EMBEDED_19/Quartus/software/CAMERA_GRAY_bsp/\libhal_bsp.a(alt_dcache_flush_all.o)
 .debug_info    0x000000000000351e      0x49c C:/src/KAU_EMBEDED_19/Quartus/software/CAMERA_GRAY_bsp/\libhal_bsp.a(alt_dev.o)
 .debug_info    0x00000000000039ba      0x1a9 C:/src/KAU_EMBEDED_19/Quartus/software/CAMERA_GRAY_bsp/\libhal_bsp.a(alt_dev_llist_insert.o)
 .debug_info    0x0000000000003b63       0x83 C:/src/KAU_EMBEDED_19/Quartus/software/CAMERA_GRAY_bsp/\libhal_bsp.a(alt_do_ctors.o)
 .debug_info    0x0000000000003be6       0x83 C:/src/KAU_EMBEDED_19/Quartus/software/CAMERA_GRAY_bsp/\libhal_bsp.a(alt_do_dtors.o)
 .debug_info    0x0000000000003c69       0xa6 C:/src/KAU_EMBEDED_19/Quartus/software/CAMERA_GRAY_bsp/\libhal_bsp.a(alt_errno.o)
 .debug_info    0x0000000000003d0f      0x2e9 C:/src/KAU_EMBEDED_19/Quartus/software/CAMERA_GRAY_bsp/\libhal_bsp.a(alt_find_dev.o)
 .debug_info    0x0000000000003ff8       0x92 C:/src/KAU_EMBEDED_19/Quartus/software/CAMERA_GRAY_bsp/\libhal_bsp.a(alt_icache_flush_all.o)
 .debug_info    0x000000000000408a      0x4a5 C:/src/KAU_EMBEDED_19/Quartus/software/CAMERA_GRAY_bsp/\libhal_bsp.a(alt_io_redirect.o)
 .debug_info    0x000000000000452f      0x329 C:/src/KAU_EMBEDED_19/Quartus/software/CAMERA_GRAY_bsp/\libhal_bsp.a(alt_irq_register.o)
 .debug_info    0x0000000000004858       0x88 C:/src/KAU_EMBEDED_19/Quartus/software/CAMERA_GRAY_bsp/\libhal_bsp.a(alt_irq_vars.o)
 .debug_info    0x00000000000048e0      0x3bb C:/src/KAU_EMBEDED_19/Quartus/software/CAMERA_GRAY_bsp/\libhal_bsp.a(alt_open.o)
 .debug_info    0x0000000000004c9b      0x2b0 C:/src/KAU_EMBEDED_19/Quartus/software/CAMERA_GRAY_bsp/\libhal_bsp.a(alt_release_fd.o)
 .debug_info    0x0000000000004f4b      0x2af C:/src/KAU_EMBEDED_19/Quartus/software/CAMERA_GRAY_bsp/\libhal_bsp.a(alt_tick.o)
 .debug_info    0x00000000000051fa       0xb8 C:/src/KAU_EMBEDED_19/Quartus/software/CAMERA_GRAY_bsp/\libhal_bsp.a(altera_nios2_gen2_irq.o)
 .debug_info    0x00000000000052b2      0x2e6 C:/src/KAU_EMBEDED_19/Quartus/software/CAMERA_GRAY_bsp/\libhal_bsp.a(alt_find_file.o)
 .debug_info    0x0000000000005598      0x310 C:/src/KAU_EMBEDED_19/Quartus/software/CAMERA_GRAY_bsp/\libhal_bsp.a(alt_get_fd.o)
 .debug_info    0x00000000000058a8       0xdc C:/src/KAU_EMBEDED_19/Quartus/software/CAMERA_GRAY_bsp/\libhal_bsp.a(alt_icache_flush.o)
 .debug_info    0x0000000000005984       0x74 C:/src/KAU_EMBEDED_19/Quartus/software/CAMERA_GRAY_bsp/\libhal_bsp.a(alt_irq_entry.o)
 .debug_info    0x00000000000059f8      0x1a7 C:/src/KAU_EMBEDED_19/Quartus/software/CAMERA_GRAY_bsp/\libhal_bsp.a(alt_irq_handler.o)
 .debug_info    0x0000000000005b9f       0x7a C:/src/KAU_EMBEDED_19/Quartus/software/CAMERA_GRAY_bsp/\libhal_bsp.a(alt_exception_entry.o)
 .debug_info    0x0000000000005c19      0x1e7 C:/src/KAU_EMBEDED_19/Quartus/software/CAMERA_GRAY_bsp/\libhal_bsp.a(alt_instruction_exception_entry.o)
 .debug_info    0x0000000000005e00       0xfe c:/intelfpga_lite/16.1/nios2eds/bin/gnu/h-x86_64-mingw32/bin/../lib/gcc/nios2-elf/5.3.0/../../../../../H-x86_64-mingw32/nios2-elf/lib/mhw-mulx\libc.a(lib_a-atexit.o)
 .debug_info    0x0000000000005efe      0x8e4 c:/intelfpga_lite/16.1/nios2eds/bin/gnu/h-x86_64-mingw32/bin/../lib/gcc/nios2-elf/5.3.0/../../../../../H-x86_64-mingw32/nios2-elf/lib/mhw-mulx\libc.a(lib_a-exit.o)
 .debug_info    0x00000000000067e2      0x8a1 c:/intelfpga_lite/16.1/nios2eds/bin/gnu/h-x86_64-mingw32/bin/../lib/gcc/nios2-elf/5.3.0/../../../../../H-x86_64-mingw32/nios2-elf/lib/mhw-mulx\libc.a(lib_a-impure.o)
 .debug_info    0x0000000000007083       0x8a c:/intelfpga_lite/16.1/nios2eds/bin/gnu/h-x86_64-mingw32/bin/../lib/gcc/nios2-elf/5.3.0/../../../../../H-x86_64-mingw32/nios2-elf/lib/mhw-mulx\libc.a(lib_a-int_errno.o)
 .debug_info    0x000000000000710d      0x11a c:/intelfpga_lite/16.1/nios2eds/bin/gnu/h-x86_64-mingw32/bin/../lib/gcc/nios2-elf/5.3.0/../../../../../H-x86_64-mingw32/nios2-elf/lib/mhw-mulx\libc.a(lib_a-memcmp.o)
 .debug_info    0x0000000000007227      0x144 c:/intelfpga_lite/16.1/nios2eds/bin/gnu/h-x86_64-mingw32/bin/../lib/gcc/nios2-elf/5.3.0/../../../../../H-x86_64-mingw32/nios2-elf/lib/mhw-mulx\libc.a(lib_a-memcpy.o)
 .debug_info    0x000000000000736b       0xe2 c:/intelfpga_lite/16.1/nios2eds/bin/gnu/h-x86_64-mingw32/bin/../lib/gcc/nios2-elf/5.3.0/../../../../../H-x86_64-mingw32/nios2-elf/lib/mhw-mulx\libc.a(lib_a-strlen.o)
 .debug_info    0x000000000000744d      0x934 c:/intelfpga_lite/16.1/nios2eds/bin/gnu/h-x86_64-mingw32/bin/../lib/gcc/nios2-elf/5.3.0/../../../../../H-x86_64-mingw32/nios2-elf/lib/mhw-mulx\libc.a(lib_a-__atexit.o)
 .debug_info    0x0000000000007d81      0x965 c:/intelfpga_lite/16.1/nios2eds/bin/gnu/h-x86_64-mingw32/bin/../lib/gcc/nios2-elf/5.3.0/../../../../../H-x86_64-mingw32/nios2-elf/lib/mhw-mulx\libc.a(lib_a-__call_atexit.o)
 .debug_info    0x00000000000086e6      0x116 C:/src/KAU_EMBEDED_19/Quartus/software/CAMERA_GRAY_bsp/\libhal_bsp.a(alt_exit.o)

.debug_abbrev   0x0000000000000000     0x2cb8
 *(.debug_abbrev)
 .debug_abbrev  0x0000000000000000       0x12 C:/src/KAU_EMBEDED_19/Quartus/software/CAMERA_GRAY_bsp//obj/HAL/src/crt0.o
 .debug_abbrev  0x0000000000000012       0x63 obj/default/hello_world.o
 .debug_abbrev  0x0000000000000075       0x9f C:/src/KAU_EMBEDED_19/Quartus/software/CAMERA_GRAY_bsp/\libhal_bsp.a(alt_load.o)
 .debug_abbrev  0x0000000000000114       0xc1 C:/src/KAU_EMBEDED_19/Quartus/software/CAMERA_GRAY_bsp/\libhal_bsp.a(alt_main.o)
 .debug_abbrev  0x00000000000001d5      0x1aa C:/src/KAU_EMBEDED_19/Quartus/software/CAMERA_GRAY_bsp/\libhal_bsp.a(alt_sys_init.o)
 .debug_abbrev  0x000000000000037f      0x127 C:/src/KAU_EMBEDED_19/Quartus/software/CAMERA_GRAY_bsp/\libhal_bsp.a(altera_avalon_jtag_uart_fd.o)
 .debug_abbrev  0x00000000000004a6      0x19e C:/src/KAU_EMBEDED_19/Quartus/software/CAMERA_GRAY_bsp/\libhal_bsp.a(altera_avalon_jtag_uart_init.o)
 .debug_abbrev  0x0000000000000644      0x111 C:/src/KAU_EMBEDED_19/Quartus/software/CAMERA_GRAY_bsp/\libhal_bsp.a(altera_avalon_jtag_uart_ioctl.o)
 .debug_abbrev  0x0000000000000755      0x1aa C:/src/KAU_EMBEDED_19/Quartus/software/CAMERA_GRAY_bsp/\libhal_bsp.a(altera_avalon_jtag_uart_read.o)
 .debug_abbrev  0x00000000000008ff      0x1a8 C:/src/KAU_EMBEDED_19/Quartus/software/CAMERA_GRAY_bsp/\libhal_bsp.a(altera_avalon_jtag_uart_write.o)
 .debug_abbrev  0x0000000000000aa7      0x155 C:/src/KAU_EMBEDED_19/Quartus/software/CAMERA_GRAY_bsp/\libhal_bsp.a(altera_avalon_timer_sc.o)
 .debug_abbrev  0x0000000000000bfc      0x135 C:/src/KAU_EMBEDED_19/Quartus/software/CAMERA_GRAY_bsp/\libhal_bsp.a(altera_up_avalon_irda.o)
 .debug_abbrev  0x0000000000000d31      0x1a1 C:/src/KAU_EMBEDED_19/Quartus/software/CAMERA_GRAY_bsp/\libhal_bsp.a(altera_up_avalon_ps2.o)
 .debug_abbrev  0x0000000000000ed2      0x162 C:/src/KAU_EMBEDED_19/Quartus/software/CAMERA_GRAY_bsp/\libhal_bsp.a(alt_alarm_start.o)
 .debug_abbrev  0x0000000000001034      0x11f C:/src/KAU_EMBEDED_19/Quartus/software/CAMERA_GRAY_bsp/\libhal_bsp.a(alt_close.o)
 .debug_abbrev  0x0000000000001153       0x42 C:/src/KAU_EMBEDED_19/Quartus/software/CAMERA_GRAY_bsp/\libhal_bsp.a(alt_dcache_flush_all.o)
 .debug_abbrev  0x0000000000001195       0xd9 C:/src/KAU_EMBEDED_19/Quartus/software/CAMERA_GRAY_bsp/\libhal_bsp.a(alt_dev.o)
 .debug_abbrev  0x000000000000126e      0x114 C:/src/KAU_EMBEDED_19/Quartus/software/CAMERA_GRAY_bsp/\libhal_bsp.a(alt_dev_llist_insert.o)
 .debug_abbrev  0x0000000000001382       0x79 C:/src/KAU_EMBEDED_19/Quartus/software/CAMERA_GRAY_bsp/\libhal_bsp.a(alt_do_ctors.o)
 .debug_abbrev  0x00000000000013fb       0x79 C:/src/KAU_EMBEDED_19/Quartus/software/CAMERA_GRAY_bsp/\libhal_bsp.a(alt_do_dtors.o)
 .debug_abbrev  0x0000000000001474       0x5a C:/src/KAU_EMBEDED_19/Quartus/software/CAMERA_GRAY_bsp/\libhal_bsp.a(alt_errno.o)
 .debug_abbrev  0x00000000000014ce       0xf0 C:/src/KAU_EMBEDED_19/Quartus/software/CAMERA_GRAY_bsp/\libhal_bsp.a(alt_find_dev.o)
 .debug_abbrev  0x00000000000015be       0x42 C:/src/KAU_EMBEDED_19/Quartus/software/CAMERA_GRAY_bsp/\libhal_bsp.a(alt_icache_flush_all.o)
 .debug_abbrev  0x0000000000001600      0x114 C:/src/KAU_EMBEDED_19/Quartus/software/CAMERA_GRAY_bsp/\libhal_bsp.a(alt_io_redirect.o)
 .debug_abbrev  0x0000000000001714      0x186 C:/src/KAU_EMBEDED_19/Quartus/software/CAMERA_GRAY_bsp/\libhal_bsp.a(alt_irq_register.o)
 .debug_abbrev  0x000000000000189a       0x40 C:/src/KAU_EMBEDED_19/Quartus/software/CAMERA_GRAY_bsp/\libhal_bsp.a(alt_irq_vars.o)
 .debug_abbrev  0x00000000000018da      0x148 C:/src/KAU_EMBEDED_19/Quartus/software/CAMERA_GRAY_bsp/\libhal_bsp.a(alt_open.o)
 .debug_abbrev  0x0000000000001a22       0xde C:/src/KAU_EMBEDED_19/Quartus/software/CAMERA_GRAY_bsp/\libhal_bsp.a(alt_release_fd.o)
 .debug_abbrev  0x0000000000001b00      0x16b C:/src/KAU_EMBEDED_19/Quartus/software/CAMERA_GRAY_bsp/\libhal_bsp.a(alt_tick.o)
 .debug_abbrev  0x0000000000001c6b       0x67 C:/src/KAU_EMBEDED_19/Quartus/software/CAMERA_GRAY_bsp/\libhal_bsp.a(altera_nios2_gen2_irq.o)
 .debug_abbrev  0x0000000000001cd2       0xf0 C:/src/KAU_EMBEDED_19/Quartus/software/CAMERA_GRAY_bsp/\libhal_bsp.a(alt_find_file.o)
 .debug_abbrev  0x0000000000001dc2      0x10d C:/src/KAU_EMBEDED_19/Quartus/software/CAMERA_GRAY_bsp/\libhal_bsp.a(alt_get_fd.o)
 .debug_abbrev  0x0000000000001ecf       0x8c C:/src/KAU_EMBEDED_19/Quartus/software/CAMERA_GRAY_bsp/\libhal_bsp.a(alt_icache_flush.o)
 .debug_abbrev  0x0000000000001f5b       0x12 C:/src/KAU_EMBEDED_19/Quartus/software/CAMERA_GRAY_bsp/\libhal_bsp.a(alt_irq_entry.o)
 .debug_abbrev  0x0000000000001f6d      0x13a C:/src/KAU_EMBEDED_19/Quartus/software/CAMERA_GRAY_bsp/\libhal_bsp.a(alt_irq_handler.o)
 .debug_abbrev  0x00000000000020a7       0x12 C:/src/KAU_EMBEDED_19/Quartus/software/CAMERA_GRAY_bsp/\libhal_bsp.a(alt_exception_entry.o)
 .debug_abbrev  0x00000000000020b9       0xdc C:/src/KAU_EMBEDED_19/Quartus/software/CAMERA_GRAY_bsp/\libhal_bsp.a(alt_instruction_exception_entry.o)
 .debug_abbrev  0x0000000000002195       0xaa c:/intelfpga_lite/16.1/nios2eds/bin/gnu/h-x86_64-mingw32/bin/../lib/gcc/nios2-elf/5.3.0/../../../../../H-x86_64-mingw32/nios2-elf/lib/mhw-mulx\libc.a(lib_a-atexit.o)
 .debug_abbrev  0x000000000000223f      0x1e5 c:/intelfpga_lite/16.1/nios2eds/bin/gnu/h-x86_64-mingw32/bin/../lib/gcc/nios2-elf/5.3.0/../../../../../H-x86_64-mingw32/nios2-elf/lib/mhw-mulx\libc.a(lib_a-exit.o)
 .debug_abbrev  0x0000000000002424      0x18f c:/intelfpga_lite/16.1/nios2eds/bin/gnu/h-x86_64-mingw32/bin/../lib/gcc/nios2-elf/5.3.0/../../../../../H-x86_64-mingw32/nios2-elf/lib/mhw-mulx\libc.a(lib_a-impure.o)
 .debug_abbrev  0x00000000000025b3       0x37 c:/intelfpga_lite/16.1/nios2eds/bin/gnu/h-x86_64-mingw32/bin/../lib/gcc/nios2-elf/5.3.0/../../../../../H-x86_64-mingw32/nios2-elf/lib/mhw-mulx\libc.a(lib_a-int_errno.o)
 .debug_abbrev  0x00000000000025ea       0x7f c:/intelfpga_lite/16.1/nios2eds/bin/gnu/h-x86_64-mingw32/bin/../lib/gcc/nios2-elf/5.3.0/../../../../../H-x86_64-mingw32/nios2-elf/lib/mhw-mulx\libc.a(lib_a-memcmp.o)
 .debug_abbrev  0x0000000000002669       0xa3 c:/intelfpga_lite/16.1/nios2eds/bin/gnu/h-x86_64-mingw32/bin/../lib/gcc/nios2-elf/5.3.0/../../../../../H-x86_64-mingw32/nios2-elf/lib/mhw-mulx\libc.a(lib_a-memcpy.o)
 .debug_abbrev  0x000000000000270c       0x90 c:/intelfpga_lite/16.1/nios2eds/bin/gnu/h-x86_64-mingw32/bin/../lib/gcc/nios2-elf/5.3.0/../../../../../H-x86_64-mingw32/nios2-elf/lib/mhw-mulx\libc.a(lib_a-strlen.o)
 .debug_abbrev  0x000000000000279c      0x21e c:/intelfpga_lite/16.1/nios2eds/bin/gnu/h-x86_64-mingw32/bin/../lib/gcc/nios2-elf/5.3.0/../../../../../H-x86_64-mingw32/nios2-elf/lib/mhw-mulx\libc.a(lib_a-__atexit.o)
 .debug_abbrev  0x00000000000029ba      0x22e c:/intelfpga_lite/16.1/nios2eds/bin/gnu/h-x86_64-mingw32/bin/../lib/gcc/nios2-elf/5.3.0/../../../../../H-x86_64-mingw32/nios2-elf/lib/mhw-mulx\libc.a(lib_a-__call_atexit.o)
 .debug_abbrev  0x0000000000002be8       0xd0 C:/src/KAU_EMBEDED_19/Quartus/software/CAMERA_GRAY_bsp/\libhal_bsp.a(alt_exit.o)

.debug_line     0x0000000000000000     0x2fd6
 *(.debug_line)
 .debug_line    0x0000000000000000       0x6c C:/src/KAU_EMBEDED_19/Quartus/software/CAMERA_GRAY_bsp//obj/HAL/src/crt0.o
 .debug_line    0x000000000000006c       0x3e obj/default/hello_world.o
 .debug_line    0x00000000000000aa       0x8e C:/src/KAU_EMBEDED_19/Quartus/software/CAMERA_GRAY_bsp/\libhal_bsp.a(alt_load.o)
 .debug_line    0x0000000000000138       0xd1 C:/src/KAU_EMBEDED_19/Quartus/software/CAMERA_GRAY_bsp/\libhal_bsp.a(alt_main.o)
 .debug_line    0x0000000000000209      0x30d C:/src/KAU_EMBEDED_19/Quartus/software/CAMERA_GRAY_bsp/\libhal_bsp.a(alt_sys_init.o)
 .debug_line    0x0000000000000516      0x12f C:/src/KAU_EMBEDED_19/Quartus/software/CAMERA_GRAY_bsp/\libhal_bsp.a(altera_avalon_jtag_uart_fd.o)
 .debug_line    0x0000000000000645      0x19f C:/src/KAU_EMBEDED_19/Quartus/software/CAMERA_GRAY_bsp/\libhal_bsp.a(altera_avalon_jtag_uart_init.o)
 .debug_line    0x00000000000007e4      0x131 C:/src/KAU_EMBEDED_19/Quartus/software/CAMERA_GRAY_bsp/\libhal_bsp.a(altera_avalon_jtag_uart_ioctl.o)
 .debug_line    0x0000000000000915      0x185 C:/src/KAU_EMBEDED_19/Quartus/software/CAMERA_GRAY_bsp/\libhal_bsp.a(altera_avalon_jtag_uart_read.o)
 .debug_line    0x0000000000000a9a      0x184 C:/src/KAU_EMBEDED_19/Quartus/software/CAMERA_GRAY_bsp/\libhal_bsp.a(altera_avalon_jtag_uart_write.o)
 .debug_line    0x0000000000000c1e      0x113 C:/src/KAU_EMBEDED_19/Quartus/software/CAMERA_GRAY_bsp/\libhal_bsp.a(altera_avalon_timer_sc.o)
 .debug_line    0x0000000000000d31      0x13c C:/src/KAU_EMBEDED_19/Quartus/software/CAMERA_GRAY_bsp/\libhal_bsp.a(altera_up_avalon_irda.o)
 .debug_line    0x0000000000000e6d      0x1a5 C:/src/KAU_EMBEDED_19/Quartus/software/CAMERA_GRAY_bsp/\libhal_bsp.a(altera_up_avalon_ps2.o)
 .debug_line    0x0000000000001012      0x10d C:/src/KAU_EMBEDED_19/Quartus/software/CAMERA_GRAY_bsp/\libhal_bsp.a(alt_alarm_start.o)
 .debug_line    0x000000000000111f      0x165 C:/src/KAU_EMBEDED_19/Quartus/software/CAMERA_GRAY_bsp/\libhal_bsp.a(alt_close.o)
 .debug_line    0x0000000000001284       0x51 C:/src/KAU_EMBEDED_19/Quartus/software/CAMERA_GRAY_bsp/\libhal_bsp.a(alt_dcache_flush_all.o)
 .debug_line    0x00000000000012d5       0xf8 C:/src/KAU_EMBEDED_19/Quartus/software/CAMERA_GRAY_bsp/\libhal_bsp.a(alt_dev.o)
 .debug_line    0x00000000000013cd       0xcf C:/src/KAU_EMBEDED_19/Quartus/software/CAMERA_GRAY_bsp/\libhal_bsp.a(alt_dev_llist_insert.o)
 .debug_line    0x000000000000149c       0x59 C:/src/KAU_EMBEDED_19/Quartus/software/CAMERA_GRAY_bsp/\libhal_bsp.a(alt_do_ctors.o)
 .debug_line    0x00000000000014f5       0x59 C:/src/KAU_EMBEDED_19/Quartus/software/CAMERA_GRAY_bsp/\libhal_bsp.a(alt_do_dtors.o)
 .debug_line    0x000000000000154e       0x51 C:/src/KAU_EMBEDED_19/Quartus/software/CAMERA_GRAY_bsp/\libhal_bsp.a(alt_errno.o)
 .debug_line    0x000000000000159f       0xb5 C:/src/KAU_EMBEDED_19/Quartus/software/CAMERA_GRAY_bsp/\libhal_bsp.a(alt_find_dev.o)
 .debug_line    0x0000000000001654       0x50 C:/src/KAU_EMBEDED_19/Quartus/software/CAMERA_GRAY_bsp/\libhal_bsp.a(alt_icache_flush_all.o)
 .debug_line    0x00000000000016a4      0x133 C:/src/KAU_EMBEDED_19/Quartus/software/CAMERA_GRAY_bsp/\libhal_bsp.a(alt_io_redirect.o)
 .debug_line    0x00000000000017d7      0x155 C:/src/KAU_EMBEDED_19/Quartus/software/CAMERA_GRAY_bsp/\libhal_bsp.a(alt_irq_register.o)
 .debug_line    0x000000000000192c       0x50 C:/src/KAU_EMBEDED_19/Quartus/software/CAMERA_GRAY_bsp/\libhal_bsp.a(alt_irq_vars.o)
 .debug_line    0x000000000000197c      0x128 C:/src/KAU_EMBEDED_19/Quartus/software/CAMERA_GRAY_bsp/\libhal_bsp.a(alt_open.o)
 .debug_line    0x0000000000001aa4       0xae C:/src/KAU_EMBEDED_19/Quartus/software/CAMERA_GRAY_bsp/\libhal_bsp.a(alt_release_fd.o)
 .debug_line    0x0000000000001b52      0x113 C:/src/KAU_EMBEDED_19/Quartus/software/CAMERA_GRAY_bsp/\libhal_bsp.a(alt_tick.o)
 .debug_line    0x0000000000001c65       0x8d C:/src/KAU_EMBEDED_19/Quartus/software/CAMERA_GRAY_bsp/\libhal_bsp.a(altera_nios2_gen2_irq.o)
 .debug_line    0x0000000000001cf2       0xd1 C:/src/KAU_EMBEDED_19/Quartus/software/CAMERA_GRAY_bsp/\libhal_bsp.a(alt_find_file.o)
 .debug_line    0x0000000000001dc3       0xd4 C:/src/KAU_EMBEDED_19/Quartus/software/CAMERA_GRAY_bsp/\libhal_bsp.a(alt_get_fd.o)
 .debug_line    0x0000000000001e97       0x81 C:/src/KAU_EMBEDED_19/Quartus/software/CAMERA_GRAY_bsp/\libhal_bsp.a(alt_icache_flush.o)
 .debug_line    0x0000000000001f18       0x6b C:/src/KAU_EMBEDED_19/Quartus/software/CAMERA_GRAY_bsp/\libhal_bsp.a(alt_irq_entry.o)
 .debug_line    0x0000000000001f83       0xcd C:/src/KAU_EMBEDED_19/Quartus/software/CAMERA_GRAY_bsp/\libhal_bsp.a(alt_irq_handler.o)
 .debug_line    0x0000000000002050       0xb3 C:/src/KAU_EMBEDED_19/Quartus/software/CAMERA_GRAY_bsp/\libhal_bsp.a(alt_exception_entry.o)
 .debug_line    0x0000000000002103       0xba C:/src/KAU_EMBEDED_19/Quartus/software/CAMERA_GRAY_bsp/\libhal_bsp.a(alt_instruction_exception_entry.o)
 .debug_line    0x00000000000021bd       0xe7 c:/intelfpga_lite/16.1/nios2eds/bin/gnu/h-x86_64-mingw32/bin/../lib/gcc/nios2-elf/5.3.0/../../../../../H-x86_64-mingw32/nios2-elf/lib/mhw-mulx\libc.a(lib_a-atexit.o)
 .debug_line    0x00000000000022a4      0x1fc c:/intelfpga_lite/16.1/nios2eds/bin/gnu/h-x86_64-mingw32/bin/../lib/gcc/nios2-elf/5.3.0/../../../../../H-x86_64-mingw32/nios2-elf/lib/mhw-mulx\libc.a(lib_a-exit.o)
 .debug_line    0x00000000000024a0      0x160 c:/intelfpga_lite/16.1/nios2eds/bin/gnu/h-x86_64-mingw32/bin/../lib/gcc/nios2-elf/5.3.0/../../../../../H-x86_64-mingw32/nios2-elf/lib/mhw-mulx\libc.a(lib_a-impure.o)
 .debug_line    0x0000000000002600       0x5f c:/intelfpga_lite/16.1/nios2eds/bin/gnu/h-x86_64-mingw32/bin/../lib/gcc/nios2-elf/5.3.0/../../../../../H-x86_64-mingw32/nios2-elf/lib/mhw-mulx\libc.a(lib_a-int_errno.o)
 .debug_line    0x000000000000265f      0x176 c:/intelfpga_lite/16.1/nios2eds/bin/gnu/h-x86_64-mingw32/bin/../lib/gcc/nios2-elf/5.3.0/../../../../../H-x86_64-mingw32/nios2-elf/lib/mhw-mulx\libc.a(lib_a-memcmp.o)
 .debug_line    0x00000000000027d5      0x18c c:/intelfpga_lite/16.1/nios2eds/bin/gnu/h-x86_64-mingw32/bin/../lib/gcc/nios2-elf/5.3.0/../../../../../H-x86_64-mingw32/nios2-elf/lib/mhw-mulx\libc.a(lib_a-memcpy.o)
 .debug_line    0x0000000000002961      0x16f c:/intelfpga_lite/16.1/nios2eds/bin/gnu/h-x86_64-mingw32/bin/../lib/gcc/nios2-elf/5.3.0/../../../../../H-x86_64-mingw32/nios2-elf/lib/mhw-mulx\libc.a(lib_a-strlen.o)
 .debug_line    0x0000000000002ad0      0x21f c:/intelfpga_lite/16.1/nios2eds/bin/gnu/h-x86_64-mingw32/bin/../lib/gcc/nios2-elf/5.3.0/../../../../../H-x86_64-mingw32/nios2-elf/lib/mhw-mulx\libc.a(lib_a-__atexit.o)
 .debug_line    0x0000000000002cef      0x23a c:/intelfpga_lite/16.1/nios2eds/bin/gnu/h-x86_64-mingw32/bin/../lib/gcc/nios2-elf/5.3.0/../../../../../H-x86_64-mingw32/nios2-elf/lib/mhw-mulx\libc.a(lib_a-__call_atexit.o)
 .debug_line    0x0000000000002f29       0xad C:/src/KAU_EMBEDED_19/Quartus/software/CAMERA_GRAY_bsp/\libhal_bsp.a(alt_exit.o)

.debug_frame    0x0000000000000000      0xea8
 *(.debug_frame)
 .debug_frame   0x0000000000000000       0x34 obj/default/hello_world.o
 .debug_frame   0x0000000000000034       0x5c C:/src/KAU_EMBEDED_19/Quartus/software/CAMERA_GRAY_bsp/\libhal_bsp.a(alt_load.o)
 .debug_frame   0x0000000000000090       0x2c C:/src/KAU_EMBEDED_19/Quartus/software/CAMERA_GRAY_bsp/\libhal_bsp.a(alt_main.o)
 .debug_frame   0x00000000000000bc       0x88 C:/src/KAU_EMBEDED_19/Quartus/software/CAMERA_GRAY_bsp/\libhal_bsp.a(alt_sys_init.o)
 .debug_frame   0x0000000000000144       0xb0 C:/src/KAU_EMBEDED_19/Quartus/software/CAMERA_GRAY_bsp/\libhal_bsp.a(altera_avalon_jtag_uart_fd.o)
 .debug_frame   0x00000000000001f4       0xa4 C:/src/KAU_EMBEDED_19/Quartus/software/CAMERA_GRAY_bsp/\libhal_bsp.a(altera_avalon_jtag_uart_init.o)
 .debug_frame   0x0000000000000298       0x34 C:/src/KAU_EMBEDED_19/Quartus/software/CAMERA_GRAY_bsp/\libhal_bsp.a(altera_avalon_jtag_uart_ioctl.o)
 .debug_frame   0x00000000000002cc       0x38 C:/src/KAU_EMBEDED_19/Quartus/software/CAMERA_GRAY_bsp/\libhal_bsp.a(altera_avalon_jtag_uart_read.o)
 .debug_frame   0x0000000000000304       0x38 C:/src/KAU_EMBEDED_19/Quartus/software/CAMERA_GRAY_bsp/\libhal_bsp.a(altera_avalon_jtag_uart_write.o)
 .debug_frame   0x000000000000033c       0x60 C:/src/KAU_EMBEDED_19/Quartus/software/CAMERA_GRAY_bsp/\libhal_bsp.a(altera_avalon_timer_sc.o)
 .debug_frame   0x000000000000039c      0x188 C:/src/KAU_EMBEDED_19/Quartus/software/CAMERA_GRAY_bsp/\libhal_bsp.a(altera_up_avalon_irda.o)
 .debug_frame   0x0000000000000524      0x2c0 C:/src/KAU_EMBEDED_19/Quartus/software/CAMERA_GRAY_bsp/\libhal_bsp.a(altera_up_avalon_ps2.o)
 .debug_frame   0x00000000000007e4       0x34 C:/src/KAU_EMBEDED_19/Quartus/software/CAMERA_GRAY_bsp/\libhal_bsp.a(alt_alarm_start.o)
 .debug_frame   0x0000000000000818       0x60 C:/src/KAU_EMBEDED_19/Quartus/software/CAMERA_GRAY_bsp/\libhal_bsp.a(alt_close.o)
 .debug_frame   0x0000000000000878       0x34 C:/src/KAU_EMBEDED_19/Quartus/software/CAMERA_GRAY_bsp/\libhal_bsp.a(alt_dcache_flush_all.o)
 .debug_frame   0x00000000000008ac       0x34 C:/src/KAU_EMBEDED_19/Quartus/software/CAMERA_GRAY_bsp/\libhal_bsp.a(alt_dev.o)
 .debug_frame   0x00000000000008e0       0x60 C:/src/KAU_EMBEDED_19/Quartus/software/CAMERA_GRAY_bsp/\libhal_bsp.a(alt_dev_llist_insert.o)
 .debug_frame   0x0000000000000940       0x38 C:/src/KAU_EMBEDED_19/Quartus/software/CAMERA_GRAY_bsp/\libhal_bsp.a(alt_do_ctors.o)
 .debug_frame   0x0000000000000978       0x38 C:/src/KAU_EMBEDED_19/Quartus/software/CAMERA_GRAY_bsp/\libhal_bsp.a(alt_do_dtors.o)
 .debug_frame   0x00000000000009b0       0x38 C:/src/KAU_EMBEDED_19/Quartus/software/CAMERA_GRAY_bsp/\libhal_bsp.a(alt_find_dev.o)
 .debug_frame   0x00000000000009e8       0x38 C:/src/KAU_EMBEDED_19/Quartus/software/CAMERA_GRAY_bsp/\libhal_bsp.a(alt_icache_flush_all.o)
 .debug_frame   0x0000000000000a20       0x60 C:/src/KAU_EMBEDED_19/Quartus/software/CAMERA_GRAY_bsp/\libhal_bsp.a(alt_io_redirect.o)
 .debug_frame   0x0000000000000a80       0x34 C:/src/KAU_EMBEDED_19/Quartus/software/CAMERA_GRAY_bsp/\libhal_bsp.a(alt_irq_register.o)
 .debug_frame   0x0000000000000ab4       0x84 C:/src/KAU_EMBEDED_19/Quartus/software/CAMERA_GRAY_bsp/\libhal_bsp.a(alt_open.o)
 .debug_frame   0x0000000000000b38       0x34 C:/src/KAU_EMBEDED_19/Quartus/software/CAMERA_GRAY_bsp/\libhal_bsp.a(alt_release_fd.o)
 .debug_frame   0x0000000000000b6c       0x5c C:/src/KAU_EMBEDED_19/Quartus/software/CAMERA_GRAY_bsp/\libhal_bsp.a(alt_tick.o)
 .debug_frame   0x0000000000000bc8       0x34 C:/src/KAU_EMBEDED_19/Quartus/software/CAMERA_GRAY_bsp/\libhal_bsp.a(altera_nios2_gen2_irq.o)
 .debug_frame   0x0000000000000bfc       0x38 C:/src/KAU_EMBEDED_19/Quartus/software/CAMERA_GRAY_bsp/\libhal_bsp.a(alt_find_file.o)
 .debug_frame   0x0000000000000c34       0x34 C:/src/KAU_EMBEDED_19/Quartus/software/CAMERA_GRAY_bsp/\libhal_bsp.a(alt_get_fd.o)
 .debug_frame   0x0000000000000c68       0x34 C:/src/KAU_EMBEDED_19/Quartus/software/CAMERA_GRAY_bsp/\libhal_bsp.a(alt_icache_flush.o)
 .debug_frame   0x0000000000000c9c       0x38 C:/src/KAU_EMBEDED_19/Quartus/software/CAMERA_GRAY_bsp/\libhal_bsp.a(alt_irq_handler.o)
 .debug_frame   0x0000000000000cd4       0x5c C:/src/KAU_EMBEDED_19/Quartus/software/CAMERA_GRAY_bsp/\libhal_bsp.a(alt_instruction_exception_entry.o)
 .debug_frame   0x0000000000000d30       0x20 c:/intelfpga_lite/16.1/nios2eds/bin/gnu/h-x86_64-mingw32/bin/../lib/gcc/nios2-elf/5.3.0/../../../../../H-x86_64-mingw32/nios2-elf/lib/mhw-mulx\libc.a(lib_a-atexit.o)
 .debug_frame   0x0000000000000d50       0x28 c:/intelfpga_lite/16.1/nios2eds/bin/gnu/h-x86_64-mingw32/bin/../lib/gcc/nios2-elf/5.3.0/../../../../../H-x86_64-mingw32/nios2-elf/lib/mhw-mulx\libc.a(lib_a-exit.o)
 .debug_frame   0x0000000000000d78       0x20 c:/intelfpga_lite/16.1/nios2eds/bin/gnu/h-x86_64-mingw32/bin/../lib/gcc/nios2-elf/5.3.0/../../../../../H-x86_64-mingw32/nios2-elf/lib/mhw-mulx\libc.a(lib_a-memcmp.o)
 .debug_frame   0x0000000000000d98       0x38 c:/intelfpga_lite/16.1/nios2eds/bin/gnu/h-x86_64-mingw32/bin/../lib/gcc/nios2-elf/5.3.0/../../../../../H-x86_64-mingw32/nios2-elf/lib/mhw-mulx\libc.a(lib_a-memcpy.o)
 .debug_frame   0x0000000000000dd0       0x20 c:/intelfpga_lite/16.1/nios2eds/bin/gnu/h-x86_64-mingw32/bin/../lib/gcc/nios2-elf/5.3.0/../../../../../H-x86_64-mingw32/nios2-elf/lib/mhw-mulx\libc.a(lib_a-strlen.o)
 .debug_frame   0x0000000000000df0       0x38 c:/intelfpga_lite/16.1/nios2eds/bin/gnu/h-x86_64-mingw32/bin/../lib/gcc/nios2-elf/5.3.0/../../../../../H-x86_64-mingw32/nios2-elf/lib/mhw-mulx\libc.a(lib_a-__atexit.o)
 .debug_frame   0x0000000000000e28       0x54 c:/intelfpga_lite/16.1/nios2eds/bin/gnu/h-x86_64-mingw32/bin/../lib/gcc/nios2-elf/5.3.0/../../../../../H-x86_64-mingw32/nios2-elf/lib/mhw-mulx\libc.a(lib_a-__call_atexit.o)
 .debug_frame   0x0000000000000e7c       0x2c C:/src/KAU_EMBEDED_19/Quartus/software/CAMERA_GRAY_bsp/\libhal_bsp.a(alt_exit.o)

.debug_str      0x0000000000000000     0x2088
 *(.debug_str)
 .debug_str     0x0000000000000000      0x10b obj/default/hello_world.o
                                        0x149 (size before relaxing)
 .debug_str     0x000000000000010b      0x128 C:/src/KAU_EMBEDED_19/Quartus/software/CAMERA_GRAY_bsp/\libhal_bsp.a(alt_load.o)
                                        0x21c (size before relaxing)
 .debug_str     0x0000000000000233       0x91 C:/src/KAU_EMBEDED_19/Quartus/software/CAMERA_GRAY_bsp/\libhal_bsp.a(alt_main.o)
                                        0x1d0 (size before relaxing)
 .debug_str     0x00000000000002c4      0x4c6 C:/src/KAU_EMBEDED_19/Quartus/software/CAMERA_GRAY_bsp/\libhal_bsp.a(alt_sys_init.o)
                                        0x6c1 (size before relaxing)
 .debug_str     0x000000000000078a       0xb9 C:/src/KAU_EMBEDED_19/Quartus/software/CAMERA_GRAY_bsp/\libhal_bsp.a(altera_avalon_jtag_uart_fd.o)
                                        0x3ae (size before relaxing)
 .debug_str     0x0000000000000843       0xd1 C:/src/KAU_EMBEDED_19/Quartus/software/CAMERA_GRAY_bsp/\libhal_bsp.a(altera_avalon_jtag_uart_init.o)
                                        0x363 (size before relaxing)
 .debug_str     0x0000000000000914       0x4a C:/src/KAU_EMBEDED_19/Quartus/software/CAMERA_GRAY_bsp/\libhal_bsp.a(altera_avalon_jtag_uart_ioctl.o)
                                        0x29d (size before relaxing)
 .debug_str     0x000000000000095e       0x7f C:/src/KAU_EMBEDED_19/Quartus/software/CAMERA_GRAY_bsp/\libhal_bsp.a(altera_avalon_jtag_uart_read.o)
                                        0x313 (size before relaxing)
 .debug_str     0x00000000000009dd       0x4a C:/src/KAU_EMBEDED_19/Quartus/software/CAMERA_GRAY_bsp/\libhal_bsp.a(altera_avalon_jtag_uart_write.o)
                                        0x314 (size before relaxing)
 .debug_str     0x0000000000000a27       0x6d C:/src/KAU_EMBEDED_19/Quartus/software/CAMERA_GRAY_bsp/\libhal_bsp.a(altera_avalon_timer_sc.o)
                                        0x276 (size before relaxing)
 .debug_str     0x0000000000000a94      0x176 C:/src/KAU_EMBEDED_19/Quartus/software/CAMERA_GRAY_bsp/\libhal_bsp.a(altera_up_avalon_irda.o)
                                        0x369 (size before relaxing)
 .debug_str     0x0000000000000c0a      0x1c5 C:/src/KAU_EMBEDED_19/Quartus/software/CAMERA_GRAY_bsp/\libhal_bsp.a(altera_up_avalon_ps2.o)
                                        0x43c (size before relaxing)
 .debug_str     0x0000000000000dcf       0x59 C:/src/KAU_EMBEDED_19/Quartus/software/CAMERA_GRAY_bsp/\libhal_bsp.a(alt_alarm_start.o)
                                        0x2a9 (size before relaxing)
 .debug_str     0x0000000000000e28       0x44 C:/src/KAU_EMBEDED_19/Quartus/software/CAMERA_GRAY_bsp/\libhal_bsp.a(alt_close.o)
                                        0x215 (size before relaxing)
 .debug_str     0x0000000000000e6c       0x34 C:/src/KAU_EMBEDED_19/Quartus/software/CAMERA_GRAY_bsp/\libhal_bsp.a(alt_dcache_flush_all.o)
                                        0x15f (size before relaxing)
 .debug_str     0x0000000000000ea0      0x120 C:/src/KAU_EMBEDED_19/Quartus/software/CAMERA_GRAY_bsp/\libhal_bsp.a(alt_dev.o)
                                        0x30f (size before relaxing)
 .debug_str     0x0000000000000fc0       0x34 C:/src/KAU_EMBEDED_19/Quartus/software/CAMERA_GRAY_bsp/\libhal_bsp.a(alt_dev_llist_insert.o)
                                        0x1d6 (size before relaxing)
 .debug_str     0x0000000000000ff4       0x48 C:/src/KAU_EMBEDED_19/Quartus/software/CAMERA_GRAY_bsp/\libhal_bsp.a(alt_do_ctors.o)
                                         0xda (size before relaxing)
 .debug_str     0x000000000000103c       0x4c C:/src/KAU_EMBEDED_19/Quartus/software/CAMERA_GRAY_bsp/\libhal_bsp.a(alt_do_dtors.o)
                                         0xd9 (size before relaxing)
 .debug_str     0x0000000000001088       0x14 C:/src/KAU_EMBEDED_19/Quartus/software/CAMERA_GRAY_bsp/\libhal_bsp.a(alt_errno.o)
                                        0x14f (size before relaxing)
 .debug_str     0x000000000000109c       0x24 C:/src/KAU_EMBEDED_19/Quartus/software/CAMERA_GRAY_bsp/\libhal_bsp.a(alt_find_dev.o)
                                        0x1f6 (size before relaxing)
 .debug_str     0x00000000000010c0       0x34 C:/src/KAU_EMBEDED_19/Quartus/software/CAMERA_GRAY_bsp/\libhal_bsp.a(alt_icache_flush_all.o)
                                        0x15f (size before relaxing)
 .debug_str     0x00000000000010f4       0x56 C:/src/KAU_EMBEDED_19/Quartus/software/CAMERA_GRAY_bsp/\libhal_bsp.a(alt_io_redirect.o)
                                        0x320 (size before relaxing)
 .debug_str     0x000000000000114a       0x70 C:/src/KAU_EMBEDED_19/Quartus/software/CAMERA_GRAY_bsp/\libhal_bsp.a(alt_irq_register.o)
                                        0x212 (size before relaxing)
 .debug_str     0x00000000000011ba       0x17 C:/src/KAU_EMBEDED_19/Quartus/software/CAMERA_GRAY_bsp/\libhal_bsp.a(alt_irq_vars.o)
                                        0x144 (size before relaxing)
 .debug_str     0x00000000000011d1       0x2f C:/src/KAU_EMBEDED_19/Quartus/software/CAMERA_GRAY_bsp/\libhal_bsp.a(alt_open.o)
                                        0x255 (size before relaxing)
 .debug_str     0x0000000000001200       0x28 C:/src/KAU_EMBEDED_19/Quartus/software/CAMERA_GRAY_bsp/\libhal_bsp.a(alt_release_fd.o)
                                        0x1dd (size before relaxing)
 .debug_str     0x0000000000001228       0x4a C:/src/KAU_EMBEDED_19/Quartus/software/CAMERA_GRAY_bsp/\libhal_bsp.a(alt_tick.o)
                                        0x27d (size before relaxing)
 .debug_str     0x0000000000001272       0x3b C:/src/KAU_EMBEDED_19/Quartus/software/CAMERA_GRAY_bsp/\libhal_bsp.a(altera_nios2_gen2_irq.o)
                                        0x18f (size before relaxing)
 .debug_str     0x00000000000012ad       0x26 C:/src/KAU_EMBEDED_19/Quartus/software/CAMERA_GRAY_bsp/\libhal_bsp.a(alt_find_file.o)
                                        0x204 (size before relaxing)
 .debug_str     0x00000000000012d3       0x30 C:/src/KAU_EMBEDED_19/Quartus/software/CAMERA_GRAY_bsp/\libhal_bsp.a(alt_get_fd.o)
                                        0x226 (size before relaxing)
 .debug_str     0x0000000000001303       0x2c C:/src/KAU_EMBEDED_19/Quartus/software/CAMERA_GRAY_bsp/\libhal_bsp.a(alt_icache_flush.o)
                                        0x165 (size before relaxing)
 .debug_str     0x000000000000132f       0x3a C:/src/KAU_EMBEDED_19/Quartus/software/CAMERA_GRAY_bsp/\libhal_bsp.a(alt_irq_handler.o)
                                        0x1c2 (size before relaxing)
 .debug_str     0x0000000000001369      0x48b C:/src/KAU_EMBEDED_19/Quartus/software/CAMERA_GRAY_bsp/\libhal_bsp.a(alt_instruction_exception_entry.o)
                                        0x5aa (size before relaxing)
 .debug_str     0x00000000000017f4      0x178 c:/intelfpga_lite/16.1/nios2eds/bin/gnu/h-x86_64-mingw32/bin/../lib/gcc/nios2-elf/5.3.0/../../../../../H-x86_64-mingw32/nios2-elf/lib/mhw-mulx\libc.a(lib_a-atexit.o)
                                        0x21d (size before relaxing)
 .debug_str     0x000000000000196c      0x3a7 c:/intelfpga_lite/16.1/nios2eds/bin/gnu/h-x86_64-mingw32/bin/../lib/gcc/nios2-elf/5.3.0/../../../../../H-x86_64-mingw32/nios2-elf/lib/mhw-mulx\libc.a(lib_a-exit.o)
                                        0x5ba (size before relaxing)
 .debug_str     0x0000000000001d13       0xd4 c:/intelfpga_lite/16.1/nios2eds/bin/gnu/h-x86_64-mingw32/bin/../lib/gcc/nios2-elf/5.3.0/../../../../../H-x86_64-mingw32/nios2-elf/lib/mhw-mulx\libc.a(lib_a-impure.o)