Archive member included to satisfy reference by file (symbol)

c:/intelfpga_lite/16.1/nios2eds/bin/gnu/h-x86_64-mingw32/bin/../lib/gcc/nios2-elf/5.3.0/mhw-mulx\libgcc.a(adddf3.o)
                              obj/default/TEM_HUE.o (__adddf3)
c:/intelfpga_lite/16.1/nios2eds/bin/gnu/h-x86_64-mingw32/bin/../lib/gcc/nios2-elf/5.3.0/mhw-mulx\libgcc.a(gedf2.o)
                              obj/default/TEM_HUE.o (__gedf2)
c:/intelfpga_lite/16.1/nios2eds/bin/gnu/h-x86_64-mingw32/bin/../lib/gcc/nios2-elf/5.3.0/mhw-mulx\libgcc.a(ledf2.o)
                              obj/default/TEM_HUE.o (__ledf2)
c:/intelfpga_lite/16.1/nios2eds/bin/gnu/h-x86_64-mingw32/bin/../lib/gcc/nios2-elf/5.3.0/mhw-mulx\libgcc.a(_clzsi2.o)
                              c:/intelfpga_lite/16.1/nios2eds/bin/gnu/h-x86_64-mingw32/bin/../lib/gcc/nios2-elf/5.3.0/mhw-mulx\libgcc.a(adddf3.o) (__clzsi2)
c:/intelfpga_lite/16.1/nios2eds/bin/gnu/h-x86_64-mingw32/bin/../lib/gcc/nios2-elf/5.3.0/mhw-mulx\libgcc.a(_clz.o)
                              c:/intelfpga_lite/16.1/nios2eds/bin/gnu/h-x86_64-mingw32/bin/../lib/gcc/nios2-elf/5.3.0/mhw-mulx\libgcc.a(_clzsi2.o) (__clz_tab)
c:/intelfpga_lite/16.1/nios2eds/bin/gnu/h-x86_64-mingw32/bin/../lib/gcc/nios2-elf/5.3.0/../../../../../H-x86_64-mingw32/nios2-elf/lib/mhw-mulx\libc.a(lib_a-printf.o)
                              obj/default/main.o (printf)
c:/intelfpga_lite/16.1/nios2eds/bin/gnu/h-x86_64-mingw32/bin/../lib/gcc/nios2-elf/5.3.0/../../../../../H-x86_64-mingw32/nios2-elf/lib/mhw-mulx\libc.a(lib_a-puts.o)
                              obj/default/main.o (puts)
c:/intelfpga_lite/16.1/nios2eds/bin/gnu/h-x86_64-mingw32/bin/../lib/gcc/nios2-elf/5.3.0/../../../../../H-x86_64-mingw32/nios2-elf/lib/mhw-mulx\libc.a(lib_a-rand.o)
                              obj/default/TEM_HUE.o (srand)
c:/intelfpga_lite/16.1/nios2eds/bin/gnu/h-x86_64-mingw32/bin/../lib/gcc/nios2-elf/5.3.0/../../../../../H-x86_64-mingw32/nios2-elf/lib/mhw-mulx\libc.a(lib_a-strlen.o)
                              c:/intelfpga_lite/16.1/nios2eds/bin/gnu/h-x86_64-mingw32/bin/../lib/gcc/nios2-elf/5.3.0/../../../../../H-x86_64-mingw32/nios2-elf/lib/mhw-mulx\libc.a(lib_a-puts.o) (strlen)
c:/intelfpga_lite/16.1/nios2eds/bin/gnu/h-x86_64-mingw32/bin/../lib/gcc/nios2-elf/5.3.0/../../../../../H-x86_64-mingw32/nios2-elf/lib/mhw-mulx\libc.a(lib_a-vfprintf.o)
                              c:/intelfpga_lite/16.1/nios2eds/bin/gnu/h-x86_64-mingw32/bin/../lib/gcc/nios2-elf/5.3.0/../../../../../H-x86_64-mingw32/nios2-elf/lib/mhw-mulx\libc.a(lib_a-printf.o) (___vfprintf_internal_r)
c:/intelfpga_lite/16.1/nios2eds/bin/gnu/h-x86_64-mingw32/bin/../lib/gcc/nios2-elf/5.3.0/../../../../../H-x86_64-mingw32/nios2-elf/lib/mhw-mulx\libc.a(lib_a-wsetup.o)
                              c:/intelfpga_lite/16.1/nios2eds/bin/gnu/h-x86_64-mingw32/bin/../lib/gcc/nios2-elf/5.3.0/../../../../../H-x86_64-mingw32/nios2-elf/lib/mhw-mulx\libc.a(lib_a-vfprintf.o) (__swsetup_r)
c:/intelfpga_lite/16.1/nios2eds/bin/gnu/h-x86_64-mingw32/bin/../lib/gcc/nios2-elf/5.3.0/../../../../../H-x86_64-mingw32/nios2-elf/lib/mhw-mulx\libc.a(lib_a-dtoa.o)
                              c:/intelfpga_lite/16.1/nios2eds/bin/gnu/h-x86_64-mingw32/bin/../lib/gcc/nios2-elf/5.3.0/../../../../../H-x86_64-mingw32/nios2-elf/lib/mhw-mulx\libc.a(lib_a-vfprintf.o) (_dtoa_r)
c:/intelfpga_lite/16.1/nios2eds/bin/gnu/h-x86_64-mingw32/bin/../lib/gcc/nios2-elf/5.3.0/../../../../../H-x86_64-mingw32/nios2-elf/lib/mhw-mulx\libc.a(lib_a-fflush.o)
                              c:/intelfpga_lite/16.1/nios2eds/bin/gnu/h-x86_64-mingw32/bin/../lib/gcc/nios2-elf/5.3.0/../../../../../H-x86_64-mingw32/nios2-elf/lib/mhw-mulx\libc.a(lib_a-vfprintf.o) (_fflush_r)
c:/intelfpga_lite/16.1/nios2eds/bin/gnu/h-x86_64-mingw32/bin/../lib/gcc/nios2-elf/5.3.0/../../../../../H-x86_64-mingw32/nios2-elf/lib/mhw-mulx\libc.a(lib_a-findfp.o)
                              c:/intelfpga_lite/16.1/nios2eds/bin/gnu/h-x86_64-mingw32/bin/../lib/gcc/nios2-elf/5.3.0/../../../../../H-x86_64-mingw32/nios2-elf/lib/mhw-mulx\libc.a(lib_a-puts.o) (__sinit)
c:/intelfpga_lite/16.1/nios2eds/bin/gnu/h-x86_64-mingw32/bin/../lib/gcc/nios2-elf/5.3.0/../../../../../H-x86_64-mingw32/nios2-elf/lib/mhw-mulx\libc.a(lib_a-freer.o)
                              c:/intelfpga_lite/16.1/nios2eds/bin/gnu/h-x86_64-mingw32/bin/../lib/gcc/nios2-elf/5.3.0/../../../../../H-x86_64-mingw32/nios2-elf/lib/mhw-mulx\libc.a(lib_a-wsetup.o) (_free_r)
c:/intelfpga_lite/16.1/nios2eds/bin/gnu/h-x86_64-mingw32/bin/../lib/gcc/nios2-elf/5.3.0/../../../../../H-x86_64-mingw32/nios2-elf/lib/mhw-mulx\libc.a(lib_a-fvwrite.o)
                              c:/intelfpga_lite/16.1/nios2eds/bin/gnu/h-x86_64-mingw32/bin/../lib/gcc/nios2-elf/5.3.0/../../../../../H-x86_64-mingw32/nios2-elf/lib/mhw-mulx\libc.a(lib_a-puts.o) (__sfvwrite_r)
c:/intelfpga_lite/16.1/nios2eds/bin/gnu/h-x86_64-mingw32/bin/../lib/gcc/nios2-elf/5.3.0/../../../../../H-x86_64-mingw32/nios2-elf/lib/mhw-mulx\libc.a(lib_a-fwalk.o)
[...]
Memory Configuration

Name             Origin             Length             Attributes
reset            0x0000000000000000 0x0000000000000020
SDRAM            0x0000000000000020 0x0000000001ffffe0
Onchip_SRAM      0x0000000008000000 0x0000000000040000
VGA_Subsystem_Char_Buf_Subsystem_Onchip_SRAM 0x0000000009000000 0x0000000000002000
ARM_A9_HPS_axi_sdram 0x0000000040000000 0x0000000040000000
*default*        0x0000000000000000 0xffffffffffffffff

Linker script and memory map

LOAD C:/src/KAU_EMBEDED_19/Quartus/software/DEFAULT_SETTING_bsp//obj/HAL/src/crt0.o
LOAD obj/default/TEM_HUE.o
LOAD obj/default/main.o
LOAD c:/intelfpga_lite/16.1/nios2eds/bin/gnu/h-x86_64-mingw32/bin/../lib/gcc/nios2-elf/5.3.0/../../../../../H-x86_64-mingw32/nios2-elf/lib/mhw-mulx\libstdc++.a
LOAD c:/intelfpga_lite/16.1/nios2eds/bin/gnu/h-x86_64-mingw32/bin/../lib/gcc/nios2-elf/5.3.0/../../../../../H-x86_64-mingw32/nios2-elf/lib/mhw-mulx\libm.a
LOAD c:/intelfpga_lite/16.1/nios2eds/bin/gnu/h-x86_64-mingw32/bin/../lib/gcc/nios2-elf/5.3.0/mhw-mulx\libgcc.a
START GROUP
LOAD c:/intelfpga_lite/16.1/nios2eds/bin/gnu/h-x86_64-mingw32/bin/../lib/gcc/nios2-elf/5.3.0/../../../../../H-x86_64-mingw32/nios2-elf/lib/mhw-mulx\libc.a
LOAD c:/intelfpga_lite/16.1/nios2eds/bin/gnu/h-x86_64-mingw32/bin/../lib/gcc/nios2-elf/5.3.0/mhw-mulx\libgcc.a
LOAD C:/src/KAU_EMBEDED_19/Quartus/software/DEFAULT_SETTING_bsp/\libhal_bsp.a
LOAD c:/intelfpga_lite/16.1/nios2eds/bin/gnu/h-x86_64-mingw32/bin/../lib/gcc/nios2-elf/5.3.0/../../../../../H-x86_64-mingw32/nios2-elf/lib/mhw-mulx\libm.a
END GROUP
LOAD c:/intelfpga_lite/16.1/nios2eds/bin/gnu/h-x86_64-mingw32/bin/../lib/gcc/nios2-elf/5.3.0/mhw-mulx\libgcc.a
                0x0000000000000000                __alt_mem_SDRAM = 0x0
                0x0000000008000000                __alt_mem_Onchip_SRAM = 0x8000000
                0x0000000009000000                __alt_mem_VGA_Subsystem_Char_Buf_Subsystem_Onchip_SRAM = 0x9000000
                0x0000000040000000                __alt_mem_ARM_A9_HPS_axi_sdram = 0x40000000

.entry          0x0000000000000000       0x20
 *(.entry)
 .entry         0x0000000000000000       0x20 C:/src/KAU_EMBEDED_19/Quartus/software/DEFAULT_SETTING_bsp//obj/HAL/src/crt0.o
                0x0000000000000000                __reset

.exceptions     0x0000000000000020      0x228
                0x0000000000000020                PROVIDE (__ram_exceptions_start, ABSOLUTE (.))
                0x0000000000000020                . = ALIGN (0x20)
 *(.irq)
 *(.exceptions.entry.label)
 .exceptions.entry.label
                0x0000000000000020        0x0 C:/src/KAU_EMBEDED_19/Quartus/software/DEFAULT_SETTING_bsp/\libhal_bsp.a(alt_irq_entry.o)
                0x0000000000000020                alt_irq_entry
 .exceptions.entry.label
                0x0000000000000020        0x0 C:/src/KAU_EMBEDED_19/Quartus/software/DEFAULT_SETTING_bsp/\libhal_bsp.a(alt_exception_entry.o)
                0x0000000000000020                alt_exception
 *(.exceptions.entry.user)
 *(.exceptions.entry.ecc_fatal)
 *(.exceptions.entry)
 .exceptions.entry
                0x0000000000000020       0x54 C:/src/KAU_EMBEDED_19/Quartus/software/DEFAULT_SETTING_bsp/\libhal_bsp.a(alt_exception_entry.o)
 *(.exceptions.irqtest.user)
 *(.exceptions.irqtest)
 .exceptions.irqtest
                0x0000000000000074       0x10 C:/src/KAU_EMBEDED_19/Quartus/software/DEFAULT_SETTING_bsp/\libhal_bsp.a(alt_irq_entry.o)
 *(.exceptions.irqhandler.user)
 *(.exceptions.irqhandler)
 .exceptions.irqhandler
                0x0000000000000084        0x4 C:/src/KAU_EMBEDED_19/Quartus/software/DEFAULT_SETTING_bsp/\libhal_bsp.a(alt_irq_entry.o)
 *(.exceptions.irqreturn.user)
 *(.exceptions.irqreturn)
 .exceptions.irqreturn
                0x0000000000000088        0x4 C:/src/KAU_EMBEDED_19/Quartus/software/DEFAULT_SETTING_bsp/\libhal_bsp.a(alt_irq_entry.o)
 *(.exceptions.notirq.label)
 .exceptions.notirq.label
                0x000000000000008c        0x0 C:/src/KAU_EMBEDED_19/Quartus/software/DEFAULT_SETTING_bsp/\libhal_bsp.a(alt_irq_entry.o)
 *(.exceptions.notirq.user)
 *(.exceptions.notirq)
 .exceptions.notirq
                0x000000000000008c        0x8 C:/src/KAU_EMBEDED_19/Quartus/software/DEFAULT_SETTING_bsp/\libhal_bsp.a(alt_exception_entry.o)
 *(.exceptions.soft.user)
 *(.exceptions.soft)
 *(.exceptions.unknown.user)
 *(.exceptions.unknown)
 .exceptions.unknown
                0x0000000000000094       0x14 C:/src/KAU_EMBEDED_19/Quartus/software/DEFAULT_SETTING_bsp/\libhal_bsp.a(alt_exception_entry.o)
 *(.exceptions.exit.label)
 .exceptions.exit.label
                0x00000000000000a8        0x0 C:/src/KAU_EMBEDED_19/Quartus/software/DEFAULT_SETTING_bsp/\libhal_bsp.a(alt_irq_entry.o)
 .exceptions.exit.label
                0x00000000000000a8        0x0 C:/src/KAU_EMBEDED_19/Quartus/software/DEFAULT_SETTING_bsp/\libhal_bsp.a(alt_exception_entry.o)
 *(.exceptions.exit.user)
 *(.exceptions.exit)
 .exceptions.exit
                0x00000000000000a8       0x54 C:/src/KAU_EMBEDED_19/Quartus/software/DEFAULT_SETTING_bsp/\libhal_bsp.a(alt_exception_entry.o)
 *(.exceptions)
 .exceptions    0x00000000000000fc       0xd8 C:/src/KAU_EMBEDED_19/Quartus/software/DEFAULT_SETTING_bsp/\libhal_bsp.a(alt_irq_handler.o)
                0x00000000000000fc                alt_irq_handler
 .exceptions    0x00000000000001d4       0x74 C:/src/KAU_EMBEDED_19/Quartus/software/DEFAULT_SETTING_bsp/\libhal_bsp.a(alt_instruction_exception_entry.o)
                0x00000000000001d4                alt_instruction_exception_entry
                0x0000000000000248                PROVIDE (__ram_exceptions_end, ABSOLUTE (.))
                0x0000000000000020                PROVIDE (__flash_exceptions_start, LOADADDR (.exceptions))

.text           0x0000000000000248    0x12900
                [!provide]                        PROVIDE (stext, ABSOLUTE (.))
 *(.interp)
 *(.hash)
 *(.dynsym)
 *(.dynstr)
 *(.gnu.version)
 *(.gnu.version_d)
 *(.gnu.version_r)
 *(.rel.init)
 *(.rela.init)
 *(.rel.text .rel.text.* .rel.gnu.linkonce.t.*)
 *(.rela.text .rela.text.* .rela.gnu.linkonce.t.*)
 *(.rel.fini)
 *(.rela.fini)
 *(.rel.rodata .rel.rodata.* .rel.gnu.linkonce.r.*)
 *(.rela.rodata .rela.rodata.* .rela.gnu.linkonce.r.*)
 *(.rel.data .rel.data.* .rel.gnu.linkonce.d.*)
 *(.rela.data .rela.data.* .rela.gnu.linkonce.d.*)
 *(.rel.tdata .rel.tdata.* .rel.gnu.linkonce.td.*)
 *(.rela.tdata .rela.tdata.* .rela.gnu.linkonce.td.*)
 *(.rel.tbss .rel.tbss.* .rel.gnu.linkonce.tb.*)
 *(.rela.tbss .rela.tbss.* .rela.gnu.linkonce.tb.*)
 *(.rel.ctors)
 *(.rela.ctors)
 *(.rel.dtors)
 *(.rela.dtors)
 *(.rel.got)
 *(.rela.got)
 *(.rel.sdata .rel.sdata.* .rel.gnu.linkonce.s.*)
 *(.rela.sdata .rela.sdata.* .rela.gnu.linkonce.s.*)
 *(.rel.sbss .rel.sbss.* .rel.gnu.linkonce.sb.*)
 *(.rela.sbss .rela.sbss.* .rela.gnu.linkonce.sb.*)
 *(.rel.sdata2 .rel.sdata2.* .rel.gnu.linkonce.s2.*)
 *(.rela.sdata2 .rela.sdata2.* .rela.gnu.linkonce.s2.*)
 *(.rel.sbss2 .rel.sbss2.* .rel.gnu.linkonce.sb2.*)
 *(.rela.sbss2 .rela.sbss2.* .rela.gnu.linkonce.sb2.*)
 *(.rel.bss .rel.bss.* .rel.gnu.linkonce.b.*)
 *(.rela.bss .rela.bss.* .rela.gnu.linkonce.b.*)
 *(.rel.plt)
 *(.rela.plt)
 *(.rel.dyn)
 *(.init)
 *(.plt)
 *(.text .stub .text.* .gnu.linkonce.t.*)
 .text          0x0000000000000248       0x3c C:/src/KAU_EMBEDED_19/Quartus/software/DEFAULT_SETTING_bsp//obj/HAL/src/crt0.o
                0x0000000000000248                _start
 .text          0x0000000000000284      0x240 obj/default/TEM_HUE.o
                0x0000000000000284                ADC_getData
 .text          0x00000000000004c4     0x2528 obj/default/main.o
                0x00000000000004c4                Timer_ISR
                0x0000000000000578                Init_timer
                0x0000000000000608                change_num
                0x0000000000000694                add_sec
                0x00000000000006fc                add_min
                0x0000000000000764                add_hour
                0x00000000000007c0                ALARM_SettingUp
                0x00000000000009a4                ALARM_SettingDown
                0x0000000000000b88                ALARM_SettingMove
                0x0000000000000bc4                ALARM_SettingSave
                0x0000000000000bf4                CLOCK_SettingUp
                0x0000000000000dd8                CLOCK_SettingDown
                0x0000000000000fbc                CLOCK_SettingMove
                0x0000000000000ff8                CLOCK_SettingSave
                0x000000000000101c                Alarm_Checking
                0x0000000000001058                IMG_Number_S
                0x0000000000001148                IMG_Button_T
                0x00000000000011e8                IMG_Button_F
                0x0000000000001288                Init_VGA
                0x00000000000012ec                VGA_AlarmDraw_S
                0x00000000000016ec                VGA_ClockDraw_S
                0x0000000000001ab8                imageDraw
                0x0000000000001be4                wait_for_vsync
                0x0000000000001c34                plot_pixel
                0x0000000000001c8c                clear_screen
                0x0000000000001d04                HEX_PrintHEX
                0x0000000000001e98                printHEX
                0x0000000000001f84                Audio_ISR
                0x0000000000002538                Audio_Record
                0x0000000000002594                Audio_Echo
                0x00000000000025ec                Audio_Change
                0x0000000000002648                Audio_Mute
                0x000000000000267c                Audio_Play
                0x00000000000026b4                Init_KEY_SW
                0x0000000000002704                Pushbutton_ISR
                0x00000000000029d0                main
 .text          0x00000000000029ec      0x8ac c:/intelfpga_lite/16.1/nios2eds/bin/gnu/h-x86_64-mingw32/bin/../lib/gcc/nios2-elf/5.3.0/mhw-mulx\libgcc.a(adddf3.o)
                0x00000000000029ec                __adddf3
 .text          0x0000000000003298       0xdc c:/intelfpga_lite/16.1/nios2eds/bin/gnu/h-x86_64-mingw32/bin/../lib/gcc/nios2-elf/5.3.0/mhw-mulx\libgcc.a(gedf2.o)
                0x0000000000003298                __gedf2
                0x0000000000003298                __gtdf2
 .text          0x0000000000003374       0xf4 c:/intelfpga_lite/16.1/nios2eds/bin/gnu/h-x86_64-mingw32/bin/../lib/gcc/nios2-elf/5.3.0/mhw-mulx\libgcc.a(ledf2.o)
                0x0000000000003374                __ledf2
                0x0000000000003374                __ltdf2
 .text          0x0000000000003468       0x64 c:/intelfpga_lite/16.1/nios2eds/bin/gnu/h-x86_64-mingw32/bin/../lib/gcc/nios2-elf/5.3.0/mhw-mulx\libgcc.a(_clzsi2.o)
                0x0000000000003468                __clzsi2
 .text          0x00000000000034cc        0x0 c:/intelfpga_lite/16.1/nios2eds/bin/gnu/h-x86_64-mingw32/bin/../lib/gcc/nios2-elf/5.3.0/mhw-mulx\libgcc.a(_clz.o)
 .text          0x00000000000034cc        0x0 c:/intelfpga_lite/16.1/nios2eds/bin/gnu/h-x86_64-mingw32/bin/../lib/gcc/nios2-elf/5.3.0/../../../../../H-x86_64-mingw32/nios2-elf/lib/mhw-mulx\libc.a(lib_a-printf.o)
 .text._printf_r
                0x00000000000034cc       0x30 c:/intelfpga_lite/16.1/nios2eds/bin/gnu/h-x86_64-mingw32/bin/../lib/gcc/nios2-elf/5.3.0/../../../../../H-x86_64-mingw32/nios2-elf/lib/mhw-mulx\libc.a(lib_a-printf.o)
                0x00000000000034cc                _printf_r
 .text.printf   0x00000000000034fc       0x3c c:/intelfpga_lite/16.1/nios2eds/bin/gnu/h-x86_64-mingw32/bin/../lib/gcc/nios2-elf/5.3.0/../../../../../H-x86_64-mingw32/nios2-elf/lib/mhw-mulx\libc.a(lib_a-printf.o)
                0x00000000000034fc                printf
 .text          0x0000000000003538        0x0 c:/intelfpga_lite/16.1/nios2eds/bin/gnu/h-x86_64-mingw32/bin/../lib/gcc/nios2-elf/5.3.0/../../../../../H-x86_64-mingw32/nios2-elf/lib/mhw-mulx\libc.a(lib_a-puts.o)
 .text._puts_r  0x0000000000003538       0xc0 c:/intelfpga_lite/16.1/nios2eds/bin/gnu/h-x86_64-mingw32/bin/../lib/gcc/nios2-elf/5.3.0/../../../../../H-x86_64-mingw32/nios2-elf/lib/mhw-mulx\libc.a(lib_a-puts.o)
                0x0000000000003538                _puts_r
 .text.puts     0x00000000000035f8       0x14 c:/intelfpga_lite/16.1/nios2eds/bin/gnu/h-x86_64-mingw32/bin/../lib/gcc/nios2-elf/5.3.0/../../../../../H-x86_64-mingw32/nios2-elf/lib/mhw-mulx\libc.a(lib_a-puts.o)
                0x00000000000035f8                puts
 .text          0x000000000000360c        0x0 c:/intelfpga_lite/16.1/nios2eds/bin/gnu/h-x86_64-mingw32/bin/../lib/gcc/nios2-elf/5.3.0/../../../../../H-x86_64-mingw32/nios2-elf/lib/mhw-mulx\libc.a(lib_a-rand.o)
 .text.srand    0x000000000000360c       0x18 c:/intelfpga_lite/16.1/nios2eds/bin/gnu/h-x86_64-mingw32/bin/../lib/gcc/nios2-elf/5.3.0/../../../../../H-x86_64-mingw32/nios2-elf/lib/mhw-mulx\libc.a(lib_a-rand.o)
                0x000000000000360c                srand
 .text.rand     0x0000000000003624       0x60 c:/intelfpga_lite/16.1/nios2eds/bin/gnu/h-x86_64-mingw32/bin/../lib/gcc/nios2-elf/5.3.0/../../../../../H-x86_64-mingw32/nios2-elf/lib/mhw-mulx\libc.a(lib_a-rand.o)
                0x0000000000003624                rand
 .text          0x0000000000003684        0x0 c:/intelfpga_lite/16.1/nios2eds/bin/gnu/h-x86_64-mingw32/bin/../lib/gcc/nios2-elf/5.3.0/../../../../../H-x86_64-mingw32/nios2-elf/lib/mhw-mulx\libc.a(lib_a-strlen.o)
 .text.strlen   0x0000000000003684       0x98 c:/intelfpga_lite/16.1/nios2eds/bin/gnu/h-x86_64-mingw32/bin/../lib/gcc/nios2-elf/5.3.0/../../../../../H-x86_64-mingw32/nios2-elf/lib/mhw-mulx\libc.a(lib_a-strlen.o)
                0x0000000000003684                strlen
 .text          0x000000000000371c        0x0 c:/intelfpga_lite/16.1/nios2eds/bin/gnu/h-x86_64-mingw32/bin/../lib/gcc/nios2-elf/5.3.0/../../../../../H-x86_64-mingw32/nios2-elf/lib/mhw-mulx\libc.a(lib_a-vfprintf.o)
 .text.___vfprintf_internal_r
                0x000000000000371c     0x21f8 c:/intelfpga_lite/16.1/nios2eds/bin/gnu/h-x86_64-mingw32/bin/../lib/gcc/nios2-elf/5.3.0/../../../../../H-x86_64-mingw32/nios2-elf/lib/mhw-mulx\libc.a(lib_a-vfprintf.o)
                0x000000000000371c                ___vfprintf_internal_r
 .text.__vfprintf_internal
                0x0000000000005914       0x1c c:/intelfpga_lite/16.1/nios2eds/bin/gnu/h-x86_64-mingw32/bin/../lib/gcc/nios2-elf/5.3.0/../../../../../H-x86_64-mingw32/nios2-elf/lib/mhw-mulx\libc.a(lib_a-vfprintf.o)
                0x0000000000005914                __vfprintf_internal
 .text.__sbprintf
                0x0000000000005930       0xbc c:/intelfpga_lite/16.1/nios2eds/bin/gnu/h-x86_64-mingw32/bin/../lib/gcc/nios2-elf/5.3.0/../../../../../H-x86_64-mingw32/nios2-elf/lib/mhw-mulx\libc.a(lib_a-vfprintf.o)
 .text          0x00000000000059ec        0x0 c:/intelfpga_lite/16.1/nios2eds/bin/gnu/h-x86_64-mingw32/bin/../lib/gcc/nios2-elf/5.3.0/../../../../../H-x86_64-mingw32/nios2-elf/lib/mhw-mulx\libc.a(lib_a-wsetup.o)
 .text.__swsetup_r
                0x00000000000059ec      0x154 c:/intelfpga_lite/16.1/nios2eds/bin/gnu/h-x86_64-mingw32/bin/../lib/gcc/nios2-elf/5.3.0/../../../../../H-x86_64-mingw32/nios2-elf/lib/mhw-mulx\libc.a(lib_a-wsetup.o)
                0x00000000000059ec                __swsetup_r
 .text          0x0000000000005b40        0x0 c:/intelfpga_lite/16.1/nios2eds/bin/gnu/h-x86_64-mingw32/bin/../lib/gcc/nios2-elf/5.3.0/../../../../../H-x86_64-mingw32/nios2-elf/lib/mhw-mulx\libc.a(lib_a-dtoa.o)
 .text.quorem   0x0000000000005b40      0x200 c:/intelfpga_lite/16.1/nios2eds/bin/gnu/h-x86_64-mingw32/bin/../lib/gcc/nios2-elf/5.3.0/../../../../../H-x86_64-mingw32/nios2-elf/lib/mhw-mulx\libc.a(lib_a-dtoa.o)
 .text._dtoa_r  0x0000000000005d40     0x1688 c:/intelfpga_lite/16.1/nios2eds/bin/gnu/h-x86_64-mingw32/bin/../lib/gcc/nios2-elf/5.3.0/../../../../../H-x86_64-mingw32/nios2-elf/lib/mhw-mulx\libc.a(lib_a-dtoa.o)
                0x0000000000005d40                _dtoa_r
 .text          0x00000000000073c8        0x0 c:/intelfpga_lite/16.1/nios2eds/bin/gnu/h-x86_64-mingw32/bin/../lib/gcc/nios2-elf/5.3.0/../../../../../H-x86_64-mingw32/nios2-elf/lib/mhw-mulx\libc.a(lib_a-fflush.o)
 .text.__sflush_r
                0x00000000000073c8      0x21c c:/intelfpga_lite/16.1/nios2eds/bin/gnu/h-x86_64-mingw32/bin/../lib/gcc/nios2-elf/5.3.0/../../../../../H-x86_64-mingw32/nios2-elf/lib/mhw-mulx\libc.a(lib_a-fflush.o)
                0x00000000000073c8                __sflush_r
 .text._fflush_r
                0x00000000000075e4       0x5c c:/intelfpga_lite/16.1/nios2eds/bin/gnu/h-x86_64-mingw32/bin/../lib/gcc/nios2-elf/5.3.0/../../../../../H-x86_64-mingw32/nios2-elf/lib/mhw-mulx\libc.a(lib_a-fflush.o)
                0x00000000000075e4                _fflush_r
 .text.fflush   0x0000000000007640       0x30 c:/intelfpga_lite/16.1/nios2eds/bin/gnu/h-x86_64-mingw32/bin/../lib/gcc/nios2-elf/5.3.0/../../../../../H-x86_64-mingw32/nios2-elf/lib/mhw-mulx\libc.a(lib_a-fflush.o)
                0x0000000000007640                fflush
 .text          0x0000000000007670        0x0 c:/intelfpga_lite/16.1/nios2eds/bin/gnu/h-x86_64-mingw32/bin/../lib/gcc/nios2-elf/5.3.0/../../../../../H-x86_64-mingw32/nios2-elf/lib/mhw-mulx\libc.a(lib_a-findfp.o)
 .text.__fp_unlock
                0x0000000000007670        0x8 c:/intelfpga_lite/16.1/nios2eds/bin/gnu/h-x86_64-mingw32/bin/../lib/gcc/nios2-elf/5.3.0/../../../../../H-x86_64-mingw32/nios2-elf/lib/mhw-mulx\libc.a(lib_a-findfp.o)
 .text._cleanup_r
                0x0000000000007678        0xc c:/intelfpga_lite/16.1/nios2eds/bin/gnu/h-x86_64-mingw32/bin/../lib/gcc/nios2-elf/5.3.0/../../../../../H-x86_64-mingw32/nios2-elf/lib/mhw-mulx\libc.a(lib_a-findfp.o)
                0x0000000000007678                _cleanup_r
 .text.__sinit.part.1
                0x0000000000007684      0x19c c:/intelfpga_lite/16.1/nios2eds/bin/gnu/h-x86_64-mingw32/bin/../lib/gcc/nios2-elf/5.3.0/../../../../../H-x86_64-mingw32/nios2-elf/lib/mhw-mulx\libc.a(lib_a-findfp.o)
 .text.__fp_lock
                0x0000000000007820        0x8 c:/intelfpga_lite/16.1/nios2eds/bin/gnu/h-x86_64-mingw32/bin/../lib/gcc/nios2-elf/5.3.0/../../../../../H-x86_64-mingw32/nios2-elf/lib/mhw-mulx\libc.a(lib_a-findfp.o)
 .text.__sfmoreglue
                0x0000000000007828       0x68 c:/intelfpga_lite/16.1/nios2eds/bin/gnu/h-x86_64-mingw32/bin/../lib/gcc/nios2-elf/5.3.0/../../../../../H-x86_64-mingw32/nios2-elf/lib/mhw-mulx\libc.a(lib_a-findfp.o)
                0x0000000000007828                __sfmoreglue
 .text.__sfp    0x0000000000007890      0x118 c:/intelfpga_lite/16.1/nios2eds/bin/gnu/h-x86_64-mingw32/bin/../lib/gcc/nios2-elf/5.3.0/../../../../../H-x86_64-mingw32/nios2-elf/lib/mhw-mulx\libc.a(lib_a-findfp.o)
                0x0000000000007890                __sfp
 .text._cleanup
                0x00000000000079a8       0x18 c:/intelfpga_lite/16.1/nios2eds/bin/gnu/h-x86_64-mingw32/bin/../lib/gcc/nios2-elf/5.3.0/../../../../../H-x86_64-mingw32/nios2-elf/lib/mhw-mulx\libc.a(lib_a-findfp.o)
                0x00000000000079a8                _cleanup
 .text.__sinit  0x00000000000079c0       0x10 c:/intelfpga_lite/16.1/nios2eds/bin/gnu/h-x86_64-mingw32/bin/../lib/gcc/nios2-elf/5.3.0/../../../../../H-x86_64-mingw32/nios2-elf/lib/mhw-mulx\libc.a(lib_a-findfp.o)
                0x00000000000079c0                __sinit
 .text.__sfp_lock_acquire
                0x00000000000079d0        0x4 c:/intelfpga_lite/16.1/nios2eds/bin/gnu/h-x86_64-mingw32/bin/../lib/gcc/nios2-elf/5.3.0/../../../../../H-x86_64-mingw32/nios2-elf/lib/mhw-mulx\libc.a(lib_a-findfp.o)
                0x00000000000079d0                __sfp_lock_acquire
 .text.__sfp_lock_release
                0x00000000000079d4        0x4 c:/intelfpga_lite/16.1/nios2eds/bin/gnu/h-x86_64-mingw32/bin/../lib/gcc/nios2-elf/5.3.0/../../../../../H-x86_64-mingw32/nios2-elf/lib/mhw-mulx\libc.a(lib_a-findfp.o)
                0x00000000000079d4                __sfp_lock_release
 .text.__sinit_lock_acquire
                0x00000000000079d8        0x4 c:/intelfpga_lite/16.1/nios2eds/bin/gnu/h-x86_64-mingw32/bin/../lib/gcc/nios2-elf/5.3.0/../../../../../H-x86_64-mingw32/nios2-elf/lib/mhw-mulx\libc.a(lib_a-findfp.o)
                0x00000000000079d8                __sinit_lock_acquire
 .text.__sinit_lock_release
                0x00000000000079dc        0x4 c:/intelfpga_lite/16.1/nios2eds/bin/gnu/h-x86_64-mingw32/bin/../lib/gcc/nios2-elf/5.3.0/../../../../../H-x86_64-mingw32/nios2-elf/lib/mhw-mulx\libc.a(lib_a-findfp.o)
                0x00000000000079dc                __sinit_lock_release
 .text.__fp_lock_all
                0x00000000000079e0       0x18 c:/intelfpga_lite/16.1/nios2eds/bin/gnu/h-x86_64-mingw32/bin/../lib/gcc/nios2-elf/5.3.0/../../../../../H-x86_64-mingw32/nios2-elf/lib/mhw-mulx\libc.a(lib_a-findfp.o)
                0x00000000000079e0                __fp_lock_all
 .text.__fp_unlock_all
                0x00000000000079f8       0x18 c:/intelfpga_lite/16.1/nios2eds/bin/gnu/h-x86_64-mingw32/bin/../lib/gcc/nios2-elf/5.3.0/../../../../../H-x86_64-mingw32/nios2-elf/lib/mhw-mulx\libc.a(lib_a-findfp.o)
                0x00000000000079f8                __fp_unlock_all
 .text          0x0000000000007a10        0x0 c:/intelfpga_lite/16.1/nios2eds/bin/gnu/h-x86_64-mingw32/bin/../lib/gcc/nios2-elf/5.3.0/../../../../../H-x86_64-mingw32/nios2-elf/lib/mhw-mulx\libc.a(lib_a-freer.o)
 .text._malloc_trim_r
                0x0000000000007a10      0x124 c:/intelfpga_lite/16.1/nios2eds/bin/gnu/h-x86_64-mingw32/bin/../lib/gcc/nios2-elf/5.3.0/../../../../../H-x86_64-mingw32/nios2-elf/lib/mhw-mulx\libc.a(lib_a-freer.o)
                0x0000000000007a10                _malloc_trim_r
 .text._free_r  0x0000000000007b34      0x310 c:/intelfpga_lite/16.1/nios2eds/bin/gnu/h-x86_64-mingw32/bin/../lib/gcc/nios2-elf/5.3.0/../../../../../H-x86_64-mingw32/nios2-elf/lib/mhw-mulx\libc.a(lib_a-freer.o)
                0x0000000000007b34                _free_r
 .text          0x0000000000007e44        0x0 c:/intelfpga_lite/16.1/nios2eds/bin/gnu/h-x86_64-mingw32/bin/../lib/gcc/nios2-elf/5.3.0/../../../../../H-x86_64-mingw32/nios2-elf/lib/mhw-mulx\libc.a(lib_a-fvwrite.o)
 .text.__sfvwrite_r
                0x0000000000007e44      0x4bc c:/intelfpga_lite/16.1/nios2eds/bin/gnu/h-x86_64-mingw32/bin/../lib/gcc/nios2-elf/5.3.0/../../../../../H-x86_64-mingw32/nios2-elf/lib/mhw-mulx\libc.a(lib_a-fvwrite.o)
                0x0000000000007e44                __sfvwrite_r
 .text          0x0000000000008300        0x0 c:/intelfpga_lite/16.1/nios2eds/bin/gnu/h-x86_64-mingw32/bin/../lib/gcc/nios2-elf/5.3.0/../../../../../H-x86_64-mingw32/nios2-elf/lib/mhw-mulx\libc.a(lib_a-fwalk.o)
 .text._fwalk   0x0000000000008300       0xc4 c:/intelfpga_lite/16.1/nios2eds/bin/gnu/h-x86_64-mingw32/bin/../lib/gcc/nios2-elf/5.3.0/../../../../../H-x86_64-mingw32/nios2-elf/lib/mhw-mulx\libc.a(lib_a-fwalk.o)
                0x0000000000008300                _fwalk
 .text._fwalk_reent
                0x00000000000083c4       0xc4 c:/intelfpga_lite/16.1/nios2eds/bin/gnu/h-x86_64-mingw32/bin/../lib/gcc/nios2-elf/5.3.0/../../../../../H-x86_64-mingw32/nios2-elf/lib/mhw-mulx\libc.a(lib_a-fwalk.o)
                0x00000000000083c4                _fwalk_reent
 .text          0x0000000000008488        0x0 c:/intelfpga_lite/16.1/nios2eds/bin/gnu/h-x86_64-mingw32/bin/../lib/gcc/nios2-elf/5.3.0/../../../../../H-x86_64-mingw32/nios2-elf/lib/mhw-mulx\libc.a(lib_a-impure.o)
 .text          0x0000000000008488        0x0 c:/intelfpga_lite/16.1/nios2eds/bin/gnu/h-x86_64-mingw32/bin/../lib/gcc/nios2-elf/5.3.0/../../../../../H-x86_64-mingw32/nios2-elf/lib/mhw-mulx\libc.a(lib_a-locale.o)
 .text._setlocale_r
                0x0000000000008488       0x7c c:/intelfpga_lite/16.1/nios2eds/bin/gnu/h-x86_64-mingw32/bin/../lib/gcc/nios2-elf/5.3.0/../../../../../H-x86_64-mingw32/nios2-elf/lib/mhw-mulx\libc.a(lib_a-locale.o)
                0x0000000000008488                _setlocale_r
 .text.__locale_charset
                0x0000000000008504        0xc c:/intelfpga_lite/16.1/nios2eds/bin/gnu/h-x86_64-mingw32/bin/../lib/gcc/nios2-elf/5.3.0/../../../../../H-x86_64-mingw32/nios2-elf/lib/mhw-mulx\libc.a(lib_a-locale.o)
                0x0000000000008504                __locale_charset
 .text.__locale_mb_cur_max
                0x0000000000008510       0x10 c:/intelfpga_lite/16.1/nios2eds/bin/gnu/h-x86_64-mingw32/bin/../lib/gcc/nios2-elf/5.3.0/../../../../../H-x86_64-mingw32/nios2-elf/lib/mhw-mulx\libc.a(lib_a-locale.o)
                0x0000000000008510                __locale_mb_cur_max
 .text.__locale_msgcharset
                0x0000000000008520        0xc c:/intelfpga_lite/16.1/nios2eds/bin/gnu/h-x86_64-mingw32/bin/../lib/gcc/nios2-elf/5.3.0/../../../../../H-x86_64-mingw32/nios2-elf/lib/mhw-mulx\libc.a(lib_a-locale.o)
                0x0000000000008520                __locale_msgcharset
 .text.__locale_cjk_lang
                0x000000000000852c        0x8 c:/intelfpga_lite/16.1/nios2eds/bin/gnu/h-x86_64-mingw32/bin/../lib/gcc/nios2-elf/5.3.0/../../../../../H-x86_64-mingw32/nios2-elf/lib/mhw-mulx\libc.a(lib_a-locale.o)
                0x000000000000852c                __locale_cjk_lang
 .text._localeconv_r
                0x0000000000008534        0xc c:/intelfpga_lite/16.1/nios2eds/bin/gnu/h-x86_64-mingw32/bin/../lib/gcc/nios2-elf/5.3.0/../../../../../H-x86_64-mingw32/nios2-elf/lib/mhw-mulx\libc.a(lib_a-locale.o)
                0x0000000000008534                _localeconv_r
 .text.setlocale
                0x0000000000008540       0x18 c:/intelfpga_lite/16.1/nios2eds/bin/gnu/h-x86_64-mingw32/bin/../lib/gcc/nios2-elf/5.3.0/../../../../../H-x86_64-mingw32/nios2-elf/lib/mhw-mulx\libc.a(lib_a-locale.o)
                0x0000000000008540                setlocale
 .text.localeconv
                0x0000000000008558        0xc c:/intelfpga_lite/16.1/nios2eds/bin/gnu/h-x86_64-mingw32/bin/../lib/gcc/nios2-elf/5.3.0/../../../../../H-x86_64-mingw32/nios2-elf/lib/mhw-mulx\libc.a(lib_a-locale.o)
                0x0000000000008558                localeconv
 .text          0x0000000000008564        0x0 c:/intelfpga_lite/16.1/nios2eds/bin/gnu/h-x86_64-mingw32/bin/../lib/gcc/nios2-elf/5.3.0/../../../../../H-x86_64-mingw32/nios2-elf/lib/mhw-mulx\libc.a(lib_a-makebuf.o)
 .text.__smakebuf_r
                0x0000000000008564      0x1bc c:/intelfpga_lite/16.1/nios2eds/bin/gnu/h-x86_64-mingw32/bin/../lib/gcc/nios2-elf/5.3.0/../../../../../H-x86_64-mingw32/nios2-elf/lib/mhw-mulx\libc.a(lib_a-makebuf.o)
                0x0000000000008564                __smakebuf_r
 .text          0x0000000000008720        0x0 c:/intelfpga_lite/16.1/nios2eds/bin/gnu/h-x86_64-mingw32/bin/../lib/gcc/nios2-elf/5.3.0/../../../../../H-x86_64-mingw32/nios2-elf/lib/mhw-mulx\libc.a(lib_a-mallocr.o)
 .text._malloc_r
                0x0000000000008720      0x80c c:/intelfpga_lite/16.1/nios2eds/bin/gnu/h-x86_64-mingw32/bin/../lib/gcc/nios2-elf/5.3.0/../../../../../H-x86_64-mingw32/nios2-elf/lib/mhw-mulx\libc.a(lib_a-mallocr.o)
                0x0000000000008720                _malloc_r
 .text          0x0000000000008f2c        0x0 c:/intelfpga_lite/16.1/nios2eds/bin/gnu/h-x86_64-mingw32/bin/../lib/gcc/nios2-elf/5.3.0/../../../../../H-x86_64-mingw32/nios2-elf/lib/mhw-mulx\libc.a(lib_a-memchr.o)
 .text.memchr   0x0000000000008f2c       0xe4 c:/intelfpga_lite/16.1/nios2eds/bin/gnu/h-x86_64-mingw32/bin/../lib/gcc/nios2-elf/5.3.0/../../../../../H-x86_64-mingw32/nios2-elf/lib/mhw-mulx\libc.a(lib_a-memchr.o)
                0x0000000000008f2c                memchr
 .text          0x0000000000009010        0x0 c:/intelfpga_lite/16.1/nios2eds/bin/gnu/h-x86_64-mingw32/bin/../lib/gcc/nios2-elf/5.3.0/../../../../../H-x86_64-mingw32/nios2-elf/lib/mhw-mulx\libc.a(lib_a-memcpy.o)
 .text.memcpy   0x0000000000009010      0x148 c:/intelfpga_lite/16.1/nios2eds/bin/gnu/h-x86_64-mingw32/bin/../lib/gcc/nios2-elf/5.3.0/../../../../../H-x86_64-mingw32/nios2-elf/lib/mhw-mulx\libc.a(lib_a-memcpy.o)
                0x0000000000009010                memcpy
 .text          0x0000000000009158        0x0 c:/intelfpga_lite/16.1/nios2eds/bin/gnu/h-x86_64-mingw32/bin/../lib/gcc/nios2-elf/5.3.0/../../../../../H-x86_64-mingw32/nios2-elf/lib/mhw-mulx\libc.a(lib_a-memmove.o)
 .text.memmove  0x0000000000009158      0x15c c:/intelfpga_lite/16.1/nios2eds/bin/gnu/h-x86_64-mingw32/bin/../lib/gcc/nios2-elf/5.3.0/../../../../../H-x86_64-mingw32/nios2-elf/lib/mhw-mulx\libc.a(lib_a-memmove.o)
                0x0000000000009158                memmove
 .text          0x00000000000092b4        0x0 c:/intelfpga_lite/16.1/nios2eds/bin/gnu/h-x86_64-mingw32/bin/../lib/gcc/nios2-elf/5.3.0/../../../../../H-x86_64-mingw32/nios2-elf/lib/mhw-mulx\libc.a(lib_a-memset.o)
 .text.memset   0x00000000000092b4      0x128 c:/intelfpga_lite/16.1/nios2eds/bin/gnu/h-x86_64-mingw32/bin/../lib/gcc/nios2-elf/5.3.0/../../../../../H-x86_64-mingw32/nios2-elf/lib/mhw-mulx\libc.a(lib_a-memset.o)
                0x00000000000092b4                memset
 .text          0x00000000000093dc        0x0 c:/intelfpga_lite/16.1/nios2eds/bin/gnu/h-x86_64-mingw32/bin/../lib/gcc/nios2-elf/5.3.0/../../../../../H-x86_64-mingw32/nios2-elf/lib/mhw-mulx\libc.a(lib_a-mprec.o)
 .text._Balloc  0x00000000000093dc       0xa8 c:/intelfpga_lite/16.1/nios2eds/bin/gnu/h-x86_64-mingw32/bin/../lib/gcc/nios2-elf/5.3.0/../../../../../H-x86_64-mingw32/nios2-elf/lib/mhw-mulx\libc.a(lib_a-mprec.o)
                0x00000000000093dc                _Balloc
 .text._Bfree   0x0000000000009484       0x28 c:/intelfpga_lite/16.1/nios2eds/bin/gnu/h-x86_64-mingw32/bin/../lib/gcc/nios2-elf/5.3.0/../../../../../H-x86_64-mingw32/nios2-elf/lib/mhw-mulx\libc.a(lib_a-mprec.o)
                0x0000000000009484                _Bfree
 .text.__multadd
                0x00000000000094ac      0x120 c:/intelfpga_lite/16.1/nios2eds/bin/gnu/h-x86_64-mingw32/bin/../lib/gcc/nios2-elf/5.3.0/../../../../../H-x86_64-mingw32/nios2-elf/lib/mhw-mulx\libc.a(lib_a-mprec.o)
                0x00000000000094ac                __multadd
 .text.__s2b    0x00000000000095cc      0x104 c:/intelfpga_lite/16.1/nios2eds/bin/gnu/h-x86_64-mingw32/bin/../lib/gcc/nios2-elf/5.3.0/../../../../../H-x86_64-mingw32/nios2-elf/lib/mhw-mulx\libc.a(lib_a-mprec.o)
                0x00000000000095cc                __s2b
 .text.__hi0bits
                0x00000000000096d0       0x68 c:/intelfpga_lite/16.1/nios2eds/bin/gnu/h-x86_64-mingw32/bin/../lib/gcc/nios2-elf/5.3.0/../../../../../H-x86_64-mingw32/nios2-elf/lib/mhw-mulx\libc.a(lib_a-mprec.o)
                0x00000000000096d0                __hi0bits
 .text.__lo0bits
                0x0000000000009738       0xb0 c:/intelfpga_lite/16.1/nios2eds/bin/gnu/h-x86_64-mingw32/bin/../lib/gcc/nios2-elf/5.3.0/../../../../../H-x86_64-mingw32/nios2-elf/lib/mhw-mulx\libc.a(lib_a-mprec.o)
                0x0000000000009738                __lo0bits
 .text.__i2b    0x00000000000097e8       0x3c c:/intelfpga_lite/16.1/nios2eds/bin/gnu/h-x86_64-mingw32/bin/../lib/gcc/nios2-elf/5.3.0/../../../../../H-x86_64-mingw32/nios2-elf/lib/mhw-mulx\libc.a(lib_a-mprec.o)
                0x00000000000097e8                __i2b
 .text.__multiply
                0x0000000000009824      0x1f8 c:/intelfpga_lite/16.1/nios2eds/bin/gnu/h-x86_64-mingw32/bin/../lib/gcc/nios2-elf/5.3.0/../../../../../H-x86_64-mingw32/nios2-elf/lib/mhw-mulx\libc.a(lib_a-mprec.o)
                0x0000000000009824                __multiply
 .text.__pow5mult
                0x0000000000009a1c      0x140 c:/intelfpga_lite/16.1/nios2eds/bin/gnu/h-x86_64-mingw32/bin/../lib/gcc/nios2-elf/5.3.0/../../../../../H-x86_64-mingw32/nios2-elf/lib/mhw-mulx\libc.a(lib_a-mprec.o)
                0x0000000000009a1c                __pow5mult
 .text.__lshift
                0x0000000000009b5c      0x148 c:/intelfpga_lite/16.1/nios2eds/bin/gnu/h-x86_64-mingw32/bin/../lib/gcc/nios2-elf/5.3.0/../../../../../H-x86_64-mingw32/nios2-elf/lib/mhw-mulx\libc.a(lib_a-mprec.o)
                0x0000000000009b5c                __lshift
 .text.__mcmp   0x0000000000009ca4       0x60 c:/intelfpga_lite/16.1/nios2eds/bin/gnu/h-x86_64-mingw32/bin/../lib/gcc/nios2-elf/5.3.0/../../../../../H-x86_64-mingw32/nios2-elf/lib/mhw-mulx\libc.a(lib_a-mprec.o)
                0x0000000000009ca4                __mcmp
 .text.__mdiff  0x0000000000009d04      0x1fc c:/intelfpga_lite/16.1/nios2eds/bin/gnu/h-x86_64-mingw32/bin/../lib/gcc/nios2-elf/5.3.0/../../../../../H-x86_64-mingw32/nios2-elf/lib/mhw-mulx\libc.a(lib_a-mprec.o)
                0x0000000000009d04                __mdiff
 .text.__ulp    0x0000000000009f00       0x64 c:/intelfpga_lite/16.1/nios2eds/bin/gnu/h-x86_64-mingw32/bin/../lib/gcc/nios2-elf/5.3.0/../../../../../H-x86_64-mingw32/nios2-elf/lib/mhw-mulx\libc.a(lib_a-mprec.o)
                0x0000000000009f00                __ulp
 .text.__b2d    0x0000000000009f64      0x10c c:/intelfpga_lite/16.1/nios2eds/bin/gnu/h-x86_64-mingw32/bin/../lib/gcc/nios2-elf/5.3.0/../../../../../H-x86_64-mingw32/nios2-elf/lib/mhw-mulx\libc.a(lib_a-mprec.o)
                0x0000000000009f64                __b2d
 .text.__d2b    0x000000000000a070      0x14c c:/intelfpga_lite/16.1/nios2eds/bin/gnu/h-x86_64-mingw32/bin/../lib/gcc/nios2-elf/5.3.0/../../../../../H-x86_64-mingw32/nios2-elf/lib/mhw-mulx\libc.a(lib_a-mprec.o)
                0x000000000000a070                __d2b
 .text.__ratio  0x000000000000a1bc       0xa4 c:/intelfpga_lite/16.1/nios2eds/bin/gnu/h-x86_64-mingw32/bin/../lib/gcc/nios2-elf/5.3.0/../../../../../H-x86_64-mingw32/nios2-elf/lib/mhw-mulx\libc.a(lib_a-mprec.o)
                0x000000000000a1bc                __ratio
 .text._mprec_log10
                0x000000000000a260       0x74 c:/intelfpga_lite/16.1/nios2eds/bin/gnu/h-x86_64-mingw32/bin/../lib/gcc/nios2-elf/5.3.0/../../../../../H-x86_64-mingw32/nios2-elf/lib/mhw-mulx\libc.a(lib_a-mprec.o)
                0x000000000000a260                _mprec_log10
 .text.__copybits
                0x000000000000a2d4       0x78 c:/intelfpga_lite/16.1/nios2eds/bin/gnu/h-x86_64-mingw32/bin/../lib/gcc/nios2-elf/5.3.0/../../../../../H-x86_64-mingw32/nios2-elf/lib/mhw-mulx\libc.a(lib_a-mprec.o)
                0x000000000000a2d4                __copybits
 .text.__any_on
                0x000000000000a34c       0x8c c:/intelfpga_lite/16.1/nios2eds/bin/gnu/h-x86_64-mingw32/bin/../lib/gcc/nios2-elf/5.3.0/../../../../../H-x86_64-mingw32/nios2-elf/lib/mhw-mulx\libc.a(lib_a-mprec.o)
                0x000000000000a34c                __any_on
 .text          0x000000000000a3d8        0x0 c:/intelfpga_lite/16.1/nios2eds/bin/gnu/h-x86_64-mingw32/bin/../lib/gcc/nios2-elf/5.3.0/../../../../../H-x86_64-mingw32/nios2-elf/lib/mhw-mulx\libc.a(lib_a-reallocr.o)
 .text._realloc_r
                0x000000000000a3d8      0x564 c:/intelfpga_lite/16.1/nios2eds/bin/gnu/h-x86_64-mingw32/bin/../lib/gcc/nios2-elf/5.3.0/../../../../../H-x86_64-mingw32/nios2-elf/lib/mhw-mulx\libc.a(lib_a-reallocr.o)
                0x000000000000a3d8                _realloc_r
 .text          0x000000000000a93c        0x0 c:/intelfpga_lite/16.1/nios2eds/bin/gnu/h-x86_64-mingw32/bin/../lib/gcc/nios2-elf/5.3.0/../../../../../H-x86_64-mingw32/nios2-elf/lib/mhw-mulx\libc.a(lib_a-s_fpclassify.o)
 .text.__fpclassifyd
                0x000000000000a93c       0x74 c:/intelfpga_lite/16.1/nios2eds/bin/gnu/h-x86_64-mingw32/bin/../lib/gcc/nios2-elf/5.3.0/../../../../../H-x86_64-mingw32/nios2-elf/lib/mhw-mulx\libc.a(lib_a-s_fpclassify.o)
                0x000000000000a93c                __fpclassifyd
 .text          0x000000000000a9b0        0x0 c:/intelfpga_lite/16.1/nios2eds/bin/gnu/h-x86_64-mingw32/bin/../lib/gcc/nios2-elf/5.3.0/../../../../../H-x86_64-mingw32/nios2-elf/lib/mhw-mulx\libc.a(lib_a-sbrkr.o)
 .text._sbrk_r  0x000000000000a9b0       0x54 c:/intelfpga_lite/16.1/nios2eds/bin/gnu/h-x86_64-mingw32/bin/../lib/gcc/nios2-elf/5.3.0/../../../../../H-x86_64-mingw32/nios2-elf/lib/mhw-mulx\libc.a(lib_a-sbrkr.o)
                0x000000000000a9b0                _sbrk_r
 .text          0x000000000000aa04        0x0 c:/intelfpga_lite/16.1/nios2eds/bin/gnu/h-x86_64-mingw32/bin/../lib/gcc/nios2-elf/5.3.0/../../../../../H-x86_64-mingw32/nios2-elf/lib/mhw-mulx\libc.a(lib_a-stdio.o)
 .text.__sread  0x000000000000aa04       0x54 c:/intelfpga_lite/16.1/nios2eds/bin/gnu/h-x86_64-mingw32/bin/../lib/gcc/nios2-elf/5.3.0/../../../../../H-x86_64-mingw32/nios2-elf/lib/mhw-mulx\libc.a(lib_a-stdio.o)
                0x000000000000aa04                __sread
 .text.__seofread
                0x000000000000aa58        0x8 c:/intelfpga_lite/16.1/nios2eds/bin/gnu/h-x86_64-mingw32/bin/../lib/gcc/nios2-elf/5.3.0/../../../../../H-x86_64-mingw32/nios2-elf/lib/mhw-mulx\libc.a(lib_a-stdio.o)
                0x000000000000aa58                __seofread
 .text.__swrite
                0x000000000000aa60       0x7c c:/intelfpga_lite/16.1/nios2eds/bin/gnu/h-x86_64-mingw32/bin/../lib/gcc/nios2-elf/5.3.0/../../../../../H-x86_64-mingw32/nios2-elf/lib/mhw-mulx\libc.a(lib_a-stdio.o)
                0x000000000000aa60                __swrite
 .text.__sseek  0x000000000000aadc       0x5c c:/intelfpga_lite/16.1/nios2eds/bin/gnu/h-x86_64-mingw32/bin/../lib/gcc/nios2-elf/5.3.0/../../../../../H-x86_64-mingw32/nios2-elf/lib/mhw-mulx\libc.a(lib_a-stdio.o)
                0x000000000000aadc                __sseek
 .text.__sclose
                0x000000000000ab38        0x8 c:/intelfpga_lite/16.1/nios2eds/bin/gnu/h-x86_64-mingw32/bin/../lib/gcc/nios2-elf/5.3.0/../../../../../H-x86_64-mingw32/nios2-elf/lib/mhw-mulx\libc.a(lib_a-stdio.o)
                0x000000000000ab38                __sclose
 .text          0x000000000000ab40        0x0 c:/intelfpga_lite/16.1/nios2eds/bin/gnu/h-x86_64-mingw32/bin/../lib/gcc/nios2-elf/5.3.0/../../../../../H-x86_64-mingw32/nios2-elf/lib/mhw-mulx\libc.a(lib_a-strcmp.o)
 .text.strcmp   0x000000000000ab40       0xdc c:/intelfpga_lite/16.1/nios2eds/bin/gnu/h-x86_64-mingw32/bin/../lib/gcc/nios2-elf/5.3.0/../../../../../H-x86_64-mingw32/nios2-elf/lib/mhw-mulx\libc.a(lib_a-strcmp.o)
                0x000000000000ab40                strcmp
 .text          0x000000000000ac1c        0x0 c:/intelfpga_lite/16.1/nios2eds/bin/gnu/h-x86_64-mingw32/bin/../lib/gcc/nios2-elf/5.3.0/../../../../../H-x86_64-mingw32/nios2-elf/lib/mhw-mulx\libc.a(lib_a-vfiprintf.o)
 .text.__sprint_r.part.0
                0x000000000000ac1c       0xfc c:/intelfpga_lite/16.1/nios2eds/bin/gnu/h-x86_64-mingw32/bin/../lib/gcc/nios2-elf/5.3.0/../../../../../H-x86_64-mingw32/nios2-elf/lib/mhw-mulx\libc.a(lib_a-vfiprintf.o)
 .text.__sprint_r
                0x000000000000ad18       0x18 c:/intelfpga_lite/16.1/nios2eds/bin/gnu/h-x86_64-mingw32/bin/../lib/gcc/nios2-elf/5.3.0/../../../../../H-x86_64-mingw32/nios2-elf/lib/mhw-mulx\libc.a(lib_a-vfiprintf.o)
                0x000000000000ad18                __sprint_r
 .text.___vfiprintf_internal_r
                0x000000000000ad30     0x145c c:/intelfpga_lite/16.1/nios2eds/bin/gnu/h-x86_64-mingw32/bin/../lib/gcc/nios2-elf/5.3.0/../../../../../H-x86_64-mingw32/nios2-elf/lib/mhw-mulx\libc.a(lib_a-vfiprintf.o)
                0x000000000000ad30                ___vfiprintf_internal_r
 .text.__vfiprintf_internal
                0x000000000000c18c       0x1c c:/intelfpga_lite/16.1/nios2eds/bin/gnu/h-x86_64-mingw32/bin/../lib/gcc/nios2-elf/5.3.0/../../../../../H-x86_64-mingw32/nios2-elf/lib/mhw-mulx\libc.a(lib_a-vfiprintf.o)
                0x000000000000c18c                __vfiprintf_internal
 .text.__sbprintf
                0x000000000000c1a8       0xbc c:/intelfpga_lite/16.1/nios2eds/bin/gnu/h-x86_64-mingw32/bin/../lib/gcc/nios2-elf/5.3.0/../../../../../H-x86_64-mingw32/nios2-elf/lib/mhw-mulx\libc.a(lib_a-vfiprintf.o)
 .text          0x000000000000c264        0x0 c:/intelfpga_lite/16.1/nios2eds/bin/gnu/h-x86_64-mingw32/bin/../lib/gcc/nios2-elf/5.3.0/../../../../../H-x86_64-mingw32/nios2-elf/lib/mhw-mulx\libc.a(lib_a-writer.o)
 .text._write_r
                0x000000000000c264       0x60 c:/intelfpga_lite/16.1/nios2eds/bin/gnu/h-x86_64-mingw32/bin/../lib/gcc/nios2-elf/5.3.0/../../../../../H-x86_64-mingw32/nios2-elf/lib/mhw-mulx\libc.a(lib_a-writer.o)
                0x000000000000c264                _write_r
 .text          0x000000000000c2c4        0x0 c:/intelfpga_lite/16.1/nios2eds/bin/gnu/h-x86_64-mingw32/bin/../lib/gcc/nios2-elf/5.3.0/../../../../../H-x86_64-mingw32/nios2-elf/lib/mhw-mulx\libc.a(closer.o)
 .text._close_r
                0x000000000000c2c4       0x54 c:/intelfpga_lite/16.1/nios2eds/bin/gnu/h-x86_64-mingw32/bin/../lib/gcc/nios2-elf/5.3.0/../../../../../H-x86_64-mingw32/nios2-elf/lib/mhw-mulx\libc.a(closer.o)
                0x000000000000c2c4                _close_r
 .text          0x000000000000c318        0x0 c:/intelfpga_lite/16.1/nios2eds/bin/gnu/h-x86_64-mingw32/bin/../lib/gcc/nios2-elf/5.3.0/../../../../../H-x86_64-mingw32/nios2-elf/lib/mhw-mulx\libc.a(lib_a-callocr.o)
 .text._calloc_r
                0x000000000000c318       0xc4 c:/intelfpga_lite/16.1/nios2eds/bin/gnu/h-x86_64-mingw32/bin/../lib/gcc/nios2-elf/5.3.0/../../../../../H-x86_64-mingw32/nios2-elf/lib/mhw-mulx\libc.a(lib_a-callocr.o)
                0x000000000000c318                _calloc_r
 .text          0x000000000000c3dc        0x0 c:/intelfpga_lite/16.1/nios2eds/bin/gnu/h-x86_64-mingw32/bin/../lib/gcc/nios2-elf/5.3.0/../../../../../H-x86_64-mingw32/nios2-elf/lib/mhw-mulx\libc.a(lib_a-fclose.o)
 .text._fclose_r
                0x000000000000c3dc       0xf0 c:/intelfpga_lite/16.1/nios2eds/bin/gnu/h-x86_64-mingw32/bin/../lib/gcc/nios2-elf/5.3.0/../../../../../H-x86_64-mingw32/nios2-elf/lib/mhw-mulx\libc.a(lib_a-fclose.o)
                0x000000000000c3dc                _fclose_r
 .text.fclose   0x000000000000c4cc       0x14 c:/intelfpga_lite/16.1/nios2eds/bin/gnu/h-x86_64-mingw32/bin/../lib/gcc/nios2-elf/5.3.0/../../../../../H-x86_64-mingw32/nios2-elf/lib/mhw-mulx\libc.a(lib_a-fclose.o)
                0x000000000000c4cc                fclose
 .text          0x000000000000c4e0        0x0 c:/intelfpga_lite/16.1/nios2eds/bin/gnu/h-x86_64-mingw32/bin/../lib/gcc/nios2-elf/5.3.0/../../../../../H-x86_64-mingw32/nios2-elf/lib/mhw-mulx\libc.a(lib_a-fputwc.o)
 .text.__fputwc
                0x000000000000c4e0      0x164 c:/intelfpga_lite/16.1/nios2eds/bin/gnu/h-x86_64-mingw32/bin/../lib/gcc/nios2-elf/5.3.0/../../../../../H-x86_64-mingw32/nios2-elf/lib/mhw-mulx\libc.a(lib_a-fputwc.o)
                0x000000000000c4e0                __fputwc
 .text._fputwc_r
                0x000000000000c644       0x24 c:/intelfpga_lite/16.1/nios2eds/bin/gnu/h-x86_64-mingw32/bin/../lib/gcc/nios2-elf/5.3.0/../../../../../H-x86_64-mingw32/nios2-elf/lib/mhw-mulx\libc.a(lib_a-fputwc.o)
                0x000000000000c644                _fputwc_r
 .text.fputwc   0x000000000000c668       0x80 c:/intelfpga_lite/16.1/nios2eds/bin/gnu/h-x86_64-mingw32/bin/../lib/gcc/nios2-elf/5.3.0/../../../../../H-x86_64-mingw32/nios2-elf/lib/mhw-mulx\libc.a(lib_a-fputwc.o)
                0x000000000000c668                fputwc
 .text          0x000000000000c6e8        0x0 c:/intelfpga_lite/16.1/nios2eds/bin/gnu/h-x86_64-mingw32/bin/../lib/gcc/nios2-elf/5.3.0/../../../../../H-x86_64-mingw32/nios2-elf/lib/mhw-mulx\libc.a(lib_a-fstatr.o)
 .text._fstat_r
                0x000000000000c6e8       0x5c c:/intelfpga_lite/16.1/nios2eds/bin/gnu/h-x86_64-mingw32/bin/../lib/gcc/nios2-elf/5.3.0/../../../../../H-x86_64-mingw32/nios2-elf/lib/mhw-mulx\libc.a(lib_a-fstatr.o)
                0x000000000000c6e8                _fstat_r
 .text          0x000000000000c744        0x0 c:/intelfpga_lite/16.1/nios2eds/bin/gnu/h-x86_64-mingw32/bin/../lib/gcc/nios2-elf/5.3.0/../../../../../H-x86_64-mingw32/nios2-elf/lib/mhw-mulx\libc.a(lib_a-int_errno.o)
 .text          0x000000000000c744        0x0 c:/intelfpga_lite/16.1/nios2eds/bin/gnu/h-x86_64-mingw32/bin/../lib/gcc/nios2-elf/5.3.0/../../../../../H-x86_64-mingw32/nios2-elf/lib/mhw-mulx\libc.a(lib_a-isattyr.o)
 .text._isatty_r
                0x000000000000c744       0x54 c:/intelfpga_lite/16.1/nios2eds/bin/gnu/h-x86_64-mingw32/bin/../lib/gcc/nios2-elf/5.3.0/../../../../../H-x86_64-mingw32/nios2-elf/lib/mhw-mulx\libc.a(lib_a-isattyr.o)
                0x000000000000c744                _isatty_r
 .text          0x000000000000c798        0x0 c:/intelfpga_lite/16.1/nios2eds/bin/gnu/h-x86_64-mingw32/bin/../lib/gcc/nios2-elf/5.3.0/../../../../../H-x86_64-mingw32/nios2-elf/lib/mhw-mulx\libc.a(lib_a-lseekr.o)
 .text._lseek_r
                0x000000000000c798       0x60 c:/intelfpga_lite/16.1/nios2eds/bin/gnu/h-x86_64-mingw32/bin/../lib/gcc/nios2-elf/5.3.0/../../../../../H-x86_64-mingw32/nios2-elf/lib/mhw-mulx\libc.a(lib_a-lseekr.o)
                0x000000000000c798                _lseek_r
 .text          0x000000000000c7f8        0x0 c:/intelfpga_lite/16.1/nios2eds/bin/gnu/h-x86_64-mingw32/bin/../lib/gcc/nios2-elf/5.3.0/../../../../../H-x86_64-mingw32/nios2-elf/lib/mhw-mulx\libc.a(lib_a-readr.o)
 .text._read_r  0x000000000000c7f8       0x60 c:/intelfpga_lite/16.1/nios2eds/bin/gnu/h-x86_64-mingw32/bin/../lib/gcc/nios2-elf/5.3.0/../../../../../H-x86_64-mingw32/nios2-elf/lib/mhw-mulx\libc.a(lib_a-readr.o)
                0x000000000000c7f8                _read_r
 .text          0x000000000000c858        0x0 c:/intelfpga_lite/16.1/nios2eds/bin/gnu/h-x86_64-mingw32/bin/../lib/gcc/nios2-elf/5.3.0/../../../../../H-x86_64-mingw32/nios2-elf/lib/mhw-mulx\libc.a(lib_a-wbuf.o)
 .text.__swbuf_r
                0x000000000000c858      0x140 c:/intelfpga_lite/16.1/nios2eds/bin/gnu/h-x86_64-mingw32/bin/../lib/gcc/nios2-elf/5.3.0/../../../../../H-x86_64-mingw32/nios2-elf/lib/mhw-mulx\libc.a(lib_a-wbuf.o)
                0x000000000000c858                __swbuf_r
 .text.__swbuf  0x000000000000c998       0x18 c:/intelfpga_lite/16.1/nios2eds/bin/gnu/h-x86_64-mingw32/bin/../lib/gcc/nios2-elf/5.3.0/../../../../../H-x86_64-mingw32/nios2-elf/lib/mhw-mulx\libc.a(lib_a-wbuf.o)
                0x000000000000c998                __swbuf
 .text          0x000000000000c9b0        0x0 c:/intelfpga_lite/16.1/nios2eds/bin/gnu/h-x86_64-mingw32/bin/../lib/gcc/nios2-elf/5.3.0/../../../../../H-x86_64-mingw32/nios2-elf/lib/mhw-mulx\libc.a(lib_a-wcrtomb.o)
 .text._wcrtomb_r
                0x000000000000c9b0       0x9c c:/intelfpga_lite/16.1/nios2eds/bin/gnu/h-x86_64-mingw32/bin/../lib/gcc/nios2-elf/5.3.0/../../../../../H-x86_64-mingw32/nios2-elf/lib/mhw-mulx\libc.a(lib_a-wcrtomb.o)
                0x000000000000c9b0                _wcrtomb_r
 .text.wcrtomb  0x000000000000ca4c       0xc0 c:/intelfpga_lite/16.1/nios2eds/bin/gnu/h-x86_64-mingw32/bin/../lib/gcc/nios2-elf/5.3.0/../../../../../H-x86_64-mingw32/nios2-elf/lib/mhw-mulx\libc.a(lib_a-wcrtomb.o)
                0x000000000000ca4c                wcrtomb
 .text          0x000000000000cb0c        0x0 c:/intelfpga_lite/16.1/nios2eds/bin/gnu/h-x86_64-mingw32/bin/../lib/gcc/nios2-elf/5.3.0/../../../../../H-x86_64-mingw32/nios2-elf/lib/mhw-mulx\libc.a(lib_a-wctomb_r.o)
 .text.__ascii_wctomb
                0x000000000000cb0c       0x30 c:/intelfpga_lite/16.1/nios2eds/bin/gnu/h-x86_64-mingw32/bin/../lib/gcc/nios2-elf/5.3.0/../../../../../H-x86_64-mingw32/nios2-elf/lib/mhw-mulx\libc.a(lib_a-wctomb_r.o)
                0x000000000000cb0c                __ascii_wctomb
 .text._wctomb_r
                0x000000000000cb3c       0x5c c:/intelfpga_lite/16.1/nios2eds/bin/gnu/h-x86_64-mingw32/bin/../lib/gcc/nios2-elf/5.3.0/../../../../../H-x86_64-mingw32/nios2-elf/lib/mhw-mulx\libc.a(lib_a-wctomb_r.o)
                0x000000000000cb3c                _wctomb_r
 .text          0x000000000000cb98      0x578 c:/intelfpga_lite/16.1/nios2eds/bin/gnu/h-x86_64-mingw32/bin/../lib/gcc/nios2-elf/5.3.0/mhw-mulx\libgcc.a(_udivdi3.o)
                0x000000000000cb98                __udivdi3
 .text          0x000000000000d110      0x538 c:/intelfpga_lite/16.1/nios2eds/bin/gnu/h-x86_64-mingw32/bin/../lib/gcc/nios2-elf/5.3.0/mhw-mulx\libgcc.a(_umoddi3.o)
                0x000000000000d110                __umoddi3
 .text          0x000000000000d648      0x1b4 c:/intelfpga_lite/16.1/nios2eds/bin/gnu/h-x86_64-mingw32/bin/../lib/gcc/nios2-elf/5.3.0/mhw-mulx\libgcc.a(lib2-divmod.o)
                0x000000000000d648                __divsi3
                0x000000000000d6cc                __modsi3
                0x000000000000d740                __udivsi3
                0x000000000000d7a4                __umodsi3
 .text          0x000000000000d7fc      0x8e8 c:/intelfpga_lite/16.1/nios2eds/bin/gnu/h-x86_64-mingw32/bin/../lib/gcc/nios2-elf/5.3.0/mhw-mulx\libgcc.a(divdf3.o)
                0x000000000000d7fc                __divdf3
 .text          0x000000000000e0e4       0x88 c:/intelfpga_lite/16.1/nios2eds/bin/gnu/h-x86_64-mingw32/bin/../lib/gcc/nios2-elf/5.3.0/mhw-mulx\libgcc.a(eqdf2.o)
                0x000000000000e0e4                __nedf2
                0x000000000000e0e4                __eqdf2
 .text          0x000000000000e16c      0x718 c:/intelfpga_lite/16.1/nios2eds/bin/gnu/h-x86_64-mingw32/bin/../lib/gcc/nios2-elf/5.3.0/mhw-mulx\libgcc.a(muldf3.o)
                0x000000000000e16c                __muldf3
 .text          0x000000000000e884      0x8fc c:/intelfpga_lite/16.1/nios2eds/bin/gnu/h-x86_64-mingw32/bin/../lib/gcc/nios2-elf/5.3.0/mhw-mulx\libgcc.a(subdf3.o)
                0x000000000000e884                __subdf3
 .text          0x000000000000f180       0x80 c:/intelfpga_lite/16.1/nios2eds/bin/gnu/h-x86_64-mingw32/bin/../lib/gcc/nios2-elf/5.3.0/mhw-mulx\libgcc.a(fixdfsi.o)
                0x000000000000f180                __fixdfsi
 .text          0x000000000000f200       0xdc c:/intelfpga_lite/16.1/nios2eds/bin/gnu/h-x86_64-mingw32/bin/../lib/gcc/nios2-elf/5.3.0/mhw-mulx\libgcc.a(floatsidf.o)
                0x000000000000f200                __floatsidf
 .text          0x000000000000f2dc       0xa8 c:/intelfpga_lite/16.1/nios2eds/bin/gnu/h-x86_64-mingw32/bin/../lib/gcc/nios2-elf/5.3.0/mhw-mulx\libgcc.a(floatunsidf.o)
                0x000000000000f2dc                __floatunsidf
 .text          0x000000000000f384      0x10c C:/src/KAU_EMBEDED_19/Quartus/software/DEFAULT_SETTING_bsp/\libhal_bsp.a(alt_close.o)
                0x000000000000f3c0                close
 .text          0x000000000000f490       0x2c C:/src/KAU_EMBEDED_19/Quartus/software/DEFAULT_SETTING_bsp/\libhal_bsp.a(alt_dev.o)
 .text          0x000000000000f4bc        0x0 C:/src/KAU_EMBEDED_19/Quartus/software/DEFAULT_SETTING_bsp/\libhal_bsp.a(alt_errno.o)
 .text          0x000000000000f4bc       0xec C:/src/KAU_EMBEDED_19/Quartus/software/DEFAULT_SETTING_bsp/\libhal_bsp.a(alt_fstat.o)
                0x000000000000f4f8                fstat
 .text          0x000000000000f5a8      0x180 C:/src/KAU_EMBEDED_19/Quartus/software/DEFAULT_SETTING_bsp/\libhal_bsp.a(alt_irq_register.o)
                0x000000000000f5a8                alt_irq_register
 .text          0x000000000000f728        0x0 C:/src/KAU_EMBEDED_19/Quartus/software/DEFAULT_SETTING_bsp/\libhal_bsp.a(alt_irq_vars.o)
 .text          0x000000000000f728       0xe0 C:/src/KAU_EMBEDED_19/Quartus/software/DEFAULT_SETTING_bsp/\libhal_bsp.a(alt_isatty.o)
                0x000000000000f764                isatty
 .text          0x000000000000f808       0xec C:/src/KAU_EMBEDED_19/Quartus/software/DEFAULT_SETTING_bsp/\libhal_bsp.a(alt_load.o)
                0x000000000000f870                alt_load
 .text          0x000000000000f8f4      0x110 C:/src/KAU_EMBEDED_19/Quartus/software/DEFAULT_SETTING_bsp/\libhal_bsp.a(alt_lseek.o)
                0x000000000000f930                lseek
 .text          0x000000000000fa04       0x7c C:/src/KAU_EMBEDED_19/Quartus/software/DEFAULT_SETTING_bsp/\libhal_bsp.a(alt_main.o)
                0x000000000000fa04                alt_main
 .text          0x000000000000fa80       0x48 C:/src/KAU_EMBEDED_19/Quartus/software/DEFAULT_SETTING_bsp/\libhal_bsp.a(alt_malloc_lock.o)
                0x000000000000fa80                __malloc_lock
                0x000000000000faa4                __malloc_unlock
 .text          0x000000000000fac8      0x138 C:/src/KAU_EMBEDED_19/Quartus/software/DEFAULT_SETTING_bsp/\libhal_bsp.a(alt_read.o)
                0x000000000000fb04                read
 .text          0x000000000000fc00       0x64 C:/src/KAU_EMBEDED_19/Quartus/software/DEFAULT_SETTING_bsp/\libhal_bsp.a(alt_release_fd.o)
                0x000000000000fc00                alt_release_fd
 .text          0x000000000000fc64       0xb0 C:/src/KAU_EMBEDED_19/Quartus/software/DEFAULT_SETTING_bsp/\libhal_bsp.a(alt_sbrk.o)
                0x000000000000fc64                sbrk
 .text          0x000000000000fd14      0x134 C:/src/KAU_EMBEDED_19/Quartus/software/DEFAULT_SETTING_bsp/\libhal_bsp.a(alt_write.o)
                0x000000000000fd50                write
 .text          0x000000000000fe48      0x7fc C:/src/KAU_EMBEDED_19/Quartus/software/DEFAULT_SETTING_bsp/\libhal_bsp.a(alt_sys_init.o)
                0x000000000000fe7c                alt_irq_init
                0x000000000000feb4                alt_sys_init
 .text          0x0000000000010644      0x164 C:/src/KAU_EMBEDED_19/Quartus/software/DEFAULT_SETTING_bsp/\libhal_bsp.a(altera_avalon_jtag_uart_fd.o)
                0x0000000000010644                altera_avalon_jtag_uart_read_fd
                0x00000000000106a4                altera_avalon_jtag_uart_write_fd
                0x0000000000010704                altera_avalon_jtag_uart_close_fd
                0x0000000000010754                altera_avalon_jtag_uart_ioctl_fd
 .text          0x00000000000107a8      0x3cc C:/src/KAU_EMBEDED_19/Quartus/software/DEFAULT_SETTING_bsp/\libhal_bsp.a(altera_avalon_jtag_uart_init.o)
                0x00000000000107a8                altera_avalon_jtag_uart_init
                0x0000000000010b0c                altera_avalon_jtag_uart_close
 .text          0x0000000000010b74       0xf0 C:/src/KAU_EMBEDED_19/Quartus/software/DEFAULT_SETTING_bsp/\libhal_bsp.a(altera_avalon_jtag_uart_ioctl.o)
                0x0000000000010b74                altera_avalon_jtag_uart_ioctl
 .text          0x0000000000010c64      0x21c C:/src/KAU_EMBEDED_19/Quartus/software/DEFAULT_SETTING_bsp/\libhal_bsp.a(altera_avalon_jtag_uart_read.o)
                0x0000000000010c64                altera_avalon_jtag_uart_read
 .text          0x0000000000010e80      0x224 C:/src/KAU_EMBEDED_19/Quartus/software/DEFAULT_SETTING_bsp/\libhal_bsp.a(altera_avalon_jtag_uart_write.o)
                0x0000000000010e80                altera_avalon_jtag_uart_write
 .text          0x00000000000110a4       0xf0 C:/src/KAU_EMBEDED_19/Quartus/software/DEFAULT_SETTING_bsp/\libhal_bsp.a(altera_avalon_timer_sc.o)
                0x0000000000011120                alt_avalon_timer_sc_init
 .text          0x0000000000011194      0x38c C:/src/KAU_EMBEDED_19/Quartus/software/DEFAULT_SETTING_bsp/\libhal_bsp.a(altera_up_avalon_irda.o)
                0x0000000000011194                alt_up_irda_enable_read_interrupt
                0x00000000000111f0                alt_up_irda_disable_read_interrupt
                0x0000000000011250                alt_up_irda_get_used_space_in_read_FIFO
                0x0000000000011290                alt_up_irda_get_available_space_in_write_FIFO
                0x00000000000112cc                alt_up_irda_check_parity
                0x0000000000011310                alt_up_irda_write_data
                0x0000000000011350                alt_up_irda_read_data
                0x00000000000113c4                alt_up_irda_read_fd
                0x0000000000011454                alt_up_irda_write_fd
                0x00000000000114e4                alt_up_irda_open_dev
 .text          0x0000000000011520      0x6b0 C:/src/KAU_EMBEDED_19/Quartus/software/DEFAULT_SETTING_bsp/\libhal_bsp.a(altera_up_avalon_ps2.o)
                0x0000000000011520                read_RI_bit
                0x0000000000011554                read_RE_bit
                0x0000000000011584                read_CE_bit
                0x00000000000115b8                read_num_bytes_available
                0x00000000000115e8                read_data_valid
                0x000000000001161c                read_data_byte
                0x0000000000011648                alt_up_ps2_init
                0x0000000000011710                alt_up_ps2_enable_read_interrupt
                0x000000000001176c                alt_up_ps2_disable_read_interrupt
                0x00000000000117cc                alt_up_ps2_write_data_byte
                0x0000000000011840                alt_up_ps2_wait_for_ack
                0x00000000000118a8                alt_up_ps2_write_data_byte_with_ack
                0x000000000001190c                alt_up_ps2_read_data_byte_timeout
                0x00000000000119a8                alt_up_ps2_read_data_byte
                0x0000000000011a18                alt_up_ps2_clear_fifo
                0x0000000000011a70                alt_up_ps2_read_fd
                0x0000000000011afc                alt_up_ps2_write_fd
                0x0000000000011b94                alt_up_ps2_open_dev
 .text          0x0000000000011bd0      0x12c C:/src/KAU_EMBEDED_19/Quartus/software/DEFAULT_SETTING_bsp/\libhal_bsp.a(alt_alarm_start.o)
                0x0000000000011bd0                alt_alarm_start
 .text          0x0000000000011cfc       0x20 C:/src/KAU_EMBEDED_19/Quartus/software/DEFAULT_SETTING_bsp/\libhal_bsp.a(alt_dcache_flush_all.o)
                0x0000000000011cfc                alt_dcache_flush_all
 .text          0x0000000000011d1c       0xe0 C:/src/KAU_EMBEDED_19/Quartus/software/DEFAULT_SETTING_bsp/\libhal_bsp.a(alt_dev_llist_insert.o)
                0x0000000000011d58                alt_dev_llist_insert
 .text          0x0000000000011dfc       0x60 C:/src/KAU_EMBEDED_19/Quartus/software/DEFAULT_SETTING_bsp/\libhal_bsp.a(alt_do_ctors.o)
                0x0000000000011dfc                _do_ctors
 .text          0x0000000000011e5c       0x60 C:/src/KAU_EMBEDED_19/Quartus/software/DEFAULT_SETTING_bsp/\libhal_bsp.a(alt_do_dtors.o)
                0x0000000000011e5c                _do_dtors
 .text          0x0000000000011ebc       0x90 C:/src/KAU_EMBEDED_19/Quartus/software/DEFAULT_SETTING_bsp/\libhal_bsp.a(alt_find_dev.o)
                0x0000000000011ebc                alt_find_dev
 .text          0x0000000000011f4c       0x34 C:/src/KAU_EMBEDED_19/Quartus/software/DEFAULT_SETTING_bsp/\libhal_bsp.a(alt_icache_flush_all.o)
                0x0000000000011f4c                alt_icache_flush_all
 .text          0x0000000000011f80      0x140 C:/src/KAU_EMBEDED_19/Quartus/software/DEFAULT_SETTING_bsp/\libhal_bsp.a(alt_io_redirect.o)
                0x0000000000012044                alt_io_redirect
 .text          0x00000000000120c0        0x0 C:/src/KAU_EMBEDED_19/Quartus/software/DEFAULT_SETTING_bsp/\libhal_bsp.a(alt_irq_entry.o)
 .text          0x00000000000120c0        0x0 C:/src/KAU_EMBEDED_19/Quartus/software/DEFAULT_SETTING_bsp/\libhal_bsp.a(alt_irq_handler.o)
 .text          0x00000000000120c0      0x254 C:/src/KAU_EMBEDED_19/Quartus/software/DEFAULT_SETTING_bsp/\libhal_bsp.a(alt_open.o)
                0x00000000000121c0                open
 .text          0x0000000000012314      0x1a4 C:/src/KAU_EMBEDED_19/Quartus/software/DEFAULT_SETTING_bsp/\libhal_bsp.a(alt_tick.o)
                0x0000000000012314                alt_alarm_stop
                0x00000000000123b0                alt_tick
 .text          0x00000000000124b8       0x24 C:/src/KAU_EMBEDED_19/Quartus/software/DEFAULT_SETTING_bsp/\libhal_bsp.a(altera_nios2_gen2_irq.o)
                0x00000000000124b8                altera_nios2_gen2_irq_init
 .text          0x00000000000124dc        0x0 C:/src/KAU_EMBEDED_19/Quartus/software/DEFAULT_SETTING_bsp/\libhal_bsp.a(alt_exception_entry.o)
 .text          0x00000000000124dc      0x108 C:/src/KAU_EMBEDED_19/Quartus/software/DEFAULT_SETTING_bsp/\libhal_bsp.a(alt_find_file.o)
                0x00000000000124dc                alt_find_file
 .text          0x00000000000125e4       0xa4 C:/src/KAU_EMBEDED_19/Quartus/software/DEFAULT_SETTING_bsp/\libhal_bsp.a(alt_get_fd.o)
                0x00000000000125e4                alt_get_fd
 .text          0x0000000000012688       0x90 C:/src/KAU_EMBEDED_19/Quartus/software/DEFAULT_SETTING_bsp/\libhal_bsp.a(alt_icache_flush.o)
                0x0000000000012688                alt_icache_flush
 .text          0x0000000000012718       0x9c C:/src/KAU_EMBEDED_19/Quartus/software/DEFAULT_SETTING_bsp/\libhal_bsp.a(alt_instruction_exception_entry.o)
                0x0000000000012718                alt_exception_cause_generated_bad_addr
 .text          0x00000000000127b4        0x0 c:/intelfpga_lite/16.1/nios2eds/bin/gnu/h-x86_64-mingw32/bin/../lib/gcc/nios2-elf/5.3.0/../../../../../H-x86_64-mingw32/nios2-elf/lib/mhw-mulx\libc.a(lib_a-atexit.o)
 .text.atexit   0x00000000000127b4       0x14 c:/intelfpga_lite/16.1/nios2eds/bin/gnu/h-x86_64-mingw32/bin/../lib/gcc/nios2-elf/5.3.0/../../../../../H-x86_64-mingw32/nios2-elf/lib/mhw-mulx\libc.a(lib_a-atexit.o)
                0x00000000000127b4                atexit
 .text          0x00000000000127c8        0x0 c:/intelfpga_lite/16.1/nios2eds/bin/gnu/h-x86_64-mingw32/bin/../lib/gcc/nios2-elf/5.3.0/../../../../../H-x86_64-mingw32/nios2-elf/lib/mhw-mulx\libc.a(lib_a-exit.o)
 .text.exit     0x00000000000127c8       0x38 c:/intelfpga_lite/16.1/nios2eds/bin/gnu/h-x86_64-mingw32/bin/../lib/gcc/nios2-elf/5.3.0/../../../../../H-x86_64-mingw32/nios2-elf/lib/mhw-mulx\libc.a(lib_a-exit.o)
                0x00000000000127c8                exit
 .text          0x0000000000012800        0x0 c:/intelfpga_lite/16.1/nios2eds/bin/gnu/h-x86_64-mingw32/bin/../lib/gcc/nios2-elf/5.3.0/../../../../../H-x86_64-mingw32/nios2-elf/lib/mhw-mulx\libc.a(lib_a-memcmp.o)
 .text.memcmp   0x0000000000012800       0x7c c:/intelfpga_lite/16.1/nios2eds/bin/gnu/h-x86_64-mingw32/bin/../lib/gcc/nios2-elf/5.3.0/../../../../../H-x86_64-mingw32/nios2-elf/lib/mhw-mulx\libc.a(lib_a-memcmp.o)
                0x0000000000012800                memcmp
 .text          0x000000000001287c        0x0 c:/intelfpga_lite/16.1/nios2eds/bin/gnu/h-x86_64-mingw32/bin/../lib/gcc/nios2-elf/5.3.0/../../../../../H-x86_64-mingw32/nios2-elf/lib/mhw-mulx\libc.a(lib_a-__atexit.o)
 .text.__register_exitproc
                0x000000000001287c      0x118 c:/intelfpga_lite/16.1/nios2eds/bin/gnu/h-x86_64-mingw32/bin/../lib/gcc/nios2-elf/5.3.0/../../../../../H-x86_64-mingw32/nios2-elf/lib/mhw-mulx\libc.a(lib_a-__atexit.o)
                0x000000000001287c                __register_exitproc
 .text          0x0000000000012994        0x0 c:/intelfpga_lite/16.1/nios2eds/bin/gnu/h-x86_64-mingw32/bin/../lib/gcc/nios2-elf/5.3.0/../../../../../H-x86_64-mingw32/nios2-elf/lib/mhw-mulx\libc.a(lib_a-__call_atexit.o)
 .text.__call_exitprocs
                0x0000000000012994      0x180 c:/intelfpga_lite/16.1/nios2eds/bin/gnu/h-x86_64-mingw32/bin/../lib/gcc/nios2-elf/5.3.0/../../../../../H-x86_64-mingw32/nios2-elf/lib/mhw-mulx\libc.a(lib_a-__call_atexit.o)
                0x0000000000012994                __call_exitprocs
 .text          0x0000000000012b14       0x34 C:/src/KAU_EMBEDED_19/Quartus/software/DEFAULT_SETTING_bsp/\libhal_bsp.a(alt_exit.o)
                0x0000000000012b14                _exit
 *(.gnu.warning.*)
 *(.fini)
                [!provide]                        PROVIDE (__etext, ABSOLUTE (.))
                [!provide]                        PROVIDE (_etext, ABSOLUTE (.))
                [!provide]                        PROVIDE (etext, ABSOLUTE (.))
 *(.eh_frame_hdr)
                0x0000000000012b48                . = ALIGN (0x4)
                [!provide]                        PROVIDE (__preinit_array_start, ABSOLUTE (.))
 *(.preinit_array)
                [!provide]                        PROVIDE (__preinit_array_end, ABSOLUTE (.))
                [!provide]                        PROVIDE (__init_array_start, ABSOLUTE (.))
 *(.init_array)
                [!provide]                        PROVIDE (__init_array_end, ABSOLUTE (.))
                [!provide]                        PROVIDE (__fini_array_start, ABSOLUTE (.))
 *(.fini_array)
                [!provide]                        PROVIDE (__fini_array_end, ABSOLUTE (.))
 *(.eh_frame)
 *(.gcc_except_table .gcc_except_table.*)
 *(.dynamic)
                0x0000000000012b48                PROVIDE (__CTOR_LIST__, ABSOLUTE (.))
 *(.ctors)
 *(SORT(.ctors.*))
                0x0000000000012b48                PROVIDE (__CTOR_END__, ABSOLUTE (.))
                0x0000000000012b48                PROVIDE (__DTOR_LIST__, ABSOLUTE (.))
 *(.dtors)
 *(SORT(.dtors.*))
                0x0000000000012b48                PROVIDE (__DTOR_END__, ABSOLUTE (.))
 *(.jcr)
                0x0000000000012b48                . = ALIGN (0x4)

.rodata         0x0000000000012b48    0x51c44
                0x0000000000012b48                PROVIDE (__ram_rodata_start, ABSOLUTE (.))
                0x0000000000012b48                . = ALIGN (0x4)
 *(.rodata .rodata.* .gnu.linkonce.r.*)
 .rodata        0x0000000000012b48    0x51862 obj/default/main.o
                0x0000000000012b48                IMG_SetAlarm
                0x0000000000013e48                IMG_Alarm
                0x00000000000143fe                IMG_Num0_S
                0x0000000000014686                IMG_Num1_S
                0x000000000001490e                IMG_Num2_S
                0x0000000000014b96                IMG_Num3_S
                0x0000000000014e1e                IMG_Num4_S
                0x00000000000150a6                IMG_Num5_S
                0x000000000001532e                IMG_Num6_S
                0x00000000000155b6                IMG_Num7_S
                0x000000000001583e                IMG_Num8_S
                0x0000000000015ac6                IMG_Num9_S
                0x0000000000015d4e                IMG_Clone_S
                0x0000000000015e66                IMG_Cursor_L
                0x000000000001607a                IMG_Cursor_S
                0x00000000000161ce                IMG_AlarmFrame
                0x00000000000200a6                IMG_ButtonA_F
                0x00000000000211ec                IMG_ButtonA_T
                0x0000000000022332                IMG_ButtonB_F
                0x0000000000023478                IMG_ButtonB_T
                0x00000000000245be                IMG_ButtonC_F
                0x0000000000025704                IMG_ButtonC_T
                0x000000000002684a                IMG_ButtonD_F
                0x0000000000027990                IMG_ButtonD_T
                0x0000000000028ad6                IMG_ButtonE_F
                0x0000000000029c1c                IMG_ButtonE_T
                0x000000000002ad62                IMG_Humidity
                0x000000000002b318                IMG_Temperature
                0x000000000002b8ce                IMG_IconBlue
                0x000000000002bb5a                IMG_IconRed
                0x000000000002bde6                IMG_PlayTrackFrame_A
                0x00000000000364ca                IMG_PlayTrackFrame_B
                0x0000000000040bae                IMG_RecordBarBG
                0x00000000000424b2                IMG_RecordBarBlue
                0x0000000000043db6                IMG_RecordBarRed
                0x00000000000456ba                IMG_RecordTrackFrame_A
                0x000000000004fd9e                IMG_RecordTrackFrame_B
                0x000000000005a482                IMG_TimeFrame2
 .rodata        0x00000000000643aa      0x100 c:/intelfpga_lite/16.1/nios2eds/bin/gnu/h-x86_64-mingw32/bin/../lib/gcc/nios2-elf/5.3.0/mhw-mulx\libgcc.a(_clz.o)
                0x00000000000643aa                __clz_tab
 *fill*         0x00000000000644aa        0x2 
 .rodata.str1.4
                0x00000000000644ac        0x2 c:/intelfpga_lite/16.1/nios2eds/bin/gnu/h-x86_64-mingw32/bin/../lib/gcc/nios2-elf/5.3.0/../../../../../H-x86_64-mingw32/nios2-elf/lib/mhw-mulx\libc.a(lib_a-puts.o)
 *fill*         0x00000000000644ae        0x2 
 .rodata.str1.4
                0x00000000000644b0       0x42 c:/intelfpga_lite/16.1/nios2eds/bin/gnu/h-x86_64-mingw32/bin/../lib/gcc/nios2-elf/5.3.0/../../../../../H-x86_64-mingw32/nios2-elf/lib/mhw-mulx\libc.a(lib_a-vfprintf.o)
 .rodata.zeroes.4404
                0x00000000000644f2       0x10 c:/intelfpga_lite/16.1/nios2eds/bin/gnu/h-x86_64-mingw32/bin/../lib/gcc/nios2-elf/5.3.0/../../../../../H-x86_64-mingw32/nios2-elf/lib/mhw-mulx\libc.a(lib_a-vfprintf.o)
 .rodata.blanks.4403
                0x0000000000064502       0x10 c:/intelfpga_lite/16.1/nios2eds/bin/gnu/h-x86_64-mingw32/bin/../lib/gcc/nios2-elf/5.3.0/../../../../../H-x86_64-mingw32/nios2-elf/lib/mhw-mulx\libc.a(lib_a-vfprintf.o)
 *fill*         0x0000000000064512        0x2 
 .rodata.str1.4
                0x0000000000064514       0x10 c:/intelfpga_lite/16.1/nios2eds/bin/gnu/h-x86_64-mingw32/bin/../lib/gcc/nios2-elf/5.3.0/../../../../../H-x86_64-mingw32/nios2-elf/lib/mhw-mulx\libc.a(lib_a-dtoa.o)
                                         0x12 (size before relaxing)
 .rodata.str1.4
                0x0000000000064524        0x2 c:/intelfpga_lite/16.1/nios2eds/bin/gnu/h-x86_64-mingw32/bin/../lib/gcc/nios2-elf/5.3.0/../../../../../H-x86_64-mingw32/nios2-elf/lib/mhw-mulx\libc.a(lib_a-impure.o)
 *fill*         0x0000000000064526        0x2 
 .rodata.str1.4
                0x0000000000064528        0xc c:/intelfpga_lite/16.1/nios2eds/bin/gnu/h-x86_64-mingw32/bin/../lib/gcc/nios2-elf/5.3.0/../../../../../H-x86_64-mingw32/nios2-elf/lib/mhw-mulx\libc.a(lib_a-locale.o)
                                         0x12 (size before relaxing)
 .rodata.p05.2768
                0x0000000000064534        0xc c:/intelfpga_lite/16.1/nios2eds/bin/gnu/h-x86_64-mingw32/bin/../lib/gcc/nios2-elf/5.3.0/../../../../../H-x86_64-mingw32/nios2-elf/lib/mhw-mulx\libc.a(lib_a-mprec.o)
 .rodata.__mprec_tinytens
                0x0000000000064540       0x28 c:/intelfpga_lite/16.1/nios2eds/bin/gnu/h-x86_64-mingw32/bin/../lib/gcc/nios2-elf/5.3.0/../../../../../H-x86_64-mingw32/nios2-elf/lib/mhw-mulx\libc.a(lib_a-mprec.o)
                0x0000000000064540                __mprec_tinytens
 .rodata.__mprec_bigtens
                0x0000000000064568       0x28 c:/intelfpga_lite/16.1/nios2eds/bin/gnu/h-x86_64-mingw32/bin/../lib/gcc/nios2-elf/5.3.0/../../../../../H-x86_64-mingw32/nios2-elf/lib/mhw-mulx\libc.a(lib_a-mprec.o)
                0x0000000000064568                __mprec_bigtens
 .rodata.__mprec_tens
                0x0000000000064590       0xc8 c:/intelfpga_lite/16.1/nios2eds/bin/gnu/h-x86_64-mingw32/bin/../lib/gcc/nios2-elf/5.3.0/../../../../../H-x86_64-mingw32/nios2-elf/lib/mhw-mulx\libc.a(lib_a-mprec.o)
                0x0000000000064590                __mprec_tens
 .rodata.str1.4
                0x0000000000064658       0x2f c:/intelfpga_lite/16.1/nios2eds/bin/gnu/h-x86_64-mingw32/bin/../lib/gcc/nios2-elf/5.3.0/../../../../../H-x86_64-mingw32/nios2-elf/lib/mhw-mulx\libc.a(lib_a-vfiprintf.o)
 .rodata.zeroes.4349
                0x0000000000064658       0x10 c:/intelfpga_lite/16.1/nios2eds/bin/gnu/h-x86_64-mingw32/bin/../lib/gcc/nios2-elf/5.3.0/../../../../../H-x86_64-mingw32/nios2-elf/lib/mhw-mulx\libc.a(lib_a-vfiprintf.o)
 .rodata.blanks.4348
                0x0000000000064668       0x10 c:/intelfpga_lite/16.1/nios2eds/bin/gnu/h-x86_64-mingw32/bin/../lib/gcc/nios2-elf/5.3.0/../../../../../H-x86_64-mingw32/nios2-elf/lib/mhw-mulx\libc.a(lib_a-vfiprintf.o)
 .rodata        0x0000000000064678        0xa C:/src/KAU_EMBEDED_19/Quartus/software/DEFAULT_SETTING_bsp/\libhal_bsp.a(alt_dev.o)
 *fill*         0x0000000000064682        0x2 
 .rodata        0x0000000000064684        0xf C:/src/KAU_EMBEDED_19/Quartus/software/DEFAULT_SETTING_bsp/\libhal_bsp.a(alt_main.o)
 *fill*         0x0000000000064693        0x1 
 .rodata        0x0000000000064694       0xf5 C:/src/KAU_EMBEDED_19/Quartus/software/DEFAULT_SETTING_bsp/\libhal_bsp.a(alt_sys_init.o)
 *(.rodata1)
                0x000000000006478c                . = ALIGN (0x4)
 *fill*         0x0000000000064789        0x3 
                0x000000000006478c                PROVIDE (__ram_rodata_end, ABSOLUTE (.))
                0x0000000000012b48                PROVIDE (__flash_rodata_start, LOADADDR (.rodata))

.rwdata         0x000000000006478c     0x2f90 load address 0x000000000006771c
                0x000000000006478c                PROVIDE (__ram_rwdata_start, ABSOLUTE (.))
                0x000000000006478c                . = ALIGN (0x4)
 *(.got.plt)
 *(.got)
 *(.data1)
 *(.data .data.* .gnu.linkonce.d.*)
 .data          0x000000000006478c        0x0 C:/src/KAU_EMBEDED_19/Quartus/software/DEFAULT_SETTING_bsp//obj/HAL/src/crt0.o
 .data          0x000000000006478c        0x0 obj/default/TEM_HUE.o
 .data          0x000000000006478c     0x122c obj/default/main.o
                0x000000000006478c                IMG_morning_L
                0x00000000000650a2                IMG_afternoon_L
 .data          0x00000000000659b8        0x0 c:/intelfpga_lite/16.1/nios2eds/bin/gnu/h-x86_64-mingw32/bin/../lib/gcc/nios2-elf/5.3.0/mhw-mulx\libgcc.a(adddf3.o)
 .data          0x00000000000659b8        0x0 c:/intelfpga_lite/16.1/nios2eds/bin/gnu/h-x86_64-mingw32/bin/../lib/gcc/nios2-elf/5.3.0/mhw-mulx\libgcc.a(gedf2.o)
 .data          0x00000000000659b8        0x0 c:/intelfpga_lite/16.1/nios2eds/bin/gnu/h-x86_64-mingw32/bin/../lib/gcc/nios2-elf/5.3.0/mhw-mulx\libgcc.a(ledf2.o)
 .data          0x00000000000659b8        0x0 c:/intelfpga_lite/16.1/nios2eds/bin/gnu/h-x86_64-mingw32/bin/../lib/gcc/nios2-elf/5.3.0/mhw-mulx\libgcc.a(_clzsi2.o)
 .data          0x00000000000659b8        0x0 c:/intelfpga_lite/16.1/nios2eds/bin/gnu/h-x86_64-mingw32/bin/../lib/gcc/nios2-elf/5.3.0/mhw-mulx\libgcc.a(_clz.o)
 .data          0x00000000000659b8        0x0 c:/intelfpga_lite/16.1/nios2eds/bin/gnu/h-x86_64-mingw32/bin/../lib/gcc/nios2-elf/5.3.0/../../../../../H-x86_64-mingw32/nios2-elf/lib/mhw-mulx\libc.a(lib_a-printf.o)
 .data          0x00000000000659b8        0x0 c:/intelfpga_lite/16.1/nios2eds/bin/gnu/h-x86_64-mingw32/bin/../lib/gcc/nios2-elf/5.3.0/../../../../../H-x86_64-mingw32/nios2-elf/lib/mhw-mulx\libc.a(lib_a-puts.o)
 .data          0x00000000000659b8        0x0 c:/intelfpga_lite/16.1/nios2eds/bin/gnu/h-x86_64-mingw32/bin/../lib/gcc/nios2-elf/5.3.0/../../../../../H-x86_64-mingw32/nios2-elf/lib/mhw-mulx\libc.a(lib_a-rand.o)
 .data          0x00000000000659b8        0x0 c:/intelfpga_lite/16.1/nios2eds/bin/gnu/h-x86_64-mingw32/bin/../lib/gcc/nios2-elf/5.3.0/../../../../../H-x86_64-mingw32/nios2-elf/lib/mhw-mulx\libc.a(lib_a-strlen.o)
 .data          0x00000000000659b8        0x0 c:/intelfpga_lite/16.1/nios2eds/bin/gnu/h-x86_64-mingw32/bin/../lib/gcc/nios2-elf/5.3.0/../../../../../H-x86_64-mingw32/nios2-elf/lib/mhw-mulx\libc.a(lib_a-vfprintf.o)
 .data          0x00000000000659b8        0x0 c:/intelfpga_lite/16.1/nios2eds/bin/gnu/h-x86_64-mingw32/bin/../lib/gcc/nios2-elf/5.3.0/../../../../../H-x86_64-mingw32/nios2-elf/lib/mhw-mulx\libc.a(lib_a-wsetup.o)
 .data          0x00000000000659b8        0x0 c:/intelfpga_lite/16.1/nios2eds/bin/gnu/h-x86_64-mingw32/bin/../lib/gcc/nios2-elf/5.3.0/../../../../../H-x86_64-mingw32/nios2-elf/lib/mhw-mulx\libc.a(lib_a-dtoa.o)
 .data          0x00000000000659b8        0x0 c:/intelfpga_lite/16.1/nios2eds/bin/gnu/h-x86_64-mingw32/bin/../lib/gcc/nios2-elf/5.3.0/../../../../../H-x86_64-mingw32/nios2-elf/lib/mhw-mulx\libc.a(lib_a-fflush.o)
 .data          0x00000000000659b8        0x0 c:/intelfpga_lite/16.1/nios2eds/bin/gnu/h-x86_64-mingw32/bin/../lib/gcc/nios2-elf/5.3.0/../../../../../H-x86_64-mingw32/nios2-elf/lib/mhw-mulx\libc.a(lib_a-findfp.o)
 .data          0x00000000000659b8        0x0 c:/intelfpga_lite/16.1/nios2eds/bin/gnu/h-x86_64-mingw32/bin/../lib/gcc/nios2-elf/5.3.0/../../../../../H-x86_64-mingw32/nios2-elf/lib/mhw-mulx\libc.a(lib_a-freer.o)
 .data          0x00000000000659b8        0x0 c:/intelfpga_lite/16.1/nios2eds/bin/gnu/h-x86_64-mingw32/bin/../lib/gcc/nios2-elf/5.3.0/../../../../../H-x86_64-mingw32/nios2-elf/lib/mhw-mulx\libc.a(lib_a-fvwrite.o)
 .data          0x00000000000659b8        0x0 c:/intelfpga_lite/16.1/nios2eds/bin/gnu/h-x86_64-mingw32/bin/../lib/gcc/nios2-elf/5.3.0/../../../../../H-x86_64-mingw32/nios2-elf/lib/mhw-mulx\libc.a(lib_a-fwalk.o)
 .data          0x00000000000659b8        0x0 c:/intelfpga_lite/16.1/nios2eds/bin/gnu/h-x86_64-mingw32/bin/../lib/gcc/nios2-elf/5.3.0/../../../../../H-x86_64-mingw32/nios2-elf/lib/mhw-mulx\libc.a(lib_a-impure.o)
 .data.impure_data
                0x00000000000659b8      0x424 c:/intelfpga_lite/16.1/nios2eds/bin/gnu/h-x86_64-mingw32/bin/../lib/gcc/nios2-elf/5.3.0/../../../../../H-x86_64-mingw32/nios2-elf/lib/mhw-mulx\libc.a(lib_a-impure.o)
 .data          0x0000000000065ddc        0x0 c:/intelfpga_lite/16.1/nios2eds/bin/gnu/h-x86_64-mingw32/bin/../lib/gcc/nios2-elf/5.3.0/../../../../../H-x86_64-mingw32/nios2-elf/lib/mhw-mulx\libc.a(lib_a-locale.o)
 .data.lc_message_charset
                0x0000000000065ddc       0x20 c:/intelfpga_lite/16.1/nios2eds/bin/gnu/h-x86_64-mingw32/bin/../lib/gcc/nios2-elf/5.3.0/../../../../../H-x86_64-mingw32/nios2-elf/lib/mhw-mulx\libc.a(lib_a-locale.o)
 .data.lc_ctype_charset
                0x0000000000065dfc       0x20 c:/intelfpga_lite/16.1/nios2eds/bin/gnu/h-x86_64-mingw32/bin/../lib/gcc/nios2-elf/5.3.0/../../../../../H-x86_64-mingw32/nios2-elf/lib/mhw-mulx\libc.a(lib_a-locale.o)
 .data.lconv    0x0000000000065e1c       0x38 c:/intelfpga_lite/16.1/nios2eds/bin/gnu/h-x86_64-mingw32/bin/../lib/gcc/nios2-elf/5.3.0/../../../../../H-x86_64-mingw32/nios2-elf/lib/mhw-mulx\libc.a(lib_a-locale.o)
 .data          0x0000000000065e54        0x0 c:/intelfpga_lite/16.1/nios2eds/bin/gnu/h-x86_64-mingw32/bin/../lib/gcc/nios2-elf/5.3.0/../../../../../H-x86_64-mingw32/nios2-elf/lib/mhw-mulx\libc.a(lib_a-makebuf.o)
 .data          0x0000000000065e54        0x0 c:/intelfpga_lite/16.1/nios2eds/bin/gnu/h-x86_64-mingw32/bin/../lib/gcc/nios2-elf/5.3.0/../../../../../H-x86_64-mingw32/nios2-elf/lib/mhw-mulx\libc.a(lib_a-mallocr.o)
 .data.__malloc_av_
                0x0000000000065e54      0x408 c:/intelfpga_lite/16.1/nios2eds/bin/gnu/h-x86_64-mingw32/bin/../lib/gcc/nios2-elf/5.3.0/../../../../../H-x86_64-mingw32/nios2-elf/lib/mhw-mulx\libc.a(lib_a-mallocr.o)
                0x0000000000065e54                __malloc_av_
 .data          0x000000000006625c        0x0 c:/intelfpga_lite/16.1/nios2eds/bin/gnu/h-x86_64-mingw32/bin/../lib/gcc/nios2-elf/5.3.0/../../../../../H-x86_64-mingw32/nios2-elf/lib/mhw-mulx\libc.a(lib_a-memchr.o)
 .data          0x000000000006625c        0x0 c:/intelfpga_lite/16.1/nios2eds/bin/gnu/h-x86_64-mingw32/bin/../lib/gcc/nios2-elf/5.3.0/../../../../../H-x86_64-mingw32/nios2-elf/lib/mhw-mulx\libc.a(lib_a-memcpy.o)
 .data          0x000000000006625c        0x0 c:/intelfpga_lite/16.1/nios2eds/bin/gnu/h-x86_64-mingw32/bin/../lib/gcc/nios2-elf/5.3.0/../../../../../H-x86_64-mingw32/nios2-elf/lib/mhw-mulx\libc.a(lib_a-memmove.o)
 .data          0x000000000006625c        0x0 c:/intelfpga_lite/16.1/nios2eds/bin/gnu/h-x86_64-mingw32/bin/../lib/gcc/nios2-elf/5.3.0/../../../../../H-x86_64-mingw32/nios2-elf/lib/mhw-mulx\libc.a(lib_a-memset.o)
 .data          0x000000000006625c        0x0 c:/intelfpga_lite/16.1/nios2eds/bin/gnu/h-x86_64-mingw32/bin/../lib/gcc/nios2-elf/5.3.0/../../../../../H-x86_64-mingw32/nios2-elf/lib/mhw-mulx\libc.a(lib_a-mprec.o)
 .data          0x000000000006625c        0x0 c:/intelfpga_lite/16.1/nios2eds/bin/gnu/h-x86_64-mingw32/bin/../lib/gcc/nios2-elf/5.3.0/../../../../../H-x86_64-mingw32/nios2-elf/lib/mhw-mulx\libc.a(lib_a-reallocr.o)
 .data          0x000000000006625c        0x0 c:/intelfpga_lite/16.1/nios2eds/bin/gnu/h-x86_64-mingw32/bin/../lib/gcc/nios2-elf/5.3.0/../../../../../H-x86_64-mingw32/nios2-elf/lib/mhw-mulx\libc.a(lib_a-s_fpclassify.o)
 .data          0x000000000006625c        0x0 c:/intelfpga_lite/16.1/nios2eds/bin/gnu/h-x86_64-mingw32/bin/../lib/gcc/nios2-elf/5.3.0/../../../../../H-x86_64-mingw32/nios2-elf/lib/mhw-mulx\libc.a(lib_a-sbrkr.o)
 .data          0x000000000006625c        0x0 c:/intelfpga_lite/16.1/nios2eds/bin/gnu/h-x86_64-mingw32/bin/../lib/gcc/nios2-elf/5.3.0/../../../../../H-x86_64-mingw32/nios2-elf/lib/mhw-mulx\libc.a(lib_a-stdio.o)
 .data          0x000000000006625c        0x0 c:/intelfpga_lite/16.1/nios2eds/bin/gnu/h-x86_64-mingw32/bin/../lib/gcc/nios2-elf/5.3.0/../../../../../H-x86_64-mingw32/nios2-elf/lib/mhw-mulx\libc.a(lib_a-strcmp.o)
 .data          0x000000000006625c        0x0 c:/intelfpga_lite/16.1/nios2eds/bin/gnu/h-x86_64-mingw32/bin/../lib/gcc/nios2-elf/5.3.0/../../../../../H-x86_64-mingw32/nios2-elf/lib/mhw-mulx\libc.a(lib_a-vfiprintf.o)
 .data          0x000000000006625c        0x0 c:/intelfpga_lite/16.1/nios2eds/bin/gnu/h-x86_64-mingw32/bin/../lib/gcc/nios2-elf/5.3.0/../../../../../H-x86_64-mingw32/nios2-elf/lib/mhw-mulx\libc.a(lib_a-writer.o)
 .data          0x000000000006625c        0x0 c:/intelfpga_lite/16.1/nios2eds/bin/gnu/h-x86_64-mingw32/bin/../lib/gcc/nios2-elf/5.3.0/../../../../../H-x86_64-mingw32/nios2-elf/lib/mhw-mulx\libc.a(closer.o)
 .data          0x000000000006625c        0x0 c:/intelfpga_lite/16.1/nios2eds/bin/gnu/h-x86_64-mingw32/bin/../lib/gcc/nios2-elf/5.3.0/../../../../../H-x86_64-mingw32/nios2-elf/lib/mhw-mulx\libc.a(lib_a-callocr.o)
 .data          0x000000000006625c        0x0 c:/intelfpga_lite/16.1/nios2eds/bin/gnu/h-x86_64-mingw32/bin/../lib/gcc/nios2-elf/5.3.0/../../../../../H-x86_64-mingw32/nios2-elf/lib/mhw-mulx\libc.a(lib_a-fclose.o)
 .data          0x000000000006625c        0x0 c:/intelfpga_lite/16.1/nios2eds/bin/gnu/h-x86_64-mingw32/bin/../lib/gcc/nios2-elf/5.3.0/../../../../../H-x86_64-mingw32/nios2-elf/lib/mhw-mulx\libc.a(lib_a-fputwc.o)
 .data          0x000000000006625c        0x0 c:/intelfpga_lite/16.1/nios2eds/bin/gnu/h-x86_64-mingw32/bin/../lib/gcc/nios2-elf/5.3.0/../../../../../H-x86_64-mingw32/nios2-elf/lib/mhw-mulx\libc.a(lib_a-fstatr.o)
 .data          0x000000000006625c        0x0 c:/intelfpga_lite/16.1/nios2eds/bin/gnu/h-x86_64-mingw32/bin/../lib/gcc/nios2-elf/5.3.0/../../../../../H-x86_64-mingw32/nios2-elf/lib/mhw-mulx\libc.a(lib_a-int_errno.o)
 .data          0x000000000006625c        0x0 c:/intelfpga_lite/16.1/nios2eds/bin/gnu/h-x86_64-mingw32/bin/../lib/gcc/nios2-elf/5.3.0/../../../../../H-x86_64-mingw32/nios2-elf/lib/mhw-mulx\libc.a(lib_a-isattyr.o)
 .data          0x000000000006625c        0x0 c:/intelfpga_lite/16.1/nios2eds/bin/gnu/h-x86_64-mingw32/bin/../lib/gcc/nios2-elf/5.3.0/../../../../../H-x86_64-mingw32/nios2-elf/lib/mhw-mulx\libc.a(lib_a-lseekr.o)
 .data          0x000000000006625c        0x0 c:/intelfpga_lite/16.1/nios2eds/bin/gnu/h-x86_64-mingw32/bin/../lib/gcc/nios2-elf/5.3.0/../../../../../H-x86_64-mingw32/nios2-elf/lib/mhw-mulx\libc.a(lib_a-readr.o)
 .data          0x000000000006625c        0x0 c:/intelfpga_lite/16.1/nios2eds/bin/gnu/h-x86_64-mingw32/bin/../lib/gcc/nios2-elf/5.3.0/../../../../../H-x86_64-mingw32/nios2-elf/lib/mhw-mulx\libc.a(lib_a-wbuf.o)
 .data          0x000000000006625c        0x0 c:/intelfpga_lite/16.1/nios2eds/bin/gnu/h-x86_64-mingw32/bin/../lib/gcc/nios2-elf/5.3.0/../../../../../H-x86_64-mingw32/nios2-elf/lib/mhw-mulx\libc.a(lib_a-wcrtomb.o)
 .data          0x000000000006625c        0x0 c:/intelfpga_lite/16.1/nios2eds/bin/gnu/h-x86_64-mingw32/bin/../lib/gcc/nios2-elf/5.3.0/../../../../../H-x86_64-mingw32/nios2-elf/lib/mhw-mulx\libc.a(lib_a-wctomb_r.o)
 .data          0x000000000006625c        0x0 c:/intelfpga_lite/16.1/nios2eds/bin/gnu/h-x86_64-mingw32/bin/../lib/gcc/nios2-elf/5.3.0/mhw-mulx\libgcc.a(_udivdi3.o)
 .data          0x000000000006625c        0x0 c:/intelfpga_lite/16.1/nios2eds/bin/gnu/h-x86_64-mingw32/bin/../lib/gcc/nios2-elf/5.3.0/mhw-mulx\libgcc.a(_umoddi3.o)
 .data          0x000000000006625c        0x0 c:/intelfpga_lite/16.1/nios2eds/bin/gnu/h-x86_64-mingw32/bin/../lib/gcc/nios2-elf/5.3.0/mhw-mulx\libgcc.a(lib2-divmod.o)
 .data          0x000000000006625c        0x0 c:/intelfpga_lite/16.1/nios2eds/bin/gnu/h-x86_64-mingw32/bin/../lib/gcc/nios2-elf/5.3.0/mhw-mulx\libgcc.a(divdf3.o)
 .data          0x000000000006625c        0x0 c:/intelfpga_lite/16.1/nios2eds/bin/gnu/h-x86_64-mingw32/bin/../lib/gcc/nios2-elf/5.3.0/mhw-mulx\libgcc.a(eqdf2.o)
 .data          0x000000000006625c        0x0 c:/intelfpga_lite/16.1/nios2eds/bin/gnu/h-x86_64-mingw32/bin/../lib/gcc/nios2-elf/5.3.0/mhw-mulx\libgcc.a(muldf3.o)
 .data          0x000000000006625c        0x0 c:/intelfpga_lite/16.1/nios2eds/bin/gnu/h-x86_64-mingw32/bin/../lib/gcc/nios2-elf/5.3.0/mhw-mulx\libgcc.a(subdf3.o)
 .data          0x000000000006625c        0x0 c:/intelfpga_lite/16.1/nios2eds/bin/gnu/h-x86_64-mingw32/bin/../lib/gcc/nios2-elf/5.3.0/mhw-mulx\libgcc.a(fixdfsi.o)
 .data          0x000000000006625c        0x0 c:/intelfpga_lite/16.1/nios2eds/bin/gnu/h-x86_64-mingw32/bin/../lib/gcc/nios2-elf/5.3.0/mhw-mulx\libgcc.a(floatsidf.o)
 .data          0x000000000006625c        0x0 c:/intelfpga_lite/16.1/nios2eds/bin/gnu/h-x86_64-mingw32/bin/../lib/gcc/nios2-elf/5.3.0/mhw-mulx\libgcc.a(floatunsidf.o)
 .data          0x000000000006625c        0x0 C:/src/KAU_EMBEDED_19/Quartus/software/DEFAULT_SETTING_bsp/\libhal_bsp.a(alt_close.o)
 .data          0x000000000006625c      0x1a8 C:/src/KAU_EMBEDED_19/Quartus/software/DEFAULT_SETTING_bsp/\libhal_bsp.a(alt_dev.o)
                0x000000000006625c                alt_dev_null
                0x0000000000066284                alt_fd_list
 .data          0x0000000000066404        0x0 C:/src/KAU_EMBEDED_19/Quartus/software/DEFAULT_SETTING_bsp/\libhal_bsp.a(alt_errno.o)
 .data          0x0000000000066404        0x0 C:/src/KAU_EMBEDED_19/Quartus/software/DEFAULT_SETTING_bsp/\libhal_bsp.a(alt_fstat.o)
 .data          0x0000000000066404        0x0 C:/src/KAU_EMBEDED_19/Quartus/software/DEFAULT_SETTING_bsp/\libhal_bsp.a(alt_irq_register.o)
 .data          0x0000000000066404        0x0 C:/src/KAU_EMBEDED_19/Quartus/software/DEFAULT_SETTING_bsp/\libhal_bsp.a(alt_irq_vars.o)
 .data          0x0000000000066404        0x0 C:/src/KAU_EMBEDED_19/Quartus/software/DEFAULT_SETTING_bsp/\libhal_bsp.a(alt_isatty.o)
 .data          0x0000000000066404        0x0 C:/src/KAU_EMBEDED_19/Quartus/software/DEFAULT_SETTING_bsp/\libhal_bsp.a(alt_load.o)
 .data          0x0000000000066404        0x0 C:/src/KAU_EMBEDED_19/Quartus/software/DEFAULT_SETTING_bsp/\libhal_bsp.a(alt_lseek.o)
 .data          0x0000000000066404        0x0 C:/src/KAU_EMBEDED_19/Quartus/software/DEFAULT_SETTING_bsp/\libhal_bsp.a(alt_main.o)
 .data          0x0000000000066404        0x0 C:/src/KAU_EMBEDED_19/Quartus/software/DEFAULT_SETTING_bsp/\libhal_bsp.a(alt_malloc_lock.o)
 .data          0x0000000000066404        0x0 C:/src/KAU_EMBEDED_19/Quartus/software/DEFAULT_SETTING_bsp/\libhal_bsp.a(alt_read.o)
 .data          0x0000000000066404        0x0 C:/src/KAU_EMBEDED_19/Quartus/software/DEFAULT_SETTING_bsp/\libhal_bsp.a(alt_release_fd.o)
 .data          0x0000000000066404        0x0 C:/src/KAU_EMBEDED_19/Quartus/software/DEFAULT_SETTING_bsp/\libhal_bsp.a(alt_sbrk.o)
 .data          0x0000000000066404        0x0 C:/src/KAU_EMBEDED_19/Quartus/software/DEFAULT_SETTING_bsp/\libhal_bsp.a(alt_write.o)
 .data          0x0000000000066404     0x1294 C:/src/KAU_EMBEDED_19/Quartus/software/DEFAULT_SETTING_bsp/\libhal_bsp.a(alt_sys_init.o)
 .data          0x0000000000067698        0x0 C:/src/KAU_EMBEDED_19/Quartus/software/DEFAULT_SETTING_bsp/\libhal_bsp.a(altera_avalon_jtag_uart_fd.o)
 .data          0x0000000000067698        0x0 C:/src/KAU_EMBEDED_19/Quartus/software/DEFAULT_SETTING_bsp/\libhal_bsp.a(altera_avalon_jtag_uart_init.o)
 .data          0x0000000000067698        0x0 C:/src/KAU_EMBEDED_19/Quartus/software/DEFAULT_SETTING_bsp/\libhal_bsp.a(altera_avalon_jtag_uart_ioctl.o)
 .data          0x0000000000067698        0x0 C:/src/KAU_EMBEDED_19/Quartus/software/DEFAULT_SETTING_bsp/\libhal_bsp.a(altera_avalon_jtag_uart_read.o)
 .data          0x0000000000067698        0x0 C:/src/KAU_EMBEDED_19/Quartus/software/DEFAULT_SETTING_bsp/\libhal_bsp.a(altera_avalon_jtag_uart_write.o)
 .data          0x0000000000067698        0x0 C:/src/KAU_EMBEDED_19/Quartus/software/DEFAULT_SETTING_bsp/\libhal_bsp.a(altera_avalon_timer_sc.o)
 .data          0x0000000000067698        0x0 C:/src/KAU_EMBEDED_19/Quartus/software/DEFAULT_SETTING_bsp/\libhal_bsp.a(altera_up_avalon_irda.o)
 .data          0x0000000000067698        0x0 C:/src/KAU_EMBEDED_19/Quartus/software/DEFAULT_SETTING_bsp/\libhal_bsp.a(altera_up_avalon_ps2.o)
 .data          0x0000000000067698        0x0 C:/src/KAU_EMBEDED_19/Quartus/software/DEFAULT_SETTING_bsp/\libhal_bsp.a(alt_alarm_start.o)
 .data          0x0000000000067698        0x0 C:/src/KAU_EMBEDED_19/Quartus/software/DEFAULT_SETTING_bsp/\libhal_bsp.a(alt_dcache_flush_all.o)
 .data          0x0000000000067698        0x0 C:/src/KAU_EMBEDED_19/Quartus/software/DEFAULT_SETTING_bsp/\libhal_bsp.a(alt_dev_llist_insert.o)
 .data          0x0000000000067698        0x0 C:/src/KAU_EMBEDED_19/Quartus/software/DEFAULT_SETTING_bsp/\libhal_bsp.a(alt_do_ctors.o)
 .data          0x0000000000067698        0x0 C:/src/KAU_EMBEDED_19/Quartus/software/DEFAULT_SETTING_bsp/\libhal_bsp.a(alt_do_dtors.o)
 .data          0x0000000000067698        0x0 C:/src/KAU_EMBEDED_19/Quartus/software/DEFAULT_SETTING_bsp/\libhal_bsp.a(alt_find_dev.o)
 .data          0x0000000000067698        0x0 C:/src/KAU_EMBEDED_19/Quartus/software/DEFAULT_SETTING_bsp/\libhal_bsp.a(alt_icache_flush_all.o)
 .data          0x0000000000067698        0x0 C:/src/KAU_EMBEDED_19/Quartus/software/DEFAULT_SETTING_bsp/\libhal_bsp.a(alt_io_redirect.o)
 .data          0x0000000000067698        0x0 C:/src/KAU_EMBEDED_19/Quartus/software/DEFAULT_SETTING_bsp/\libhal_bsp.a(alt_irq_entry.o)
 .data          0x0000000000067698        0x0 C:/src/KAU_EMBEDED_19/Quartus/software/DEFAULT_SETTING_bsp/\libhal_bsp.a(alt_irq_handler.o)
 .data          0x0000000000067698        0x0 C:/src/KAU_EMBEDED_19/Quartus/software/DEFAULT_SETTING_bsp/\libhal_bsp.a(alt_open.o)
 .data          0x0000000000067698        0x0 C:/src/KAU_EMBEDED_19/Quartus/software/DEFAULT_SETTING_bsp/\libhal_bsp.a(alt_tick.o)
 .data          0x0000000000067698        0x0 C:/src/KAU_EMBEDED_19/Quartus/software/DEFAULT_SETTING_bsp/\libhal_bsp.a(altera_nios2_gen2_irq.o)
 .data          0x0000000000067698        0x0 C:/src/KAU_EMBEDED_19/Quartus/software/DEFAULT_SETTING_bsp/\libhal_bsp.a(alt_exception_entry.o)
 .data          0x0000000000067698        0x0 C:/src/KAU_EMBEDED_19/Quartus/software/DEFAULT_SETTING_bsp/\libhal_bsp.a(alt_find_file.o)
 .data          0x0000000000067698        0x0 C:/src/KAU_EMBEDED_19/Quartus/software/DEFAULT_SETTING_bsp/\libhal_bsp.a(alt_get_fd.o)
 .data          0x0000000000067698        0x0 C:/src/KAU_EMBEDED_19/Quartus/software/DEFAULT_SETTING_bsp/\libhal_bsp.a(alt_icache_flush.o)
 .data          0x0000000000067698        0x0 C:/src/KAU_EMBEDED_19/Quartus/software/DEFAULT_SETTING_bsp/\libhal_bsp.a(alt_instruction_exception_entry.o)
 .data          0x0000000000067698        0x0 c:/intelfpga_lite/16.1/nios2eds/bin/gnu/h-x86_64-mingw32/bin/../lib/gcc/nios2-elf/5.3.0/../../../../../H-x86_64-mingw32/nios2-elf/lib/mhw-mulx\libc.a(lib_a-atexit.o)
 .data          0x0000000000067698        0x0 c:/intelfpga_lite/16.1/nios2eds/bin/gnu/h-x86_64-mingw32/bin/../lib/gcc/nios2-elf/5.3.0/../../../../../H-x86_64-mingw32/nios2-elf/lib/mhw-mulx\libc.a(lib_a-exit.o)
 .data          0x0000000000067698        0x0 c:/intelfpga_lite/16.1/nios2eds/bin/gnu/h-x86_64-mingw32/bin/../lib/gcc/nios2-elf/5.3.0/../../../../../H-x86_64-mingw32/nios2-elf/lib/mhw-mulx\libc.a(lib_a-memcmp.o)
 .data          0x0000000000067698        0x0 c:/intelfpga_lite/16.1/nios2eds/bin/gnu/h-x86_64-mingw32/bin/../lib/gcc/nios2-elf/5.3.0/../../../../../H-x86_64-mingw32/nios2-elf/lib/mhw-mulx\libc.a(lib_a-__atexit.o)
 .data          0x0000000000067698        0x0 c:/intelfpga_lite/16.1/nios2eds/bin/gnu/h-x86_64-mingw32/bin/../lib/gcc/nios2-elf/5.3.0/../../../../../H-x86_64-mingw32/nios2-elf/lib/mhw-mulx\libc.a(lib_a-__call_atexit.o)
 .data          0x0000000000067698        0x0 C:/src/KAU_EMBEDED_19/Quartus/software/DEFAULT_SETTING_bsp/\libhal_bsp.a(alt_exit.o)
                0x000000000006f698                _gp = ABSOLUTE ((. + 0x8000))
                [!provide]                        PROVIDE (gp, _gp)
 *(.rwdata .rwdata.*)
 *(.sdata .sdata.* .gnu.linkonce.s.*)
 .sdata         0x0000000000067698       0x18 obj/default/TEM_HUE.o
                0x0000000000067698                ADC_Temperature
                0x00000000000676a0                ADC_Humidity
                0x00000000000676a8                ADC_TemperatureCount
                0x00000000000676ac                ADC_HumidityCount
 .sdata         0x00000000000676b0       0x2c obj/default/main.o
                0x00000000000676b0                pTimer
                0x00000000000676b4                pTime_low
                0x00000000000676b8                pTime_high
                0x00000000000676bc                pixel_ctrl_ptr
                0x00000000000676c0                VGA_MonitorPower
                0x00000000000676c4                pAudio
                0x00000000000676c8                pLED
                0x00000000000676cc                pKEY
                0x00000000000676d0                pSwitch
                0x00000000000676d4                pHEX0_3
                0x00000000000676d8                pHEX4_5
 .sdata._global_impure_ptr
                0x00000000000676dc        0x4 c:/intelfpga_lite/16.1/nios2eds/bin/gnu/h-x86_64-mingw32/bin/../lib/gcc/nios2-elf/5.3.0/../../../../../H-x86_64-mingw32/nios2-elf/lib/mhw-mulx\libc.a(lib_a-impure.o)
                0x00000000000676dc                _global_impure_ptr
 .sdata._impure_ptr
                0x00000000000676e0        0x4 c:/intelfpga_lite/16.1/nios2eds/bin/gnu/h-x86_64-mingw32/bin/../lib/gcc/nios2-elf/5.3.0/../../../../../H-x86_64-mingw32/nios2-elf/lib/mhw-mulx\libc.a(lib_a-impure.o)
                0x00000000000676e0                _impure_ptr
 .sdata.__mb_cur_max
                0x00000000000676e4        0x4 c:/intelfpga_lite/16.1/nios2eds/bin/gnu/h-x86_64-mingw32/bin/../lib/gcc/nios2-elf/5.3.0/../../../../../H-x86_64-mingw32/nios2-elf/lib/mhw-mulx\libc.a(lib_a-locale.o)
                0x00000000000676e4                __mb_cur_max
 .sdata.__malloc_sbrk_base
                0x00000000000676e8        0x4 c:/intelfpga_lite/16.1/nios2eds/bin/gnu/h-x86_64-mingw32/bin/../lib/gcc/nios2-elf/5.3.0/../../../../../H-x86_64-mingw32/nios2-elf/lib/mhw-mulx\libc.a(lib_a-mallocr.o)
                0x00000000000676e8                __malloc_sbrk_base