Archive member included to satisfy reference by file (symbol)

c:/intelfpga_lite/16.1/nios2eds/bin/gnu/h-x86_64-mingw32/bin/../lib/gcc/nios2-elf/5.2.0/../../../../../H-x86_64-mingw32/nios2-elf/lib/mhw-mulx\libc.a(lib_a-printf.o)
                              obj/default/hello_world.o (printf)
c:/intelfpga_lite/16.1/nios2eds/bin/gnu/h-x86_64-mingw32/bin/../lib/gcc/nios2-elf/5.2.0/../../../../../H-x86_64-mingw32/nios2-elf/lib/mhw-mulx\libc.a(lib_a-vfprintf.o)
                              c:/intelfpga_lite/16.1/nios2eds/bin/gnu/h-x86_64-mingw32/bin/../lib/gcc/nios2-elf/5.2.0/../../../../../H-x86_64-mingw32/nios2-elf/lib/mhw-mulx\libc.a(lib_a-printf.o) (___vfprintf_internal_r)
c:/intelfpga_lite/16.1/nios2eds/bin/gnu/h-x86_64-mingw32/bin/../lib/gcc/nios2-elf/5.2.0/../../../../../H-x86_64-mingw32/nios2-elf/lib/mhw-mulx\libc.a(lib_a-wsetup.o)
                              c:/intelfpga_lite/16.1/nios2eds/bin/gnu/h-x86_64-mingw32/bin/../lib/gcc/nios2-elf/5.2.0/../../../../../H-x86_64-mingw32/nios2-elf/lib/mhw-mulx\libc.a(lib_a-vfprintf.o) (__swsetup_r)
c:/intelfpga_lite/16.1/nios2eds/bin/gnu/h-x86_64-mingw32/bin/../lib/gcc/nios2-elf/5.2.0/../../../../../H-x86_64-mingw32/nios2-elf/lib/mhw-mulx\libc.a(lib_a-dtoa.o)
                              c:/intelfpga_lite/16.1/nios2eds/bin/gnu/h-x86_64-mingw32/bin/../lib/gcc/nios2-elf/5.2.0/../../../../../H-x86_64-mingw32/nios2-elf/lib/mhw-mulx\libc.a(lib_a-vfprintf.o) (_dtoa_r)
c:/intelfpga_lite/16.1/nios2eds/bin/gnu/h-x86_64-mingw32/bin/../lib/gcc/nios2-elf/5.2.0/../../../../../H-x86_64-mingw32/nios2-elf/lib/mhw-mulx\libc.a(lib_a-fflush.o)
                              c:/intelfpga_lite/16.1/nios2eds/bin/gnu/h-x86_64-mingw32/bin/../lib/gcc/nios2-elf/5.2.0/../../../../../H-x86_64-mingw32/nios2-elf/lib/mhw-mulx\libc.a(lib_a-vfprintf.o) (_fflush_r)
c:/intelfpga_lite/16.1/nios2eds/bin/gnu/h-x86_64-mingw32/bin/../lib/gcc/nios2-elf/5.2.0/../../../../../H-x86_64-mingw32/nios2-elf/lib/mhw-mulx\libc.a(lib_a-findfp.o)
                              c:/intelfpga_lite/16.1/nios2eds/bin/gnu/h-x86_64-mingw32/bin/../lib/gcc/nios2-elf/5.2.0/../../../../../H-x86_64-mingw32/nios2-elf/lib/mhw-mulx\libc.a(lib_a-vfprintf.o) (__sinit)
c:/intelfpga_lite/16.1/nios2eds/bin/gnu/h-x86_64-mingw32/bin/../lib/gcc/nios2-elf/5.2.0/../../../../../H-x86_64-mingw32/nios2-elf/lib/mhw-mulx\libc.a(lib_a-freer.o)
                              c:/intelfpga_lite/16.1/nios2eds/bin/gnu/h-x86_64-mingw32/bin/../lib/gcc/nios2-elf/5.2.0/../../../../../H-x86_64-mingw32/nios2-elf/lib/mhw-mulx\libc.a(lib_a-wsetup.o) (_free_r)
c:/intelfpga_lite/16.1/nios2eds/bin/gnu/h-x86_64-mingw32/bin/../lib/gcc/nios2-elf/5.2.0/../../../../../H-x86_64-mingw32/nios2-elf/lib/mhw-mulx\libc.a(lib_a-fwalk.o)
                              c:/intelfpga_lite/16.1/nios2eds/bin/gnu/h-x86_64-mingw32/bin/../lib/gcc/nios2-elf/5.2.0/../../../../../H-x86_64-mingw32/nios2-elf/lib/mhw-mulx\libc.a(lib_a-findfp.o) (_fwalk)
c:/intelfpga_lite/16.1/nios2eds/bin/gnu/h-x86_64-mingw32/bin/../lib/gcc/nios2-elf/5.2.0/../../../../../H-x86_64-mingw32/nios2-elf/lib/mhw-mulx\libc.a(lib_a-impure.o)
                              c:/intelfpga_lite/16.1/nios2eds/bin/gnu/h-x86_64-mingw32/bin/../lib/gcc/nios2-elf/5.2.0/../../../../../H-x86_64-mingw32/nios2-elf/lib/mhw-mulx\libc.a(lib_a-fflush.o) (_global_impure_ptr)
c:/intelfpga_lite/16.1/nios2eds/bin/gnu/h-x86_64-mingw32/bin/../lib/gcc/nios2-elf/5.2.0/../../../../../H-x86_64-mingw32/nios2-elf/lib/mhw-mulx\libc.a(lib_a-locale.o)
                              c:/intelfpga_lite/16.1/nios2eds/bin/gnu/h-x86_64-mingw32/bin/../lib/gcc/nios2-elf/5.2.0/../../../../../H-x86_64-mingw32/nios2-elf/lib/mhw-mulx\libc.a(lib_a-vfprintf.o) (_localeconv_r)
c:/intelfpga_lite/16.1/nios2eds/bin/gnu/h-x86_64-mingw32/bin/../lib/gcc/nios2-elf/5.2.0/../../../../../H-x86_64-mingw32/nios2-elf/lib/mhw-mulx\libc.a(lib_a-makebuf.o)
                              c:/intelfpga_lite/16.1/nios2eds/bin/gnu/h-x86_64-mingw32/bin/../lib/gcc/nios2-elf/5.2.0/../../../../../H-x86_64-mingw32/nios2-elf/lib/mhw-mulx\libc.a(lib_a-wsetup.o) (__smakebuf_r)
c:/intelfpga_lite/16.1/nios2eds/bin/gnu/h-x86_64-mingw32/bin/../lib/gcc/nios2-elf/5.2.0/../../../../../H-x86_64-mingw32/nios2-elf/lib/mhw-mulx\libc.a(lib_a-mallocr.o)
                              c:/intelfpga_lite/16.1/nios2eds/bin/gnu/h-x86_64-mingw32/bin/../lib/gcc/nios2-elf/5.2.0/../../../../../H-x86_64-mingw32/nios2-elf/lib/mhw-mulx\libc.a(lib_a-findfp.o) (_malloc_r)
c:/intelfpga_lite/16.1/nios2eds/bin/gnu/h-x86_64-mingw32/bin/../lib/gcc/nios2-elf/5.2.0/../../../../../H-x86_64-mingw32/nios2-elf/lib/mhw-mulx\libc.a(lib_a-memchr.o)
                              c:/intelfpga_lite/16.1/nios2eds/bin/gnu/h-x86_64-mingw32/bin/../lib/gcc/nios2-elf/5.2.0/../../../../../H-x86_64-mingw32/nios2-elf/lib/mhw-mulx\libc.a(lib_a-vfprintf.o) (memchr)
c:/intelfpga_lite/16.1/nios2eds/bin/gnu/h-x86_64-mingw32/bin/../lib/gcc/nios2-elf/5.2.0/../../../../../H-x86_64-mingw32/nios2-elf/lib/mhw-mulx\libc.a(lib_a-memcpy.o)
[...]
Memory Configuration

Name             Origin             Length             Attributes
reset            0x0000000000000000 0x0000000000000020
SDRAM            0x0000000000000020 0x0000000001ffffe0
Onchip_SRAM      0x0000000008000000 0x0000000000040000
VGA_Subsystem_Char_Buf_Subsystem_Onchip_SRAM 0x0000000009000000 0x0000000000002000
ARM_A9_HPS_axi_sdram 0x0000000040000000 0x0000000040000000
*default*        0x0000000000000000 0xffffffffffffffff

Linker script and memory map

LOAD C:/src/KAU_EMBEDED_19/Quartus/software/DEFAULT_SETTING_bsp//obj/HAL/src/crt0.o
LOAD obj/default/hello_world.o
LOAD c:/intelfpga_lite/16.1/nios2eds/bin/gnu/h-x86_64-mingw32/bin/../lib/gcc/nios2-elf/5.2.0/../../../../../H-x86_64-mingw32/nios2-elf/lib/mhw-mulx\libstdc++.a
LOAD c:/intelfpga_lite/16.1/nios2eds/bin/gnu/h-x86_64-mingw32/bin/../lib/gcc/nios2-elf/5.2.0/../../../../../H-x86_64-mingw32/nios2-elf/lib/mhw-mulx\libm.a
LOAD c:/intelfpga_lite/16.1/nios2eds/bin/gnu/h-x86_64-mingw32/bin/../lib/gcc/nios2-elf/5.2.0/mhw-mulx\libgcc.a
START GROUP
LOAD c:/intelfpga_lite/16.1/nios2eds/bin/gnu/h-x86_64-mingw32/bin/../lib/gcc/nios2-elf/5.2.0/../../../../../H-x86_64-mingw32/nios2-elf/lib/mhw-mulx\libc.a
LOAD c:/intelfpga_lite/16.1/nios2eds/bin/gnu/h-x86_64-mingw32/bin/../lib/gcc/nios2-elf/5.2.0/mhw-mulx\libgcc.a
LOAD C:/src/KAU_EMBEDED_19/Quartus/software/DEFAULT_SETTING_bsp/\libhal_bsp.a
LOAD c:/intelfpga_lite/16.1/nios2eds/bin/gnu/h-x86_64-mingw32/bin/../lib/gcc/nios2-elf/5.2.0/../../../../../H-x86_64-mingw32/nios2-elf/lib/mhw-mulx\libm.a
END GROUP
LOAD c:/intelfpga_lite/16.1/nios2eds/bin/gnu/h-x86_64-mingw32/bin/../lib/gcc/nios2-elf/5.2.0/mhw-mulx\libgcc.a
                0x0000000000000000                __alt_mem_SDRAM = 0x0
                0x0000000008000000                __alt_mem_Onchip_SRAM = 0x8000000
                0x0000000009000000                __alt_mem_VGA_Subsystem_Char_Buf_Subsystem_Onchip_SRAM = 0x9000000
                0x0000000040000000                __alt_mem_ARM_A9_HPS_axi_sdram = 0x40000000

.entry          0x0000000000000000       0x20
 *(.entry)
 .entry         0x0000000000000000       0x20 C:/src/KAU_EMBEDED_19/Quartus/software/DEFAULT_SETTING_bsp//obj/HAL/src/crt0.o
                0x0000000000000000                __reset

.exceptions     0x0000000000000020      0x228
                0x0000000000000020                PROVIDE (__ram_exceptions_start, ABSOLUTE (.))
                0x0000000000000020                . = ALIGN (0x20)
 *(.irq)
 *(.exceptions.entry.label)
 .exceptions.entry.label
                0x0000000000000020        0x0 C:/src/KAU_EMBEDED_19/Quartus/software/DEFAULT_SETTING_bsp/\libhal_bsp.a(alt_irq_entry.o)
                0x0000000000000020                alt_irq_entry
 .exceptions.entry.label
                0x0000000000000020        0x0 C:/src/KAU_EMBEDED_19/Quartus/software/DEFAULT_SETTING_bsp/\libhal_bsp.a(alt_exception_entry.o)
                0x0000000000000020                alt_exception
 *(.exceptions.entry.user)
 *(.exceptions.entry.ecc_fatal)
 *(.exceptions.entry)
 .exceptions.entry
                0x0000000000000020       0x54 C:/src/KAU_EMBEDED_19/Quartus/software/DEFAULT_SETTING_bsp/\libhal_bsp.a(alt_exception_entry.o)
 *(.exceptions.irqtest.user)
 *(.exceptions.irqtest)
 .exceptions.irqtest
                0x0000000000000074       0x10 C:/src/KAU_EMBEDED_19/Quartus/software/DEFAULT_SETTING_bsp/\libhal_bsp.a(alt_irq_entry.o)
 *(.exceptions.irqhandler.user)
 *(.exceptions.irqhandler)
 .exceptions.irqhandler
                0x0000000000000084        0x4 C:/src/KAU_EMBEDED_19/Quartus/software/DEFAULT_SETTING_bsp/\libhal_bsp.a(alt_irq_entry.o)
 *(.exceptions.irqreturn.user)
 *(.exceptions.irqreturn)
 .exceptions.irqreturn
                0x0000000000000088        0x4 C:/src/KAU_EMBEDED_19/Quartus/software/DEFAULT_SETTING_bsp/\libhal_bsp.a(alt_irq_entry.o)
 *(.exceptions.notirq.label)
 .exceptions.notirq.label
                0x000000000000008c        0x0 C:/src/KAU_EMBEDED_19/Quartus/software/DEFAULT_SETTING_bsp/\libhal_bsp.a(alt_irq_entry.o)
 *(.exceptions.notirq.user)
 *(.exceptions.notirq)
 .exceptions.notirq
                0x000000000000008c        0x8 C:/src/KAU_EMBEDED_19/Quartus/software/DEFAULT_SETTING_bsp/\libhal_bsp.a(alt_exception_entry.o)
 *(.exceptions.soft.user)
 *(.exceptions.soft)
 *(.exceptions.unknown.user)
 *(.exceptions.unknown)
 .exceptions.unknown
                0x0000000000000094       0x14 C:/src/KAU_EMBEDED_19/Quartus/software/DEFAULT_SETTING_bsp/\libhal_bsp.a(alt_exception_entry.o)
 *(.exceptions.exit.label)
 .exceptions.exit.label
                0x00000000000000a8        0x0 C:/src/KAU_EMBEDED_19/Quartus/software/DEFAULT_SETTING_bsp/\libhal_bsp.a(alt_irq_entry.o)
 .exceptions.exit.label
                0x00000000000000a8        0x0 C:/src/KAU_EMBEDED_19/Quartus/software/DEFAULT_SETTING_bsp/\libhal_bsp.a(alt_exception_entry.o)
 *(.exceptions.exit.user)
 *(.exceptions.exit)
 .exceptions.exit
                0x00000000000000a8       0x54 C:/src/KAU_EMBEDED_19/Quartus/software/DEFAULT_SETTING_bsp/\libhal_bsp.a(alt_exception_entry.o)
 *(.exceptions)
 .exceptions    0x00000000000000fc       0xd8 C:/src/KAU_EMBEDED_19/Quartus/software/DEFAULT_SETTING_bsp/\libhal_bsp.a(alt_irq_handler.o)
                0x00000000000000fc                alt_irq_handler
 .exceptions    0x00000000000001d4       0x74 C:/src/KAU_EMBEDED_19/Quartus/software/DEFAULT_SETTING_bsp/\libhal_bsp.a(alt_instruction_exception_entry.o)
                0x00000000000001d4                alt_instruction_exception_entry
                0x0000000000000248                PROVIDE (__ram_exceptions_end, ABSOLUTE (.))
                0x0000000000000020                PROVIDE (__flash_exceptions_start, LOADADDR (.exceptions))

.text           0x0000000000000248    0x10260
                [!provide]                        PROVIDE (stext, ABSOLUTE (.))
 *(.interp)
 *(.hash)
 *(.dynsym)
 *(.dynstr)
 *(.gnu.version)
 *(.gnu.version_d)
 *(.gnu.version_r)
 *(.rel.init)
 *(.rela.init)
 *(.rel.text .rel.text.* .rel.gnu.linkonce.t.*)
 *(.rela.text .rela.text.* .rela.gnu.linkonce.t.*)
 *(.rel.fini)
 *(.rela.fini)
 *(.rel.rodata .rel.rodata.* .rel.gnu.linkonce.r.*)
 *(.rela.rodata .rela.rodata.* .rela.gnu.linkonce.r.*)
 *(.rel.data .rel.data.* .rel.gnu.linkonce.d.*)
 *(.rela.data .rela.data.* .rela.gnu.linkonce.d.*)
 *(.rel.tdata .rel.tdata.* .rel.gnu.linkonce.td.*)
 *(.rela.tdata .rela.tdata.* .rela.gnu.linkonce.td.*)
 *(.rel.tbss .rel.tbss.* .rel.gnu.linkonce.tb.*)
 *(.rela.tbss .rela.tbss.* .rela.gnu.linkonce.tb.*)
 *(.rel.ctors)
 *(.rela.ctors)
 *(.rel.dtors)
 *(.rela.dtors)
 *(.rel.got)
 *(.rela.got)
 *(.rel.sdata .rel.sdata.* .rel.gnu.linkonce.s.*)
 *(.rela.sdata .rela.sdata.* .rela.gnu.linkonce.s.*)
 *(.rel.sbss .rel.sbss.* .rel.gnu.linkonce.sb.*)
 *(.rela.sbss .rela.sbss.* .rela.gnu.linkonce.sb.*)
 *(.rel.sdata2 .rel.sdata2.* .rel.gnu.linkonce.s2.*)
 *(.rela.sdata2 .rela.sdata2.* .rela.gnu.linkonce.s2.*)
 *(.rel.sbss2 .rel.sbss2.* .rel.gnu.linkonce.sb2.*)
 *(.rela.sbss2 .rela.sbss2.* .rela.gnu.linkonce.sb2.*)
 *(.rel.bss .rel.bss.* .rel.gnu.linkonce.b.*)
 *(.rela.bss .rela.bss.* .rela.gnu.linkonce.b.*)
 *(.rel.plt)
 *(.rela.plt)
 *(.rel.dyn)
 *(.init)
 *(.plt)
 *(.text .stub .text.* .gnu.linkonce.t.*)
 .text          0x0000000000000248       0x3c C:/src/KAU_EMBEDED_19/Quartus/software/DEFAULT_SETTING_bsp//obj/HAL/src/crt0.o
                0x0000000000000248                _start
 .text          0x0000000000000284      0x214 obj/default/hello_world.o
                0x0000000000000284                main
                0x0000000000000328                Timer_ISR
                0x0000000000000378                fillColor
                0x00000000000003f0                wait_for_vsync
                0x0000000000000440                plot_pixel
 .text          0x0000000000000498        0x0 c:/intelfpga_lite/16.1/nios2eds/bin/gnu/h-x86_64-mingw32/bin/../lib/gcc/nios2-elf/5.2.0/../../../../../H-x86_64-mingw32/nios2-elf/lib/mhw-mulx\libc.a(lib_a-printf.o)
 .text._printf_r
                0x0000000000000498       0x30 c:/intelfpga_lite/16.1/nios2eds/bin/gnu/h-x86_64-mingw32/bin/../lib/gcc/nios2-elf/5.2.0/../../../../../H-x86_64-mingw32/nios2-elf/lib/mhw-mulx\libc.a(lib_a-printf.o)
                0x0000000000000498                _printf_r
 .text.printf   0x00000000000004c8       0x3c c:/intelfpga_lite/16.1/nios2eds/bin/gnu/h-x86_64-mingw32/bin/../lib/gcc/nios2-elf/5.2.0/../../../../../H-x86_64-mingw32/nios2-elf/lib/mhw-mulx\libc.a(lib_a-printf.o)
                0x00000000000004c8                printf
 .text          0x0000000000000504        0x0 c:/intelfpga_lite/16.1/nios2eds/bin/gnu/h-x86_64-mingw32/bin/../lib/gcc/nios2-elf/5.2.0/../../../../../H-x86_64-mingw32/nios2-elf/lib/mhw-mulx\libc.a(lib_a-vfprintf.o)
 .text.___vfprintf_internal_r
                0x0000000000000504     0x21f8 c:/intelfpga_lite/16.1/nios2eds/bin/gnu/h-x86_64-mingw32/bin/../lib/gcc/nios2-elf/5.2.0/../../../../../H-x86_64-mingw32/nios2-elf/lib/mhw-mulx\libc.a(lib_a-vfprintf.o)
                0x0000000000000504                ___vfprintf_internal_r
 .text.__vfprintf_internal
                0x00000000000026fc       0x1c c:/intelfpga_lite/16.1/nios2eds/bin/gnu/h-x86_64-mingw32/bin/../lib/gcc/nios2-elf/5.2.0/../../../../../H-x86_64-mingw32/nios2-elf/lib/mhw-mulx\libc.a(lib_a-vfprintf.o)
                0x00000000000026fc                __vfprintf_internal
 .text.__sbprintf
                0x0000000000002718       0xbc c:/intelfpga_lite/16.1/nios2eds/bin/gnu/h-x86_64-mingw32/bin/../lib/gcc/nios2-elf/5.2.0/../../../../../H-x86_64-mingw32/nios2-elf/lib/mhw-mulx\libc.a(lib_a-vfprintf.o)
 .text          0x00000000000027d4        0x0 c:/intelfpga_lite/16.1/nios2eds/bin/gnu/h-x86_64-mingw32/bin/../lib/gcc/nios2-elf/5.2.0/../../../../../H-x86_64-mingw32/nios2-elf/lib/mhw-mulx\libc.a(lib_a-wsetup.o)
 .text.__swsetup_r
                0x00000000000027d4      0x154 c:/intelfpga_lite/16.1/nios2eds/bin/gnu/h-x86_64-mingw32/bin/../lib/gcc/nios2-elf/5.2.0/../../../../../H-x86_64-mingw32/nios2-elf/lib/mhw-mulx\libc.a(lib_a-wsetup.o)
                0x00000000000027d4                __swsetup_r
 .text          0x0000000000002928        0x0 c:/intelfpga_lite/16.1/nios2eds/bin/gnu/h-x86_64-mingw32/bin/../lib/gcc/nios2-elf/5.2.0/../../../../../H-x86_64-mingw32/nios2-elf/lib/mhw-mulx\libc.a(lib_a-dtoa.o)
 .text.quorem   0x0000000000002928      0x200 c:/intelfpga_lite/16.1/nios2eds/bin/gnu/h-x86_64-mingw32/bin/../lib/gcc/nios2-elf/5.2.0/../../../../../H-x86_64-mingw32/nios2-elf/lib/mhw-mulx\libc.a(lib_a-dtoa.o)
 .text._dtoa_r  0x0000000000002b28     0x1688 c:/intelfpga_lite/16.1/nios2eds/bin/gnu/h-x86_64-mingw32/bin/../lib/gcc/nios2-elf/5.2.0/../../../../../H-x86_64-mingw32/nios2-elf/lib/mhw-mulx\libc.a(lib_a-dtoa.o)
                0x0000000000002b28                _dtoa_r
 .text          0x00000000000041b0        0x0 c:/intelfpga_lite/16.1/nios2eds/bin/gnu/h-x86_64-mingw32/bin/../lib/gcc/nios2-elf/5.2.0/../../../../../H-x86_64-mingw32/nios2-elf/lib/mhw-mulx\libc.a(lib_a-fflush.o)
 .text.__sflush_r
                0x00000000000041b0      0x21c c:/intelfpga_lite/16.1/nios2eds/bin/gnu/h-x86_64-mingw32/bin/../lib/gcc/nios2-elf/5.2.0/../../../../../H-x86_64-mingw32/nios2-elf/lib/mhw-mulx\libc.a(lib_a-fflush.o)
                0x00000000000041b0                __sflush_r
 .text._fflush_r
                0x00000000000043cc       0x5c c:/intelfpga_lite/16.1/nios2eds/bin/gnu/h-x86_64-mingw32/bin/../lib/gcc/nios2-elf/5.2.0/../../../../../H-x86_64-mingw32/nios2-elf/lib/mhw-mulx\libc.a(lib_a-fflush.o)
                0x00000000000043cc                _fflush_r
 .text.fflush   0x0000000000004428       0x30 c:/intelfpga_lite/16.1/nios2eds/bin/gnu/h-x86_64-mingw32/bin/../lib/gcc/nios2-elf/5.2.0/../../../../../H-x86_64-mingw32/nios2-elf/lib/mhw-mulx\libc.a(lib_a-fflush.o)
                0x0000000000004428                fflush
 .text          0x0000000000004458        0x0 c:/intelfpga_lite/16.1/nios2eds/bin/gnu/h-x86_64-mingw32/bin/../lib/gcc/nios2-elf/5.2.0/../../../../../H-x86_64-mingw32/nios2-elf/lib/mhw-mulx\libc.a(lib_a-findfp.o)
 .text.__fp_unlock
                0x0000000000004458        0x8 c:/intelfpga_lite/16.1/nios2eds/bin/gnu/h-x86_64-mingw32/bin/../lib/gcc/nios2-elf/5.2.0/../../../../../H-x86_64-mingw32/nios2-elf/lib/mhw-mulx\libc.a(lib_a-findfp.o)
 .text._cleanup_r
                0x0000000000004460        0xc c:/intelfpga_lite/16.1/nios2eds/bin/gnu/h-x86_64-mingw32/bin/../lib/gcc/nios2-elf/5.2.0/../../../../../H-x86_64-mingw32/nios2-elf/lib/mhw-mulx\libc.a(lib_a-findfp.o)
                0x0000000000004460                _cleanup_r
 .text.__sinit.part.1
                0x000000000000446c      0x19c c:/intelfpga_lite/16.1/nios2eds/bin/gnu/h-x86_64-mingw32/bin/../lib/gcc/nios2-elf/5.2.0/../../../../../H-x86_64-mingw32/nios2-elf/lib/mhw-mulx\libc.a(lib_a-findfp.o)
 .text.__fp_lock
                0x0000000000004608        0x8 c:/intelfpga_lite/16.1/nios2eds/bin/gnu/h-x86_64-mingw32/bin/../lib/gcc/nios2-elf/5.2.0/../../../../../H-x86_64-mingw32/nios2-elf/lib/mhw-mulx\libc.a(lib_a-findfp.o)
 .text.__sfmoreglue
                0x0000000000004610       0x68 c:/intelfpga_lite/16.1/nios2eds/bin/gnu/h-x86_64-mingw32/bin/../lib/gcc/nios2-elf/5.2.0/../../../../../H-x86_64-mingw32/nios2-elf/lib/mhw-mulx\libc.a(lib_a-findfp.o)
                0x0000000000004610                __sfmoreglue
 .text.__sfp    0x0000000000004678      0x118 c:/intelfpga_lite/16.1/nios2eds/bin/gnu/h-x86_64-mingw32/bin/../lib/gcc/nios2-elf/5.2.0/../../../../../H-x86_64-mingw32/nios2-elf/lib/mhw-mulx\libc.a(lib_a-findfp.o)
                0x0000000000004678                __sfp
 .text._cleanup
                0x0000000000004790       0x18 c:/intelfpga_lite/16.1/nios2eds/bin/gnu/h-x86_64-mingw32/bin/../lib/gcc/nios2-elf/5.2.0/../../../../../H-x86_64-mingw32/nios2-elf/lib/mhw-mulx\libc.a(lib_a-findfp.o)
                0x0000000000004790                _cleanup
 .text.__sinit  0x00000000000047a8       0x10 c:/intelfpga_lite/16.1/nios2eds/bin/gnu/h-x86_64-mingw32/bin/../lib/gcc/nios2-elf/5.2.0/../../../../../H-x86_64-mingw32/nios2-elf/lib/mhw-mulx\libc.a(lib_a-findfp.o)
                0x00000000000047a8                __sinit
 .text.__sfp_lock_acquire
                0x00000000000047b8        0x4 c:/intelfpga_lite/16.1/nios2eds/bin/gnu/h-x86_64-mingw32/bin/../lib/gcc/nios2-elf/5.2.0/../../../../../H-x86_64-mingw32/nios2-elf/lib/mhw-mulx\libc.a(lib_a-findfp.o)
                0x00000000000047b8                __sfp_lock_acquire
 .text.__sfp_lock_release
                0x00000000000047bc        0x4 c:/intelfpga_lite/16.1/nios2eds/bin/gnu/h-x86_64-mingw32/bin/../lib/gcc/nios2-elf/5.2.0/../../../../../H-x86_64-mingw32/nios2-elf/lib/mhw-mulx\libc.a(lib_a-findfp.o)
                0x00000000000047bc                __sfp_lock_release
 .text.__sinit_lock_acquire
                0x00000000000047c0        0x4 c:/intelfpga_lite/16.1/nios2eds/bin/gnu/h-x86_64-mingw32/bin/../lib/gcc/nios2-elf/5.2.0/../../../../../H-x86_64-mingw32/nios2-elf/lib/mhw-mulx\libc.a(lib_a-findfp.o)
                0x00000000000047c0                __sinit_lock_acquire
 .text.__sinit_lock_release
                0x00000000000047c4        0x4 c:/intelfpga_lite/16.1/nios2eds/bin/gnu/h-x86_64-mingw32/bin/../lib/gcc/nios2-elf/5.2.0/../../../../../H-x86_64-mingw32/nios2-elf/lib/mhw-mulx\libc.a(lib_a-findfp.o)
                0x00000000000047c4                __sinit_lock_release
 .text.__fp_lock_all
                0x00000000000047c8       0x18 c:/intelfpga_lite/16.1/nios2eds/bin/gnu/h-x86_64-mingw32/bin/../lib/gcc/nios2-elf/5.2.0/../../../../../H-x86_64-mingw32/nios2-elf/lib/mhw-mulx\libc.a(lib_a-findfp.o)
                0x00000000000047c8                __fp_lock_all
 .text.__fp_unlock_all
                0x00000000000047e0       0x18 c:/intelfpga_lite/16.1/nios2eds/bin/gnu/h-x86_64-mingw32/bin/../lib/gcc/nios2-elf/5.2.0/../../../../../H-x86_64-mingw32/nios2-elf/lib/mhw-mulx\libc.a(lib_a-findfp.o)
                0x00000000000047e0                __fp_unlock_all
 .text          0x00000000000047f8        0x0 c:/intelfpga_lite/16.1/nios2eds/bin/gnu/h-x86_64-mingw32/bin/../lib/gcc/nios2-elf/5.2.0/../../../../../H-x86_64-mingw32/nios2-elf/lib/mhw-mulx\libc.a(lib_a-freer.o)
 .text._malloc_trim_r
                0x00000000000047f8      0x124 c:/intelfpga_lite/16.1/nios2eds/bin/gnu/h-x86_64-mingw32/bin/../lib/gcc/nios2-elf/5.2.0/../../../../../H-x86_64-mingw32/nios2-elf/lib/mhw-mulx\libc.a(lib_a-freer.o)
                0x00000000000047f8                _malloc_trim_r
 .text._free_r  0x000000000000491c      0x310 c:/intelfpga_lite/16.1/nios2eds/bin/gnu/h-x86_64-mingw32/bin/../lib/gcc/nios2-elf/5.2.0/../../../../../H-x86_64-mingw32/nios2-elf/lib/mhw-mulx\libc.a(lib_a-freer.o)
                0x000000000000491c                _free_r
 .text          0x0000000000004c2c        0x0 c:/intelfpga_lite/16.1/nios2eds/bin/gnu/h-x86_64-mingw32/bin/../lib/gcc/nios2-elf/5.2.0/../../../../../H-x86_64-mingw32/nios2-elf/lib/mhw-mulx\libc.a(lib_a-fwalk.o)
 .text._fwalk   0x0000000000004c2c       0xc4 c:/intelfpga_lite/16.1/nios2eds/bin/gnu/h-x86_64-mingw32/bin/../lib/gcc/nios2-elf/5.2.0/../../../../../H-x86_64-mingw32/nios2-elf/lib/mhw-mulx\libc.a(lib_a-fwalk.o)
                0x0000000000004c2c                _fwalk
 .text._fwalk_reent
                0x0000000000004cf0       0xc4 c:/intelfpga_lite/16.1/nios2eds/bin/gnu/h-x86_64-mingw32/bin/../lib/gcc/nios2-elf/5.2.0/../../../../../H-x86_64-mingw32/nios2-elf/lib/mhw-mulx\libc.a(lib_a-fwalk.o)
                0x0000000000004cf0                _fwalk_reent
 .text          0x0000000000004db4        0x0 c:/intelfpga_lite/16.1/nios2eds/bin/gnu/h-x86_64-mingw32/bin/../lib/gcc/nios2-elf/5.2.0/../../../../../H-x86_64-mingw32/nios2-elf/lib/mhw-mulx\libc.a(lib_a-impure.o)
 .text          0x0000000000004db4        0x0 c:/intelfpga_lite/16.1/nios2eds/bin/gnu/h-x86_64-mingw32/bin/../lib/gcc/nios2-elf/5.2.0/../../../../../H-x86_64-mingw32/nios2-elf/lib/mhw-mulx\libc.a(lib_a-locale.o)
 .text._setlocale_r
                0x0000000000004db4       0x7c c:/intelfpga_lite/16.1/nios2eds/bin/gnu/h-x86_64-mingw32/bin/../lib/gcc/nios2-elf/5.2.0/../../../../../H-x86_64-mingw32/nios2-elf/lib/mhw-mulx\libc.a(lib_a-locale.o)
                0x0000000000004db4                _setlocale_r
 .text.__locale_charset
                0x0000000000004e30        0xc c:/intelfpga_lite/16.1/nios2eds/bin/gnu/h-x86_64-mingw32/bin/../lib/gcc/nios2-elf/5.2.0/../../../../../H-x86_64-mingw32/nios2-elf/lib/mhw-mulx\libc.a(lib_a-locale.o)
                0x0000000000004e30                __locale_charset
 .text.__locale_mb_cur_max
                0x0000000000004e3c       0x10 c:/intelfpga_lite/16.1/nios2eds/bin/gnu/h-x86_64-mingw32/bin/../lib/gcc/nios2-elf/5.2.0/../../../../../H-x86_64-mingw32/nios2-elf/lib/mhw-mulx\libc.a(lib_a-locale.o)
                0x0000000000004e3c                __locale_mb_cur_max
 .text.__locale_msgcharset
                0x0000000000004e4c        0xc c:/intelfpga_lite/16.1/nios2eds/bin/gnu/h-x86_64-mingw32/bin/../lib/gcc/nios2-elf/5.2.0/../../../../../H-x86_64-mingw32/nios2-elf/lib/mhw-mulx\libc.a(lib_a-locale.o)
                0x0000000000004e4c                __locale_msgcharset
 .text.__locale_cjk_lang
                0x0000000000004e58        0x8 c:/intelfpga_lite/16.1/nios2eds/bin/gnu/h-x86_64-mingw32/bin/../lib/gcc/nios2-elf/5.2.0/../../../../../H-x86_64-mingw32/nios2-elf/lib/mhw-mulx\libc.a(lib_a-locale.o)
                0x0000000000004e58                __locale_cjk_lang
 .text._localeconv_r
                0x0000000000004e60        0xc c:/intelfpga_lite/16.1/nios2eds/bin/gnu/h-x86_64-mingw32/bin/../lib/gcc/nios2-elf/5.2.0/../../../../../H-x86_64-mingw32/nios2-elf/lib/mhw-mulx\libc.a(lib_a-locale.o)
                0x0000000000004e60                _localeconv_r
 .text.setlocale
                0x0000000000004e6c       0x18 c:/intelfpga_lite/16.1/nios2eds/bin/gnu/h-x86_64-mingw32/bin/../lib/gcc/nios2-elf/5.2.0/../../../../../H-x86_64-mingw32/nios2-elf/lib/mhw-mulx\libc.a(lib_a-locale.o)
                0x0000000000004e6c                setlocale
 .text.localeconv
                0x0000000000004e84        0xc c:/intelfpga_lite/16.1/nios2eds/bin/gnu/h-x86_64-mingw32/bin/../lib/gcc/nios2-elf/5.2.0/../../../../../H-x86_64-mingw32/nios2-elf/lib/mhw-mulx\libc.a(lib_a-locale.o)
                0x0000000000004e84                localeconv
 .text          0x0000000000004e90        0x0 c:/intelfpga_lite/16.1/nios2eds/bin/gnu/h-x86_64-mingw32/bin/../lib/gcc/nios2-elf/5.2.0/../../../../../H-x86_64-mingw32/nios2-elf/lib/mhw-mulx\libc.a(lib_a-makebuf.o)
 .text.__smakebuf_r
                0x0000000000004e90      0x1bc c:/intelfpga_lite/16.1/nios2eds/bin/gnu/h-x86_64-mingw32/bin/../lib/gcc/nios2-elf/5.2.0/../../../../../H-x86_64-mingw32/nios2-elf/lib/mhw-mulx\libc.a(lib_a-makebuf.o)
                0x0000000000004e90                __smakebuf_r
 .text          0x000000000000504c        0x0 c:/intelfpga_lite/16.1/nios2eds/bin/gnu/h-x86_64-mingw32/bin/../lib/gcc/nios2-elf/5.2.0/../../../../../H-x86_64-mingw32/nios2-elf/lib/mhw-mulx\libc.a(lib_a-mallocr.o)
 .text._malloc_r
                0x000000000000504c      0x80c c:/intelfpga_lite/16.1/nios2eds/bin/gnu/h-x86_64-mingw32/bin/../lib/gcc/nios2-elf/5.2.0/../../../../../H-x86_64-mingw32/nios2-elf/lib/mhw-mulx\libc.a(lib_a-mallocr.o)
                0x000000000000504c                _malloc_r
 .text          0x0000000000005858        0x0 c:/intelfpga_lite/16.1/nios2eds/bin/gnu/h-x86_64-mingw32/bin/../lib/gcc/nios2-elf/5.2.0/../../../../../H-x86_64-mingw32/nios2-elf/lib/mhw-mulx\libc.a(lib_a-memchr.o)
 .text.memchr   0x0000000000005858       0xe4 c:/intelfpga_lite/16.1/nios2eds/bin/gnu/h-x86_64-mingw32/bin/../lib/gcc/nios2-elf/5.2.0/../../../../../H-x86_64-mingw32/nios2-elf/lib/mhw-mulx\libc.a(lib_a-memchr.o)
                0x0000000000005858                memchr
 .text          0x000000000000593c        0x0 c:/intelfpga_lite/16.1/nios2eds/bin/gnu/h-x86_64-mingw32/bin/../lib/gcc/nios2-elf/5.2.0/../../../../../H-x86_64-mingw32/nios2-elf/lib/mhw-mulx\libc.a(lib_a-memcpy.o)
 .text.memcpy   0x000000000000593c      0x148 c:/intelfpga_lite/16.1/nios2eds/bin/gnu/h-x86_64-mingw32/bin/../lib/gcc/nios2-elf/5.2.0/../../../../../H-x86_64-mingw32/nios2-elf/lib/mhw-mulx\libc.a(lib_a-memcpy.o)
                0x000000000000593c                memcpy
 .text          0x0000000000005a84        0x0 c:/intelfpga_lite/16.1/nios2eds/bin/gnu/h-x86_64-mingw32/bin/../lib/gcc/nios2-elf/5.2.0/../../../../../H-x86_64-mingw32/nios2-elf/lib/mhw-mulx\libc.a(lib_a-memset.o)
 .text.memset   0x0000000000005a84      0x128 c:/intelfpga_lite/16.1/nios2eds/bin/gnu/h-x86_64-mingw32/bin/../lib/gcc/nios2-elf/5.2.0/../../../../../H-x86_64-mingw32/nios2-elf/lib/mhw-mulx\libc.a(lib_a-memset.o)
                0x0000000000005a84                memset
 .text          0x0000000000005bac        0x0 c:/intelfpga_lite/16.1/nios2eds/bin/gnu/h-x86_64-mingw32/bin/../lib/gcc/nios2-elf/5.2.0/../../../../../H-x86_64-mingw32/nios2-elf/lib/mhw-mulx\libc.a(lib_a-mprec.o)
 .text._Balloc  0x0000000000005bac       0xa8 c:/intelfpga_lite/16.1/nios2eds/bin/gnu/h-x86_64-mingw32/bin/../lib/gcc/nios2-elf/5.2.0/../../../../../H-x86_64-mingw32/nios2-elf/lib/mhw-mulx\libc.a(lib_a-mprec.o)
                0x0000000000005bac                _Balloc
 .text._Bfree   0x0000000000005c54       0x28 c:/intelfpga_lite/16.1/nios2eds/bin/gnu/h-x86_64-mingw32/bin/../lib/gcc/nios2-elf/5.2.0/../../../../../H-x86_64-mingw32/nios2-elf/lib/mhw-mulx\libc.a(lib_a-mprec.o)
                0x0000000000005c54                _Bfree
 .text.__multadd
                0x0000000000005c7c      0x120 c:/intelfpga_lite/16.1/nios2eds/bin/gnu/h-x86_64-mingw32/bin/../lib/gcc/nios2-elf/5.2.0/../../../../../H-x86_64-mingw32/nios2-elf/lib/mhw-mulx\libc.a(lib_a-mprec.o)
                0x0000000000005c7c                __multadd
 .text.__s2b    0x0000000000005d9c      0x104 c:/intelfpga_lite/16.1/nios2eds/bin/gnu/h-x86_64-mingw32/bin/../lib/gcc/nios2-elf/5.2.0/../../../../../H-x86_64-mingw32/nios2-elf/lib/mhw-mulx\libc.a(lib_a-mprec.o)
                0x0000000000005d9c                __s2b
 .text.__hi0bits
                0x0000000000005ea0       0x68 c:/intelfpga_lite/16.1/nios2eds/bin/gnu/h-x86_64-mingw32/bin/../lib/gcc/nios2-elf/5.2.0/../../../../../H-x86_64-mingw32/nios2-elf/lib/mhw-mulx\libc.a(lib_a-mprec.o)
                0x0000000000005ea0                __hi0bits
 .text.__lo0bits
                0x0000000000005f08       0xb0 c:/intelfpga_lite/16.1/nios2eds/bin/gnu/h-x86_64-mingw32/bin/../lib/gcc/nios2-elf/5.2.0/../../../../../H-x86_64-mingw32/nios2-elf/lib/mhw-mulx\libc.a(lib_a-mprec.o)
                0x0000000000005f08                __lo0bits
 .text.__i2b    0x0000000000005fb8       0x3c c:/intelfpga_lite/16.1/nios2eds/bin/gnu/h-x86_64-mingw32/bin/../lib/gcc/nios2-elf/5.2.0/../../../../../H-x86_64-mingw32/nios2-elf/lib/mhw-mulx\libc.a(lib_a-mprec.o)
                0x0000000000005fb8                __i2b
 .text.__multiply
                0x0000000000005ff4      0x1f8 c:/intelfpga_lite/16.1/nios2eds/bin/gnu/h-x86_64-mingw32/bin/../lib/gcc/nios2-elf/5.2.0/../../../../../H-x86_64-mingw32/nios2-elf/lib/mhw-mulx\libc.a(lib_a-mprec.o)
                0x0000000000005ff4                __multiply
 .text.__pow5mult
                0x00000000000061ec      0x140 c:/intelfpga_lite/16.1/nios2eds/bin/gnu/h-x86_64-mingw32/bin/../lib/gcc/nios2-elf/5.2.0/../../../../../H-x86_64-mingw32/nios2-elf/lib/mhw-mulx\libc.a(lib_a-mprec.o)
                0x00000000000061ec                __pow5mult
 .text.__lshift
                0x000000000000632c      0x148 c:/intelfpga_lite/16.1/nios2eds/bin/gnu/h-x86_64-mingw32/bin/../lib/gcc/nios2-elf/5.2.0/../../../../../H-x86_64-mingw32/nios2-elf/lib/mhw-mulx\libc.a(lib_a-mprec.o)
                0x000000000000632c                __lshift
 .text.__mcmp   0x0000000000006474       0x60 c:/intelfpga_lite/16.1/nios2eds/bin/gnu/h-x86_64-mingw32/bin/../lib/gcc/nios2-elf/5.2.0/../../../../../H-x86_64-mingw32/nios2-elf/lib/mhw-mulx\libc.a(lib_a-mprec.o)
                0x0000000000006474                __mcmp
 .text.__mdiff  0x00000000000064d4      0x1fc c:/intelfpga_lite/16.1/nios2eds/bin/gnu/h-x86_64-mingw32/bin/../lib/gcc/nios2-elf/5.2.0/../../../../../H-x86_64-mingw32/nios2-elf/lib/mhw-mulx\libc.a(lib_a-mprec.o)
                0x00000000000064d4                __mdiff
 .text.__ulp    0x00000000000066d0       0x64 c:/intelfpga_lite/16.1/nios2eds/bin/gnu/h-x86_64-mingw32/bin/../lib/gcc/nios2-elf/5.2.0/../../../../../H-x86_64-mingw32/nios2-elf/lib/mhw-mulx\libc.a(lib_a-mprec.o)
                0x00000000000066d0                __ulp
 .text.__b2d    0x0000000000006734      0x10c c:/intelfpga_lite/16.1/nios2eds/bin/gnu/h-x86_64-mingw32/bin/../lib/gcc/nios2-elf/5.2.0/../../../../../H-x86_64-mingw32/nios2-elf/lib/mhw-mulx\libc.a(lib_a-mprec.o)
                0x0000000000006734                __b2d
 .text.__d2b    0x0000000000006840      0x14c c:/intelfpga_lite/16.1/nios2eds/bin/gnu/h-x86_64-mingw32/bin/../lib/gcc/nios2-elf/5.2.0/../../../../../H-x86_64-mingw32/nios2-elf/lib/mhw-mulx\libc.a(lib_a-mprec.o)
                0x0000000000006840                __d2b
 .text.__ratio  0x000000000000698c       0xa4 c:/intelfpga_lite/16.1/nios2eds/bin/gnu/h-x86_64-mingw32/bin/../lib/gcc/nios2-elf/5.2.0/../../../../../H-x86_64-mingw32/nios2-elf/lib/mhw-mulx\libc.a(lib_a-mprec.o)
                0x000000000000698c                __ratio
 .text._mprec_log10
                0x0000000000006a30       0x74 c:/intelfpga_lite/16.1/nios2eds/bin/gnu/h-x86_64-mingw32/bin/../lib/gcc/nios2-elf/5.2.0/../../../../../H-x86_64-mingw32/nios2-elf/lib/mhw-mulx\libc.a(lib_a-mprec.o)
                0x0000000000006a30                _mprec_log10
 .text.__copybits
                0x0000000000006aa4       0x78 c:/intelfpga_lite/16.1/nios2eds/bin/gnu/h-x86_64-mingw32/bin/../lib/gcc/nios2-elf/5.2.0/../../../../../H-x86_64-mingw32/nios2-elf/lib/mhw-mulx\libc.a(lib_a-mprec.o)
                0x0000000000006aa4                __copybits
 .text.__any_on
                0x0000000000006b1c       0x8c c:/intelfpga_lite/16.1/nios2eds/bin/gnu/h-x86_64-mingw32/bin/../lib/gcc/nios2-elf/5.2.0/../../../../../H-x86_64-mingw32/nios2-elf/lib/mhw-mulx\libc.a(lib_a-mprec.o)
                0x0000000000006b1c                __any_on
 .text          0x0000000000006ba8        0x0 c:/intelfpga_lite/16.1/nios2eds/bin/gnu/h-x86_64-mingw32/bin/../lib/gcc/nios2-elf/5.2.0/../../../../../H-x86_64-mingw32/nios2-elf/lib/mhw-mulx\libc.a(lib_a-s_fpclassify.o)
 .text.__fpclassifyd
                0x0000000000006ba8       0x74 c:/intelfpga_lite/16.1/nios2eds/bin/gnu/h-x86_64-mingw32/bin/../lib/gcc/nios2-elf/5.2.0/../../../../../H-x86_64-mingw32/nios2-elf/lib/mhw-mulx\libc.a(lib_a-s_fpclassify.o)
                0x0000000000006ba8                __fpclassifyd
 .text          0x0000000000006c1c        0x0 c:/intelfpga_lite/16.1/nios2eds/bin/gnu/h-x86_64-mingw32/bin/../lib/gcc/nios2-elf/5.2.0/../../../../../H-x86_64-mingw32/nios2-elf/lib/mhw-mulx\libc.a(lib_a-sbrkr.o)
 .text._sbrk_r  0x0000000000006c1c       0x54 c:/intelfpga_lite/16.1/nios2eds/bin/gnu/h-x86_64-mingw32/bin/../lib/gcc/nios2-elf/5.2.0/../../../../../H-x86_64-mingw32/nios2-elf/lib/mhw-mulx\libc.a(lib_a-sbrkr.o)
                0x0000000000006c1c                _sbrk_r
 .text          0x0000000000006c70        0x0 c:/intelfpga_lite/16.1/nios2eds/bin/gnu/h-x86_64-mingw32/bin/../lib/gcc/nios2-elf/5.2.0/../../../../../H-x86_64-mingw32/nios2-elf/lib/mhw-mulx\libc.a(lib_a-stdio.o)
 .text.__sread  0x0000000000006c70       0x54 c:/intelfpga_lite/16.1/nios2eds/bin/gnu/h-x86_64-mingw32/bin/../lib/gcc/nios2-elf/5.2.0/../../../../../H-x86_64-mingw32/nios2-elf/lib/mhw-mulx\libc.a(lib_a-stdio.o)
                0x0000000000006c70                __sread
 .text.__seofread
                0x0000000000006cc4        0x8 c:/intelfpga_lite/16.1/nios2eds/bin/gnu/h-x86_64-mingw32/bin/../lib/gcc/nios2-elf/5.2.0/../../../../../H-x86_64-mingw32/nios2-elf/lib/mhw-mulx\libc.a(lib_a-stdio.o)
                0x0000000000006cc4                __seofread
 .text.__swrite
                0x0000000000006ccc       0x7c c:/intelfpga_lite/16.1/nios2eds/bin/gnu/h-x86_64-mingw32/bin/../lib/gcc/nios2-elf/5.2.0/../../../../../H-x86_64-mingw32/nios2-elf/lib/mhw-mulx\libc.a(lib_a-stdio.o)
                0x0000000000006ccc                __swrite
 .text.__sseek  0x0000000000006d48       0x5c c:/intelfpga_lite/16.1/nios2eds/bin/gnu/h-x86_64-mingw32/bin/../lib/gcc/nios2-elf/5.2.0/../../../../../H-x86_64-mingw32/nios2-elf/lib/mhw-mulx\libc.a(lib_a-stdio.o)
                0x0000000000006d48                __sseek
 .text.__sclose
                0x0000000000006da4        0x8 c:/intelfpga_lite/16.1/nios2eds/bin/gnu/h-x86_64-mingw32/bin/../lib/gcc/nios2-elf/5.2.0/../../../../../H-x86_64-mingw32/nios2-elf/lib/mhw-mulx\libc.a(lib_a-stdio.o)
                0x0000000000006da4                __sclose
 .text          0x0000000000006dac        0x0 c:/intelfpga_lite/16.1/nios2eds/bin/gnu/h-x86_64-mingw32/bin/../lib/gcc/nios2-elf/5.2.0/../../../../../H-x86_64-mingw32/nios2-elf/lib/mhw-mulx\libc.a(lib_a-strcmp.o)
 .text.strcmp   0x0000000000006dac       0xdc c:/intelfpga_lite/16.1/nios2eds/bin/gnu/h-x86_64-mingw32/bin/../lib/gcc/nios2-elf/5.2.0/../../../../../H-x86_64-mingw32/nios2-elf/lib/mhw-mulx\libc.a(lib_a-strcmp.o)
                0x0000000000006dac                strcmp
 .text          0x0000000000006e88        0x0 c:/intelfpga_lite/16.1/nios2eds/bin/gnu/h-x86_64-mingw32/bin/../lib/gcc/nios2-elf/5.2.0/../../../../../H-x86_64-mingw32/nios2-elf/lib/mhw-mulx\libc.a(lib_a-strlen.o)
 .text.strlen   0x0000000000006e88       0x98 c:/intelfpga_lite/16.1/nios2eds/bin/gnu/h-x86_64-mingw32/bin/../lib/gcc/nios2-elf/5.2.0/../../../../../H-x86_64-mingw32/nios2-elf/lib/mhw-mulx\libc.a(lib_a-strlen.o)
                0x0000000000006e88                strlen
 .text          0x0000000000006f20        0x0 c:/intelfpga_lite/16.1/nios2eds/bin/gnu/h-x86_64-mingw32/bin/../lib/gcc/nios2-elf/5.2.0/../../../../../H-x86_64-mingw32/nios2-elf/lib/mhw-mulx\libc.a(lib_a-vfiprintf.o)
 .text.__sprint_r.part.0
                0x0000000000006f20       0xfc c:/intelfpga_lite/16.1/nios2eds/bin/gnu/h-x86_64-mingw32/bin/../lib/gcc/nios2-elf/5.2.0/../../../../../H-x86_64-mingw32/nios2-elf/lib/mhw-mulx\libc.a(lib_a-vfiprintf.o)
 .text.__sprint_r
                0x000000000000701c       0x18 c:/intelfpga_lite/16.1/nios2eds/bin/gnu/h-x86_64-mingw32/bin/../lib/gcc/nios2-elf/5.2.0/../../../../../H-x86_64-mingw32/nios2-elf/lib/mhw-mulx\libc.a(lib_a-vfiprintf.o)
                0x000000000000701c                __sprint_r
 .text.___vfiprintf_internal_r
                0x0000000000007034     0x145c c:/intelfpga_lite/16.1/nios2eds/bin/gnu/h-x86_64-mingw32/bin/../lib/gcc/nios2-elf/5.2.0/../../../../../H-x86_64-mingw32/nios2-elf/lib/mhw-mulx\libc.a(lib_a-vfiprintf.o)
                0x0000000000007034                ___vfiprintf_internal_r
 .text.__vfiprintf_internal
                0x0000000000008490       0x1c c:/intelfpga_lite/16.1/nios2eds/bin/gnu/h-x86_64-mingw32/bin/../lib/gcc/nios2-elf/5.2.0/../../../../../H-x86_64-mingw32/nios2-elf/lib/mhw-mulx\libc.a(lib_a-vfiprintf.o)
                0x0000000000008490                __vfiprintf_internal
 .text.__sbprintf
                0x00000000000084ac       0xbc c:/intelfpga_lite/16.1/nios2eds/bin/gnu/h-x86_64-mingw32/bin/../lib/gcc/nios2-elf/5.2.0/../../../../../H-x86_64-mingw32/nios2-elf/lib/mhw-mulx\libc.a(lib_a-vfiprintf.o)
 .text          0x0000000000008568        0x0 c:/intelfpga_lite/16.1/nios2eds/bin/gnu/h-x86_64-mingw32/bin/../lib/gcc/nios2-elf/5.2.0/../../../../../H-x86_64-mingw32/nios2-elf/lib/mhw-mulx\libc.a(lib_a-writer.o)
 .text._write_r
                0x0000000000008568       0x60 c:/intelfpga_lite/16.1/nios2eds/bin/gnu/h-x86_64-mingw32/bin/../lib/gcc/nios2-elf/5.2.0/../../../../../H-x86_64-mingw32/nios2-elf/lib/mhw-mulx\libc.a(lib_a-writer.o)
                0x0000000000008568                _write_r
 .text          0x00000000000085c8        0x0 c:/intelfpga_lite/16.1/nios2eds/bin/gnu/h-x86_64-mingw32/bin/../lib/gcc/nios2-elf/5.2.0/../../../../../H-x86_64-mingw32/nios2-elf/lib/mhw-mulx\libc.a(closer.o)
 .text._close_r
                0x00000000000085c8       0x54 c:/intelfpga_lite/16.1/nios2eds/bin/gnu/h-x86_64-mingw32/bin/../lib/gcc/nios2-elf/5.2.0/../../../../../H-x86_64-mingw32/nios2-elf/lib/mhw-mulx\libc.a(closer.o)
                0x00000000000085c8                _close_r
 .text          0x000000000000861c        0x0 c:/intelfpga_lite/16.1/nios2eds/bin/gnu/h-x86_64-mingw32/bin/../lib/gcc/nios2-elf/5.2.0/../../../../../H-x86_64-mingw32/nios2-elf/lib/mhw-mulx\libc.a(lib_a-callocr.o)
 .text._calloc_r
                0x000000000000861c       0xc4 c:/intelfpga_lite/16.1/nios2eds/bin/gnu/h-x86_64-mingw32/bin/../lib/gcc/nios2-elf/5.2.0/../../../../../H-x86_64-mingw32/nios2-elf/lib/mhw-mulx\libc.a(lib_a-callocr.o)
                0x000000000000861c                _calloc_r
 .text          0x00000000000086e0        0x0 c:/intelfpga_lite/16.1/nios2eds/bin/gnu/h-x86_64-mingw32/bin/../lib/gcc/nios2-elf/5.2.0/../../../../../H-x86_64-mingw32/nios2-elf/lib/mhw-mulx\libc.a(lib_a-fclose.o)
 .text._fclose_r
                0x00000000000086e0       0xf0 c:/intelfpga_lite/16.1/nios2eds/bin/gnu/h-x86_64-mingw32/bin/../lib/gcc/nios2-elf/5.2.0/../../../../../H-x86_64-mingw32/nios2-elf/lib/mhw-mulx\libc.a(lib_a-fclose.o)
                0x00000000000086e0                _fclose_r
 .text.fclose   0x00000000000087d0       0x14 c:/intelfpga_lite/16.1/nios2eds/bin/gnu/h-x86_64-mingw32/bin/../lib/gcc/nios2-elf/5.2.0/../../../../../H-x86_64-mingw32/nios2-elf/lib/mhw-mulx\libc.a(lib_a-fclose.o)
                0x00000000000087d0                fclose
 .text          0x00000000000087e4        0x0 c:/intelfpga_lite/16.1/nios2eds/bin/gnu/h-x86_64-mingw32/bin/../lib/gcc/nios2-elf/5.2.0/../../../../../H-x86_64-mingw32/nios2-elf/lib/mhw-mulx\libc.a(lib_a-fputwc.o)
 .text.__fputwc
                0x00000000000087e4      0x164 c:/intelfpga_lite/16.1/nios2eds/bin/gnu/h-x86_64-mingw32/bin/../lib/gcc/nios2-elf/5.2.0/../../../../../H-x86_64-mingw32/nios2-elf/lib/mhw-mulx\libc.a(lib_a-fputwc.o)
                0x00000000000087e4                __fputwc
 .text._fputwc_r
                0x0000000000008948       0x24 c:/intelfpga_lite/16.1/nios2eds/bin/gnu/h-x86_64-mingw32/bin/../lib/gcc/nios2-elf/5.2.0/../../../../../H-x86_64-mingw32/nios2-elf/lib/mhw-mulx\libc.a(lib_a-fputwc.o)
                0x0000000000008948                _fputwc_r
 .text.fputwc   0x000000000000896c       0x80 c:/intelfpga_lite/16.1/nios2eds/bin/gnu/h-x86_64-mingw32/bin/../lib/gcc/nios2-elf/5.2.0/../../../../../H-x86_64-mingw32/nios2-elf/lib/mhw-mulx\libc.a(lib_a-fputwc.o)
                0x000000000000896c                fputwc
 .text          0x00000000000089ec        0x0 c:/intelfpga_lite/16.1/nios2eds/bin/gnu/h-x86_64-mingw32/bin/../lib/gcc/nios2-elf/5.2.0/../../../../../H-x86_64-mingw32/nios2-elf/lib/mhw-mulx\libc.a(lib_a-fstatr.o)
 .text._fstat_r
                0x00000000000089ec       0x5c c:/intelfpga_lite/16.1/nios2eds/bin/gnu/h-x86_64-mingw32/bin/../lib/gcc/nios2-elf/5.2.0/../../../../../H-x86_64-mingw32/nios2-elf/lib/mhw-mulx\libc.a(lib_a-fstatr.o)
                0x00000000000089ec                _fstat_r
 .text          0x0000000000008a48        0x0 c:/intelfpga_lite/16.1/nios2eds/bin/gnu/h-x86_64-mingw32/bin/../lib/gcc/nios2-elf/5.2.0/../../../../../H-x86_64-mingw32/nios2-elf/lib/mhw-mulx\libc.a(lib_a-fvwrite.o)
 .text.__sfvwrite_r
                0x0000000000008a48      0x4bc c:/intelfpga_lite/16.1/nios2eds/bin/gnu/h-x86_64-mingw32/bin/../lib/gcc/nios2-elf/5.2.0/../../../../../H-x86_64-mingw32/nios2-elf/lib/mhw-mulx\libc.a(lib_a-fvwrite.o)
                0x0000000000008a48                __sfvwrite_r
 .text          0x0000000000008f04        0x0 c:/intelfpga_lite/16.1/nios2eds/bin/gnu/h-x86_64-mingw32/bin/../lib/gcc/nios2-elf/5.2.0/../../../../../H-x86_64-mingw32/nios2-elf/lib/mhw-mulx\libc.a(lib_a-int_errno.o)
 .text          0x0000000000008f04        0x0 c:/intelfpga_lite/16.1/nios2eds/bin/gnu/h-x86_64-mingw32/bin/../lib/gcc/nios2-elf/5.2.0/../../../../../H-x86_64-mingw32/nios2-elf/lib/mhw-mulx\libc.a(lib_a-isattyr.o)
 .text._isatty_r
                0x0000000000008f04       0x54 c:/intelfpga_lite/16.1/nios2eds/bin/gnu/h-x86_64-mingw32/bin/../lib/gcc/nios2-elf/5.2.0/../../../../../H-x86_64-mingw32/nios2-elf/lib/mhw-mulx\libc.a(lib_a-isattyr.o)
                0x0000000000008f04                _isatty_r
 .text          0x0000000000008f58        0x0 c:/intelfpga_lite/16.1/nios2eds/bin/gnu/h-x86_64-mingw32/bin/../lib/gcc/nios2-elf/5.2.0/../../../../../H-x86_64-mingw32/nios2-elf/lib/mhw-mulx\libc.a(lib_a-lseekr.o)
 .text._lseek_r
                0x0000000000008f58       0x60 c:/intelfpga_lite/16.1/nios2eds/bin/gnu/h-x86_64-mingw32/bin/../lib/gcc/nios2-elf/5.2.0/../../../../../H-x86_64-mingw32/nios2-elf/lib/mhw-mulx\libc.a(lib_a-lseekr.o)
                0x0000000000008f58                _lseek_r
 .text          0x0000000000008fb8        0x0 c:/intelfpga_lite/16.1/nios2eds/bin/gnu/h-x86_64-mingw32/bin/../lib/gcc/nios2-elf/5.2.0/../../../../../H-x86_64-mingw32/nios2-elf/lib/mhw-mulx\libc.a(lib_a-memmove.o)
 .text.memmove  0x0000000000008fb8      0x15c c:/intelfpga_lite/16.1/nios2eds/bin/gnu/h-x86_64-mingw32/bin/../lib/gcc/nios2-elf/5.2.0/../../../../../H-x86_64-mingw32/nios2-elf/lib/mhw-mulx\libc.a(lib_a-memmove.o)
                0x0000000000008fb8                memmove
 .text          0x0000000000009114        0x0 c:/intelfpga_lite/16.1/nios2eds/bin/gnu/h-x86_64-mingw32/bin/../lib/gcc/nios2-elf/5.2.0/../../../../../H-x86_64-mingw32/nios2-elf/lib/mhw-mulx\libc.a(lib_a-readr.o)
 .text._read_r  0x0000000000009114       0x60 c:/intelfpga_lite/16.1/nios2eds/bin/gnu/h-x86_64-mingw32/bin/../lib/gcc/nios2-elf/5.2.0/../../../../../H-x86_64-mingw32/nios2-elf/lib/mhw-mulx\libc.a(lib_a-readr.o)
                0x0000000000009114                _read_r
 .text          0x0000000000009174        0x0 c:/intelfpga_lite/16.1/nios2eds/bin/gnu/h-x86_64-mingw32/bin/../lib/gcc/nios2-elf/5.2.0/../../../../../H-x86_64-mingw32/nios2-elf/lib/mhw-mulx\libc.a(lib_a-reallocr.o)
 .text._realloc_r
                0x0000000000009174      0x564 c:/intelfpga_lite/16.1/nios2eds/bin/gnu/h-x86_64-mingw32/bin/../lib/gcc/nios2-elf/5.2.0/../../../../../H-x86_64-mingw32/nios2-elf/lib/mhw-mulx\libc.a(lib_a-reallocr.o)
                0x0000000000009174                _realloc_r
 .text          0x00000000000096d8        0x0 c:/intelfpga_lite/16.1/nios2eds/bin/gnu/h-x86_64-mingw32/bin/../lib/gcc/nios2-elf/5.2.0/../../../../../H-x86_64-mingw32/nios2-elf/lib/mhw-mulx\libc.a(lib_a-wbuf.o)
 .text.__swbuf_r
                0x00000000000096d8      0x140 c:/intelfpga_lite/16.1/nios2eds/bin/gnu/h-x86_64-mingw32/bin/../lib/gcc/nios2-elf/5.2.0/../../../../../H-x86_64-mingw32/nios2-elf/lib/mhw-mulx\libc.a(lib_a-wbuf.o)
                0x00000000000096d8                __swbuf_r
 .text.__swbuf  0x0000000000009818       0x18 c:/intelfpga_lite/16.1/nios2eds/bin/gnu/h-x86_64-mingw32/bin/../lib/gcc/nios2-elf/5.2.0/../../../../../H-x86_64-mingw32/nios2-elf/lib/mhw-mulx\libc.a(lib_a-wbuf.o)
                0x0000000000009818                __swbuf
 .text          0x0000000000009830        0x0 c:/intelfpga_lite/16.1/nios2eds/bin/gnu/h-x86_64-mingw32/bin/../lib/gcc/nios2-elf/5.2.0/../../../../../H-x86_64-mingw32/nios2-elf/lib/mhw-mulx\libc.a(lib_a-wcrtomb.o)
 .text._wcrtomb_r
                0x0000000000009830       0x9c c:/intelfpga_lite/16.1/nios2eds/bin/gnu/h-x86_64-mingw32/bin/../lib/gcc/nios2-elf/5.2.0/../../../../../H-x86_64-mingw32/nios2-elf/lib/mhw-mulx\libc.a(lib_a-wcrtomb.o)
                0x0000000000009830                _wcrtomb_r
 .text.wcrtomb  0x00000000000098cc       0xc0 c:/intelfpga_lite/16.1/nios2eds/bin/gnu/h-x86_64-mingw32/bin/../lib/gcc/nios2-elf/5.2.0/../../../../../H-x86_64-mingw32/nios2-elf/lib/mhw-mulx\libc.a(lib_a-wcrtomb.o)
                0x00000000000098cc                wcrtomb
 .text          0x000000000000998c        0x0 c:/intelfpga_lite/16.1/nios2eds/bin/gnu/h-x86_64-mingw32/bin/../lib/gcc/nios2-elf/5.2.0/../../../../../H-x86_64-mingw32/nios2-elf/lib/mhw-mulx\libc.a(lib_a-wctomb_r.o)
 .text.__ascii_wctomb
                0x000000000000998c       0x30 c:/intelfpga_lite/16.1/nios2eds/bin/gnu/h-x86_64-mingw32/bin/../lib/gcc/nios2-elf/5.2.0/../../../../../H-x86_64-mingw32/nios2-elf/lib/mhw-mulx\libc.a(lib_a-wctomb_r.o)
                0x000000000000998c                __ascii_wctomb
 .text._wctomb_r
                0x00000000000099bc       0x5c c:/intelfpga_lite/16.1/nios2eds/bin/gnu/h-x86_64-mingw32/bin/../lib/gcc/nios2-elf/5.2.0/../../../../../H-x86_64-mingw32/nios2-elf/lib/mhw-mulx\libc.a(lib_a-wctomb_r.o)
                0x00000000000099bc                _wctomb_r
 .text          0x0000000000009a18      0x578 c:/intelfpga_lite/16.1/nios2eds/bin/gnu/h-x86_64-mingw32/bin/../lib/gcc/nios2-elf/5.2.0/mhw-mulx\libgcc.a(_udivdi3.o)
                0x0000000000009a18                __udivdi3
 .text          0x0000000000009f90      0x538 c:/intelfpga_lite/16.1/nios2eds/bin/gnu/h-x86_64-mingw32/bin/../lib/gcc/nios2-elf/5.2.0/mhw-mulx\libgcc.a(_umoddi3.o)
                0x0000000000009f90                __umoddi3
 .text          0x000000000000a4c8      0x1b4 c:/intelfpga_lite/16.1/nios2eds/bin/gnu/h-x86_64-mingw32/bin/../lib/gcc/nios2-elf/5.2.0/mhw-mulx\libgcc.a(lib2-divmod.o)
                0x000000000000a4c8                __divsi3
                0x000000000000a54c                __modsi3
                0x000000000000a5c0                __udivsi3
                0x000000000000a624                __umodsi3
 .text          0x000000000000a67c      0x8ac c:/intelfpga_lite/16.1/nios2eds/bin/gnu/h-x86_64-mingw32/bin/../lib/gcc/nios2-elf/5.2.0/mhw-mulx\libgcc.a(adddf3.o)
                0x000000000000a67c                __adddf3
 .text          0x000000000000af28      0x8e8 c:/intelfpga_lite/16.1/nios2eds/bin/gnu/h-x86_64-mingw32/bin/../lib/gcc/nios2-elf/5.2.0/mhw-mulx\libgcc.a(divdf3.o)
                0x000000000000af28                __divdf3
 .text          0x000000000000b810       0x88 c:/intelfpga_lite/16.1/nios2eds/bin/gnu/h-x86_64-mingw32/bin/../lib/gcc/nios2-elf/5.2.0/mhw-mulx\libgcc.a(eqdf2.o)
                0x000000000000b810                __nedf2
                0x000000000000b810                __eqdf2
 .text          0x000000000000b898       0xdc c:/intelfpga_lite/16.1/nios2eds/bin/gnu/h-x86_64-mingw32/bin/../lib/gcc/nios2-elf/5.2.0/mhw-mulx\libgcc.a(gedf2.o)
                0x000000000000b898                __gedf2
                0x000000000000b898                __gtdf2
 .text          0x000000000000b974       0xf4 c:/intelfpga_lite/16.1/nios2eds/bin/gnu/h-x86_64-mingw32/bin/../lib/gcc/nios2-elf/5.2.0/mhw-mulx\libgcc.a(ledf2.o)
                0x000000000000b974                __ledf2
                0x000000000000b974                __ltdf2
 .text          0x000000000000ba68      0x718 c:/intelfpga_lite/16.1/nios2eds/bin/gnu/h-x86_64-mingw32/bin/../lib/gcc/nios2-elf/5.2.0/mhw-mulx\libgcc.a(muldf3.o)
                0x000000000000ba68                __muldf3
 .text          0x000000000000c180      0x8fc c:/intelfpga_lite/16.1/nios2eds/bin/gnu/h-x86_64-mingw32/bin/../lib/gcc/nios2-elf/5.2.0/mhw-mulx\libgcc.a(subdf3.o)
                0x000000000000c180                __subdf3
 .text          0x000000000000ca7c       0x80 c:/intelfpga_lite/16.1/nios2eds/bin/gnu/h-x86_64-mingw32/bin/../lib/gcc/nios2-elf/5.2.0/mhw-mulx\libgcc.a(fixdfsi.o)
                0x000000000000ca7c                __fixdfsi
 .text          0x000000000000cafc       0xdc c:/intelfpga_lite/16.1/nios2eds/bin/gnu/h-x86_64-mingw32/bin/../lib/gcc/nios2-elf/5.2.0/mhw-mulx\libgcc.a(floatsidf.o)
                0x000000000000cafc                __floatsidf
 .text          0x000000000000cbd8       0xa8 c:/intelfpga_lite/16.1/nios2eds/bin/gnu/h-x86_64-mingw32/bin/../lib/gcc/nios2-elf/5.2.0/mhw-mulx\libgcc.a(floatunsidf.o)
                0x000000000000cbd8                __floatunsidf
 .text          0x000000000000cc80        0x0 c:/intelfpga_lite/16.1/nios2eds/bin/gnu/h-x86_64-mingw32/bin/../lib/gcc/nios2-elf/5.2.0/mhw-mulx\libgcc.a(_clz.o)
 .text          0x000000000000cc80       0x64 c:/intelfpga_lite/16.1/nios2eds/bin/gnu/h-x86_64-mingw32/bin/../lib/gcc/nios2-elf/5.2.0/mhw-mulx\libgcc.a(_clzsi2.o)
                0x000000000000cc80                __clzsi2
 .text          0x000000000000cce4      0x10c C:/src/KAU_EMBEDED_19/Quartus/software/DEFAULT_SETTING_bsp/\libhal_bsp.a(alt_close.o)
                0x000000000000cd20                close
 .text          0x000000000000cdf0       0x2c C:/src/KAU_EMBEDED_19/Quartus/software/DEFAULT_SETTING_bsp/\libhal_bsp.a(alt_dev.o)
 .text          0x000000000000ce1c        0x0 C:/src/KAU_EMBEDED_19/Quartus/software/DEFAULT_SETTING_bsp/\libhal_bsp.a(alt_errno.o)
 .text          0x000000000000ce1c       0xec C:/src/KAU_EMBEDED_19/Quartus/software/DEFAULT_SETTING_bsp/\libhal_bsp.a(alt_fstat.o)
                0x000000000000ce58                fstat
 .text          0x000000000000cf08      0x180 C:/src/KAU_EMBEDED_19/Quartus/software/DEFAULT_SETTING_bsp/\libhal_bsp.a(alt_irq_register.o)
                0x000000000000cf08                alt_irq_register
 .text          0x000000000000d088        0x0 C:/src/KAU_EMBEDED_19/Quartus/software/DEFAULT_SETTING_bsp/\libhal_bsp.a(alt_irq_vars.o)
 .text          0x000000000000d088       0xe0 C:/src/KAU_EMBEDED_19/Quartus/software/DEFAULT_SETTING_bsp/\libhal_bsp.a(alt_isatty.o)
                0x000000000000d0c4                isatty
 .text          0x000000000000d168       0xec C:/src/KAU_EMBEDED_19/Quartus/software/DEFAULT_SETTING_bsp/\libhal_bsp.a(alt_load.o)
                0x000000000000d1d0                alt_load
 .text          0x000000000000d254      0x110 C:/src/KAU_EMBEDED_19/Quartus/software/DEFAULT_SETTING_bsp/\libhal_bsp.a(alt_lseek.o)
                0x000000000000d290                lseek
 .text          0x000000000000d364       0x7c C:/src/KAU_EMBEDED_19/Quartus/software/DEFAULT_SETTING_bsp/\libhal_bsp.a(alt_main.o)
                0x000000000000d364                alt_main
 .text          0x000000000000d3e0       0x48 C:/src/KAU_EMBEDED_19/Quartus/software/DEFAULT_SETTING_bsp/\libhal_bsp.a(alt_malloc_lock.o)
                0x000000000000d3e0                __malloc_lock
                0x000000000000d404                __malloc_unlock
 .text          0x000000000000d428      0x138 C:/src/KAU_EMBEDED_19/Quartus/software/DEFAULT_SETTING_bsp/\libhal_bsp.a(alt_read.o)
                0x000000000000d464                read
 .text          0x000000000000d560       0x64 C:/src/KAU_EMBEDED_19/Quartus/software/DEFAULT_SETTING_bsp/\libhal_bsp.a(alt_release_fd.o)
                0x000000000000d560                alt_release_fd
 .text          0x000000000000d5c4       0xb0 C:/src/KAU_EMBEDED_19/Quartus/software/DEFAULT_SETTING_bsp/\libhal_bsp.a(alt_sbrk.o)
                0x000000000000d5c4                sbrk
 .text          0x000000000000d674      0x134 C:/src/KAU_EMBEDED_19/Quartus/software/DEFAULT_SETTING_bsp/\libhal_bsp.a(alt_write.o)
                0x000000000000d6b0                write
 .text          0x000000000000d7a8      0x7fc C:/src/KAU_EMBEDED_19/Quartus/software/DEFAULT_SETTING_bsp/\libhal_bsp.a(alt_sys_init.o)
                0x000000000000d7dc                alt_irq_init
                0x000000000000d814                alt_sys_init
 .text          0x000000000000dfa4      0x164 C:/src/KAU_EMBEDED_19/Quartus/software/DEFAULT_SETTING_bsp/\libhal_bsp.a(altera_avalon_jtag_uart_fd.o)
                0x000000000000dfa4                altera_avalon_jtag_uart_read_fd
                0x000000000000e004                altera_avalon_jtag_uart_write_fd
                0x000000000000e064                altera_avalon_jtag_uart_close_fd
                0x000000000000e0b4                altera_avalon_jtag_uart_ioctl_fd
 .text          0x000000000000e108      0x3cc C:/src/KAU_EMBEDED_19/Quartus/software/DEFAULT_SETTING_bsp/\libhal_bsp.a(altera_avalon_jtag_uart_init.o)
                0x000000000000e108                altera_avalon_jtag_uart_init
                0x000000000000e46c                altera_avalon_jtag_uart_close
 .text          0x000000000000e4d4       0xf0 C:/src/KAU_EMBEDED_19/Quartus/software/DEFAULT_SETTING_bsp/\libhal_bsp.a(altera_avalon_jtag_uart_ioctl.o)
                0x000000000000e4d4                altera_avalon_jtag_uart_ioctl
 .text          0x000000000000e5c4      0x21c C:/src/KAU_EMBEDED_19/Quartus/software/DEFAULT_SETTING_bsp/\libhal_bsp.a(altera_avalon_jtag_uart_read.o)
                0x000000000000e5c4                altera_avalon_jtag_uart_read
 .text          0x000000000000e7e0      0x224 C:/src/KAU_EMBEDED_19/Quartus/software/DEFAULT_SETTING_bsp/\libhal_bsp.a(altera_avalon_jtag_uart_write.o)
                0x000000000000e7e0                altera_avalon_jtag_uart_write
 .text          0x000000000000ea04       0xf0 C:/src/KAU_EMBEDED_19/Quartus/software/DEFAULT_SETTING_bsp/\libhal_bsp.a(altera_avalon_timer_sc.o)
                0x000000000000ea80                alt_avalon_timer_sc_init
 .text          0x000000000000eaf4      0x38c C:/src/KAU_EMBEDED_19/Quartus/software/DEFAULT_SETTING_bsp/\libhal_bsp.a(altera_up_avalon_irda.o)
                0x000000000000eaf4                alt_up_irda_enable_read_interrupt
                0x000000000000eb50                alt_up_irda_disable_read_interrupt
                0x000000000000ebb0                alt_up_irda_get_used_space_in_read_FIFO
                0x000000000000ebf0                alt_up_irda_get_available_space_in_write_FIFO
                0x000000000000ec2c                alt_up_irda_check_parity
                0x000000000000ec70                alt_up_irda_write_data
                0x000000000000ecb0                alt_up_irda_read_data
                0x000000000000ed24                alt_up_irda_read_fd
                0x000000000000edb4                alt_up_irda_write_fd
                0x000000000000ee44                alt_up_irda_open_dev
 .text          0x000000000000ee80      0x6b0 C:/src/KAU_EMBEDED_19/Quartus/software/DEFAULT_SETTING_bsp/\libhal_bsp.a(altera_up_avalon_ps2.o)
                0x000000000000ee80                read_RI_bit
                0x000000000000eeb4                read_RE_bit
                0x000000000000eee4                read_CE_bit
                0x000000000000ef18                read_num_bytes_available
                0x000000000000ef48                read_data_valid
                0x000000000000ef7c                read_data_byte
                0x000000000000efa8                alt_up_ps2_init
                0x000000000000f070                alt_up_ps2_enable_read_interrupt
                0x000000000000f0cc                alt_up_ps2_disable_read_interrupt
                0x000000000000f12c                alt_up_ps2_write_data_byte
                0x000000000000f1a0                alt_up_ps2_wait_for_ack
                0x000000000000f208                alt_up_ps2_write_data_byte_with_ack
                0x000000000000f26c                alt_up_ps2_read_data_byte_timeout
                0x000000000000f308                alt_up_ps2_read_data_byte
                0x000000000000f378                alt_up_ps2_clear_fifo
                0x000000000000f3d0                alt_up_ps2_read_fd
                0x000000000000f45c                alt_up_ps2_write_fd
                0x000000000000f4f4                alt_up_ps2_open_dev
 .text          0x000000000000f530      0x12c C:/src/KAU_EMBEDED_19/Quartus/software/DEFAULT_SETTING_bsp/\libhal_bsp.a(alt_alarm_start.o)
                0x000000000000f530                alt_alarm_start
 .text          0x000000000000f65c       0x20 C:/src/KAU_EMBEDED_19/Quartus/software/DEFAULT_SETTING_bsp/\libhal_bsp.a(alt_dcache_flush_all.o)
                0x000000000000f65c                alt_dcache_flush_all
 .text          0x000000000000f67c       0xe0 C:/src/KAU_EMBEDED_19/Quartus/software/DEFAULT_SETTING_bsp/\libhal_bsp.a(alt_dev_llist_insert.o)
                0x000000000000f6b8                alt_dev_llist_insert
 .text          0x000000000000f75c       0x60 C:/src/KAU_EMBEDED_19/Quartus/software/DEFAULT_SETTING_bsp/\libhal_bsp.a(alt_do_ctors.o)
                0x000000000000f75c                _do_ctors
 .text          0x000000000000f7bc       0x60 C:/src/KAU_EMBEDED_19/Quartus/software/DEFAULT_SETTING_bsp/\libhal_bsp.a(alt_do_dtors.o)
                0x000000000000f7bc                _do_dtors
 .text          0x000000000000f81c       0x90 C:/src/KAU_EMBEDED_19/Quartus/software/DEFAULT_SETTING_bsp/\libhal_bsp.a(alt_find_dev.o)
                0x000000000000f81c                alt_find_dev
 .text          0x000000000000f8ac       0x34 C:/src/KAU_EMBEDED_19/Quartus/software/DEFAULT_SETTING_bsp/\libhal_bsp.a(alt_icache_flush_all.o)
                0x000000000000f8ac                alt_icache_flush_all
 .text          0x000000000000f8e0      0x140 C:/src/KAU_EMBEDED_19/Quartus/software/DEFAULT_SETTING_bsp/\libhal_bsp.a(alt_io_redirect.o)
                0x000000000000f9a4                alt_io_redirect
 .text          0x000000000000fa20        0x0 C:/src/KAU_EMBEDED_19/Quartus/software/DEFAULT_SETTING_bsp/\libhal_bsp.a(alt_irq_entry.o)
 .text          0x000000000000fa20        0x0 C:/src/KAU_EMBEDED_19/Quartus/software/DEFAULT_SETTING_bsp/\libhal_bsp.a(alt_irq_handler.o)
 .text          0x000000000000fa20      0x254 C:/src/KAU_EMBEDED_19/Quartus/software/DEFAULT_SETTING_bsp/\libhal_bsp.a(alt_open.o)
                0x000000000000fb20                open
 .text          0x000000000000fc74      0x1a4 C:/src/KAU_EMBEDED_19/Quartus/software/DEFAULT_SETTING_bsp/\libhal_bsp.a(alt_tick.o)
                0x000000000000fc74                alt_alarm_stop
                0x000000000000fd10                alt_tick
 .text          0x000000000000fe18       0x24 C:/src/KAU_EMBEDED_19/Quartus/software/DEFAULT_SETTING_bsp/\libhal_bsp.a(altera_nios2_gen2_irq.o)
                0x000000000000fe18                altera_nios2_gen2_irq_init
 .text          0x000000000000fe3c        0x0 C:/src/KAU_EMBEDED_19/Quartus/software/DEFAULT_SETTING_bsp/\libhal_bsp.a(alt_exception_entry.o)
 .text          0x000000000000fe3c      0x108 C:/src/KAU_EMBEDED_19/Quartus/software/DEFAULT_SETTING_bsp/\libhal_bsp.a(alt_find_file.o)
                0x000000000000fe3c                alt_find_file
 .text          0x000000000000ff44       0xa4 C:/src/KAU_EMBEDED_19/Quartus/software/DEFAULT_SETTING_bsp/\libhal_bsp.a(alt_get_fd.o)
                0x000000000000ff44                alt_get_fd
 .text          0x000000000000ffe8       0x90 C:/src/KAU_EMBEDED_19/Quartus/software/DEFAULT_SETTING_bsp/\libhal_bsp.a(alt_icache_flush.o)
                0x000000000000ffe8                alt_icache_flush
 .text          0x0000000000010078       0x9c C:/src/KAU_EMBEDED_19/Quartus/software/DEFAULT_SETTING_bsp/\libhal_bsp.a(alt_instruction_exception_entry.o)
                0x0000000000010078                alt_exception_cause_generated_bad_addr
 .text          0x0000000000010114        0x0 c:/intelfpga_lite/16.1/nios2eds/bin/gnu/h-x86_64-mingw32/bin/../lib/gcc/nios2-elf/5.2.0/../../../../../H-x86_64-mingw32/nios2-elf/lib/mhw-mulx\libc.a(lib_a-atexit.o)
 .text.atexit   0x0000000000010114       0x14 c:/intelfpga_lite/16.1/nios2eds/bin/gnu/h-x86_64-mingw32/bin/../lib/gcc/nios2-elf/5.2.0/../../../../../H-x86_64-mingw32/nios2-elf/lib/mhw-mulx\libc.a(lib_a-atexit.o)
                0x0000000000010114                atexit
 .text          0x0000000000010128        0x0 c:/intelfpga_lite/16.1/nios2eds/bin/gnu/h-x86_64-mingw32/bin/../lib/gcc/nios2-elf/5.2.0/../../../../../H-x86_64-mingw32/nios2-elf/lib/mhw-mulx\libc.a(lib_a-exit.o)
 .text.exit     0x0000000000010128       0x38 c:/intelfpga_lite/16.1/nios2eds/bin/gnu/h-x86_64-mingw32/bin/../lib/gcc/nios2-elf/5.2.0/../../../../../H-x86_64-mingw32/nios2-elf/lib/mhw-mulx\libc.a(lib_a-exit.o)
                0x0000000000010128                exit
 .text          0x0000000000010160        0x0 c:/intelfpga_lite/16.1/nios2eds/bin/gnu/h-x86_64-mingw32/bin/../lib/gcc/nios2-elf/5.2.0/../../../../../H-x86_64-mingw32/nios2-elf/lib/mhw-mulx\libc.a(lib_a-memcmp.o)
 .text.memcmp   0x0000000000010160       0x7c c:/intelfpga_lite/16.1/nios2eds/bin/gnu/h-x86_64-mingw32/bin/../lib/gcc/nios2-elf/5.2.0/../../../../../H-x86_64-mingw32/nios2-elf/lib/mhw-mulx\libc.a(lib_a-memcmp.o)
                0x0000000000010160                memcmp
 .text          0x00000000000101dc        0x0 c:/intelfpga_lite/16.1/nios2eds/bin/gnu/h-x86_64-mingw32/bin/../lib/gcc/nios2-elf/5.2.0/../../../../../H-x86_64-mingw32/nios2-elf/lib/mhw-mulx\libc.a(lib_a-__atexit.o)
 .text.__register_exitproc
                0x00000000000101dc      0x118 c:/intelfpga_lite/16.1/nios2eds/bin/gnu/h-x86_64-mingw32/bin/../lib/gcc/nios2-elf/5.2.0/../../../../../H-x86_64-mingw32/nios2-elf/lib/mhw-mulx\libc.a(lib_a-__atexit.o)
                0x00000000000101dc                __register_exitproc
 .text          0x00000000000102f4        0x0 c:/intelfpga_lite/16.1/nios2eds/bin/gnu/h-x86_64-mingw32/bin/../lib/gcc/nios2-elf/5.2.0/../../../../../H-x86_64-mingw32/nios2-elf/lib/mhw-mulx\libc.a(lib_a-__call_atexit.o)
 .text.__call_exitprocs
                0x00000000000102f4      0x180 c:/intelfpga_lite/16.1/nios2eds/bin/gnu/h-x86_64-mingw32/bin/../lib/gcc/nios2-elf/5.2.0/../../../../../H-x86_64-mingw32/nios2-elf/lib/mhw-mulx\libc.a(lib_a-__call_atexit.o)
                0x00000000000102f4                __call_exitprocs
 .text          0x0000000000010474       0x34 C:/src/KAU_EMBEDED_19/Quartus/software/DEFAULT_SETTING_bsp/\libhal_bsp.a(alt_exit.o)
                0x0000000000010474                _exit
 *(.gnu.warning.*)
 *(.fini)
                [!provide]                        PROVIDE (__etext, ABSOLUTE (.))
                [!provide]                        PROVIDE (_etext, ABSOLUTE (.))
                [!provide]                        PROVIDE (etext, ABSOLUTE (.))
 *(.eh_frame_hdr)
                0x00000000000104a8                . = ALIGN (0x4)
                [!provide]                        PROVIDE (__preinit_array_start, ABSOLUTE (.))
 *(.preinit_array)
                [!provide]                        PROVIDE (__preinit_array_end, ABSOLUTE (.))
                [!provide]                        PROVIDE (__init_array_start, ABSOLUTE (.))
 *(.init_array)
                [!provide]                        PROVIDE (__init_array_end, ABSOLUTE (.))
                [!provide]                        PROVIDE (__fini_array_start, ABSOLUTE (.))
 *(.fini_array)
                [!provide]                        PROVIDE (__fini_array_end, ABSOLUTE (.))
 *(.eh_frame)
 *(.gcc_except_table .gcc_except_table.*)
 *(.dynamic)
                0x00000000000104a8                PROVIDE (__CTOR_LIST__, ABSOLUTE (.))
 *(.ctors)
 *(SORT(.ctors.*))
                0x00000000000104a8                PROVIDE (__CTOR_END__, ABSOLUTE (.))
                0x00000000000104a8                PROVIDE (__DTOR_LIST__, ABSOLUTE (.))
 *(.dtors)
 *(SORT(.dtors.*))
                0x00000000000104a8                PROVIDE (__DTOR_END__, ABSOLUTE (.))
 *(.jcr)
                0x00000000000104a8                . = ALIGN (0x4)

.rodata         0x00000000000104a8      0x3e4
                0x00000000000104a8                PROVIDE (__ram_rodata_start, ABSOLUTE (.))
                0x00000000000104a8                . = ALIGN (0x4)
 *(.rodata .rodata.* .gnu.linkonce.r.*)
 .rodata        0x00000000000104a8        0x5 obj/default/hello_world.o
 *fill*         0x00000000000104ad        0x3 
 .rodata.str1.4
                0x00000000000104b0       0x42 c:/intelfpga_lite/16.1/nios2eds/bin/gnu/h-x86_64-mingw32/bin/../lib/gcc/nios2-elf/5.2.0/../../../../../H-x86_64-mingw32/nios2-elf/lib/mhw-mulx\libc.a(lib_a-vfprintf.o)
 .rodata.zeroes.4404
                0x00000000000104f2       0x10 c:/intelfpga_lite/16.1/nios2eds/bin/gnu/h-x86_64-mingw32/bin/../lib/gcc/nios2-elf/5.2.0/../../../../../H-x86_64-mingw32/nios2-elf/lib/mhw-mulx\libc.a(lib_a-vfprintf.o)
 .rodata.blanks.4403
                0x0000000000010502       0x10 c:/intelfpga_lite/16.1/nios2eds/bin/gnu/h-x86_64-mingw32/bin/../lib/gcc/nios2-elf/5.2.0/../../../../../H-x86_64-mingw32/nios2-elf/lib/mhw-mulx\libc.a(lib_a-vfprintf.o)
 *fill*         0x0000000000010512        0x2 
 .rodata.str1.4
                0x0000000000010514       0x10 c:/intelfpga_lite/16.1/nios2eds/bin/gnu/h-x86_64-mingw32/bin/../lib/gcc/nios2-elf/5.2.0/../../../../../H-x86_64-mingw32/nios2-elf/lib/mhw-mulx\libc.a(lib_a-dtoa.o)
                                         0x12 (size before relaxing)
 .rodata.str1.4
                0x0000000000010524        0x2 c:/intelfpga_lite/16.1/nios2eds/bin/gnu/h-x86_64-mingw32/bin/../lib/gcc/nios2-elf/5.2.0/../../../../../H-x86_64-mingw32/nios2-elf/lib/mhw-mulx\libc.a(lib_a-impure.o)
 *fill*         0x0000000000010526        0x2 
 .rodata.str1.4
                0x0000000000010528        0xc c:/intelfpga_lite/16.1/nios2eds/bin/gnu/h-x86_64-mingw32/bin/../lib/gcc/nios2-elf/5.2.0/../../../../../H-x86_64-mingw32/nios2-elf/lib/mhw-mulx\libc.a(lib_a-locale.o)
                                         0x12 (size before relaxing)
 .rodata.p05.2768
                0x0000000000010534        0xc c:/intelfpga_lite/16.1/nios2eds/bin/gnu/h-x86_64-mingw32/bin/../lib/gcc/nios2-elf/5.2.0/../../../../../H-x86_64-mingw32/nios2-elf/lib/mhw-mulx\libc.a(lib_a-mprec.o)
 .rodata.__mprec_tinytens
                0x0000000000010540       0x28 c:/intelfpga_lite/16.1/nios2eds/bin/gnu/h-x86_64-mingw32/bin/../lib/gcc/nios2-elf/5.2.0/../../../../../H-x86_64-mingw32/nios2-elf/lib/mhw-mulx\libc.a(lib_a-mprec.o)
                0x0000000000010540                __mprec_tinytens
 .rodata.__mprec_bigtens
                0x0000000000010568       0x28 c:/intelfpga_lite/16.1/nios2eds/bin/gnu/h-x86_64-mingw32/bin/../lib/gcc/nios2-elf/5.2.0/../../../../../H-x86_64-mingw32/nios2-elf/lib/mhw-mulx\libc.a(lib_a-mprec.o)
                0x0000000000010568                __mprec_bigtens
 .rodata.__mprec_tens
                0x0000000000010590       0xc8 c:/intelfpga_lite/16.1/nios2eds/bin/gnu/h-x86_64-mingw32/bin/../lib/gcc/nios2-elf/5.2.0/../../../../../H-x86_64-mingw32/nios2-elf/lib/mhw-mulx\libc.a(lib_a-mprec.o)
                0x0000000000010590                __mprec_tens
 .rodata.str1.4
                0x0000000000010658       0x2f c:/intelfpga_lite/16.1/nios2eds/bin/gnu/h-x86_64-mingw32/bin/../lib/gcc/nios2-elf/5.2.0/../../../../../H-x86_64-mingw32/nios2-elf/lib/mhw-mulx\libc.a(lib_a-vfiprintf.o)
 .rodata.zeroes.4349
                0x0000000000010658       0x10 c:/intelfpga_lite/16.1/nios2eds/bin/gnu/h-x86_64-mingw32/bin/../lib/gcc/nios2-elf/5.2.0/../../../../../H-x86_64-mingw32/nios2-elf/lib/mhw-mulx\libc.a(lib_a-vfiprintf.o)
 .rodata.blanks.4348
                0x0000000000010668       0x10 c:/intelfpga_lite/16.1/nios2eds/bin/gnu/h-x86_64-mingw32/bin/../lib/gcc/nios2-elf/5.2.0/../../../../../H-x86_64-mingw32/nios2-elf/lib/mhw-mulx\libc.a(lib_a-vfiprintf.o)
 .rodata        0x0000000000010678      0x100 c:/intelfpga_lite/16.1/nios2eds/bin/gnu/h-x86_64-mingw32/bin/../lib/gcc/nios2-elf/5.2.0/mhw-mulx\libgcc.a(_clz.o)
                0x0000000000010678                __clz_tab
 .rodata        0x0000000000010778        0xa C:/src/KAU_EMBEDED_19/Quartus/software/DEFAULT_SETTING_bsp/\libhal_bsp.a(alt_dev.o)
 *fill*         0x0000000000010782        0x2 
 .rodata        0x0000000000010784        0xf C:/src/KAU_EMBEDED_19/Quartus/software/DEFAULT_SETTING_bsp/\libhal_bsp.a(alt_main.o)
 *fill*         0x0000000000010793        0x1 
 .rodata        0x0000000000010794       0xf5 C:/src/KAU_EMBEDED_19/Quartus/software/DEFAULT_SETTING_bsp/\libhal_bsp.a(alt_sys_init.o)
 *(.rodata1)
                0x000000000001088c                . = ALIGN (0x4)
 *fill*         0x0000000000010889        0x3 
                0x000000000001088c                PROVIDE (__ram_rodata_end, ABSOLUTE (.))
                0x00000000000104a8                PROVIDE (__flash_rodata_start, LOADADDR (.rodata))

.rwdata         0x000000000001088c     0x1d34 load address 0x00000000000125c0
                0x000000000001088c                PROVIDE (__ram_rwdata_start, ABSOLUTE (.))
                0x000000000001088c                . = ALIGN (0x4)
 *(.got.plt)
 *(.got)
 *(.data1)
 *(.data .data.* .gnu.linkonce.d.*)
 .data          0x000000000001088c        0x0 C:/src/KAU_EMBEDED_19/Quartus/software/DEFAULT_SETTING_bsp//obj/HAL/src/crt0.o
 .data          0x000000000001088c        0x0 obj/default/hello_world.o
 .data          0x000000000001088c        0x0 c:/intelfpga_lite/16.1/nios2eds/bin/gnu/h-x86_64-mingw32/bin/../lib/gcc/nios2-elf/5.2.0/../../../../../H-x86_64-mingw32/nios2-elf/lib/mhw-mulx\libc.a(lib_a-printf.o)
 .data          0x000000000001088c        0x0 c:/intelfpga_lite/16.1/nios2eds/bin/gnu/h-x86_64-mingw32/bin/../lib/gcc/nios2-elf/5.2.0/../../../../../H-x86_64-mingw32/nios2-elf/lib/mhw-mulx\libc.a(lib_a-vfprintf.o)
 .data          0x000000000001088c        0x0 c:/intelfpga_lite/16.1/nios2eds/bin/gnu/h-x86_64-mingw32/bin/../lib/gcc/nios2-elf/5.2.0/../../../../../H-x86_64-mingw32/nios2-elf/lib/mhw-mulx\libc.a(lib_a-wsetup.o)
 .data          0x000000000001088c        0x0 c:/intelfpga_lite/16.1/nios2eds/bin/gnu/h-x86_64-mingw32/bin/../lib/gcc/nios2-elf/5.2.0/../../../../../H-x86_64-mingw32/nios2-elf/lib/mhw-mulx\libc.a(lib_a-dtoa.o)
 .data          0x000000000001088c        0x0 c:/intelfpga_lite/16.1/nios2eds/bin/gnu/h-x86_64-mingw32/bin/../lib/gcc/nios2-elf/5.2.0/../../../../../H-x86_64-mingw32/nios2-elf/lib/mhw-mulx\libc.a(lib_a-fflush.o)
 .data          0x000000000001088c        0x0 c:/intelfpga_lite/16.1/nios2eds/bin/gnu/h-x86_64-mingw32/bin/../lib/gcc/nios2-elf/5.2.0/../../../../../H-x86_64-mingw32/nios2-elf/lib/mhw-mulx\libc.a(lib_a-findfp.o)
 .data          0x000000000001088c        0x0 c:/intelfpga_lite/16.1/nios2eds/bin/gnu/h-x86_64-mingw32/bin/../lib/gcc/nios2-elf/5.2.0/../../../../../H-x86_64-mingw32/nios2-elf/lib/mhw-mulx\libc.a(lib_a-freer.o)
 .data          0x000000000001088c        0x0 c:/intelfpga_lite/16.1/nios2eds/bin/gnu/h-x86_64-mingw32/bin/../lib/gcc/nios2-elf/5.2.0/../../../../../H-x86_64-mingw32/nios2-elf/lib/mhw-mulx\libc.a(lib_a-fwalk.o)
 .data          0x000000000001088c        0x0 c:/intelfpga_lite/16.1/nios2eds/bin/gnu/h-x86_64-mingw32/bin/../lib/gcc/nios2-elf/5.2.0/../../../../../H-x86_64-mingw32/nios2-elf/lib/mhw-mulx\libc.a(lib_a-impure.o)
 .data.impure_data
                0x000000000001088c      0x424 c:/intelfpga_lite/16.1/nios2eds/bin/gnu/h-x86_64-mingw32/bin/../lib/gcc/nios2-elf/5.2.0/../../../../../H-x86_64-mingw32/nios2-elf/lib/mhw-mulx\libc.a(lib_a-impure.o)
 .data          0x0000000000010cb0        0x0 c:/intelfpga_lite/16.1/nios2eds/bin/gnu/h-x86_64-mingw32/bin/../lib/gcc/nios2-elf/5.2.0/../../../../../H-x86_64-mingw32/nios2-elf/lib/mhw-mulx\libc.a(lib_a-locale.o)
 .data.lc_message_charset
                0x0000000000010cb0       0x20 c:/intelfpga_lite/16.1/nios2eds/bin/gnu/h-x86_64-mingw32/bin/../lib/gcc/nios2-elf/5.2.0/../../../../../H-x86_64-mingw32/nios2-elf/lib/mhw-mulx\libc.a(lib_a-locale.o)
 .data.lc_ctype_charset
                0x0000000000010cd0       0x20 c:/intelfpga_lite/16.1/nios2eds/bin/gnu/h-x86_64-mingw32/bin/../lib/gcc/nios2-elf/5.2.0/../../../../../H-x86_64-mingw32/nios2-elf/lib/mhw-mulx\libc.a(lib_a-locale.o)
 .data.lconv    0x0000000000010cf0       0x38 c:/intelfpga_lite/16.1/nios2eds/bin/gnu/h-x86_64-mingw32/bin/../lib/gcc/nios2-elf/5.2.0/../../../../../H-x86_64-mingw32/nios2-elf/lib/mhw-mulx\libc.a(lib_a-locale.o)
 .data          0x0000000000010d28        0x0 c:/intelfpga_lite/16.1/nios2eds/bin/gnu/h-x86_64-mingw32/bin/../lib/gcc/nios2-elf/5.2.0/../../../../../H-x86_64-mingw32/nios2-elf/lib/mhw-mulx\libc.a(lib_a-makebuf.o)
 .data          0x0000000000010d28        0x0 c:/intelfpga_lite/16.1/nios2eds/bin/gnu/h-x86_64-mingw32/bin/../lib/gcc/nios2-elf/5.2.0/../../../../../H-x86_64-mingw32/nios2-elf/lib/mhw-mulx\libc.a(lib_a-mallocr.o)
 .data.__malloc_av_
                0x0000000000010d28      0x408 c:/intelfpga_lite/16.1/nios2eds/bin/gnu/h-x86_64-mingw32/bin/../lib/gcc/nios2-elf/5.2.0/../../../../../H-x86_64-mingw32/nios2-elf/lib/mhw-mulx\libc.a(lib_a-mallocr.o)
                0x0000000000010d28                __malloc_av_
 .data          0x0000000000011130        0x0 c:/intelfpga_lite/16.1/nios2eds/bin/gnu/h-x86_64-mingw32/bin/../lib/gcc/nios2-elf/5.2.0/../../../../../H-x86_64-mingw32/nios2-elf/lib/mhw-mulx\libc.a(lib_a-memchr.o)
 .data          0x0000000000011130        0x0 c:/intelfpga_lite/16.1/nios2eds/bin/gnu/h-x86_64-mingw32/bin/../lib/gcc/nios2-elf/5.2.0/../../../../../H-x86_64-mingw32/nios2-elf/lib/mhw-mulx\libc.a(lib_a-memcpy.o)
 .data          0x0000000000011130        0x0 c:/intelfpga_lite/16.1/nios2eds/bin/gnu/h-x86_64-mingw32/bin/../lib/gcc/nios2-elf/5.2.0/../../../../../H-x86_64-mingw32/nios2-elf/lib/mhw-mulx\libc.a(lib_a-memset.o)
 .data          0x0000000000011130        0x0 c:/intelfpga_lite/16.1/nios2eds/bin/gnu/h-x86_64-mingw32/bin/../lib/gcc/nios2-elf/5.2.0/../../../../../H-x86_64-mingw32/nios2-elf/lib/mhw-mulx\libc.a(lib_a-mprec.o)
 .data          0x0000000000011130        0x0 c:/intelfpga_lite/16.1/nios2eds/bin/gnu/h-x86_64-mingw32/bin/../lib/gcc/nios2-elf/5.2.0/../../../../../H-x86_64-mingw32/nios2-elf/lib/mhw-mulx\libc.a(lib_a-s_fpclassify.o)
 .data          0x0000000000011130        0x0 c:/intelfpga_lite/16.1/nios2eds/bin/gnu/h-x86_64-mingw32/bin/../lib/gcc/nios2-elf/5.2.0/../../../../../H-x86_64-mingw32/nios2-elf/lib/mhw-mulx\libc.a(lib_a-sbrkr.o)
 .data          0x0000000000011130        0x0 c:/intelfpga_lite/16.1/nios2eds/bin/gnu/h-x86_64-mingw32/bin/../lib/gcc/nios2-elf/5.2.0/../../../../../H-x86_64-mingw32/nios2-elf/lib/mhw-mulx\libc.a(lib_a-stdio.o)
 .data          0x0000000000011130        0x0 c:/intelfpga_lite/16.1/nios2eds/bin/gnu/h-x86_64-mingw32/bin/../lib/gcc/nios2-elf/5.2.0/../../../../../H-x86_64-mingw32/nios2-elf/lib/mhw-mulx\libc.a(lib_a-strcmp.o)
 .data          0x0000000000011130        0x0 c:/intelfpga_lite/16.1/nios2eds/bin/gnu/h-x86_64-mingw32/bin/../lib/gcc/nios2-elf/5.2.0/../../../../../H-x86_64-mingw32/nios2-elf/lib/mhw-mulx\libc.a(lib_a-strlen.o)
 .data          0x0000000000011130        0x0 c:/intelfpga_lite/16.1/nios2eds/bin/gnu/h-x86_64-mingw32/bin/../lib/gcc/nios2-elf/5.2.0/../../../../../H-x86_64-mingw32/nios2-elf/lib/mhw-mulx\libc.a(lib_a-vfiprintf.o)
 .data          0x0000000000011130        0x0 c:/intelfpga_lite/16.1/nios2eds/bin/gnu/h-x86_64-mingw32/bin/../lib/gcc/nios2-elf/5.2.0/../../../../../H-x86_64-mingw32/nios2-elf/lib/mhw-mulx\libc.a(lib_a-writer.o)
 .data          0x0000000000011130        0x0 c:/intelfpga_lite/16.1/nios2eds/bin/gnu/h-x86_64-mingw32/bin/../lib/gcc/nios2-elf/5.2.0/../../../../../H-x86_64-mingw32/nios2-elf/lib/mhw-mulx\libc.a(closer.o)
 .data          0x0000000000011130        0x0 c:/intelfpga_lite/16.1/nios2eds/bin/gnu/h-x86_64-mingw32/bin/../lib/gcc/nios2-elf/5.2.0/../../../../../H-x86_64-mingw32/nios2-elf/lib/mhw-mulx\libc.a(lib_a-callocr.o)
 .data          0x0000000000011130        0x0 c:/intelfpga_lite/16.1/nios2eds/bin/gnu/h-x86_64-mingw32/bin/../lib/gcc/nios2-elf/5.2.0/../../../../../H-x86_64-mingw32/nios2-elf/lib/mhw-mulx\libc.a(lib_a-fclose.o)
 .data          0x0000000000011130        0x0 c:/intelfpga_lite/16.1/nios2eds/bin/gnu/h-x86_64-mingw32/bin/../lib/gcc/nios2-elf/5.2.0/../../../../../H-x86_64-mingw32/nios2-elf/lib/mhw-mulx\libc.a(lib_a-fputwc.o)
 .data          0x0000000000011130        0x0 c:/intelfpga_lite/16.1/nios2eds/bin/gnu/h-x86_64-mingw32/bin/../lib/gcc/nios2-elf/5.2.0/../../../../../H-x86_64-mingw32/nios2-elf/lib/mhw-mulx\libc.a(lib_a-fstatr.o)
 .data          0x0000000000011130        0x0 c:/intelfpga_lite/16.1/nios2eds/bin/gnu/h-x86_64-mingw32/bin/../lib/gcc/nios2-elf/5.2.0/../../../../../H-x86_64-mingw32/nios2-elf/lib/mhw-mulx\libc.a(lib_a-fvwrite.o)
 .data          0x0000000000011130        0x0 c:/intelfpga_lite/16.1/nios2eds/bin/gnu/h-x86_64-mingw32/bin/../lib/gcc/nios2-elf/5.2.0/../../../../../H-x86_64-mingw32/nios2-elf/lib/mhw-mulx\libc.a(lib_a-int_errno.o)
 .data          0x0000000000011130        0x0 c:/intelfpga_lite/16.1/nios2eds/bin/gnu/h-x86_64-mingw32/bin/../lib/gcc/nios2-elf/5.2.0/../../../../../H-x86_64-mingw32/nios2-elf/lib/mhw-mulx\libc.a(lib_a-isattyr.o)
 .data          0x0000000000011130        0x0 c:/intelfpga_lite/16.1/nios2eds/bin/gnu/h-x86_64-mingw32/bin/../lib/gcc/nios2-elf/5.2.0/../../../../../H-x86_64-mingw32/nios2-elf/lib/mhw-mulx\libc.a(lib_a-lseekr.o)
 .data          0x0000000000011130        0x0 c:/intelfpga_lite/16.1/nios2eds/bin/gnu/h-x86_64-mingw32/bin/../lib/gcc/nios2-elf/5.2.0/../../../../../H-x86_64-mingw32/nios2-elf/lib/mhw-mulx\libc.a(lib_a-memmove.o)
 .data          0x0000000000011130        0x0 c:/intelfpga_lite/16.1/nios2eds/bin/gnu/h-x86_64-mingw32/bin/../lib/gcc/nios2-elf/5.2.0/../../../../../H-x86_64-mingw32/nios2-elf/lib/mhw-mulx\libc.a(lib_a-readr.o)
 .data          0x0000000000011130        0x0 c:/intelfpga_lite/16.1/nios2eds/bin/gnu/h-x86_64-mingw32/bin/../lib/gcc/nios2-elf/5.2.0/../../../../../H-x86_64-mingw32/nios2-elf/lib/mhw-mulx\libc.a(lib_a-reallocr.o)
 .data          0x0000000000011130        0x0 c:/intelfpga_lite/16.1/nios2eds/bin/gnu/h-x86_64-mingw32/bin/../lib/gcc/nios2-elf/5.2.0/../../../../../H-x86_64-mingw32/nios2-elf/lib/mhw-mulx\libc.a(lib_a-wbuf.o)
 .data          0x0000000000011130        0x0 c:/intelfpga_lite/16.1/nios2eds/bin/gnu/h-x86_64-mingw32/bin/../lib/gcc/nios2-elf/5.2.0/../../../../../H-x86_64-mingw32/nios2-elf/lib/mhw-mulx\libc.a(lib_a-wcrtomb.o)
 .data          0x0000000000011130        0x0 c:/intelfpga_lite/16.1/nios2eds/bin/gnu/h-x86_64-mingw32/bin/../lib/gcc/nios2-elf/5.2.0/../../../../../H-x86_64-mingw32/nios2-elf/lib/mhw-mulx\libc.a(lib_a-wctomb_r.o)
 .data          0x0000000000011130        0x0 c:/intelfpga_lite/16.1/nios2eds/bin/gnu/h-x86_64-mingw32/bin/../lib/gcc/nios2-elf/5.2.0/mhw-mulx\libgcc.a(_udivdi3.o)
 .data          0x0000000000011130        0x0 c:/intelfpga_lite/16.1/nios2eds/bin/gnu/h-x86_64-mingw32/bin/../lib/gcc/nios2-elf/5.2.0/mhw-mulx\libgcc.a(_umoddi3.o)
 .data          0x0000000000011130        0x0 c:/intelfpga_lite/16.1/nios2eds/bin/gnu/h-x86_64-mingw32/bin/../lib/gcc/nios2-elf/5.2.0/mhw-mulx\libgcc.a(lib2-divmod.o)
 .data          0x0000000000011130        0x0 c:/intelfpga_lite/16.1/nios2eds/bin/gnu/h-x86_64-mingw32/bin/../lib/gcc/nios2-elf/5.2.0/mhw-mulx\libgcc.a(adddf3.o)
 .data          0x0000000000011130        0x0 c:/intelfpga_lite/16.1/nios2eds/bin/gnu/h-x86_64-mingw32/bin/../lib/gcc/nios2-elf/5.2.0/mhw-mulx\libgcc.a(divdf3.o)
 .data          0x0000000000011130        0x0 c:/intelfpga_lite/16.1/nios2eds/bin/gnu/h-x86_64-mingw32/bin/../lib/gcc/nios2-elf/5.2.0/mhw-mulx\libgcc.a(eqdf2.o)
 .data          0x0000000000011130        0x0 c:/intelfpga_lite/16.1/nios2eds/bin/gnu/h-x86_64-mingw32/bin/../lib/gcc/nios2-elf/5.2.0/mhw-mulx\libgcc.a(gedf2.o)
 .data          0x0000000000011130        0x0 c:/intelfpga_lite/16.1/nios2eds/bin/gnu/h-x86_64-mingw32/bin/../lib/gcc/nios2-elf/5.2.0/mhw-mulx\libgcc.a(ledf2.o)
 .data          0x0000000000011130        0x0 c:/intelfpga_lite/16.1/nios2eds/bin/gnu/h-x86_64-mingw32/bin/../lib/gcc/nios2-elf/5.2.0/mhw-mulx\libgcc.a(muldf3.o)
 .data          0x0000000000011130        0x0 c:/intelfpga_lite/16.1/nios2eds/bin/gnu/h-x86_64-mingw32/bin/../lib/gcc/nios2-elf/5.2.0/mhw-mulx\libgcc.a(subdf3.o)
 .data          0x0000000000011130        0x0 c:/intelfpga_lite/16.1/nios2eds/bin/gnu/h-x86_64-mingw32/bin/../lib/gcc/nios2-elf/5.2.0/mhw-mulx\libgcc.a(fixdfsi.o)
 .data          0x0000000000011130        0x0 c:/intelfpga_lite/16.1/nios2eds/bin/gnu/h-x86_64-mingw32/bin/../lib/gcc/nios2-elf/5.2.0/mhw-mulx\libgcc.a(floatsidf.o)
 .data          0x0000000000011130        0x0 c:/intelfpga_lite/16.1/nios2eds/bin/gnu/h-x86_64-mingw32/bin/../lib/gcc/nios2-elf/5.2.0/mhw-mulx\libgcc.a(floatunsidf.o)
 .data          0x0000000000011130        0x0 c:/intelfpga_lite/16.1/nios2eds/bin/gnu/h-x86_64-mingw32/bin/../lib/gcc/nios2-elf/5.2.0/mhw-mulx\libgcc.a(_clz.o)
 .data          0x0000000000011130        0x0 c:/intelfpga_lite/16.1/nios2eds/bin/gnu/h-x86_64-mingw32/bin/../lib/gcc/nios2-elf/5.2.0/mhw-mulx\libgcc.a(_clzsi2.o)
 .data          0x0000000000011130        0x0 C:/src/KAU_EMBEDED_19/Quartus/software/DEFAULT_SETTING_bsp/\libhal_bsp.a(alt_close.o)
 .data          0x0000000000011130      0x1a8 C:/src/KAU_EMBEDED_19/Quartus/software/DEFAULT_SETTING_bsp/\libhal_bsp.a(alt_dev.o)
                0x0000000000011130                alt_dev_null
                0x0000000000011158                alt_fd_list
 .data          0x00000000000112d8        0x0 C:/src/KAU_EMBEDED_19/Quartus/software/DEFAULT_SETTING_bsp/\libhal_bsp.a(alt_errno.o)
 .data          0x00000000000112d8        0x0 C:/src/KAU_EMBEDED_19/Quartus/software/DEFAULT_SETTING_bsp/\libhal_bsp.a(alt_fstat.o)
 .data          0x00000000000112d8        0x0 C:/src/KAU_EMBEDED_19/Quartus/software/DEFAULT_SETTING_bsp/\libhal_bsp.a(alt_irq_register.o)
 .data          0x00000000000112d8        0x0 C:/src/KAU_EMBEDED_19/Quartus/software/DEFAULT_SETTING_bsp/\libhal_bsp.a(alt_irq_vars.o)
 .data          0x00000000000112d8        0x0 C:/src/KAU_EMBEDED_19/Quartus/software/DEFAULT_SETTING_bsp/\libhal_bsp.a(alt_isatty.o)
 .data          0x00000000000112d8        0x0 C:/src/KAU_EMBEDED_19/Quartus/software/DEFAULT_SETTING_bsp/\libhal_bsp.a(alt_load.o)
 .data          0x00000000000112d8        0x0 C:/src/KAU_EMBEDED_19/Quartus/software/DEFAULT_SETTING_bsp/\libhal_bsp.a(alt_lseek.o)
 .data          0x00000000000112d8        0x0 C:/src/KAU_EMBEDED_19/Quartus/software/DEFAULT_SETTING_bsp/\libhal_bsp.a(alt_main.o)
 .data          0x00000000000112d8        0x0 C:/src/KAU_EMBEDED_19/Quartus/software/DEFAULT_SETTING_bsp/\libhal_bsp.a(alt_malloc_lock.o)
 .data          0x00000000000112d8        0x0 C:/src/KAU_EMBEDED_19/Quartus/software/DEFAULT_SETTING_bsp/\libhal_bsp.a(alt_read.o)
 .data          0x00000000000112d8        0x0 C:/src/KAU_EMBEDED_19/Quartus/software/DEFAULT_SETTING_bsp/\libhal_bsp.a(alt_release_fd.o)
 .data          0x00000000000112d8        0x0 C:/src/KAU_EMBEDED_19/Quartus/software/DEFAULT_SETTING_bsp/\libhal_bsp.a(alt_sbrk.o)
 .data          0x00000000000112d8        0x0 C:/src/KAU_EMBEDED_19/Quartus/software/DEFAULT_SETTING_bsp/\libhal_bsp.a(alt_write.o)
 .data          0x00000000000112d8     0x1294 C:/src/KAU_EMBEDED_19/Quartus/software/DEFAULT_SETTING_bsp/\libhal_bsp.a(alt_sys_init.o)
 .data          0x000000000001256c        0x0 C:/src/KAU_EMBEDED_19/Quartus/software/DEFAULT_SETTING_bsp/\libhal_bsp.a(altera_avalon_jtag_uart_fd.o)
 .data          0x000000000001256c        0x0 C:/src/KAU_EMBEDED_19/Quartus/software/DEFAULT_SETTING_bsp/\libhal_bsp.a(altera_avalon_jtag_uart_init.o)
 .data          0x000000000001256c        0x0 C:/src/KAU_EMBEDED_19/Quartus/software/DEFAULT_SETTING_bsp/\libhal_bsp.a(altera_avalon_jtag_uart_ioctl.o)
 .data          0x000000000001256c        0x0 C:/src/KAU_EMBEDED_19/Quartus/software/DEFAULT_SETTING_bsp/\libhal_bsp.a(altera_avalon_jtag_uart_read.o)
 .data          0x000000000001256c        0x0 C:/src/KAU_EMBEDED_19/Quartus/software/DEFAULT_SETTING_bsp/\libhal_bsp.a(altera_avalon_jtag_uart_write.o)
 .data          0x000000000001256c        0x0 C:/src/KAU_EMBEDED_19/Quartus/software/DEFAULT_SETTING_bsp/\libhal_bsp.a(altera_avalon_timer_sc.o)
 .data          0x000000000001256c        0x0 C:/src/KAU_EMBEDED_19/Quartus/software/DEFAULT_SETTING_bsp/\libhal_bsp.a(altera_up_avalon_irda.o)
 .data          0x000000000001256c        0x0 C:/src/KAU_EMBEDED_19/Quartus/software/DEFAULT_SETTING_bsp/\libhal_bsp.a(altera_up_avalon_ps2.o)
 .data          0x000000000001256c        0x0 C:/src/KAU_EMBEDED_19/Quartus/software/DEFAULT_SETTING_bsp/\libhal_bsp.a(alt_alarm_start.o)
 .data          0x000000000001256c        0x0 C:/src/KAU_EMBEDED_19/Quartus/software/DEFAULT_SETTING_bsp/\libhal_bsp.a(alt_dcache_flush_all.o)
 .data          0x000000000001256c        0x0 C:/src/KAU_EMBEDED_19/Quartus/software/DEFAULT_SETTING_bsp/\libhal_bsp.a(alt_dev_llist_insert.o)
 .data          0x000000000001256c        0x0 C:/src/KAU_EMBEDED_19/Quartus/software/DEFAULT_SETTING_bsp/\libhal_bsp.a(alt_do_ctors.o)
 .data          0x000000000001256c        0x0 C:/src/KAU_EMBEDED_19/Quartus/software/DEFAULT_SETTING_bsp/\libhal_bsp.a(alt_do_dtors.o)
 .data          0x000000000001256c        0x0 C:/src/KAU_EMBEDED_19/Quartus/software/DEFAULT_SETTING_bsp/\libhal_bsp.a(alt_find_dev.o)
 .data          0x000000000001256c        0x0 C:/src/KAU_EMBEDED_19/Quartus/software/DEFAULT_SETTING_bsp/\libhal_bsp.a(alt_icache_flush_all.o)
 .data          0x000000000001256c        0x0 C:/src/KAU_EMBEDED_19/Quartus/software/DEFAULT_SETTING_bsp/\libhal_bsp.a(alt_io_redirect.o)
 .data          0x000000000001256c        0x0 C:/src/KAU_EMBEDED_19/Quartus/software/DEFAULT_SETTING_bsp/\libhal_bsp.a(alt_irq_entry.o)
 .data          0x000000000001256c        0x0 C:/src/KAU_EMBEDED_19/Quartus/software/DEFAULT_SETTING_bsp/\libhal_bsp.a(alt_irq_handler.o)
 .data          0x000000000001256c        0x0 C:/src/KAU_EMBEDED_19/Quartus/software/DEFAULT_SETTING_bsp/\libhal_bsp.a(alt_open.o)
 .data          0x000000000001256c        0x0 C:/src/KAU_EMBEDED_19/Quartus/software/DEFAULT_SETTING_bsp/\libhal_bsp.a(alt_tick.o)
 .data          0x000000000001256c        0x0 C:/src/KAU_EMBEDED_19/Quartus/software/DEFAULT_SETTING_bsp/\libhal_bsp.a(altera_nios2_gen2_irq.o)
 .data          0x000000000001256c        0x0 C:/src/KAU_EMBEDED_19/Quartus/software/DEFAULT_SETTING_bsp/\libhal_bsp.a(alt_exception_entry.o)
 .data          0x000000000001256c        0x0 C:/src/KAU_EMBEDED_19/Quartus/software/DEFAULT_SETTING_bsp/\libhal_bsp.a(alt_find_file.o)
 .data          0x000000000001256c        0x0 C:/src/KAU_EMBEDED_19/Quartus/software/DEFAULT_SETTING_bsp/\libhal_bsp.a(alt_get_fd.o)
 .data          0x000000000001256c        0x0 C:/src/KAU_EMBEDED_19/Quartus/software/DEFAULT_SETTING_bsp/\libhal_bsp.a(alt_icache_flush.o)
 .data          0x000000000001256c        0x0 C:/src/KAU_EMBEDED_19/Quartus/software/DEFAULT_SETTING_bsp/\libhal_bsp.a(alt_instruction_exception_entry.o)
 .data          0x000000000001256c        0x0 c:/intelfpga_lite/16.1/nios2eds/bin/gnu/h-x86_64-mingw32/bin/../lib/gcc/nios2-elf/5.2.0/../../../../../H-x86_64-mingw32/nios2-elf/lib/mhw-mulx\libc.a(lib_a-atexit.o)
 .data          0x000000000001256c        0x0 c:/intelfpga_lite/16.1/nios2eds/bin/gnu/h-x86_64-mingw32/bin/../lib/gcc/nios2-elf/5.2.0/../../../../../H-x86_64-mingw32/nios2-elf/lib/mhw-mulx\libc.a(lib_a-exit.o)
 .data          0x000000000001256c        0x0 c:/intelfpga_lite/16.1/nios2eds/bin/gnu/h-x86_64-mingw32/bin/../lib/gcc/nios2-elf/5.2.0/../../../../../H-x86_64-mingw32/nios2-elf/lib/mhw-mulx\libc.a(lib_a-memcmp.o)
 .data          0x000000000001256c        0x0 c:/intelfpga_lite/16.1/nios2eds/bin/gnu/h-x86_64-mingw32/bin/../lib/gcc/nios2-elf/5.2.0/../../../../../H-x86_64-mingw32/nios2-elf/lib/mhw-mulx\libc.a(lib_a-__atexit.o)
 .data          0x000000000001256c        0x0 c:/intelfpga_lite/16.1/nios2eds/bin/gnu/h-x86_64-mingw32/bin/../lib/gcc/nios2-elf/5.2.0/../../../../../H-x86_64-mingw32/nios2-elf/lib/mhw-mulx\libc.a(lib_a-__call_atexit.o)
 .data          0x000000000001256c        0x0 C:/src/KAU_EMBEDED_19/Quartus/software/DEFAULT_SETTING_bsp/\libhal_bsp.a(alt_exit.o)
                0x000000000001a56c                _gp = ABSOLUTE ((. + 0x8000))
                [!provide]                        PROVIDE (gp, _gp)
 *(.rwdata .rwdata.*)
 *(.sdata .sdata.* .gnu.linkonce.s.*)
 .sdata         0x000000000001256c       0x14 obj/default/hello_world.o
                0x000000000001256c                pTimer
                0x0000000000012570                pTime_low
                0x0000000000012574                pTime_high
                0x0000000000012578                pixel_ctrl_ptr
                0x000000000001257c                video_ctrl_ptr
 .sdata._global_impure_ptr
                0x0000000000012580        0x4 c:/intelfpga_lite/16.1/nios2eds/bin/gnu/h-x86_64-mingw32/bin/../lib/gcc/nios2-elf/5.2.0/../../../../../H-x86_64-mingw32/nios2-elf/lib/mhw-mulx\libc.a(lib_a-impure.o)
                0x0000000000012580                _global_impure_ptr
 .sdata._impure_ptr
                0x0000000000012584        0x4 c:/intelfpga_lite/16.1/nios2eds/bin/gnu/h-x86_64-mingw32/bin/../lib/gcc/nios2-elf/5.2.0/../../../../../H-x86_64-mingw32/nios2-elf/lib/mhw-mulx\libc.a(lib_a-impure.o)
                0x0000000000012584                _impure_ptr
 .sdata.__mb_cur_max
                0x0000000000012588        0x4 c:/intelfpga_lite/16.1/nios2eds/bin/gnu/h-x86_64-mingw32/bin/../lib/gcc/nios2-elf/5.2.0/../../../../../H-x86_64-mingw32/nios2-elf/lib/mhw-mulx\libc.a(lib_a-locale.o)
                0x0000000000012588                __mb_cur_max
 .sdata.__malloc_sbrk_base
                0x000000000001258c        0x4 c:/intelfpga_lite/16.1/nios2eds/bin/gnu/h-x86_64-mingw32/bin/../lib/gcc/nios2-elf/5.2.0/../../../../../H-x86_64-mingw32/nios2-elf/lib/mhw-mulx\libc.a(lib_a-mallocr.o)
                0x000000000001258c                __malloc_sbrk_base
 .sdata.__malloc_trim_threshold
                0x0000000000012590        0x4 c:/intelfpga_lite/16.1/nios2eds/bin/gnu/h-x86_64-mingw32/bin/../lib/gcc/nios2-elf/5.2.0/../../../../../H-x86_64-mingw32/nios2-elf/lib/mhw-mulx\libc.a(lib_a-mallocr.o)
                0x0000000000012590                __malloc_trim_threshold
 .sdata.__wctomb
                0x0000000000012594        0x4 c:/intelfpga_lite/16.1/nios2eds/bin/gnu/h-x86_64-mingw32/bin/../lib/gcc/nios2-elf/5.2.0/../../../../../H-x86_64-mingw32/nios2-elf/lib/mhw-mulx\libc.a(lib_a-wctomb_r.o)
                0x0000000000012594                __wctomb
 .sdata         0x0000000000012598       0x14 C:/src/KAU_EMBEDED_19/Quartus/software/DEFAULT_SETTING_bsp/\libhal_bsp.a(alt_dev.o)
                0x0000000000012598                alt_fs_list
                0x00000000000125a0                alt_dev_list
                0x00000000000125a8                alt_max_fd
 .sdata         0x00000000000125ac        0x4 C:/src/KAU_EMBEDED_19/Quartus/software/DEFAULT_SETTING_bsp/\libhal_bsp.a(alt_errno.o)
                0x00000000000125ac                alt_errno
 .sdata         0x00000000000125b0        0x4 C:/src/KAU_EMBEDED_19/Quartus/software/DEFAULT_SETTING_bsp/\libhal_bsp.a(alt_irq_vars.o)
                0x00000000000125b0                alt_priority_mask
 .sdata         0x00000000000125b4        0x4 C:/src/KAU_EMBEDED_19/Quartus/software/DEFAULT_SETTING_bsp/\libhal_bsp.a(alt_sbrk.o)
 .sdata         0x00000000000125b8        0x8 C:/src/KAU_EMBEDED_19/Quartus/software/DEFAULT_SETTING_bsp/\libhal_bsp.a(alt_tick.o)
                0x00000000000125b8                alt_alarm_list
 *(.sdata2 .sdata2.* .gnu.linkonce.s2.*)
                0x00000000000125c0                . = ALIGN (0x4)
                0x00000000000125c0                _edata = ABSOLUTE (.)
                [!provide]                        PROVIDE (edata, ABSOLUTE (.))
                0x00000000000125c0                PROVIDE (__ram_rwdata_end, ABSOLUTE (.))
                0x00000000000125c0                PROVIDE (__flash_rwdata_start, LOADADDR (.rwdata))

.bss            0x00000000000142f4    0x8016c
                0x00000000000142f4                __bss_start = ABSOLUTE (.)
                [!provide]                        PROVIDE (__sbss_start, ABSOLUTE (.))
                [!provide]                        PROVIDE (___sbss_start, ABSOLUTE (.))
 *(.dynsbss)
 *(.sbss .sbss.* .gnu.linkonce.sb.*)
 .sbss          0x00000000000142f4        0x4 obj/default/hello_world.o
                0x00000000000142f4                count
 .sbss          0x00000000000142f8        0x8 obj/default/hello_world.o
                0x00000000000142f8                pixel_buffer_start
                0x00000000000142fc                video_buffer_start
 .sbss._PathLocale
                0x0000000000014300        0x4 c:/intelfpga_lite/16.1/nios2eds/bin/gnu/h-x86_64-mingw32/bin/../lib/gcc/nios2-elf/5.2.0/../../../../../H-x86_64-mingw32/nios2-elf/lib/mhw-mulx\libc.a(lib_a-locale.o)
                0x0000000000014300                _PathLocale
 .sbss.__mlocale_changed
                0x0000000000014304        0x4 c:/intelfpga_lite/16.1/nios2eds/bin/gnu/h-x86_64-mingw32/bin/../lib/gcc/nios2-elf/5.2.0/../../../../../H-x86_64-mingw32/nios2-elf/lib/mhw-mulx\libc.a(lib_a-locale.o)
                0x0000000000014304                __mlocale_changed
 .sbss.__nlocale_changed
                0x0000000000014308        0x4 c:/intelfpga_lite/16.1/nios2eds/bin/gnu/h-x86_64-mingw32/bin/../lib/gcc/nios2-elf/5.2.0/../../../../../H-x86_64-mingw32/nios2-elf/lib/mhw-mulx\libc.a(lib_a-locale.o)
                0x0000000000014308                __nlocale_changed
 .sbss.__malloc_max_total_mem
                0x000000000001430c        0x4 c:/intelfpga_lite/16.1/nios2eds/bin/gnu/h-x86_64-mingw32/bin/../lib/gcc/nios2-elf/5.2.0/../../../../../H-x86_64-mingw32/nios2-elf/lib/mhw-mulx\libc.a(lib_a-mallocr.o)
                0x000000000001430c                __malloc_max_total_mem
 .sbss.__malloc_max_sbrked_mem
                0x0000000000014310        0x4 c:/intelfpga_lite/16.1/nios2eds/bin/gnu/h-x86_64-mingw32/bin/../lib/gcc/nios2-elf/5.2.0/../../../../../H-x86_64-mingw32/nios2-elf/lib/mhw-mulx\libc.a(lib_a-mallocr.o)
                0x0000000000014310                __malloc_max_sbrked_mem
 .sbss.__malloc_top_pad
                0x0000000000014314        0x4 c:/intelfpga_lite/16.1/nios2eds/bin/gnu/h-x86_64-mingw32/bin/../lib/gcc/nios2-elf/5.2.0/../../../../../H-x86_64-mingw32/nios2-elf/lib/mhw-mulx\libc.a(lib_a-mallocr.o)
                0x0000000000014314                __malloc_top_pad
 .sbss          0x0000000000014318        0x4 c:/intelfpga_lite/16.1/nios2eds/bin/gnu/h-x86_64-mingw32/bin/../lib/gcc/nios2-elf/5.2.0/../../../../../H-x86_64-mingw32/nios2-elf/lib/mhw-mulx\libc.a(lib_a-int_errno.o)
                0x0000000000014318                errno
 .sbss          0x000000000001431c        0x4 C:/src/KAU_EMBEDED_19/Quartus/software/DEFAULT_SETTING_bsp/\libhal_bsp.a(alt_irq_vars.o)
                0x000000000001431c                alt_irq_active
 .sbss          0x0000000000014320        0xc C:/src/KAU_EMBEDED_19/Quartus/software/DEFAULT_SETTING_bsp/\libhal_bsp.a(alt_main.o)
                0x0000000000014320                alt_argc
                0x0000000000014324                alt_argv
                0x0000000000014328                alt_envp
 .sbss          0x000000000001432c        0x8 C:/src/KAU_EMBEDED_19/Quartus/software/DEFAULT_SETTING_bsp/\libhal_bsp.a(alt_tick.o)
                0x000000000001432c                _alt_tick_rate
                0x0000000000014330                _alt_nticks
 .sbss          0x0000000000014334        0x4 C:/src/KAU_EMBEDED_19/Quartus/software/DEFAULT_SETTING_bsp/\libhal_bsp.a(alt_instruction_exception_entry.o)
                0x0000000000014334                alt_instruction_exception_handler
 *(.sbss2 .sbss2.* .gnu.linkonce.sb2.*)
 *(.scommon)
                [!provide]                        PROVIDE (__sbss_end, ABSOLUTE (.))
                [!provide]                        PROVIDE (___sbss_end, ABSOLUTE (.))
 *(.dynbss)
 *(.bss .bss.* .gnu.linkonce.b.*)
 .bss           0x0000000000014338        0x0 C:/src/KAU_EMBEDED_19/Quartus/software/DEFAULT_SETTING_bsp//obj/HAL/src/crt0.o
 .bss           0x0000000000014338        0x0 obj/default/hello_world.o
 .bss           0x0000000000014338        0x0 c:/intelfpga_lite/16.1/nios2eds/bin/gnu/h-x86_64-mingw32/bin/../lib/gcc/nios2-elf/5.2.0/../../../../../H-x86_64-mingw32/nios2-elf/lib/mhw-mulx\libc.a(lib_a-printf.o)
 .bss           0x0000000000014338        0x0 c:/intelfpga_lite/16.1/nios2eds/bin/gnu/h-x86_64-mingw32/bin/../lib/gcc/nios2-elf/5.2.0/../../../../../H-x86_64-mingw32/nios2-elf/lib/mhw-mulx\libc.a(lib_a-vfprintf.o)
 .bss           0x0000000000014338        0x0 c:/intelfpga_lite/16.1/nios2eds/bin/gnu/h-x86_64-mingw32/bin/../lib/gcc/nios2-elf/5.2.0/../../../../../H-x86_64-mingw32/nios2-elf/lib/mhw-mulx\libc.a(lib_a-wsetup.o)
 .bss           0x0000000000014338        0x0 c:/intelfpga_lite/16.1/nios2eds/bin/gnu/h-x86_64-mingw32/bin/../lib/gcc/nios2-elf/5.2.0/../../../../../H-x86_64-mingw32/nios2-elf/lib/mhw-mulx\libc.a(lib_a-dtoa.o)
 .bss           0x0000000000014338        0x0 c:/intelfpga_lite/16.1/nios2eds/bin/gnu/h-x86_64-mingw32/bin/../lib/gcc/nios2-elf/5.2.0/../../../../../H-x86_64-mingw32/nios2-elf/lib/mhw-mulx\libc.a(lib_a-fflush.o)