Archive member included to satisfy reference by file (symbol)

c:/intelfpga_lite/16.1/nios2eds/bin/gnu/h-x86_64-mingw32/bin/../lib/gcc/nios2-elf/5.3.0/mhw-mulx\libgcc.a(adddf3.o)
                              obj/default/TEM_HUE.o (__adddf3)
c:/intelfpga_lite/16.1/nios2eds/bin/gnu/h-x86_64-mingw32/bin/../lib/gcc/nios2-elf/5.3.0/mhw-mulx\libgcc.a(divdf3.o)
                              obj/default/main.o (__divdf3)
c:/intelfpga_lite/16.1/nios2eds/bin/gnu/h-x86_64-mingw32/bin/../lib/gcc/nios2-elf/5.3.0/mhw-mulx\libgcc.a(gedf2.o)
                              obj/default/TEM_HUE.o (__gedf2)
c:/intelfpga_lite/16.1/nios2eds/bin/gnu/h-x86_64-mingw32/bin/../lib/gcc/nios2-elf/5.3.0/mhw-mulx\libgcc.a(ledf2.o)
                              obj/default/TEM_HUE.o (__ledf2)
c:/intelfpga_lite/16.1/nios2eds/bin/gnu/h-x86_64-mingw32/bin/../lib/gcc/nios2-elf/5.3.0/mhw-mulx\libgcc.a(muldf3.o)
                              obj/default/main.o (__muldf3)
c:/intelfpga_lite/16.1/nios2eds/bin/gnu/h-x86_64-mingw32/bin/../lib/gcc/nios2-elf/5.3.0/mhw-mulx\libgcc.a(fixdfsi.o)
                              obj/default/main.o (__fixdfsi)
c:/intelfpga_lite/16.1/nios2eds/bin/gnu/h-x86_64-mingw32/bin/../lib/gcc/nios2-elf/5.3.0/mhw-mulx\libgcc.a(floatsidf.o)
                              obj/default/main.o (__floatsidf)
c:/intelfpga_lite/16.1/nios2eds/bin/gnu/h-x86_64-mingw32/bin/../lib/gcc/nios2-elf/5.3.0/mhw-mulx\libgcc.a(_clzsi2.o)
                              c:/intelfpga_lite/16.1/nios2eds/bin/gnu/h-x86_64-mingw32/bin/../lib/gcc/nios2-elf/5.3.0/mhw-mulx\libgcc.a(adddf3.o) (__clzsi2)
c:/intelfpga_lite/16.1/nios2eds/bin/gnu/h-x86_64-mingw32/bin/../lib/gcc/nios2-elf/5.3.0/mhw-mulx\libgcc.a(lib2-divmod.o)
                              c:/intelfpga_lite/16.1/nios2eds/bin/gnu/h-x86_64-mingw32/bin/../lib/gcc/nios2-elf/5.3.0/mhw-mulx\libgcc.a(divdf3.o) (__udivsi3)
c:/intelfpga_lite/16.1/nios2eds/bin/gnu/h-x86_64-mingw32/bin/../lib/gcc/nios2-elf/5.3.0/mhw-mulx\libgcc.a(_clz.o)
                              c:/intelfpga_lite/16.1/nios2eds/bin/gnu/h-x86_64-mingw32/bin/../lib/gcc/nios2-elf/5.3.0/mhw-mulx\libgcc.a(_clzsi2.o) (__clz_tab)
c:/intelfpga_lite/16.1/nios2eds/bin/gnu/h-x86_64-mingw32/bin/../lib/gcc/nios2-elf/5.3.0/../../../../../H-x86_64-mingw32/nios2-elf/lib/mhw-mulx\libc.a(lib_a-printf.o)
                              obj/default/main.o (printf)
c:/intelfpga_lite/16.1/nios2eds/bin/gnu/h-x86_64-mingw32/bin/../lib/gcc/nios2-elf/5.3.0/../../../../../H-x86_64-mingw32/nios2-elf/lib/mhw-mulx\libc.a(lib_a-puts.o)
                              obj/default/main.o (puts)
c:/intelfpga_lite/16.1/nios2eds/bin/gnu/h-x86_64-mingw32/bin/../lib/gcc/nios2-elf/5.3.0/../../../../../H-x86_64-mingw32/nios2-elf/lib/mhw-mulx\libc.a(lib_a-rand.o)
                              obj/default/TEM_HUE.o (srand)
c:/intelfpga_lite/16.1/nios2eds/bin/gnu/h-x86_64-mingw32/bin/../lib/gcc/nios2-elf/5.3.0/../../../../../H-x86_64-mingw32/nios2-elf/lib/mhw-mulx\libc.a(lib_a-strlen.o)
                              c:/intelfpga_lite/16.1/nios2eds/bin/gnu/h-x86_64-mingw32/bin/../lib/gcc/nios2-elf/5.3.0/../../../../../H-x86_64-mingw32/nios2-elf/lib/mhw-mulx\libc.a(lib_a-puts.o) (strlen)
c:/intelfpga_lite/16.1/nios2eds/bin/gnu/h-x86_64-mingw32/bin/../lib/gcc/nios2-elf/5.3.0/../../../../../H-x86_64-mingw32/nios2-elf/lib/mhw-mulx\libc.a(lib_a-vfprintf.o)
                              c:/intelfpga_lite/16.1/nios2eds/bin/gnu/h-x86_64-mingw32/bin/../lib/gcc/nios2-elf/5.3.0/../../../../../H-x86_64-mingw32/nios2-elf/lib/mhw-mulx\libc.a(lib_a-printf.o) (___vfprintf_internal_r)
c:/intelfpga_lite/16.1/nios2eds/bin/gnu/h-x86_64-mingw32/bin/../lib/gcc/nios2-elf/5.3.0/../../../../../H-x86_64-mingw32/nios2-elf/lib/mhw-mulx\libc.a(lib_a-wsetup.o)
                              c:/intelfpga_lite/16.1/nios2eds/bin/gnu/h-x86_64-mingw32/bin/../lib/gcc/nios2-elf/5.3.0/../../../../../H-x86_64-mingw32/nios2-elf/lib/mhw-mulx\libc.a(lib_a-vfprintf.o) (__swsetup_r)
c:/intelfpga_lite/16.1/nios2eds/bin/gnu/h-x86_64-mingw32/bin/../lib/gcc/nios2-elf/5.3.0/../../../../../H-x86_64-mingw32/nios2-elf/lib/mhw-mulx\libc.a(lib_a-dtoa.o)
                              c:/intelfpga_lite/16.1/nios2eds/bin/gnu/h-x86_64-mingw32/bin/../lib/gcc/nios2-elf/5.3.0/../../../../../H-x86_64-mingw32/nios2-elf/lib/mhw-mulx\libc.a(lib_a-vfprintf.o) (_dtoa_r)
c:/intelfpga_lite/16.1/nios2eds/bin/gnu/h-x86_64-mingw32/bin/../lib/gcc/nios2-elf/5.3.0/../../../../../H-x86_64-mingw32/nios2-elf/lib/mhw-mulx\libc.a(lib_a-fflush.o)
                              c:/intelfpga_lite/16.1/nios2eds/bin/gnu/h-x86_64-mingw32/bin/../lib/gcc/nios2-elf/5.3.0/../../../../../H-x86_64-mingw32/nios2-elf/lib/mhw-mulx\libc.a(lib_a-vfprintf.o) (_fflush_r)
c:/intelfpga_lite/16.1/nios2eds/bin/gnu/h-x86_64-mingw32/bin/../lib/gcc/nios2-elf/5.3.0/../../../../../H-x86_64-mingw32/nios2-elf/lib/mhw-mulx\libc.a(lib_a-findfp.o)
[...]
Memory Configuration

Name             Origin             Length             Attributes
reset            0x0000000000000000 0x0000000000000020
SDRAM            0x0000000000000020 0x0000000001ffffe0
Onchip_SRAM      0x0000000008000000 0x0000000000040000
VGA_Subsystem_Char_Buf_Subsystem_Onchip_SRAM 0x0000000009000000 0x0000000000002000
ARM_A9_HPS_axi_sdram 0x0000000040000000 0x0000000040000000
*default*        0x0000000000000000 0xffffffffffffffff

Linker script and memory map

LOAD C:/src/KAU_EMBEDED_19/Quartus/software/DEFAULT_SETTING_bsp//obj/HAL/src/crt0.o
LOAD obj/default/TEM_HUE.o
LOAD obj/default/main.o
LOAD c:/intelfpga_lite/16.1/nios2eds/bin/gnu/h-x86_64-mingw32/bin/../lib/gcc/nios2-elf/5.3.0/../../../../../H-x86_64-mingw32/nios2-elf/lib/mhw-mulx\libstdc++.a
LOAD c:/intelfpga_lite/16.1/nios2eds/bin/gnu/h-x86_64-mingw32/bin/../lib/gcc/nios2-elf/5.3.0/../../../../../H-x86_64-mingw32/nios2-elf/lib/mhw-mulx\libm.a
LOAD c:/intelfpga_lite/16.1/nios2eds/bin/gnu/h-x86_64-mingw32/bin/../lib/gcc/nios2-elf/5.3.0/mhw-mulx\libgcc.a
START GROUP
LOAD c:/intelfpga_lite/16.1/nios2eds/bin/gnu/h-x86_64-mingw32/bin/../lib/gcc/nios2-elf/5.3.0/../../../../../H-x86_64-mingw32/nios2-elf/lib/mhw-mulx\libc.a
LOAD c:/intelfpga_lite/16.1/nios2eds/bin/gnu/h-x86_64-mingw32/bin/../lib/gcc/nios2-elf/5.3.0/mhw-mulx\libgcc.a
LOAD C:/src/KAU_EMBEDED_19/Quartus/software/DEFAULT_SETTING_bsp/\libhal_bsp.a
LOAD c:/intelfpga_lite/16.1/nios2eds/bin/gnu/h-x86_64-mingw32/bin/../lib/gcc/nios2-elf/5.3.0/../../../../../H-x86_64-mingw32/nios2-elf/lib/mhw-mulx\libm.a
END GROUP
LOAD c:/intelfpga_lite/16.1/nios2eds/bin/gnu/h-x86_64-mingw32/bin/../lib/gcc/nios2-elf/5.3.0/mhw-mulx\libgcc.a
                0x0000000000000000                __alt_mem_SDRAM = 0x0
                0x0000000008000000                __alt_mem_Onchip_SRAM = 0x8000000
                0x0000000009000000                __alt_mem_VGA_Subsystem_Char_Buf_Subsystem_Onchip_SRAM = 0x9000000
                0x0000000040000000                __alt_mem_ARM_A9_HPS_axi_sdram = 0x40000000

.entry          0x0000000000000000       0x20
 *(.entry)
 .entry         0x0000000000000000       0x20 C:/src/KAU_EMBEDED_19/Quartus/software/DEFAULT_SETTING_bsp//obj/HAL/src/crt0.o
                0x0000000000000000                __reset

.exceptions     0x0000000000000020      0x228
                0x0000000000000020                PROVIDE (__ram_exceptions_start, ABSOLUTE (.))
                0x0000000000000020                . = ALIGN (0x20)
 *(.irq)
 *(.exceptions.entry.label)
 .exceptions.entry.label
                0x0000000000000020        0x0 C:/src/KAU_EMBEDED_19/Quartus/software/DEFAULT_SETTING_bsp/\libhal_bsp.a(alt_irq_entry.o)
                0x0000000000000020                alt_irq_entry
 .exceptions.entry.label
                0x0000000000000020        0x0 C:/src/KAU_EMBEDED_19/Quartus/software/DEFAULT_SETTING_bsp/\libhal_bsp.a(alt_exception_entry.o)
                0x0000000000000020                alt_exception
 *(.exceptions.entry.user)
 *(.exceptions.entry.ecc_fatal)
 *(.exceptions.entry)
 .exceptions.entry
                0x0000000000000020       0x54 C:/src/KAU_EMBEDED_19/Quartus/software/DEFAULT_SETTING_bsp/\libhal_bsp.a(alt_exception_entry.o)
 *(.exceptions.irqtest.user)
 *(.exceptions.irqtest)
 .exceptions.irqtest
                0x0000000000000074       0x10 C:/src/KAU_EMBEDED_19/Quartus/software/DEFAULT_SETTING_bsp/\libhal_bsp.a(alt_irq_entry.o)
 *(.exceptions.irqhandler.user)
 *(.exceptions.irqhandler)
 .exceptions.irqhandler
                0x0000000000000084        0x4 C:/src/KAU_EMBEDED_19/Quartus/software/DEFAULT_SETTING_bsp/\libhal_bsp.a(alt_irq_entry.o)
 *(.exceptions.irqreturn.user)
 *(.exceptions.irqreturn)
 .exceptions.irqreturn
                0x0000000000000088        0x4 C:/src/KAU_EMBEDED_19/Quartus/software/DEFAULT_SETTING_bsp/\libhal_bsp.a(alt_irq_entry.o)
 *(.exceptions.notirq.label)
 .exceptions.notirq.label
                0x000000000000008c        0x0 C:/src/KAU_EMBEDED_19/Quartus/software/DEFAULT_SETTING_bsp/\libhal_bsp.a(alt_irq_entry.o)
 *(.exceptions.notirq.user)
 *(.exceptions.notirq)
 .exceptions.notirq
                0x000000000000008c        0x8 C:/src/KAU_EMBEDED_19/Quartus/software/DEFAULT_SETTING_bsp/\libhal_bsp.a(alt_exception_entry.o)
 *(.exceptions.soft.user)
 *(.exceptions.soft)
 *(.exceptions.unknown.user)
 *(.exceptions.unknown)
 .exceptions.unknown
                0x0000000000000094       0x14 C:/src/KAU_EMBEDED_19/Quartus/software/DEFAULT_SETTING_bsp/\libhal_bsp.a(alt_exception_entry.o)
 *(.exceptions.exit.label)
 .exceptions.exit.label
                0x00000000000000a8        0x0 C:/src/KAU_EMBEDED_19/Quartus/software/DEFAULT_SETTING_bsp/\libhal_bsp.a(alt_irq_entry.o)
 .exceptions.exit.label
                0x00000000000000a8        0x0 C:/src/KAU_EMBEDED_19/Quartus/software/DEFAULT_SETTING_bsp/\libhal_bsp.a(alt_exception_entry.o)
 *(.exceptions.exit.user)
 *(.exceptions.exit)
 .exceptions.exit
                0x00000000000000a8       0x54 C:/src/KAU_EMBEDED_19/Quartus/software/DEFAULT_SETTING_bsp/\libhal_bsp.a(alt_exception_entry.o)
 *(.exceptions)
 .exceptions    0x00000000000000fc       0xd8 C:/src/KAU_EMBEDED_19/Quartus/software/DEFAULT_SETTING_bsp/\libhal_bsp.a(alt_irq_handler.o)
                0x00000000000000fc                alt_irq_handler
 .exceptions    0x00000000000001d4       0x74 C:/src/KAU_EMBEDED_19/Quartus/software/DEFAULT_SETTING_bsp/\libhal_bsp.a(alt_instruction_exception_entry.o)
                0x00000000000001d4                alt_instruction_exception_entry
                0x0000000000000248                PROVIDE (__ram_exceptions_end, ABSOLUTE (.))
                0x0000000000000020                PROVIDE (__flash_exceptions_start, LOADADDR (.exceptions))

.text           0x0000000000000248    0x13c48
                [!provide]                        PROVIDE (stext, ABSOLUTE (.))
 *(.interp)
 *(.hash)
 *(.dynsym)
 *(.dynstr)
 *(.gnu.version)
 *(.gnu.version_d)
 *(.gnu.version_r)
 *(.rel.init)
 *(.rela.init)
 *(.rel.text .rel.text.* .rel.gnu.linkonce.t.*)
 *(.rela.text .rela.text.* .rela.gnu.linkonce.t.*)
 *(.rel.fini)
 *(.rela.fini)
 *(.rel.rodata .rel.rodata.* .rel.gnu.linkonce.r.*)
 *(.rela.rodata .rela.rodata.* .rela.gnu.linkonce.r.*)
 *(.rel.data .rel.data.* .rel.gnu.linkonce.d.*)
 *(.rela.data .rela.data.* .rela.gnu.linkonce.d.*)
 *(.rel.tdata .rel.tdata.* .rel.gnu.linkonce.td.*)
 *(.rela.tdata .rela.tdata.* .rela.gnu.linkonce.td.*)
 *(.rel.tbss .rel.tbss.* .rel.gnu.linkonce.tb.*)
 *(.rela.tbss .rela.tbss.* .rela.gnu.linkonce.tb.*)
 *(.rel.ctors)
 *(.rela.ctors)
 *(.rel.dtors)
 *(.rela.dtors)
 *(.rel.got)
 *(.rela.got)
 *(.rel.sdata .rel.sdata.* .rel.gnu.linkonce.s.*)
 *(.rela.sdata .rela.sdata.* .rela.gnu.linkonce.s.*)
 *(.rel.sbss .rel.sbss.* .rel.gnu.linkonce.sb.*)
 *(.rela.sbss .rela.sbss.* .rela.gnu.linkonce.sb.*)
 *(.rel.sdata2 .rel.sdata2.* .rel.gnu.linkonce.s2.*)
 *(.rela.sdata2 .rela.sdata2.* .rela.gnu.linkonce.s2.*)
 *(.rel.sbss2 .rel.sbss2.* .rel.gnu.linkonce.sb2.*)
 *(.rela.sbss2 .rela.sbss2.* .rela.gnu.linkonce.sb2.*)
 *(.rel.bss .rel.bss.* .rel.gnu.linkonce.b.*)
 *(.rela.bss .rela.bss.* .rela.gnu.linkonce.b.*)
 *(.rel.plt)
 *(.rela.plt)
 *(.rel.dyn)
 *(.init)
 *(.plt)
 *(.text .stub .text.* .gnu.linkonce.t.*)
 .text          0x0000000000000248       0x3c C:/src/KAU_EMBEDED_19/Quartus/software/DEFAULT_SETTING_bsp//obj/HAL/src/crt0.o
                0x0000000000000248                _start
 .text          0x0000000000000284      0x30c obj/default/TEM_HUE.o
                0x0000000000000284                ADC_GetData
                0x00000000000004f8                ADC_GetHumidity
                0x0000000000000544                ADC_GetTemperature
 .text          0x0000000000000590     0x37a4 obj/default/main.o
                0x0000000000000590                Timer_ISR
                0x00000000000005c8                Init_timer
                0x0000000000000654                change_num
                0x00000000000006e0                add_sec
                0x0000000000000748                add_min
                0x00000000000007b0                add_hour
                0x000000000000080c                ALARM_SettingUp
                0x00000000000009d0                ALARM_SettingDown
                0x0000000000000b80                ALARM_SettingMove
                0x0000000000000bbc                ALARM_SettingSave
                0x0000000000000c3c                CLOCK_SettingUp
                0x0000000000000dec                CLOCK_SettingDown
                0x0000000000000f9c                CLOCK_SettingMove
                0x0000000000000fd8                CLOCK_SettingSave
                0x0000000000001048                ALARM_DummySetting
                0x000000000000108c                CLOCK_DummySetting
                0x000000000000119c                Alarm_Checking
                0x0000000000001218                IMG_Number_S
                0x0000000000001308                IMG_Button_T
                0x00000000000013a8                IMG_Button_F
                0x0000000000001448                Init_VGA
                0x00000000000014ac                VGA_Icons
                0x00000000000015f0                VGA_AlarmDraw_S
                0x0000000000001a98                VGA_RecordA
                0x0000000000001b14                VGA_RecordB
                0x0000000000001b90                VGA_PlayerA
                0x0000000000001c0c                VGA_PlayerB
                0x0000000000001c88                VGA_ClockSettingDraw
                0x0000000000002130                VGA_ClockDraw_S
                0x0000000000002518                VGA_TemDraw
                0x0000000000002730                VGA_HumDraw
                0x0000000000002960                imageDraw
                0x0000000000002a98                progressDraw
                0x0000000000002c44                wait_for_vsync
                0x0000000000002c94                plot_pixel
                0x0000000000002cf4                VGA_ClearScreen
                0x0000000000002d6c                HEX_PrintHEX
                0x0000000000002f00                printHEX
                0x0000000000002fec                Init_Audio
                0x0000000000003054                Audio_ISR
                0x00000000000035f4                Audio_Record
                0x000000000000364c                Audio_Echo
                0x000000000000368c                Audio_Change
                0x0000000000003744                Audio_Mute
                0x00000000000037a0                Audio_Play
                0x00000000000037e4                Init_KEY_SW
                0x0000000000003834                Pushbutton_ISR
                0x0000000000003bd4                main
 .text          0x0000000000003d34      0x8ac c:/intelfpga_lite/16.1/nios2eds/bin/gnu/h-x86_64-mingw32/bin/../lib/gcc/nios2-elf/5.3.0/mhw-mulx\libgcc.a(adddf3.o)
                0x0000000000003d34                __adddf3
 .text          0x00000000000045e0      0x8e8 c:/intelfpga_lite/16.1/nios2eds/bin/gnu/h-x86_64-mingw32/bin/../lib/gcc/nios2-elf/5.3.0/mhw-mulx\libgcc.a(divdf3.o)
                0x00000000000045e0                __divdf3
 .text          0x0000000000004ec8       0xdc c:/intelfpga_lite/16.1/nios2eds/bin/gnu/h-x86_64-mingw32/bin/../lib/gcc/nios2-elf/5.3.0/mhw-mulx\libgcc.a(gedf2.o)
                0x0000000000004ec8                __gedf2
                0x0000000000004ec8                __gtdf2
 .text          0x0000000000004fa4       0xf4 c:/intelfpga_lite/16.1/nios2eds/bin/gnu/h-x86_64-mingw32/bin/../lib/gcc/nios2-elf/5.3.0/mhw-mulx\libgcc.a(ledf2.o)
                0x0000000000004fa4                __ledf2
                0x0000000000004fa4                __ltdf2
 .text          0x0000000000005098      0x718 c:/intelfpga_lite/16.1/nios2eds/bin/gnu/h-x86_64-mingw32/bin/../lib/gcc/nios2-elf/5.3.0/mhw-mulx\libgcc.a(muldf3.o)
                0x0000000000005098                __muldf3
 .text          0x00000000000057b0       0x80 c:/intelfpga_lite/16.1/nios2eds/bin/gnu/h-x86_64-mingw32/bin/../lib/gcc/nios2-elf/5.3.0/mhw-mulx\libgcc.a(fixdfsi.o)
                0x00000000000057b0                __fixdfsi
 .text          0x0000000000005830       0xdc c:/intelfpga_lite/16.1/nios2eds/bin/gnu/h-x86_64-mingw32/bin/../lib/gcc/nios2-elf/5.3.0/mhw-mulx\libgcc.a(floatsidf.o)
                0x0000000000005830                __floatsidf
 .text          0x000000000000590c       0x64 c:/intelfpga_lite/16.1/nios2eds/bin/gnu/h-x86_64-mingw32/bin/../lib/gcc/nios2-elf/5.3.0/mhw-mulx\libgcc.a(_clzsi2.o)
                0x000000000000590c                __clzsi2
 .text          0x0000000000005970      0x1b4 c:/intelfpga_lite/16.1/nios2eds/bin/gnu/h-x86_64-mingw32/bin/../lib/gcc/nios2-elf/5.3.0/mhw-mulx\libgcc.a(lib2-divmod.o)
                0x0000000000005970                __divsi3
                0x00000000000059f4                __modsi3
                0x0000000000005a68                __udivsi3
                0x0000000000005acc                __umodsi3
 .text          0x0000000000005b24        0x0 c:/intelfpga_lite/16.1/nios2eds/bin/gnu/h-x86_64-mingw32/bin/../lib/gcc/nios2-elf/5.3.0/mhw-mulx\libgcc.a(_clz.o)
 .text          0x0000000000005b24        0x0 c:/intelfpga_lite/16.1/nios2eds/bin/gnu/h-x86_64-mingw32/bin/../lib/gcc/nios2-elf/5.3.0/../../../../../H-x86_64-mingw32/nios2-elf/lib/mhw-mulx\libc.a(lib_a-printf.o)
 .text._printf_r
                0x0000000000005b24       0x30 c:/intelfpga_lite/16.1/nios2eds/bin/gnu/h-x86_64-mingw32/bin/../lib/gcc/nios2-elf/5.3.0/../../../../../H-x86_64-mingw32/nios2-elf/lib/mhw-mulx\libc.a(lib_a-printf.o)
                0x0000000000005b24                _printf_r
 .text.printf   0x0000000000005b54       0x3c c:/intelfpga_lite/16.1/nios2eds/bin/gnu/h-x86_64-mingw32/bin/../lib/gcc/nios2-elf/5.3.0/../../../../../H-x86_64-mingw32/nios2-elf/lib/mhw-mulx\libc.a(lib_a-printf.o)
                0x0000000000005b54                printf
 .text          0x0000000000005b90        0x0 c:/intelfpga_lite/16.1/nios2eds/bin/gnu/h-x86_64-mingw32/bin/../lib/gcc/nios2-elf/5.3.0/../../../../../H-x86_64-mingw32/nios2-elf/lib/mhw-mulx\libc.a(lib_a-puts.o)
 .text._puts_r  0x0000000000005b90       0xc0 c:/intelfpga_lite/16.1/nios2eds/bin/gnu/h-x86_64-mingw32/bin/../lib/gcc/nios2-elf/5.3.0/../../../../../H-x86_64-mingw32/nios2-elf/lib/mhw-mulx\libc.a(lib_a-puts.o)
                0x0000000000005b90                _puts_r
 .text.puts     0x0000000000005c50       0x14 c:/intelfpga_lite/16.1/nios2eds/bin/gnu/h-x86_64-mingw32/bin/../lib/gcc/nios2-elf/5.3.0/../../../../../H-x86_64-mingw32/nios2-elf/lib/mhw-mulx\libc.a(lib_a-puts.o)
                0x0000000000005c50                puts
 .text          0x0000000000005c64        0x0 c:/intelfpga_lite/16.1/nios2eds/bin/gnu/h-x86_64-mingw32/bin/../lib/gcc/nios2-elf/5.3.0/../../../../../H-x86_64-mingw32/nios2-elf/lib/mhw-mulx\libc.a(lib_a-rand.o)
 .text.srand    0x0000000000005c64       0x18 c:/intelfpga_lite/16.1/nios2eds/bin/gnu/h-x86_64-mingw32/bin/../lib/gcc/nios2-elf/5.3.0/../../../../../H-x86_64-mingw32/nios2-elf/lib/mhw-mulx\libc.a(lib_a-rand.o)
                0x0000000000005c64                srand
 .text.rand     0x0000000000005c7c       0x60 c:/intelfpga_lite/16.1/nios2eds/bin/gnu/h-x86_64-mingw32/bin/../lib/gcc/nios2-elf/5.3.0/../../../../../H-x86_64-mingw32/nios2-elf/lib/mhw-mulx\libc.a(lib_a-rand.o)
                0x0000000000005c7c                rand
 .text          0x0000000000005cdc        0x0 c:/intelfpga_lite/16.1/nios2eds/bin/gnu/h-x86_64-mingw32/bin/../lib/gcc/nios2-elf/5.3.0/../../../../../H-x86_64-mingw32/nios2-elf/lib/mhw-mulx\libc.a(lib_a-strlen.o)
 .text.strlen   0x0000000000005cdc       0x98 c:/intelfpga_lite/16.1/nios2eds/bin/gnu/h-x86_64-mingw32/bin/../lib/gcc/nios2-elf/5.3.0/../../../../../H-x86_64-mingw32/nios2-elf/lib/mhw-mulx\libc.a(lib_a-strlen.o)
                0x0000000000005cdc                strlen
 .text          0x0000000000005d74        0x0 c:/intelfpga_lite/16.1/nios2eds/bin/gnu/h-x86_64-mingw32/bin/../lib/gcc/nios2-elf/5.3.0/../../../../../H-x86_64-mingw32/nios2-elf/lib/mhw-mulx\libc.a(lib_a-vfprintf.o)
 .text.___vfprintf_internal_r
                0x0000000000005d74     0x21f8 c:/intelfpga_lite/16.1/nios2eds/bin/gnu/h-x86_64-mingw32/bin/../lib/gcc/nios2-elf/5.3.0/../../../../../H-x86_64-mingw32/nios2-elf/lib/mhw-mulx\libc.a(lib_a-vfprintf.o)
                0x0000000000005d74                ___vfprintf_internal_r
 .text.__vfprintf_internal
                0x0000000000007f6c       0x1c c:/intelfpga_lite/16.1/nios2eds/bin/gnu/h-x86_64-mingw32/bin/../lib/gcc/nios2-elf/5.3.0/../../../../../H-x86_64-mingw32/nios2-elf/lib/mhw-mulx\libc.a(lib_a-vfprintf.o)
                0x0000000000007f6c                __vfprintf_internal
 .text.__sbprintf
                0x0000000000007f88       0xbc c:/intelfpga_lite/16.1/nios2eds/bin/gnu/h-x86_64-mingw32/bin/../lib/gcc/nios2-elf/5.3.0/../../../../../H-x86_64-mingw32/nios2-elf/lib/mhw-mulx\libc.a(lib_a-vfprintf.o)
 .text          0x0000000000008044        0x0 c:/intelfpga_lite/16.1/nios2eds/bin/gnu/h-x86_64-mingw32/bin/../lib/gcc/nios2-elf/5.3.0/../../../../../H-x86_64-mingw32/nios2-elf/lib/mhw-mulx\libc.a(lib_a-wsetup.o)
 .text.__swsetup_r
                0x0000000000008044      0x154 c:/intelfpga_lite/16.1/nios2eds/bin/gnu/h-x86_64-mingw32/bin/../lib/gcc/nios2-elf/5.3.0/../../../../../H-x86_64-mingw32/nios2-elf/lib/mhw-mulx\libc.a(lib_a-wsetup.o)
                0x0000000000008044                __swsetup_r
 .text          0x0000000000008198        0x0 c:/intelfpga_lite/16.1/nios2eds/bin/gnu/h-x86_64-mingw32/bin/../lib/gcc/nios2-elf/5.3.0/../../../../../H-x86_64-mingw32/nios2-elf/lib/mhw-mulx\libc.a(lib_a-dtoa.o)
 .text.quorem   0x0000000000008198      0x200 c:/intelfpga_lite/16.1/nios2eds/bin/gnu/h-x86_64-mingw32/bin/../lib/gcc/nios2-elf/5.3.0/../../../../../H-x86_64-mingw32/nios2-elf/lib/mhw-mulx\libc.a(lib_a-dtoa.o)
 .text._dtoa_r  0x0000000000008398     0x1688 c:/intelfpga_lite/16.1/nios2eds/bin/gnu/h-x86_64-mingw32/bin/../lib/gcc/nios2-elf/5.3.0/../../../../../H-x86_64-mingw32/nios2-elf/lib/mhw-mulx\libc.a(lib_a-dtoa.o)
                0x0000000000008398                _dtoa_r
 .text          0x0000000000009a20        0x0 c:/intelfpga_lite/16.1/nios2eds/bin/gnu/h-x86_64-mingw32/bin/../lib/gcc/nios2-elf/5.3.0/../../../../../H-x86_64-mingw32/nios2-elf/lib/mhw-mulx\libc.a(lib_a-fflush.o)
 .text.__sflush_r
                0x0000000000009a20      0x21c c:/intelfpga_lite/16.1/nios2eds/bin/gnu/h-x86_64-mingw32/bin/../lib/gcc/nios2-elf/5.3.0/../../../../../H-x86_64-mingw32/nios2-elf/lib/mhw-mulx\libc.a(lib_a-fflush.o)
                0x0000000000009a20                __sflush_r
 .text._fflush_r
                0x0000000000009c3c       0x5c c:/intelfpga_lite/16.1/nios2eds/bin/gnu/h-x86_64-mingw32/bin/../lib/gcc/nios2-elf/5.3.0/../../../../../H-x86_64-mingw32/nios2-elf/lib/mhw-mulx\libc.a(lib_a-fflush.o)
                0x0000000000009c3c                _fflush_r
 .text.fflush   0x0000000000009c98       0x30 c:/intelfpga_lite/16.1/nios2eds/bin/gnu/h-x86_64-mingw32/bin/../lib/gcc/nios2-elf/5.3.0/../../../../../H-x86_64-mingw32/nios2-elf/lib/mhw-mulx\libc.a(lib_a-fflush.o)
                0x0000000000009c98                fflush
 .text          0x0000000000009cc8        0x0 c:/intelfpga_lite/16.1/nios2eds/bin/gnu/h-x86_64-mingw32/bin/../lib/gcc/nios2-elf/5.3.0/../../../../../H-x86_64-mingw32/nios2-elf/lib/mhw-mulx\libc.a(lib_a-findfp.o)
 .text.__fp_unlock
                0x0000000000009cc8        0x8 c:/intelfpga_lite/16.1/nios2eds/bin/gnu/h-x86_64-mingw32/bin/../lib/gcc/nios2-elf/5.3.0/../../../../../H-x86_64-mingw32/nios2-elf/lib/mhw-mulx\libc.a(lib_a-findfp.o)
 .text._cleanup_r
                0x0000000000009cd0        0xc c:/intelfpga_lite/16.1/nios2eds/bin/gnu/h-x86_64-mingw32/bin/../lib/gcc/nios2-elf/5.3.0/../../../../../H-x86_64-mingw32/nios2-elf/lib/mhw-mulx\libc.a(lib_a-findfp.o)
                0x0000000000009cd0                _cleanup_r
 .text.__sinit.part.1
                0x0000000000009cdc      0x19c c:/intelfpga_lite/16.1/nios2eds/bin/gnu/h-x86_64-mingw32/bin/../lib/gcc/nios2-elf/5.3.0/../../../../../H-x86_64-mingw32/nios2-elf/lib/mhw-mulx\libc.a(lib_a-findfp.o)
 .text.__fp_lock
                0x0000000000009e78        0x8 c:/intelfpga_lite/16.1/nios2eds/bin/gnu/h-x86_64-mingw32/bin/../lib/gcc/nios2-elf/5.3.0/../../../../../H-x86_64-mingw32/nios2-elf/lib/mhw-mulx\libc.a(lib_a-findfp.o)
 .text.__sfmoreglue
                0x0000000000009e80       0x68 c:/intelfpga_lite/16.1/nios2eds/bin/gnu/h-x86_64-mingw32/bin/../lib/gcc/nios2-elf/5.3.0/../../../../../H-x86_64-mingw32/nios2-elf/lib/mhw-mulx\libc.a(lib_a-findfp.o)
                0x0000000000009e80                __sfmoreglue
 .text.__sfp    0x0000000000009ee8      0x118 c:/intelfpga_lite/16.1/nios2eds/bin/gnu/h-x86_64-mingw32/bin/../lib/gcc/nios2-elf/5.3.0/../../../../../H-x86_64-mingw32/nios2-elf/lib/mhw-mulx\libc.a(lib_a-findfp.o)
                0x0000000000009ee8                __sfp
 .text._cleanup
                0x000000000000a000       0x18 c:/intelfpga_lite/16.1/nios2eds/bin/gnu/h-x86_64-mingw32/bin/../lib/gcc/nios2-elf/5.3.0/../../../../../H-x86_64-mingw32/nios2-elf/lib/mhw-mulx\libc.a(lib_a-findfp.o)
                0x000000000000a000                _cleanup
 .text.__sinit  0x000000000000a018       0x10 c:/intelfpga_lite/16.1/nios2eds/bin/gnu/h-x86_64-mingw32/bin/../lib/gcc/nios2-elf/5.3.0/../../../../../H-x86_64-mingw32/nios2-elf/lib/mhw-mulx\libc.a(lib_a-findfp.o)
                0x000000000000a018                __sinit
 .text.__sfp_lock_acquire
                0x000000000000a028        0x4 c:/intelfpga_lite/16.1/nios2eds/bin/gnu/h-x86_64-mingw32/bin/../lib/gcc/nios2-elf/5.3.0/../../../../../H-x86_64-mingw32/nios2-elf/lib/mhw-mulx\libc.a(lib_a-findfp.o)
                0x000000000000a028                __sfp_lock_acquire
 .text.__sfp_lock_release
                0x000000000000a02c        0x4 c:/intelfpga_lite/16.1/nios2eds/bin/gnu/h-x86_64-mingw32/bin/../lib/gcc/nios2-elf/5.3.0/../../../../../H-x86_64-mingw32/nios2-elf/lib/mhw-mulx\libc.a(lib_a-findfp.o)
                0x000000000000a02c                __sfp_lock_release
 .text.__sinit_lock_acquire
                0x000000000000a030        0x4 c:/intelfpga_lite/16.1/nios2eds/bin/gnu/h-x86_64-mingw32/bin/../lib/gcc/nios2-elf/5.3.0/../../../../../H-x86_64-mingw32/nios2-elf/lib/mhw-mulx\libc.a(lib_a-findfp.o)
                0x000000000000a030                __sinit_lock_acquire
 .text.__sinit_lock_release
                0x000000000000a034        0x4 c:/intelfpga_lite/16.1/nios2eds/bin/gnu/h-x86_64-mingw32/bin/../lib/gcc/nios2-elf/5.3.0/../../../../../H-x86_64-mingw32/nios2-elf/lib/mhw-mulx\libc.a(lib_a-findfp.o)
                0x000000000000a034                __sinit_lock_release
 .text.__fp_lock_all
                0x000000000000a038       0x18 c:/intelfpga_lite/16.1/nios2eds/bin/gnu/h-x86_64-mingw32/bin/../lib/gcc/nios2-elf/5.3.0/../../../../../H-x86_64-mingw32/nios2-elf/lib/mhw-mulx\libc.a(lib_a-findfp.o)
                0x000000000000a038                __fp_lock_all
 .text.__fp_unlock_all
                0x000000000000a050       0x18 c:/intelfpga_lite/16.1/nios2eds/bin/gnu/h-x86_64-mingw32/bin/../lib/gcc/nios2-elf/5.3.0/../../../../../H-x86_64-mingw32/nios2-elf/lib/mhw-mulx\libc.a(lib_a-findfp.o)
                0x000000000000a050                __fp_unlock_all
 .text          0x000000000000a068        0x0 c:/intelfpga_lite/16.1/nios2eds/bin/gnu/h-x86_64-mingw32/bin/../lib/gcc/nios2-elf/5.3.0/../../../../../H-x86_64-mingw32/nios2-elf/lib/mhw-mulx\libc.a(lib_a-freer.o)
 .text._malloc_trim_r
                0x000000000000a068      0x124 c:/intelfpga_lite/16.1/nios2eds/bin/gnu/h-x86_64-mingw32/bin/../lib/gcc/nios2-elf/5.3.0/../../../../../H-x86_64-mingw32/nios2-elf/lib/mhw-mulx\libc.a(lib_a-freer.o)
                0x000000000000a068                _malloc_trim_r
 .text._free_r  0x000000000000a18c      0x310 c:/intelfpga_lite/16.1/nios2eds/bin/gnu/h-x86_64-mingw32/bin/../lib/gcc/nios2-elf/5.3.0/../../../../../H-x86_64-mingw32/nios2-elf/lib/mhw-mulx\libc.a(lib_a-freer.o)
                0x000000000000a18c                _free_r
 .text          0x000000000000a49c        0x0 c:/intelfpga_lite/16.1/nios2eds/bin/gnu/h-x86_64-mingw32/bin/../lib/gcc/nios2-elf/5.3.0/../../../../../H-x86_64-mingw32/nios2-elf/lib/mhw-mulx\libc.a(lib_a-fvwrite.o)
 .text.__sfvwrite_r
                0x000000000000a49c      0x4bc c:/intelfpga_lite/16.1/nios2eds/bin/gnu/h-x86_64-mingw32/bin/../lib/gcc/nios2-elf/5.3.0/../../../../../H-x86_64-mingw32/nios2-elf/lib/mhw-mulx\libc.a(lib_a-fvwrite.o)
                0x000000000000a49c                __sfvwrite_r
 .text          0x000000000000a958        0x0 c:/intelfpga_lite/16.1/nios2eds/bin/gnu/h-x86_64-mingw32/bin/../lib/gcc/nios2-elf/5.3.0/../../../../../H-x86_64-mingw32/nios2-elf/lib/mhw-mulx\libc.a(lib_a-fwalk.o)
 .text._fwalk   0x000000000000a958       0xc4 c:/intelfpga_lite/16.1/nios2eds/bin/gnu/h-x86_64-mingw32/bin/../lib/gcc/nios2-elf/5.3.0/../../../../../H-x86_64-mingw32/nios2-elf/lib/mhw-mulx\libc.a(lib_a-fwalk.o)
                0x000000000000a958                _fwalk
 .text._fwalk_reent
                0x000000000000aa1c       0xc4 c:/intelfpga_lite/16.1/nios2eds/bin/gnu/h-x86_64-mingw32/bin/../lib/gcc/nios2-elf/5.3.0/../../../../../H-x86_64-mingw32/nios2-elf/lib/mhw-mulx\libc.a(lib_a-fwalk.o)
                0x000000000000aa1c                _fwalk_reent
 .text          0x000000000000aae0        0x0 c:/intelfpga_lite/16.1/nios2eds/bin/gnu/h-x86_64-mingw32/bin/../lib/gcc/nios2-elf/5.3.0/../../../../../H-x86_64-mingw32/nios2-elf/lib/mhw-mulx\libc.a(lib_a-impure.o)
 .text          0x000000000000aae0        0x0 c:/intelfpga_lite/16.1/nios2eds/bin/gnu/h-x86_64-mingw32/bin/../lib/gcc/nios2-elf/5.3.0/../../../../../H-x86_64-mingw32/nios2-elf/lib/mhw-mulx\libc.a(lib_a-locale.o)
 .text._setlocale_r
                0x000000000000aae0       0x7c c:/intelfpga_lite/16.1/nios2eds/bin/gnu/h-x86_64-mingw32/bin/../lib/gcc/nios2-elf/5.3.0/../../../../../H-x86_64-mingw32/nios2-elf/lib/mhw-mulx\libc.a(lib_a-locale.o)
                0x000000000000aae0                _setlocale_r
 .text.__locale_charset
                0x000000000000ab5c        0xc c:/intelfpga_lite/16.1/nios2eds/bin/gnu/h-x86_64-mingw32/bin/../lib/gcc/nios2-elf/5.3.0/../../../../../H-x86_64-mingw32/nios2-elf/lib/mhw-mulx\libc.a(lib_a-locale.o)
                0x000000000000ab5c                __locale_charset
 .text.__locale_mb_cur_max
                0x000000000000ab68       0x10 c:/intelfpga_lite/16.1/nios2eds/bin/gnu/h-x86_64-mingw32/bin/../lib/gcc/nios2-elf/5.3.0/../../../../../H-x86_64-mingw32/nios2-elf/lib/mhw-mulx\libc.a(lib_a-locale.o)
                0x000000000000ab68                __locale_mb_cur_max
 .text.__locale_msgcharset
                0x000000000000ab78        0xc c:/intelfpga_lite/16.1/nios2eds/bin/gnu/h-x86_64-mingw32/bin/../lib/gcc/nios2-elf/5.3.0/../../../../../H-x86_64-mingw32/nios2-elf/lib/mhw-mulx\libc.a(lib_a-locale.o)
                0x000000000000ab78                __locale_msgcharset
 .text.__locale_cjk_lang
                0x000000000000ab84        0x8 c:/intelfpga_lite/16.1/nios2eds/bin/gnu/h-x86_64-mingw32/bin/../lib/gcc/nios2-elf/5.3.0/../../../../../H-x86_64-mingw32/nios2-elf/lib/mhw-mulx\libc.a(lib_a-locale.o)
                0x000000000000ab84                __locale_cjk_lang
 .text._localeconv_r
                0x000000000000ab8c        0xc c:/intelfpga_lite/16.1/nios2eds/bin/gnu/h-x86_64-mingw32/bin/../lib/gcc/nios2-elf/5.3.0/../../../../../H-x86_64-mingw32/nios2-elf/lib/mhw-mulx\libc.a(lib_a-locale.o)
                0x000000000000ab8c                _localeconv_r
 .text.setlocale
                0x000000000000ab98       0x18 c:/intelfpga_lite/16.1/nios2eds/bin/gnu/h-x86_64-mingw32/bin/../lib/gcc/nios2-elf/5.3.0/../../../../../H-x86_64-mingw32/nios2-elf/lib/mhw-mulx\libc.a(lib_a-locale.o)
                0x000000000000ab98                setlocale
 .text.localeconv
                0x000000000000abb0        0xc c:/intelfpga_lite/16.1/nios2eds/bin/gnu/h-x86_64-mingw32/bin/../lib/gcc/nios2-elf/5.3.0/../../../../../H-x86_64-mingw32/nios2-elf/lib/mhw-mulx\libc.a(lib_a-locale.o)
                0x000000000000abb0                localeconv
 .text          0x000000000000abbc        0x0 c:/intelfpga_lite/16.1/nios2eds/bin/gnu/h-x86_64-mingw32/bin/../lib/gcc/nios2-elf/5.3.0/../../../../../H-x86_64-mingw32/nios2-elf/lib/mhw-mulx\libc.a(lib_a-makebuf.o)
 .text.__smakebuf_r
                0x000000000000abbc      0x1bc c:/intelfpga_lite/16.1/nios2eds/bin/gnu/h-x86_64-mingw32/bin/../lib/gcc/nios2-elf/5.3.0/../../../../../H-x86_64-mingw32/nios2-elf/lib/mhw-mulx\libc.a(lib_a-makebuf.o)
                0x000000000000abbc                __smakebuf_r
 .text          0x000000000000ad78        0x0 c:/intelfpga_lite/16.1/nios2eds/bin/gnu/h-x86_64-mingw32/bin/../lib/gcc/nios2-elf/5.3.0/../../../../../H-x86_64-mingw32/nios2-elf/lib/mhw-mulx\libc.a(lib_a-mallocr.o)
 .text._malloc_r
                0x000000000000ad78      0x80c c:/intelfpga_lite/16.1/nios2eds/bin/gnu/h-x86_64-mingw32/bin/../lib/gcc/nios2-elf/5.3.0/../../../../../H-x86_64-mingw32/nios2-elf/lib/mhw-mulx\libc.a(lib_a-mallocr.o)
                0x000000000000ad78                _malloc_r
 .text          0x000000000000b584        0x0 c:/intelfpga_lite/16.1/nios2eds/bin/gnu/h-x86_64-mingw32/bin/../lib/gcc/nios2-elf/5.3.0/../../../../../H-x86_64-mingw32/nios2-elf/lib/mhw-mulx\libc.a(lib_a-memchr.o)
 .text.memchr   0x000000000000b584       0xe4 c:/intelfpga_lite/16.1/nios2eds/bin/gnu/h-x86_64-mingw32/bin/../lib/gcc/nios2-elf/5.3.0/../../../../../H-x86_64-mingw32/nios2-elf/lib/mhw-mulx\libc.a(lib_a-memchr.o)
                0x000000000000b584                memchr
 .text          0x000000000000b668        0x0 c:/intelfpga_lite/16.1/nios2eds/bin/gnu/h-x86_64-mingw32/bin/../lib/gcc/nios2-elf/5.3.0/../../../../../H-x86_64-mingw32/nios2-elf/lib/mhw-mulx\libc.a(lib_a-memcpy.o)
 .text.memcpy   0x000000000000b668      0x148 c:/intelfpga_lite/16.1/nios2eds/bin/gnu/h-x86_64-mingw32/bin/../lib/gcc/nios2-elf/5.3.0/../../../../../H-x86_64-mingw32/nios2-elf/lib/mhw-mulx\libc.a(lib_a-memcpy.o)
                0x000000000000b668                memcpy
 .text          0x000000000000b7b0        0x0 c:/intelfpga_lite/16.1/nios2eds/bin/gnu/h-x86_64-mingw32/bin/../lib/gcc/nios2-elf/5.3.0/../../../../../H-x86_64-mingw32/nios2-elf/lib/mhw-mulx\libc.a(lib_a-memmove.o)
 .text.memmove  0x000000000000b7b0      0x15c c:/intelfpga_lite/16.1/nios2eds/bin/gnu/h-x86_64-mingw32/bin/../lib/gcc/nios2-elf/5.3.0/../../../../../H-x86_64-mingw32/nios2-elf/lib/mhw-mulx\libc.a(lib_a-memmove.o)
                0x000000000000b7b0                memmove
 .text          0x000000000000b90c        0x0 c:/intelfpga_lite/16.1/nios2eds/bin/gnu/h-x86_64-mingw32/bin/../lib/gcc/nios2-elf/5.3.0/../../../../../H-x86_64-mingw32/nios2-elf/lib/mhw-mulx\libc.a(lib_a-memset.o)
 .text.memset   0x000000000000b90c      0x128 c:/intelfpga_lite/16.1/nios2eds/bin/gnu/h-x86_64-mingw32/bin/../lib/gcc/nios2-elf/5.3.0/../../../../../H-x86_64-mingw32/nios2-elf/lib/mhw-mulx\libc.a(lib_a-memset.o)
                0x000000000000b90c                memset
 .text          0x000000000000ba34        0x0 c:/intelfpga_lite/16.1/nios2eds/bin/gnu/h-x86_64-mingw32/bin/../lib/gcc/nios2-elf/5.3.0/../../../../../H-x86_64-mingw32/nios2-elf/lib/mhw-mulx\libc.a(lib_a-mprec.o)
 .text._Balloc  0x000000000000ba34       0xa8 c:/intelfpga_lite/16.1/nios2eds/bin/gnu/h-x86_64-mingw32/bin/../lib/gcc/nios2-elf/5.3.0/../../../../../H-x86_64-mingw32/nios2-elf/lib/mhw-mulx\libc.a(lib_a-mprec.o)
                0x000000000000ba34                _Balloc
 .text._Bfree   0x000000000000badc       0x28 c:/intelfpga_lite/16.1/nios2eds/bin/gnu/h-x86_64-mingw32/bin/../lib/gcc/nios2-elf/5.3.0/../../../../../H-x86_64-mingw32/nios2-elf/lib/mhw-mulx\libc.a(lib_a-mprec.o)
                0x000000000000badc                _Bfree
 .text.__multadd
                0x000000000000bb04      0x120 c:/intelfpga_lite/16.1/nios2eds/bin/gnu/h-x86_64-mingw32/bin/../lib/gcc/nios2-elf/5.3.0/../../../../../H-x86_64-mingw32/nios2-elf/lib/mhw-mulx\libc.a(lib_a-mprec.o)
                0x000000000000bb04                __multadd
 .text.__s2b    0x000000000000bc24      0x104 c:/intelfpga_lite/16.1/nios2eds/bin/gnu/h-x86_64-mingw32/bin/../lib/gcc/nios2-elf/5.3.0/../../../../../H-x86_64-mingw32/nios2-elf/lib/mhw-mulx\libc.a(lib_a-mprec.o)
                0x000000000000bc24                __s2b
 .text.__hi0bits
                0x000000000000bd28       0x68 c:/intelfpga_lite/16.1/nios2eds/bin/gnu/h-x86_64-mingw32/bin/../lib/gcc/nios2-elf/5.3.0/../../../../../H-x86_64-mingw32/nios2-elf/lib/mhw-mulx\libc.a(lib_a-mprec.o)
                0x000000000000bd28                __hi0bits
 .text.__lo0bits
                0x000000000000bd90       0xb0 c:/intelfpga_lite/16.1/nios2eds/bin/gnu/h-x86_64-mingw32/bin/../lib/gcc/nios2-elf/5.3.0/../../../../../H-x86_64-mingw32/nios2-elf/lib/mhw-mulx\libc.a(lib_a-mprec.o)
                0x000000000000bd90                __lo0bits
 .text.__i2b    0x000000000000be40       0x3c c:/intelfpga_lite/16.1/nios2eds/bin/gnu/h-x86_64-mingw32/bin/../lib/gcc/nios2-elf/5.3.0/../../../../../H-x86_64-mingw32/nios2-elf/lib/mhw-mulx\libc.a(lib_a-mprec.o)
                0x000000000000be40                __i2b
 .text.__multiply
                0x000000000000be7c      0x1f8 c:/intelfpga_lite/16.1/nios2eds/bin/gnu/h-x86_64-mingw32/bin/../lib/gcc/nios2-elf/5.3.0/../../../../../H-x86_64-mingw32/nios2-elf/lib/mhw-mulx\libc.a(lib_a-mprec.o)
                0x000000000000be7c                __multiply
 .text.__pow5mult
                0x000000000000c074      0x140 c:/intelfpga_lite/16.1/nios2eds/bin/gnu/h-x86_64-mingw32/bin/../lib/gcc/nios2-elf/5.3.0/../../../../../H-x86_64-mingw32/nios2-elf/lib/mhw-mulx\libc.a(lib_a-mprec.o)
                0x000000000000c074                __pow5mult
 .text.__lshift
                0x000000000000c1b4      0x148 c:/intelfpga_lite/16.1/nios2eds/bin/gnu/h-x86_64-mingw32/bin/../lib/gcc/nios2-elf/5.3.0/../../../../../H-x86_64-mingw32/nios2-elf/lib/mhw-mulx\libc.a(lib_a-mprec.o)
                0x000000000000c1b4                __lshift
 .text.__mcmp   0x000000000000c2fc       0x60 c:/intelfpga_lite/16.1/nios2eds/bin/gnu/h-x86_64-mingw32/bin/../lib/gcc/nios2-elf/5.3.0/../../../../../H-x86_64-mingw32/nios2-elf/lib/mhw-mulx\libc.a(lib_a-mprec.o)
                0x000000000000c2fc                __mcmp
 .text.__mdiff  0x000000000000c35c      0x1fc c:/intelfpga_lite/16.1/nios2eds/bin/gnu/h-x86_64-mingw32/bin/../lib/gcc/nios2-elf/5.3.0/../../../../../H-x86_64-mingw32/nios2-elf/lib/mhw-mulx\libc.a(lib_a-mprec.o)
                0x000000000000c35c                __mdiff
 .text.__ulp    0x000000000000c558       0x64 c:/intelfpga_lite/16.1/nios2eds/bin/gnu/h-x86_64-mingw32/bin/../lib/gcc/nios2-elf/5.3.0/../../../../../H-x86_64-mingw32/nios2-elf/lib/mhw-mulx\libc.a(lib_a-mprec.o)
                0x000000000000c558                __ulp
 .text.__b2d    0x000000000000c5bc      0x10c c:/intelfpga_lite/16.1/nios2eds/bin/gnu/h-x86_64-mingw32/bin/../lib/gcc/nios2-elf/5.3.0/../../../../../H-x86_64-mingw32/nios2-elf/lib/mhw-mulx\libc.a(lib_a-mprec.o)
                0x000000000000c5bc                __b2d
 .text.__d2b    0x000000000000c6c8      0x14c c:/intelfpga_lite/16.1/nios2eds/bin/gnu/h-x86_64-mingw32/bin/../lib/gcc/nios2-elf/5.3.0/../../../../../H-x86_64-mingw32/nios2-elf/lib/mhw-mulx\libc.a(lib_a-mprec.o)
                0x000000000000c6c8                __d2b
 .text.__ratio  0x000000000000c814       0xa4 c:/intelfpga_lite/16.1/nios2eds/bin/gnu/h-x86_64-mingw32/bin/../lib/gcc/nios2-elf/5.3.0/../../../../../H-x86_64-mingw32/nios2-elf/lib/mhw-mulx\libc.a(lib_a-mprec.o)
                0x000000000000c814                __ratio
 .text._mprec_log10
                0x000000000000c8b8       0x74 c:/intelfpga_lite/16.1/nios2eds/bin/gnu/h-x86_64-mingw32/bin/../lib/gcc/nios2-elf/5.3.0/../../../../../H-x86_64-mingw32/nios2-elf/lib/mhw-mulx\libc.a(lib_a-mprec.o)
                0x000000000000c8b8                _mprec_log10
 .text.__copybits
                0x000000000000c92c       0x78 c:/intelfpga_lite/16.1/nios2eds/bin/gnu/h-x86_64-mingw32/bin/../lib/gcc/nios2-elf/5.3.0/../../../../../H-x86_64-mingw32/nios2-elf/lib/mhw-mulx\libc.a(lib_a-mprec.o)
                0x000000000000c92c                __copybits
 .text.__any_on
                0x000000000000c9a4       0x8c c:/intelfpga_lite/16.1/nios2eds/bin/gnu/h-x86_64-mingw32/bin/../lib/gcc/nios2-elf/5.3.0/../../../../../H-x86_64-mingw32/nios2-elf/lib/mhw-mulx\libc.a(lib_a-mprec.o)
                0x000000000000c9a4                __any_on
 .text          0x000000000000ca30        0x0 c:/intelfpga_lite/16.1/nios2eds/bin/gnu/h-x86_64-mingw32/bin/../lib/gcc/nios2-elf/5.3.0/../../../../../H-x86_64-mingw32/nios2-elf/lib/mhw-mulx\libc.a(lib_a-reallocr.o)
 .text._realloc_r
                0x000000000000ca30      0x564 c:/intelfpga_lite/16.1/nios2eds/bin/gnu/h-x86_64-mingw32/bin/../lib/gcc/nios2-elf/5.3.0/../../../../../H-x86_64-mingw32/nios2-elf/lib/mhw-mulx\libc.a(lib_a-reallocr.o)
                0x000000000000ca30                _realloc_r
 .text          0x000000000000cf94        0x0 c:/intelfpga_lite/16.1/nios2eds/bin/gnu/h-x86_64-mingw32/bin/../lib/gcc/nios2-elf/5.3.0/../../../../../H-x86_64-mingw32/nios2-elf/lib/mhw-mulx\libc.a(lib_a-s_fpclassify.o)
 .text.__fpclassifyd
                0x000000000000cf94       0x74 c:/intelfpga_lite/16.1/nios2eds/bin/gnu/h-x86_64-mingw32/bin/../lib/gcc/nios2-elf/5.3.0/../../../../../H-x86_64-mingw32/nios2-elf/lib/mhw-mulx\libc.a(lib_a-s_fpclassify.o)
                0x000000000000cf94                __fpclassifyd
 .text          0x000000000000d008        0x0 c:/intelfpga_lite/16.1/nios2eds/bin/gnu/h-x86_64-mingw32/bin/../lib/gcc/nios2-elf/5.3.0/../../../../../H-x86_64-mingw32/nios2-elf/lib/mhw-mulx\libc.a(lib_a-sbrkr.o)
 .text._sbrk_r  0x000000000000d008       0x54 c:/intelfpga_lite/16.1/nios2eds/bin/gnu/h-x86_64-mingw32/bin/../lib/gcc/nios2-elf/5.3.0/../../../../../H-x86_64-mingw32/nios2-elf/lib/mhw-mulx\libc.a(lib_a-sbrkr.o)
                0x000000000000d008                _sbrk_r
 .text          0x000000000000d05c        0x0 c:/intelfpga_lite/16.1/nios2eds/bin/gnu/h-x86_64-mingw32/bin/../lib/gcc/nios2-elf/5.3.0/../../../../../H-x86_64-mingw32/nios2-elf/lib/mhw-mulx\libc.a(lib_a-stdio.o)
 .text.__sread  0x000000000000d05c       0x54 c:/intelfpga_lite/16.1/nios2eds/bin/gnu/h-x86_64-mingw32/bin/../lib/gcc/nios2-elf/5.3.0/../../../../../H-x86_64-mingw32/nios2-elf/lib/mhw-mulx\libc.a(lib_a-stdio.o)
                0x000000000000d05c                __sread
 .text.__seofread
                0x000000000000d0b0        0x8 c:/intelfpga_lite/16.1/nios2eds/bin/gnu/h-x86_64-mingw32/bin/../lib/gcc/nios2-elf/5.3.0/../../../../../H-x86_64-mingw32/nios2-elf/lib/mhw-mulx\libc.a(lib_a-stdio.o)
                0x000000000000d0b0                __seofread
 .text.__swrite
                0x000000000000d0b8       0x7c c:/intelfpga_lite/16.1/nios2eds/bin/gnu/h-x86_64-mingw32/bin/../lib/gcc/nios2-elf/5.3.0/../../../../../H-x86_64-mingw32/nios2-elf/lib/mhw-mulx\libc.a(lib_a-stdio.o)
                0x000000000000d0b8                __swrite
 .text.__sseek  0x000000000000d134       0x5c c:/intelfpga_lite/16.1/nios2eds/bin/gnu/h-x86_64-mingw32/bin/../lib/gcc/nios2-elf/5.3.0/../../../../../H-x86_64-mingw32/nios2-elf/lib/mhw-mulx\libc.a(lib_a-stdio.o)
                0x000000000000d134                __sseek
 .text.__sclose
                0x000000000000d190        0x8 c:/intelfpga_lite/16.1/nios2eds/bin/gnu/h-x86_64-mingw32/bin/../lib/gcc/nios2-elf/5.3.0/../../../../../H-x86_64-mingw32/nios2-elf/lib/mhw-mulx\libc.a(lib_a-stdio.o)
                0x000000000000d190                __sclose
 .text          0x000000000000d198        0x0 c:/intelfpga_lite/16.1/nios2eds/bin/gnu/h-x86_64-mingw32/bin/../lib/gcc/nios2-elf/5.3.0/../../../../../H-x86_64-mingw32/nios2-elf/lib/mhw-mulx\libc.a(lib_a-strcmp.o)
 .text.strcmp   0x000000000000d198       0xdc c:/intelfpga_lite/16.1/nios2eds/bin/gnu/h-x86_64-mingw32/bin/../lib/gcc/nios2-elf/5.3.0/../../../../../H-x86_64-mingw32/nios2-elf/lib/mhw-mulx\libc.a(lib_a-strcmp.o)
                0x000000000000d198                strcmp
 .text          0x000000000000d274        0x0 c:/intelfpga_lite/16.1/nios2eds/bin/gnu/h-x86_64-mingw32/bin/../lib/gcc/nios2-elf/5.3.0/../../../../../H-x86_64-mingw32/nios2-elf/lib/mhw-mulx\libc.a(lib_a-vfiprintf.o)
 .text.__sprint_r.part.0
                0x000000000000d274       0xfc c:/intelfpga_lite/16.1/nios2eds/bin/gnu/h-x86_64-mingw32/bin/../lib/gcc/nios2-elf/5.3.0/../../../../../H-x86_64-mingw32/nios2-elf/lib/mhw-mulx\libc.a(lib_a-vfiprintf.o)
 .text.__sprint_r
                0x000000000000d370       0x18 c:/intelfpga_lite/16.1/nios2eds/bin/gnu/h-x86_64-mingw32/bin/../lib/gcc/nios2-elf/5.3.0/../../../../../H-x86_64-mingw32/nios2-elf/lib/mhw-mulx\libc.a(lib_a-vfiprintf.o)
                0x000000000000d370                __sprint_r
 .text.___vfiprintf_internal_r
                0x000000000000d388     0x145c c:/intelfpga_lite/16.1/nios2eds/bin/gnu/h-x86_64-mingw32/bin/../lib/gcc/nios2-elf/5.3.0/../../../../../H-x86_64-mingw32/nios2-elf/lib/mhw-mulx\libc.a(lib_a-vfiprintf.o)
                0x000000000000d388                ___vfiprintf_internal_r
 .text.__vfiprintf_internal
                0x000000000000e7e4       0x1c c:/intelfpga_lite/16.1/nios2eds/bin/gnu/h-x86_64-mingw32/bin/../lib/gcc/nios2-elf/5.3.0/../../../../../H-x86_64-mingw32/nios2-elf/lib/mhw-mulx\libc.a(lib_a-vfiprintf.o)
                0x000000000000e7e4                __vfiprintf_internal
 .text.__sbprintf
                0x000000000000e800       0xbc c:/intelfpga_lite/16.1/nios2eds/bin/gnu/h-x86_64-mingw32/bin/../lib/gcc/nios2-elf/5.3.0/../../../../../H-x86_64-mingw32/nios2-elf/lib/mhw-mulx\libc.a(lib_a-vfiprintf.o)
 .text          0x000000000000e8bc        0x0 c:/intelfpga_lite/16.1/nios2eds/bin/gnu/h-x86_64-mingw32/bin/../lib/gcc/nios2-elf/5.3.0/../../../../../H-x86_64-mingw32/nios2-elf/lib/mhw-mulx\libc.a(lib_a-writer.o)
 .text._write_r
                0x000000000000e8bc       0x60 c:/intelfpga_lite/16.1/nios2eds/bin/gnu/h-x86_64-mingw32/bin/../lib/gcc/nios2-elf/5.3.0/../../../../../H-x86_64-mingw32/nios2-elf/lib/mhw-mulx\libc.a(lib_a-writer.o)
                0x000000000000e8bc                _write_r
 .text          0x000000000000e91c        0x0 c:/intelfpga_lite/16.1/nios2eds/bin/gnu/h-x86_64-mingw32/bin/../lib/gcc/nios2-elf/5.3.0/../../../../../H-x86_64-mingw32/nios2-elf/lib/mhw-mulx\libc.a(closer.o)
 .text._close_r
                0x000000000000e91c       0x54 c:/intelfpga_lite/16.1/nios2eds/bin/gnu/h-x86_64-mingw32/bin/../lib/gcc/nios2-elf/5.3.0/../../../../../H-x86_64-mingw32/nios2-elf/lib/mhw-mulx\libc.a(closer.o)
                0x000000000000e91c                _close_r
 .text          0x000000000000e970        0x0 c:/intelfpga_lite/16.1/nios2eds/bin/gnu/h-x86_64-mingw32/bin/../lib/gcc/nios2-elf/5.3.0/../../../../../H-x86_64-mingw32/nios2-elf/lib/mhw-mulx\libc.a(lib_a-callocr.o)
 .text._calloc_r
                0x000000000000e970       0xc4 c:/intelfpga_lite/16.1/nios2eds/bin/gnu/h-x86_64-mingw32/bin/../lib/gcc/nios2-elf/5.3.0/../../../../../H-x86_64-mingw32/nios2-elf/lib/mhw-mulx\libc.a(lib_a-callocr.o)
                0x000000000000e970                _calloc_r
 .text          0x000000000000ea34        0x0 c:/intelfpga_lite/16.1/nios2eds/bin/gnu/h-x86_64-mingw32/bin/../lib/gcc/nios2-elf/5.3.0/../../../../../H-x86_64-mingw32/nios2-elf/lib/mhw-mulx\libc.a(lib_a-fclose.o)
 .text._fclose_r
                0x000000000000ea34       0xf0 c:/intelfpga_lite/16.1/nios2eds/bin/gnu/h-x86_64-mingw32/bin/../lib/gcc/nios2-elf/5.3.0/../../../../../H-x86_64-mingw32/nios2-elf/lib/mhw-mulx\libc.a(lib_a-fclose.o)
                0x000000000000ea34                _fclose_r
 .text.fclose   0x000000000000eb24       0x14 c:/intelfpga_lite/16.1/nios2eds/bin/gnu/h-x86_64-mingw32/bin/../lib/gcc/nios2-elf/5.3.0/../../../../../H-x86_64-mingw32/nios2-elf/lib/mhw-mulx\libc.a(lib_a-fclose.o)
                0x000000000000eb24                fclose
 .text          0x000000000000eb38        0x0 c:/intelfpga_lite/16.1/nios2eds/bin/gnu/h-x86_64-mingw32/bin/../lib/gcc/nios2-elf/5.3.0/../../../../../H-x86_64-mingw32/nios2-elf/lib/mhw-mulx\libc.a(lib_a-fputwc.o)
 .text.__fputwc
                0x000000000000eb38      0x164 c:/intelfpga_lite/16.1/nios2eds/bin/gnu/h-x86_64-mingw32/bin/../lib/gcc/nios2-elf/5.3.0/../../../../../H-x86_64-mingw32/nios2-elf/lib/mhw-mulx\libc.a(lib_a-fputwc.o)
                0x000000000000eb38                __fputwc
 .text._fputwc_r
                0x000000000000ec9c       0x24 c:/intelfpga_lite/16.1/nios2eds/bin/gnu/h-x86_64-mingw32/bin/../lib/gcc/nios2-elf/5.3.0/../../../../../H-x86_64-mingw32/nios2-elf/lib/mhw-mulx\libc.a(lib_a-fputwc.o)
                0x000000000000ec9c                _fputwc_r
 .text.fputwc   0x000000000000ecc0       0x80 c:/intelfpga_lite/16.1/nios2eds/bin/gnu/h-x86_64-mingw32/bin/../lib/gcc/nios2-elf/5.3.0/../../../../../H-x86_64-mingw32/nios2-elf/lib/mhw-mulx\libc.a(lib_a-fputwc.o)
                0x000000000000ecc0                fputwc
 .text          0x000000000000ed40        0x0 c:/intelfpga_lite/16.1/nios2eds/bin/gnu/h-x86_64-mingw32/bin/../lib/gcc/nios2-elf/5.3.0/../../../../../H-x86_64-mingw32/nios2-elf/lib/mhw-mulx\libc.a(lib_a-fstatr.o)
 .text._fstat_r
                0x000000000000ed40       0x5c c:/intelfpga_lite/16.1/nios2eds/bin/gnu/h-x86_64-mingw32/bin/../lib/gcc/nios2-elf/5.3.0/../../../../../H-x86_64-mingw32/nios2-elf/lib/mhw-mulx\libc.a(lib_a-fstatr.o)
                0x000000000000ed40                _fstat_r
 .text          0x000000000000ed9c        0x0 c:/intelfpga_lite/16.1/nios2eds/bin/gnu/h-x86_64-mingw32/bin/../lib/gcc/nios2-elf/5.3.0/../../../../../H-x86_64-mingw32/nios2-elf/lib/mhw-mulx\libc.a(lib_a-int_errno.o)
 .text          0x000000000000ed9c        0x0 c:/intelfpga_lite/16.1/nios2eds/bin/gnu/h-x86_64-mingw32/bin/../lib/gcc/nios2-elf/5.3.0/../../../../../H-x86_64-mingw32/nios2-elf/lib/mhw-mulx\libc.a(lib_a-isattyr.o)
 .text._isatty_r
                0x000000000000ed9c       0x54 c:/intelfpga_lite/16.1/nios2eds/bin/gnu/h-x86_64-mingw32/bin/../lib/gcc/nios2-elf/5.3.0/../../../../../H-x86_64-mingw32/nios2-elf/lib/mhw-mulx\libc.a(lib_a-isattyr.o)
                0x000000000000ed9c                _isatty_r
 .text          0x000000000000edf0        0x0 c:/intelfpga_lite/16.1/nios2eds/bin/gnu/h-x86_64-mingw32/bin/../lib/gcc/nios2-elf/5.3.0/../../../../../H-x86_64-mingw32/nios2-elf/lib/mhw-mulx\libc.a(lib_a-lseekr.o)
 .text._lseek_r
                0x000000000000edf0       0x60 c:/intelfpga_lite/16.1/nios2eds/bin/gnu/h-x86_64-mingw32/bin/../lib/gcc/nios2-elf/5.3.0/../../../../../H-x86_64-mingw32/nios2-elf/lib/mhw-mulx\libc.a(lib_a-lseekr.o)
                0x000000000000edf0                _lseek_r
 .text          0x000000000000ee50        0x0 c:/intelfpga_lite/16.1/nios2eds/bin/gnu/h-x86_64-mingw32/bin/../lib/gcc/nios2-elf/5.3.0/../../../../../H-x86_64-mingw32/nios2-elf/lib/mhw-mulx\libc.a(lib_a-readr.o)
 .text._read_r  0x000000000000ee50       0x60 c:/intelfpga_lite/16.1/nios2eds/bin/gnu/h-x86_64-mingw32/bin/../lib/gcc/nios2-elf/5.3.0/../../../../../H-x86_64-mingw32/nios2-elf/lib/mhw-mulx\libc.a(lib_a-readr.o)
                0x000000000000ee50                _read_r
 .text          0x000000000000eeb0        0x0 c:/intelfpga_lite/16.1/nios2eds/bin/gnu/h-x86_64-mingw32/bin/../lib/gcc/nios2-elf/5.3.0/../../../../../H-x86_64-mingw32/nios2-elf/lib/mhw-mulx\libc.a(lib_a-wbuf.o)
 .text.__swbuf_r
                0x000000000000eeb0      0x140 c:/intelfpga_lite/16.1/nios2eds/bin/gnu/h-x86_64-mingw32/bin/../lib/gcc/nios2-elf/5.3.0/../../../../../H-x86_64-mingw32/nios2-elf/lib/mhw-mulx\libc.a(lib_a-wbuf.o)
                0x000000000000eeb0                __swbuf_r
 .text.__swbuf  0x000000000000eff0       0x18 c:/intelfpga_lite/16.1/nios2eds/bin/gnu/h-x86_64-mingw32/bin/../lib/gcc/nios2-elf/5.3.0/../../../../../H-x86_64-mingw32/nios2-elf/lib/mhw-mulx\libc.a(lib_a-wbuf.o)
                0x000000000000eff0                __swbuf
 .text          0x000000000000f008        0x0 c:/intelfpga_lite/16.1/nios2eds/bin/gnu/h-x86_64-mingw32/bin/../lib/gcc/nios2-elf/5.3.0/../../../../../H-x86_64-mingw32/nios2-elf/lib/mhw-mulx\libc.a(lib_a-wcrtomb.o)
 .text._wcrtomb_r
                0x000000000000f008       0x9c c:/intelfpga_lite/16.1/nios2eds/bin/gnu/h-x86_64-mingw32/bin/../lib/gcc/nios2-elf/5.3.0/../../../../../H-x86_64-mingw32/nios2-elf/lib/mhw-mulx\libc.a(lib_a-wcrtomb.o)
                0x000000000000f008                _wcrtomb_r
 .text.wcrtomb  0x000000000000f0a4       0xc0 c:/intelfpga_lite/16.1/nios2eds/bin/gnu/h-x86_64-mingw32/bin/../lib/gcc/nios2-elf/5.3.0/../../../../../H-x86_64-mingw32/nios2-elf/lib/mhw-mulx\libc.a(lib_a-wcrtomb.o)
                0x000000000000f0a4                wcrtomb
 .text          0x000000000000f164        0x0 c:/intelfpga_lite/16.1/nios2eds/bin/gnu/h-x86_64-mingw32/bin/../lib/gcc/nios2-elf/5.3.0/../../../../../H-x86_64-mingw32/nios2-elf/lib/mhw-mulx\libc.a(lib_a-wctomb_r.o)
 .text.__ascii_wctomb
                0x000000000000f164       0x30 c:/intelfpga_lite/16.1/nios2eds/bin/gnu/h-x86_64-mingw32/bin/../lib/gcc/nios2-elf/5.3.0/../../../../../H-x86_64-mingw32/nios2-elf/lib/mhw-mulx\libc.a(lib_a-wctomb_r.o)
                0x000000000000f164                __ascii_wctomb
 .text._wctomb_r
                0x000000000000f194       0x5c c:/intelfpga_lite/16.1/nios2eds/bin/gnu/h-x86_64-mingw32/bin/../lib/gcc/nios2-elf/5.3.0/../../../../../H-x86_64-mingw32/nios2-elf/lib/mhw-mulx\libc.a(lib_a-wctomb_r.o)
                0x000000000000f194                _wctomb_r
 .text          0x000000000000f1f0      0x578 c:/intelfpga_lite/16.1/nios2eds/bin/gnu/h-x86_64-mingw32/bin/../lib/gcc/nios2-elf/5.3.0/mhw-mulx\libgcc.a(_udivdi3.o)
                0x000000000000f1f0                __udivdi3
 .text          0x000000000000f768      0x538 c:/intelfpga_lite/16.1/nios2eds/bin/gnu/h-x86_64-mingw32/bin/../lib/gcc/nios2-elf/5.3.0/mhw-mulx\libgcc.a(_umoddi3.o)
                0x000000000000f768                __umoddi3
 .text          0x000000000000fca0       0x88 c:/intelfpga_lite/16.1/nios2eds/bin/gnu/h-x86_64-mingw32/bin/../lib/gcc/nios2-elf/5.3.0/mhw-mulx\libgcc.a(eqdf2.o)
                0x000000000000fca0                __nedf2
                0x000000000000fca0                __eqdf2
 .text          0x000000000000fd28      0x8fc c:/intelfpga_lite/16.1/nios2eds/bin/gnu/h-x86_64-mingw32/bin/../lib/gcc/nios2-elf/5.3.0/mhw-mulx\libgcc.a(subdf3.o)
                0x000000000000fd28                __subdf3
 .text          0x0000000000010624       0xa8 c:/intelfpga_lite/16.1/nios2eds/bin/gnu/h-x86_64-mingw32/bin/../lib/gcc/nios2-elf/5.3.0/mhw-mulx\libgcc.a(floatunsidf.o)
                0x0000000000010624                __floatunsidf
 .text          0x00000000000106cc      0x10c C:/src/KAU_EMBEDED_19/Quartus/software/DEFAULT_SETTING_bsp/\libhal_bsp.a(alt_close.o)
                0x0000000000010708                close
 .text          0x00000000000107d8       0x2c C:/src/KAU_EMBEDED_19/Quartus/software/DEFAULT_SETTING_bsp/\libhal_bsp.a(alt_dev.o)
 .text          0x0000000000010804        0x0 C:/src/KAU_EMBEDED_19/Quartus/software/DEFAULT_SETTING_bsp/\libhal_bsp.a(alt_errno.o)
 .text          0x0000000000010804       0xec C:/src/KAU_EMBEDED_19/Quartus/software/DEFAULT_SETTING_bsp/\libhal_bsp.a(alt_fstat.o)
                0x0000000000010840                fstat
 .text          0x00000000000108f0      0x180 C:/src/KAU_EMBEDED_19/Quartus/software/DEFAULT_SETTING_bsp/\libhal_bsp.a(alt_irq_register.o)
                0x00000000000108f0                alt_irq_register
 .text          0x0000000000010a70        0x0 C:/src/KAU_EMBEDED_19/Quartus/software/DEFAULT_SETTING_bsp/\libhal_bsp.a(alt_irq_vars.o)
 .text          0x0000000000010a70       0xe0 C:/src/KAU_EMBEDED_19/Quartus/software/DEFAULT_SETTING_bsp/\libhal_bsp.a(alt_isatty.o)
                0x0000000000010aac                isatty
 .text          0x0000000000010b50       0xec C:/src/KAU_EMBEDED_19/Quartus/software/DEFAULT_SETTING_bsp/\libhal_bsp.a(alt_load.o)
                0x0000000000010bb8                alt_load
 .text          0x0000000000010c3c      0x110 C:/src/KAU_EMBEDED_19/Quartus/software/DEFAULT_SETTING_bsp/\libhal_bsp.a(alt_lseek.o)
                0x0000000000010c78                lseek
 .text          0x0000000000010d4c       0x7c C:/src/KAU_EMBEDED_19/Quartus/software/DEFAULT_SETTING_bsp/\libhal_bsp.a(alt_main.o)
                0x0000000000010d4c                alt_main
 .text          0x0000000000010dc8       0x48 C:/src/KAU_EMBEDED_19/Quartus/software/DEFAULT_SETTING_bsp/\libhal_bsp.a(alt_malloc_lock.o)
                0x0000000000010dc8                __malloc_lock
                0x0000000000010dec                __malloc_unlock
 .text          0x0000000000010e10      0x138 C:/src/KAU_EMBEDED_19/Quartus/software/DEFAULT_SETTING_bsp/\libhal_bsp.a(alt_read.o)
                0x0000000000010e4c                read
 .text          0x0000000000010f48       0x64 C:/src/KAU_EMBEDED_19/Quartus/software/DEFAULT_SETTING_bsp/\libhal_bsp.a(alt_release_fd.o)
                0x0000000000010f48                alt_release_fd
 .text          0x0000000000010fac       0xb0 C:/src/KAU_EMBEDED_19/Quartus/software/DEFAULT_SETTING_bsp/\libhal_bsp.a(alt_sbrk.o)
                0x0000000000010fac                sbrk
 .text          0x000000000001105c      0x134 C:/src/KAU_EMBEDED_19/Quartus/software/DEFAULT_SETTING_bsp/\libhal_bsp.a(alt_write.o)
                0x0000000000011098                write
 .text          0x0000000000011190      0x7fc C:/src/KAU_EMBEDED_19/Quartus/software/DEFAULT_SETTING_bsp/\libhal_bsp.a(alt_sys_init.o)
                0x00000000000111c4                alt_irq_init
                0x00000000000111fc                alt_sys_init
 .text          0x000000000001198c      0x164 C:/src/KAU_EMBEDED_19/Quartus/software/DEFAULT_SETTING_bsp/\libhal_bsp.a(altera_avalon_jtag_uart_fd.o)
                0x000000000001198c                altera_avalon_jtag_uart_read_fd
                0x00000000000119ec                altera_avalon_jtag_uart_write_fd
                0x0000000000011a4c                altera_avalon_jtag_uart_close_fd
                0x0000000000011a9c                altera_avalon_jtag_uart_ioctl_fd
 .text          0x0000000000011af0      0x3cc C:/src/KAU_EMBEDED_19/Quartus/software/DEFAULT_SETTING_bsp/\libhal_bsp.a(altera_avalon_jtag_uart_init.o)
                0x0000000000011af0                altera_avalon_jtag_uart_init
                0x0000000000011e54                altera_avalon_jtag_uart_close
 .text          0x0000000000011ebc       0xf0 C:/src/KAU_EMBEDED_19/Quartus/software/DEFAULT_SETTING_bsp/\libhal_bsp.a(altera_avalon_jtag_uart_ioctl.o)
                0x0000000000011ebc                altera_avalon_jtag_uart_ioctl
 .text          0x0000000000011fac      0x21c C:/src/KAU_EMBEDED_19/Quartus/software/DEFAULT_SETTING_bsp/\libhal_bsp.a(altera_avalon_jtag_uart_read.o)
                0x0000000000011fac                altera_avalon_jtag_uart_read
 .text          0x00000000000121c8      0x224 C:/src/KAU_EMBEDED_19/Quartus/software/DEFAULT_SETTING_bsp/\libhal_bsp.a(altera_avalon_jtag_uart_write.o)
                0x00000000000121c8                altera_avalon_jtag_uart_write
 .text          0x00000000000123ec       0xf0 C:/src/KAU_EMBEDED_19/Quartus/software/DEFAULT_SETTING_bsp/\libhal_bsp.a(altera_avalon_timer_sc.o)
                0x0000000000012468                alt_avalon_timer_sc_init
 .text          0x00000000000124dc      0x38c C:/src/KAU_EMBEDED_19/Quartus/software/DEFAULT_SETTING_bsp/\libhal_bsp.a(altera_up_avalon_irda.o)
                0x00000000000124dc                alt_up_irda_enable_read_interrupt
                0x0000000000012538                alt_up_irda_disable_read_interrupt
                0x0000000000012598                alt_up_irda_get_used_space_in_read_FIFO
                0x00000000000125d8                alt_up_irda_get_available_space_in_write_FIFO
                0x0000000000012614                alt_up_irda_check_parity
                0x0000000000012658                alt_up_irda_write_data
                0x0000000000012698                alt_up_irda_read_data
                0x000000000001270c                alt_up_irda_read_fd
                0x000000000001279c                alt_up_irda_write_fd
                0x000000000001282c                alt_up_irda_open_dev
 .text          0x0000000000012868      0x6b0 C:/src/KAU_EMBEDED_19/Quartus/software/DEFAULT_SETTING_bsp/\libhal_bsp.a(altera_up_avalon_ps2.o)
                0x0000000000012868                read_RI_bit
                0x000000000001289c                read_RE_bit
                0x00000000000128cc                read_CE_bit
                0x0000000000012900                read_num_bytes_available
                0x0000000000012930                read_data_valid
                0x0000000000012964                read_data_byte
                0x0000000000012990                alt_up_ps2_init
                0x0000000000012a58                alt_up_ps2_enable_read_interrupt
                0x0000000000012ab4                alt_up_ps2_disable_read_interrupt
                0x0000000000012b14                alt_up_ps2_write_data_byte
                0x0000000000012b88                alt_up_ps2_wait_for_ack
                0x0000000000012bf0                alt_up_ps2_write_data_byte_with_ack
                0x0000000000012c54                alt_up_ps2_read_data_byte_timeout
                0x0000000000012cf0                alt_up_ps2_read_data_byte
                0x0000000000012d60                alt_up_ps2_clear_fifo
                0x0000000000012db8                alt_up_ps2_read_fd
                0x0000000000012e44                alt_up_ps2_write_fd
                0x0000000000012edc                alt_up_ps2_open_dev
 .text          0x0000000000012f18      0x12c C:/src/KAU_EMBEDED_19/Quartus/software/DEFAULT_SETTING_bsp/\libhal_bsp.a(alt_alarm_start.o)
                0x0000000000012f18                alt_alarm_start
 .text          0x0000000000013044       0x20 C:/src/KAU_EMBEDED_19/Quartus/software/DEFAULT_SETTING_bsp/\libhal_bsp.a(alt_dcache_flush_all.o)
                0x0000000000013044                alt_dcache_flush_all
 .text          0x0000000000013064       0xe0 C:/src/KAU_EMBEDED_19/Quartus/software/DEFAULT_SETTING_bsp/\libhal_bsp.a(alt_dev_llist_insert.o)
                0x00000000000130a0                alt_dev_llist_insert
 .text          0x0000000000013144       0x60 C:/src/KAU_EMBEDED_19/Quartus/software/DEFAULT_SETTING_bsp/\libhal_bsp.a(alt_do_ctors.o)
                0x0000000000013144                _do_ctors
 .text          0x00000000000131a4       0x60 C:/src/KAU_EMBEDED_19/Quartus/software/DEFAULT_SETTING_bsp/\libhal_bsp.a(alt_do_dtors.o)
                0x00000000000131a4                _do_dtors
 .text          0x0000000000013204       0x90 C:/src/KAU_EMBEDED_19/Quartus/software/DEFAULT_SETTING_bsp/\libhal_bsp.a(alt_find_dev.o)
                0x0000000000013204                alt_find_dev
 .text          0x0000000000013294       0x34 C:/src/KAU_EMBEDED_19/Quartus/software/DEFAULT_SETTING_bsp/\libhal_bsp.a(alt_icache_flush_all.o)
                0x0000000000013294                alt_icache_flush_all
 .text          0x00000000000132c8      0x140 C:/src/KAU_EMBEDED_19/Quartus/software/DEFAULT_SETTING_bsp/\libhal_bsp.a(alt_io_redirect.o)
                0x000000000001338c                alt_io_redirect
 .text          0x0000000000013408        0x0 C:/src/KAU_EMBEDED_19/Quartus/software/DEFAULT_SETTING_bsp/\libhal_bsp.a(alt_irq_entry.o)
 .text          0x0000000000013408        0x0 C:/src/KAU_EMBEDED_19/Quartus/software/DEFAULT_SETTING_bsp/\libhal_bsp.a(alt_irq_handler.o)
 .text          0x0000000000013408      0x254 C:/src/KAU_EMBEDED_19/Quartus/software/DEFAULT_SETTING_bsp/\libhal_bsp.a(alt_open.o)
                0x0000000000013508                open
 .text          0x000000000001365c      0x1a4 C:/src/KAU_EMBEDED_19/Quartus/software/DEFAULT_SETTING_bsp/\libhal_bsp.a(alt_tick.o)
                0x000000000001365c                alt_alarm_stop
                0x00000000000136f8                alt_tick
 .text          0x0000000000013800       0x24 C:/src/KAU_EMBEDED_19/Quartus/software/DEFAULT_SETTING_bsp/\libhal_bsp.a(altera_nios2_gen2_irq.o)
                0x0000000000013800                altera_nios2_gen2_irq_init
 .text          0x0000000000013824        0x0 C:/src/KAU_EMBEDED_19/Quartus/software/DEFAULT_SETTING_bsp/\libhal_bsp.a(alt_exception_entry.o)
 .text          0x0000000000013824      0x108 C:/src/KAU_EMBEDED_19/Quartus/software/DEFAULT_SETTING_bsp/\libhal_bsp.a(alt_find_file.o)
                0x0000000000013824                alt_find_file
 .text          0x000000000001392c       0xa4 C:/src/KAU_EMBEDED_19/Quartus/software/DEFAULT_SETTING_bsp/\libhal_bsp.a(alt_get_fd.o)
                0x000000000001392c                alt_get_fd
 .text          0x00000000000139d0       0x90 C:/src/KAU_EMBEDED_19/Quartus/software/DEFAULT_SETTING_bsp/\libhal_bsp.a(alt_icache_flush.o)
                0x00000000000139d0                alt_icache_flush
 .text          0x0000000000013a60       0x9c C:/src/KAU_EMBEDED_19/Quartus/software/DEFAULT_SETTING_bsp/\libhal_bsp.a(alt_instruction_exception_entry.o)
                0x0000000000013a60                alt_exception_cause_generated_bad_addr
 .text          0x0000000000013afc        0x0 c:/intelfpga_lite/16.1/nios2eds/bin/gnu/h-x86_64-mingw32/bin/../lib/gcc/nios2-elf/5.3.0/../../../../../H-x86_64-mingw32/nios2-elf/lib/mhw-mulx\libc.a(lib_a-atexit.o)
 .text.atexit   0x0000000000013afc       0x14 c:/intelfpga_lite/16.1/nios2eds/bin/gnu/h-x86_64-mingw32/bin/../lib/gcc/nios2-elf/5.3.0/../../../../../H-x86_64-mingw32/nios2-elf/lib/mhw-mulx\libc.a(lib_a-atexit.o)
                0x0000000000013afc                atexit
 .text          0x0000000000013b10        0x0 c:/intelfpga_lite/16.1/nios2eds/bin/gnu/h-x86_64-mingw32/bin/../lib/gcc/nios2-elf/5.3.0/../../../../../H-x86_64-mingw32/nios2-elf/lib/mhw-mulx\libc.a(lib_a-exit.o)
 .text.exit     0x0000000000013b10       0x38 c:/intelfpga_lite/16.1/nios2eds/bin/gnu/h-x86_64-mingw32/bin/../lib/gcc/nios2-elf/5.3.0/../../../../../H-x86_64-mingw32/nios2-elf/lib/mhw-mulx\libc.a(lib_a-exit.o)
                0x0000000000013b10                exit
 .text          0x0000000000013b48        0x0 c:/intelfpga_lite/16.1/nios2eds/bin/gnu/h-x86_64-mingw32/bin/../lib/gcc/nios2-elf/5.3.0/../../../../../H-x86_64-mingw32/nios2-elf/lib/mhw-mulx\libc.a(lib_a-memcmp.o)
 .text.memcmp   0x0000000000013b48       0x7c c:/intelfpga_lite/16.1/nios2eds/bin/gnu/h-x86_64-mingw32/bin/../lib/gcc/nios2-elf/5.3.0/../../../../../H-x86_64-mingw32/nios2-elf/lib/mhw-mulx\libc.a(lib_a-memcmp.o)
                0x0000000000013b48                memcmp
 .text          0x0000000000013bc4        0x0 c:/intelfpga_lite/16.1/nios2eds/bin/gnu/h-x86_64-mingw32/bin/../lib/gcc/nios2-elf/5.3.0/../../../../../H-x86_64-mingw32/nios2-elf/lib/mhw-mulx\libc.a(lib_a-__atexit.o)
 .text.__register_exitproc
                0x0000000000013bc4      0x118 c:/intelfpga_lite/16.1/nios2eds/bin/gnu/h-x86_64-mingw32/bin/../lib/gcc/nios2-elf/5.3.0/../../../../../H-x86_64-mingw32/nios2-elf/lib/mhw-mulx\libc.a(lib_a-__atexit.o)
                0x0000000000013bc4                __register_exitproc
 .text          0x0000000000013cdc        0x0 c:/intelfpga_lite/16.1/nios2eds/bin/gnu/h-x86_64-mingw32/bin/../lib/gcc/nios2-elf/5.3.0/../../../../../H-x86_64-mingw32/nios2-elf/lib/mhw-mulx\libc.a(lib_a-__call_atexit.o)
 .text.__call_exitprocs
                0x0000000000013cdc      0x180 c:/intelfpga_lite/16.1/nios2eds/bin/gnu/h-x86_64-mingw32/bin/../lib/gcc/nios2-elf/5.3.0/../../../../../H-x86_64-mingw32/nios2-elf/lib/mhw-mulx\libc.a(lib_a-__call_atexit.o)
                0x0000000000013cdc                __call_exitprocs
 .text          0x0000000000013e5c       0x34 C:/src/KAU_EMBEDED_19/Quartus/software/DEFAULT_SETTING_bsp/\libhal_bsp.a(alt_exit.o)
                0x0000000000013e5c                _exit
 *(.gnu.warning.*)
 *(.fini)
                [!provide]                        PROVIDE (__etext, ABSOLUTE (.))
                [!provide]                        PROVIDE (_etext, ABSOLUTE (.))
                [!provide]                        PROVIDE (etext, ABSOLUTE (.))
 *(.eh_frame_hdr)
                0x0000000000013e90                . = ALIGN (0x4)
                [!provide]                        PROVIDE (__preinit_array_start, ABSOLUTE (.))
 *(.preinit_array)
                [!provide]                        PROVIDE (__preinit_array_end, ABSOLUTE (.))
                [!provide]                        PROVIDE (__init_array_start, ABSOLUTE (.))
 *(.init_array)
                [!provide]                        PROVIDE (__init_array_end, ABSOLUTE (.))
                [!provide]                        PROVIDE (__fini_array_start, ABSOLUTE (.))
 *(.fini_array)
                [!provide]                        PROVIDE (__fini_array_end, ABSOLUTE (.))
 *(.eh_frame)
 *(.gcc_except_table .gcc_except_table.*)
 *(.dynamic)
                0x0000000000013e90                PROVIDE (__CTOR_LIST__, ABSOLUTE (.))
 *(.ctors)
 *(SORT(.ctors.*))
                0x0000000000013e90                PROVIDE (__CTOR_END__, ABSOLUTE (.))
                0x0000000000013e90                PROVIDE (__DTOR_LIST__, ABSOLUTE (.))
 *(.dtors)
 *(SORT(.dtors.*))
                0x0000000000013e90                PROVIDE (__DTOR_END__, ABSOLUTE (.))
 *(.jcr)
                0x0000000000013e90                . = ALIGN (0x4)

.rodata         0x0000000000013e90    0x51d64
                0x0000000000013e90                PROVIDE (__ram_rodata_start, ABSOLUTE (.))
                0x0000000000013e90                . = ALIGN (0x4)
 *(.rodata .rodata.* .gnu.linkonce.r.*)
 .rodata        0x0000000000013e90    0x51982 obj/default/main.o
                0x0000000000013e90                IMG_SetAlarm
                0x0000000000015190                IMG_Alarm
                0x0000000000015746                IMG_Num0_S
                0x00000000000159ce                IMG_Num1_S
                0x0000000000015c56                IMG_Num2_S
                0x0000000000015ede                IMG_Num3_S
                0x0000000000016166                IMG_Num4_S
                0x00000000000163ee                IMG_Num5_S
                0x0000000000016676                IMG_Num6_S
                0x00000000000168fe                IMG_Num7_S
                0x0000000000016b86                IMG_Num8_S
                0x0000000000016e0e                IMG_Num9_S
                0x0000000000017096                IMG_Dot_S
                0x00000000000171ae                IMG_Clone_S
                0x00000000000172c6                IMG_Cursor_L
                0x00000000000174da                IMG_Cursor_S
                0x000000000001762e                IMG_AlarmFrame
                0x0000000000021506                IMG_ButtonA_F
                0x000000000002264c                IMG_ButtonA_T
                0x0000000000023792                IMG_ButtonB_F
                0x00000000000248d8                IMG_ButtonB_T
                0x0000000000025a1e                IMG_ButtonC_F
                0x0000000000026b64                IMG_ButtonC_T
                0x0000000000027caa                IMG_ButtonD_F
                0x0000000000028df0                IMG_ButtonD_T
                0x0000000000029f36                IMG_ButtonE_F
                0x000000000002b07c                IMG_ButtonE_T
                0x000000000002c1c2                IMG_Humidity
                0x000000000002c778                IMG_Temperature
                0x000000000002cd2e                IMG_IconBlue
                0x000000000002cfba                IMG_IconRed
                0x000000000002d246                IMG_PlayTrackFrame_A
                0x000000000003792a                IMG_PlayTrackFrame_B
                0x000000000004200e                IMG_RecordBarBG
                0x0000000000043912                IMG_RecordBarBlue
                0x0000000000045216                IMG_RecordBarRed
                0x0000000000046b1a                IMG_RecordTrackFrame_A
                0x00000000000511fe                IMG_RecordTrackFrame_B
                0x000000000005b8e2                IMG_TimeFrame
 .rodata        0x0000000000065812      0x100 c:/intelfpga_lite/16.1/nios2eds/bin/gnu/h-x86_64-mingw32/bin/../lib/gcc/nios2-elf/5.3.0/mhw-mulx\libgcc.a(_clz.o)
                0x0000000000065812                __clz_tab
 *fill*         0x0000000000065912        0x2 
 .rodata.str1.4
                0x0000000000065914        0x2 c:/intelfpga_lite/16.1/nios2eds/bin/gnu/h-x86_64-mingw32/bin/../lib/gcc/nios2-elf/5.3.0/../../../../../H-x86_64-mingw32/nios2-elf/lib/mhw-mulx\libc.a(lib_a-puts.o)
 *fill*         0x0000000000065916        0x2 
 .rodata.str1.4
                0x0000000000065918       0x42 c:/intelfpga_lite/16.1/nios2eds/bin/gnu/h-x86_64-mingw32/bin/../lib/gcc/nios2-elf/5.3.0/../../../../../H-x86_64-mingw32/nios2-elf/lib/mhw-mulx\libc.a(lib_a-vfprintf.o)
 .rodata.zeroes.4404
                0x000000000006595a       0x10 c:/intelfpga_lite/16.1/nios2eds/bin/gnu/h-x86_64-mingw32/bin/../lib/gcc/nios2-elf/5.3.0/../../../../../H-x86_64-mingw32/nios2-elf/lib/mhw-mulx\libc.a(lib_a-vfprintf.o)
 .rodata.blanks.4403
                0x000000000006596a       0x10 c:/intelfpga_lite/16.1/nios2eds/bin/gnu/h-x86_64-mingw32/bin/../lib/gcc/nios2-elf/5.3.0/../../../../../H-x86_64-mingw32/nios2-elf/lib/mhw-mulx\libc.a(lib_a-vfprintf.o)
 *fill*         0x000000000006597a        0x2 
 .rodata.str1.4
                0x000000000006597c       0x10 c:/intelfpga_lite/16.1/nios2eds/bin/gnu/h-x86_64-mingw32/bin/../lib/gcc/nios2-elf/5.3.0/../../../../../H-x86_64-mingw32/nios2-elf/lib/mhw-mulx\libc.a(lib_a-dtoa.o)
                                         0x12 (size before relaxing)
 .rodata.str1.4
                0x000000000006598c        0x2 c:/intelfpga_lite/16.1/nios2eds/bin/gnu/h-x86_64-mingw32/bin/../lib/gcc/nios2-elf/5.3.0/../../../../../H-x86_64-mingw32/nios2-elf/lib/mhw-mulx\libc.a(lib_a-impure.o)
 *fill*         0x000000000006598e        0x2 
 .rodata.str1.4
                0x0000000000065990        0xc c:/intelfpga_lite/16.1/nios2eds/bin/gnu/h-x86_64-mingw32/bin/../lib/gcc/nios2-elf/5.3.0/../../../../../H-x86_64-mingw32/nios2-elf/lib/mhw-mulx\libc.a(lib_a-locale.o)
                                         0x12 (size before relaxing)
 .rodata.p05.2768
                0x000000000006599c        0xc c:/intelfpga_lite/16.1/nios2eds/bin/gnu/h-x86_64-mingw32/bin/../lib/gcc/nios2-elf/5.3.0/../../../../../H-x86_64-mingw32/nios2-elf/lib/mhw-mulx\libc.a(lib_a-mprec.o)
 .rodata.__mprec_tinytens
                0x00000000000659a8       0x28 c:/intelfpga_lite/16.1/nios2eds/bin/gnu/h-x86_64-mingw32/bin/../lib/gcc/nios2-elf/5.3.0/../../../../../H-x86_64-mingw32/nios2-elf/lib/mhw-mulx\libc.a(lib_a-mprec.o)
                0x00000000000659a8                __mprec_tinytens
 .rodata.__mprec_bigtens
                0x00000000000659d0       0x28 c:/intelfpga_lite/16.1/nios2eds/bin/gnu/h-x86_64-mingw32/bin/../lib/gcc/nios2-elf/5.3.0/../../../../../H-x86_64-mingw32/nios2-elf/lib/mhw-mulx\libc.a(lib_a-mprec.o)
                0x00000000000659d0                __mprec_bigtens
 .rodata.__mprec_tens
                0x00000000000659f8       0xc8 c:/intelfpga_lite/16.1/nios2eds/bin/gnu/h-x86_64-mingw32/bin/../lib/gcc/nios2-elf/5.3.0/../../../../../H-x86_64-mingw32/nios2-elf/lib/mhw-mulx\libc.a(lib_a-mprec.o)
                0x00000000000659f8                __mprec_tens
 .rodata.str1.4
                0x0000000000065ac0       0x2f c:/intelfpga_lite/16.1/nios2eds/bin/gnu/h-x86_64-mingw32/bin/../lib/gcc/nios2-elf/5.3.0/../../../../../H-x86_64-mingw32/nios2-elf/lib/mhw-mulx\libc.a(lib_a-vfiprintf.o)
 .rodata.zeroes.4349
                0x0000000000065ac0       0x10 c:/intelfpga_lite/16.1/nios2eds/bin/gnu/h-x86_64-mingw32/bin/../lib/gcc/nios2-elf/5.3.0/../../../../../H-x86_64-mingw32/nios2-elf/lib/mhw-mulx\libc.a(lib_a-vfiprintf.o)
 .rodata.blanks.4348
                0x0000000000065ad0       0x10 c:/intelfpga_lite/16.1/nios2eds/bin/gnu/h-x86_64-mingw32/bin/../lib/gcc/nios2-elf/5.3.0/../../../../../H-x86_64-mingw32/nios2-elf/lib/mhw-mulx\libc.a(lib_a-vfiprintf.o)
 .rodata        0x0000000000065ae0        0xa C:/src/KAU_EMBEDED_19/Quartus/software/DEFAULT_SETTING_bsp/\libhal_bsp.a(alt_dev.o)
 *fill*         0x0000000000065aea        0x2 
 .rodata        0x0000000000065aec        0xf C:/src/KAU_EMBEDED_19/Quartus/software/DEFAULT_SETTING_bsp/\libhal_bsp.a(alt_main.o)
 *fill*         0x0000000000065afb        0x1 
 .rodata        0x0000000000065afc       0xf5 C:/src/KAU_EMBEDED_19/Quartus/software/DEFAULT_SETTING_bsp/\libhal_bsp.a(alt_sys_init.o)
 *(.rodata1)
                0x0000000000065bf4                . = ALIGN (0x4)
 *fill*         0x0000000000065bf1        0x3 
                0x0000000000065bf4                PROVIDE (__ram_rodata_end, ABSOLUTE (.))
                0x0000000000013e90                PROVIDE (__flash_rodata_start, LOADADDR (.rodata))

.rwdata         0x0000000000065bf4     0x2fc4 load address 0x0000000000068bb8
                0x0000000000065bf4                PROVIDE (__ram_rwdata_start, ABSOLUTE (.))
                0x0000000000065bf4                . = ALIGN (0x4)
 *(.got.plt)
 *(.got)
 *(.data1)
 *(.data .data.* .gnu.linkonce.d.*)
 .data          0x0000000000065bf4        0x0 C:/src/KAU_EMBEDED_19/Quartus/software/DEFAULT_SETTING_bsp//obj/HAL/src/crt0.o
 .data          0x0000000000065bf4        0x0 obj/default/TEM_HUE.o
 .data          0x0000000000065bf4     0x122c obj/default/main.o
                0x0000000000065bf4                IMG_morning_L
                0x000000000006650a                IMG_afternoon_L
 .data          0x0000000000066e20        0x0 c:/intelfpga_lite/16.1/nios2eds/bin/gnu/h-x86_64-mingw32/bin/../lib/gcc/nios2-elf/5.3.0/mhw-mulx\libgcc.a(adddf3.o)
 .data          0x0000000000066e20        0x0 c:/intelfpga_lite/16.1/nios2eds/bin/gnu/h-x86_64-mingw32/bin/../lib/gcc/nios2-elf/5.3.0/mhw-mulx\libgcc.a(divdf3.o)
 .data          0x0000000000066e20        0x0 c:/intelfpga_lite/16.1/nios2eds/bin/gnu/h-x86_64-mingw32/bin/../lib/gcc/nios2-elf/5.3.0/mhw-mulx\libgcc.a(gedf2.o)
 .data          0x0000000000066e20        0x0 c:/intelfpga_lite/16.1/nios2eds/bin/gnu/h-x86_64-mingw32/bin/../lib/gcc/nios2-elf/5.3.0/mhw-mulx\libgcc.a(ledf2.o)
 .data          0x0000000000066e20        0x0 c:/intelfpga_lite/16.1/nios2eds/bin/gnu/h-x86_64-mingw32/bin/../lib/gcc/nios2-elf/5.3.0/mhw-mulx\libgcc.a(muldf3.o)
 .data          0x0000000000066e20        0x0 c:/intelfpga_lite/16.1/nios2eds/bin/gnu/h-x86_64-mingw32/bin/../lib/gcc/nios2-elf/5.3.0/mhw-mulx\libgcc.a(fixdfsi.o)
 .data          0x0000000000066e20        0x0 c:/intelfpga_lite/16.1/nios2eds/bin/gnu/h-x86_64-mingw32/bin/../lib/gcc/nios2-elf/5.3.0/mhw-mulx\libgcc.a(floatsidf.o)
 .data          0x0000000000066e20        0x0 c:/intelfpga_lite/16.1/nios2eds/bin/gnu/h-x86_64-mingw32/bin/../lib/gcc/nios2-elf/5.3.0/mhw-mulx\libgcc.a(_clzsi2.o)
 .data          0x0000000000066e20        0x0 c:/intelfpga_lite/16.1/nios2eds/bin/gnu/h-x86_64-mingw32/bin/../lib/gcc/nios2-elf/5.3.0/mhw-mulx\libgcc.a(lib2-divmod.o)
 .data          0x0000000000066e20        0x0 c:/intelfpga_lite/16.1/nios2eds/bin/gnu/h-x86_64-mingw32/bin/../lib/gcc/nios2-elf/5.3.0/mhw-mulx\libgcc.a(_clz.o)
 .data          0x0000000000066e20        0x0 c:/intelfpga_lite/16.1/nios2eds/bin/gnu/h-x86_64-mingw32/bin/../lib/gcc/nios2-elf/5.3.0/../../../../../H-x86_64-mingw32/nios2-elf/lib/mhw-mulx\libc.a(lib_a-printf.o)
 .data          0x0000000000066e20        0x0 c:/intelfpga_lite/16.1/nios2eds/bin/gnu/h-x86_64-mingw32/bin/../lib/gcc/nios2-elf/5.3.0/../../../../../H-x86_64-mingw32/nios2-elf/lib/mhw-mulx\libc.a(lib_a-puts.o)
 .data          0x0000000000066e20        0x0 c:/intelfpga_lite/16.1/nios2eds/bin/gnu/h-x86_64-mingw32/bin/../lib/gcc/nios2-elf/5.3.0/../../../../../H-x86_64-mingw32/nios2-elf/lib/mhw-mulx\libc.a(lib_a-rand.o)
 .data          0x0000000000066e20        0x0 c:/intelfpga_lite/16.1/nios2eds/bin/gnu/h-x86_64-mingw32/bin/../lib/gcc/nios2-elf/5.3.0/../../../../../H-x86_64-mingw32/nios2-elf/lib/mhw-mulx\libc.a(lib_a-strlen.o)
 .data          0x0000000000066e20        0x0 c:/intelfpga_lite/16.1/nios2eds/bin/gnu/h-x86_64-mingw32/bin/../lib/gcc/nios2-elf/5.3.0/../../../../../H-x86_64-mingw32/nios2-elf/lib/mhw-mulx\libc.a(lib_a-vfprintf.o)
 .data          0x0000000000066e20        0x0 c:/intelfpga_lite/16.1/nios2eds/bin/gnu/h-x86_64-mingw32/bin/../lib/gcc/nios2-elf/5.3.0/../../../../../H-x86_64-mingw32/nios2-elf/lib/mhw-mulx\libc.a(lib_a-wsetup.o)
 .data          0x0000000000066e20        0x0 c:/intelfpga_lite/16.1/nios2eds/bin/gnu/h-x86_64-mingw32/bin/../lib/gcc/nios2-elf/5.3.0/../../../../../H-x86_64-mingw32/nios2-elf/lib/mhw-mulx\libc.a(lib_a-dtoa.o)
 .data          0x0000000000066e20        0x0 c:/intelfpga_lite/16.1/nios2eds/bin/gnu/h-x86_64-mingw32/bin/../lib/gcc/nios2-elf/5.3.0/../../../../../H-x86_64-mingw32/nios2-elf/lib/mhw-mulx\libc.a(lib_a-fflush.o)
 .data          0x0000000000066e20        0x0 c:/intelfpga_lite/16.1/nios2eds/bin/gnu/h-x86_64-mingw32/bin/../lib/gcc/nios2-elf/5.3.0/../../../../../H-x86_64-mingw32/nios2-elf/lib/mhw-mulx\libc.a(lib_a-findfp.o)
 .data          0x0000000000066e20        0x0 c:/intelfpga_lite/16.1/nios2eds/bin/gnu/h-x86_64-mingw32/bin/../lib/gcc/nios2-elf/5.3.0/../../../../../H-x86_64-mingw32/nios2-elf/lib/mhw-mulx\libc.a(lib_a-freer.o)
 .data          0x0000000000066e20        0x0 c:/intelfpga_lite/16.1/nios2eds/bin/gnu/h-x86_64-mingw32/bin/../lib/gcc/nios2-elf/5.3.0/../../../../../H-x86_64-mingw32/nios2-elf/lib/mhw-mulx\libc.a(lib_a-fvwrite.o)
 .data          0x0000000000066e20        0x0 c:/intelfpga_lite/16.1/nios2eds/bin/gnu/h-x86_64-mingw32/bin/../lib/gcc/nios2-elf/5.3.0/../../../../../H-x86_64-mingw32/nios2-elf/lib/mhw-mulx\libc.a(lib_a-fwalk.o)
 .data          0x0000000000066e20        0x0 c:/intelfpga_lite/16.1/nios2eds/bin/gnu/h-x86_64-mingw32/bin/../lib/gcc/nios2-elf/5.3.0/../../../../../H-x86_64-mingw32/nios2-elf/lib/mhw-mulx\libc.a(lib_a-impure.o)
 .data.impure_data
                0x0000000000066e20      0x424 c:/intelfpga_lite/16.1/nios2eds/bin/gnu/h-x86_64-mingw32/bin/../lib/gcc/nios2-elf/5.3.0/../../../../../H-x86_64-mingw32/nios2-elf/lib/mhw-mulx\libc.a(lib_a-impure.o)
 .data          0x0000000000067244        0x0 c:/intelfpga_lite/16.1/nios2eds/bin/gnu/h-x86_64-mingw32/bin/../lib/gcc/nios2-elf/5.3.0/../../../../../H-x86_64-mingw32/nios2-elf/lib/mhw-mulx\libc.a(lib_a-locale.o)
 .data.lc_message_charset
                0x0000000000067244       0x20 c:/intelfpga_lite/16.1/nios2eds/bin/gnu/h-x86_64-mingw32/bin/../lib/gcc/nios2-elf/5.3.0/../../../../../H-x86_64-mingw32/nios2-elf/lib/mhw-mulx\libc.a(lib_a-locale.o)
 .data.lc_ctype_charset
                0x0000000000067264       0x20 c:/intelfpga_lite/16.1/nios2eds/bin/gnu/h-x86_64-mingw32/bin/../lib/gcc/nios2-elf/5.3.0/../../../../../H-x86_64-mingw32/nios2-elf/lib/mhw-mulx\libc.a(lib_a-locale.o)
 .data.lconv    0x0000000000067284       0x38 c:/intelfpga_lite/16.1/nios2eds/bin/gnu/h-x86_64-mingw32/bin/../lib/gcc/nios2-elf/5.3.0/../../../../../H-x86_64-mingw32/nios2-elf/lib/mhw-mulx\libc.a(lib_a-locale.o)
 .data          0x00000000000672bc        0x0 c:/intelfpga_lite/16.1/nios2eds/bin/gnu/h-x86_64-mingw32/bin/../lib/gcc/nios2-elf/5.3.0/../../../../../H-x86_64-mingw32/nios2-elf/lib/mhw-mulx\libc.a(lib_a-makebuf.o)
 .data          0x00000000000672bc        0x0 c:/intelfpga_lite/16.1/nios2eds/bin/gnu/h-x86_64-mingw32/bin/../lib/gcc/nios2-elf/5.3.0/../../../../../H-x86_64-mingw32/nios2-elf/lib/mhw-mulx\libc.a(lib_a-mallocr.o)
 .data.__malloc_av_
                0x00000000000672bc      0x408 c:/intelfpga_lite/16.1/nios2eds/bin/gnu/h-x86_64-mingw32/bin/../lib/gcc/nios2-elf/5.3.0/../../../../../H-x86_64-mingw32/nios2-elf/lib/mhw-mulx\libc.a(lib_a-mallocr.o)
                0x00000000000672bc                __malloc_av_
 .data          0x00000000000676c4        0x0 c:/intelfpga_lite/16.1/nios2eds/bin/gnu/h-x86_64-mingw32/bin/../lib/gcc/nios2-elf/5.3.0/../../../../../H-x86_64-mingw32/nios2-elf/lib/mhw-mulx\libc.a(lib_a-memchr.o)
 .data          0x00000000000676c4        0x0 c:/intelfpga_lite/16.1/nios2eds/bin/gnu/h-x86_64-mingw32/bin/../lib/gcc/nios2-elf/5.3.0/../../../../../H-x86_64-mingw32/nios2-elf/lib/mhw-mulx\libc.a(lib_a-memcpy.o)
 .data          0x00000000000676c4        0x0 c:/intelfpga_lite/16.1/nios2eds/bin/gnu/h-x86_64-mingw32/bin/../lib/gcc/nios2-elf/5.3.0/../../../../../H-x86_64-mingw32/nios2-elf/lib/mhw-mulx\libc.a(lib_a-memmove.o)
 .data          0x00000000000676c4        0x0 c:/intelfpga_lite/16.1/nios2eds/bin/gnu/h-x86_64-mingw32/bin/../lib/gcc/nios2-elf/5.3.0/../../../../../H-x86_64-mingw32/nios2-elf/lib/mhw-mulx\libc.a(lib_a-memset.o)
 .data          0x00000000000676c4        0x0 c:/intelfpga_lite/16.1/nios2eds/bin/gnu/h-x86_64-mingw32/bin/../lib/gcc/nios2-elf/5.3.0/../../../../../H-x86_64-mingw32/nios2-elf/lib/mhw-mulx\libc.a(lib_a-mprec.o)
 .data          0x00000000000676c4        0x0 c:/intelfpga_lite/16.1/nios2eds/bin/gnu/h-x86_64-mingw32/bin/../lib/gcc/nios2-elf/5.3.0/../../../../../H-x86_64-mingw32/nios2-elf/lib/mhw-mulx\libc.a(lib_a-reallocr.o)
 .data          0x00000000000676c4        0x0 c:/intelfpga_lite/16.1/nios2eds/bin/gnu/h-x86_64-mingw32/bin/../lib/gcc/nios2-elf/5.3.0/../../../../../H-x86_64-mingw32/nios2-elf/lib/mhw-mulx\libc.a(lib_a-s_fpclassify.o)
 .data          0x00000000000676c4        0x0 c:/intelfpga_lite/16.1/nios2eds/bin/gnu/h-x86_64-mingw32/bin/../lib/gcc/nios2-elf/5.3.0/../../../../../H-x86_64-mingw32/nios2-elf/lib/mhw-mulx\libc.a(lib_a-sbrkr.o)
 .data          0x00000000000676c4        0x0 c:/intelfpga_lite/16.1/nios2eds/bin/gnu/h-x86_64-mingw32/bin/../lib/gcc/nios2-elf/5.3.0/../../../../../H-x86_64-mingw32/nios2-elf/lib/mhw-mulx\libc.a(lib_a-stdio.o)
 .data          0x00000000000676c4        0x0 c:/intelfpga_lite/16.1/nios2eds/bin/gnu/h-x86_64-mingw32/bin/../lib/gcc/nios2-elf/5.3.0/../../../../../H-x86_64-mingw32/nios2-elf/lib/mhw-mulx\libc.a(lib_a-strcmp.o)
 .data          0x00000000000676c4        0x0 c:/intelfpga_lite/16.1/nios2eds/bin/gnu/h-x86_64-mingw32/bin/../lib/gcc/nios2-elf/5.3.0/../../../../../H-x86_64-mingw32/nios2-elf/lib/mhw-mulx\libc.a(lib_a-vfiprintf.o)
 .data          0x00000000000676c4        0x0 c:/intelfpga_lite/16.1/nios2eds/bin/gnu/h-x86_64-mingw32/bin/../lib/gcc/nios2-elf/5.3.0/../../../../../H-x86_64-mingw32/nios2-elf/lib/mhw-mulx\libc.a(lib_a-writer.o)
 .data          0x00000000000676c4        0x0 c:/intelfpga_lite/16.1/nios2eds/bin/gnu/h-x86_64-mingw32/bin/../lib/gcc/nios2-elf/5.3.0/../../../../../H-x86_64-mingw32/nios2-elf/lib/mhw-mulx\libc.a(closer.o)
 .data          0x00000000000676c4        0x0 c:/intelfpga_lite/16.1/nios2eds/bin/gnu/h-x86_64-mingw32/bin/../lib/gcc/nios2-elf/5.3.0/../../../../../H-x86_64-mingw32/nios2-elf/lib/mhw-mulx\libc.a(lib_a-callocr.o)
 .data          0x00000000000676c4        0x0 c:/intelfpga_lite/16.1/nios2eds/bin/gnu/h-x86_64-mingw32/bin/../lib/gcc/nios2-elf/5.3.0/../../../../../H-x86_64-mingw32/nios2-elf/lib/mhw-mulx\libc.a(lib_a-fclose.o)
 .data          0x00000000000676c4        0x0 c:/intelfpga_lite/16.1/nios2eds/bin/gnu/h-x86_64-mingw32/bin/../lib/gcc/nios2-elf/5.3.0/../../../../../H-x86_64-mingw32/nios2-elf/lib/mhw-mulx\libc.a(lib_a-fputwc.o)
 .data          0x00000000000676c4        0x0 c:/intelfpga_lite/16.1/nios2eds/bin/gnu/h-x86_64-mingw32/bin/../lib/gcc/nios2-elf/5.3.0/../../../../../H-x86_64-mingw32/nios2-elf/lib/mhw-mulx\libc.a(lib_a-fstatr.o)
 .data          0x00000000000676c4        0x0 c:/intelfpga_lite/16.1/nios2eds/bin/gnu/h-x86_64-mingw32/bin/../lib/gcc/nios2-elf/5.3.0/../../../../../H-x86_64-mingw32/nios2-elf/lib/mhw-mulx\libc.a(lib_a-int_errno.o)
 .data          0x00000000000676c4        0x0 c:/intelfpga_lite/16.1/nios2eds/bin/gnu/h-x86_64-mingw32/bin/../lib/gcc/nios2-elf/5.3.0/../../../../../H-x86_64-mingw32/nios2-elf/lib/mhw-mulx\libc.a(lib_a-isattyr.o)
 .data          0x00000000000676c4        0x0 c:/intelfpga_lite/16.1/nios2eds/bin/gnu/h-x86_64-mingw32/bin/../lib/gcc/nios2-elf/5.3.0/../../../../../H-x86_64-mingw32/nios2-elf/lib/mhw-mulx\libc.a(lib_a-lseekr.o)
 .data          0x00000000000676c4        0x0 c:/intelfpga_lite/16.1/nios2eds/bin/gnu/h-x86_64-mingw32/bin/../lib/gcc/nios2-elf/5.3.0/../../../../../H-x86_64-mingw32/nios2-elf/lib/mhw-mulx\libc.a(lib_a-readr.o)
 .data          0x00000000000676c4        0x0 c:/intelfpga_lite/16.1/nios2eds/bin/gnu/h-x86_64-mingw32/bin/../lib/gcc/nios2-elf/5.3.0/../../../../../H-x86_64-mingw32/nios2-elf/lib/mhw-mulx\libc.a(lib_a-wbuf.o)
 .data          0x00000000000676c4        0x0 c:/intelfpga_lite/16.1/nios2eds/bin/gnu/h-x86_64-mingw32/bin/../lib/gcc/nios2-elf/5.3.0/../../../../../H-x86_64-mingw32/nios2-elf/lib/mhw-mulx\libc.a(lib_a-wcrtomb.o)
 .data          0x00000000000676c4        0x0 c:/intelfpga_lite/16.1/nios2eds/bin/gnu/h-x86_64-mingw32/bin/../lib/gcc/nios2-elf/5.3.0/../../../../../H-x86_64-mingw32/nios2-elf/lib/mhw-mulx\libc.a(lib_a-wctomb_r.o)
 .data          0x00000000000676c4        0x0 c:/intelfpga_lite/16.1/nios2eds/bin/gnu/h-x86_64-mingw32/bin/../lib/gcc/nios2-elf/5.3.0/mhw-mulx\libgcc.a(_udivdi3.o)
 .data          0x00000000000676c4        0x0 c:/intelfpga_lite/16.1/nios2eds/bin/gnu/h-x86_64-mingw32/bin/../lib/gcc/nios2-elf/5.3.0/mhw-mulx\libgcc.a(_umoddi3.o)
 .data          0x00000000000676c4        0x0 c:/intelfpga_lite/16.1/nios2eds/bin/gnu/h-x86_64-mingw32/bin/../lib/gcc/nios2-elf/5.3.0/mhw-mulx\libgcc.a(eqdf2.o)
 .data          0x00000000000676c4        0x0 c:/intelfpga_lite/16.1/nios2eds/bin/gnu/h-x86_64-mingw32/bin/../lib/gcc/nios2-elf/5.3.0/mhw-mulx\libgcc.a(subdf3.o)
 .data          0x00000000000676c4        0x0 c:/intelfpga_lite/16.1/nios2eds/bin/gnu/h-x86_64-mingw32/bin/../lib/gcc/nios2-elf/5.3.0/mhw-mulx\libgcc.a(floatunsidf.o)
 .data          0x00000000000676c4        0x0 C:/src/KAU_EMBEDED_19/Quartus/software/DEFAULT_SETTING_bsp/\libhal_bsp.a(alt_close.o)
 .data          0x00000000000676c4      0x1a8 C:/src/KAU_EMBEDED_19/Quartus/software/DEFAULT_SETTING_bsp/\libhal_bsp.a(alt_dev.o)
                0x00000000000676c4                alt_dev_null
                0x00000000000676ec                alt_fd_list
 .data          0x000000000006786c        0x0 C:/src/KAU_EMBEDED_19/Quartus/software/DEFAULT_SETTING_bsp/\libhal_bsp.a(alt_errno.o)
 .data          0x000000000006786c        0x0 C:/src/KAU_EMBEDED_19/Quartus/software/DEFAULT_SETTING_bsp/\libhal_bsp.a(alt_fstat.o)
 .data          0x000000000006786c        0x0 C:/src/KAU_EMBEDED_19/Quartus/software/DEFAULT_SETTING_bsp/\libhal_bsp.a(alt_irq_register.o)
 .data          0x000000000006786c        0x0 C:/src/KAU_EMBEDED_19/Quartus/software/DEFAULT_SETTING_bsp/\libhal_bsp.a(alt_irq_vars.o)
 .data          0x000000000006786c        0x0 C:/src/KAU_EMBEDED_19/Quartus/software/DEFAULT_SETTING_bsp/\libhal_bsp.a(alt_isatty.o)
 .data          0x000000000006786c        0x0 C:/src/KAU_EMBEDED_19/Quartus/software/DEFAULT_SETTING_bsp/\libhal_bsp.a(alt_load.o)
 .data          0x000000000006786c        0x0 C:/src/KAU_EMBEDED_19/Quartus/software/DEFAULT_SETTING_bsp/\libhal_bsp.a(alt_lseek.o)
 .data          0x000000000006786c        0x0 C:/src/KAU_EMBEDED_19/Quartus/software/DEFAULT_SETTING_bsp/\libhal_bsp.a(alt_main.o)
 .data          0x000000000006786c        0x0 C:/src/KAU_EMBEDED_19/Quartus/software/DEFAULT_SETTING_bsp/\libhal_bsp.a(alt_malloc_lock.o)
 .data          0x000000000006786c        0x0 C:/src/KAU_EMBEDED_19/Quartus/software/DEFAULT_SETTING_bsp/\libhal_bsp.a(alt_read.o)
 .data          0x000000000006786c        0x0 C:/src/KAU_EMBEDED_19/Quartus/software/DEFAULT_SETTING_bsp/\libhal_bsp.a(alt_release_fd.o)
 .data          0x000000000006786c        0x0 C:/src/KAU_EMBEDED_19/Quartus/software/DEFAULT_SETTING_bsp/\libhal_bsp.a(alt_sbrk.o)
 .data          0x000000000006786c        0x0 C:/src/KAU_EMBEDED_19/Quartus/software/DEFAULT_SETTING_bsp/\libhal_bsp.a(alt_write.o)
 .data          0x000000000006786c     0x1294 C:/src/KAU_EMBEDED_19/Quartus/software/DEFAULT_SETTING_bsp/\libhal_bsp.a(alt_sys_init.o)
 .data          0x0000000000068b00        0x0 C:/src/KAU_EMBEDED_19/Quartus/software/DEFAULT_SETTING_bsp/\libhal_bsp.a(altera_avalon_jtag_uart_fd.o)
 .data          0x0000000000068b00        0x0 C:/src/KAU_EMBEDED_19/Quartus/software/DEFAULT_SETTING_bsp/\libhal_bsp.a(altera_avalon_jtag_uart_init.o)
 .data          0x0000000000068b00        0x0 C:/src/KAU_EMBEDED_19/Quartus/software/DEFAULT_SETTING_bsp/\libhal_bsp.a(altera_avalon_jtag_uart_ioctl.o)
 .data          0x0000000000068b00        0x0 C:/src/KAU_EMBEDED_19/Quartus/software/DEFAULT_SETTING_bsp/\libhal_bsp.a(altera_avalon_jtag_uart_read.o)
 .data          0x0000000000068b00        0x0 C:/src/KAU_EMBEDED_19/Quartus/software/DEFAULT_SETTING_bsp/\libhal_bsp.a(altera_avalon_jtag_uart_write.o)
 .data          0x0000000000068b00        0x0 C:/src/KAU_EMBEDED_19/Quartus/software/DEFAULT_SETTING_bsp/\libhal_bsp.a(altera_avalon_timer_sc.o)
 .data          0x0000000000068b00        0x0 C:/src/KAU_EMBEDED_19/Quartus/software/DEFAULT_SETTING_bsp/\libhal_bsp.a(altera_up_avalon_irda.o)
 .data          0x0000000000068b00        0x0 C:/src/KAU_EMBEDED_19/Quartus/software/DEFAULT_SETTING_bsp/\libhal_bsp.a(altera_up_avalon_ps2.o)
 .data          0x0000000000068b00        0x0 C:/src/KAU_EMBEDED_19/Quartus/software/DEFAULT_SETTING_bsp/\libhal_bsp.a(alt_alarm_start.o)
 .data          0x0000000000068b00        0x0 C:/src/KAU_EMBEDED_19/Quartus/software/DEFAULT_SETTING_bsp/\libhal_bsp.a(alt_dcache_flush_all.o)
 .data          0x0000000000068b00        0x0 C:/src/KAU_EMBEDED_19/Quartus/software/DEFAULT_SETTING_bsp/\libhal_bsp.a(alt_dev_llist_insert.o)
 .data          0x0000000000068b00        0x0 C:/src/KAU_EMBEDED_19/Quartus/software/DEFAULT_SETTING_bsp/\libhal_bsp.a(alt_do_ctors.o)
 .data          0x0000000000068b00        0x0 C:/src/KAU_EMBEDED_19/Quartus/software/DEFAULT_SETTING_bsp/\libhal_bsp.a(alt_do_dtors.o)
 .data          0x0000000000068b00        0x0 C:/src/KAU_EMBEDED_19/Quartus/software/DEFAULT_SETTING_bsp/\libhal_bsp.a(alt_find_dev.o)
 .data          0x0000000000068b00        0x0 C:/src/KAU_EMBEDED_19/Quartus/software/DEFAULT_SETTING_bsp/\libhal_bsp.a(alt_icache_flush_all.o)
 .data          0x0000000000068b00        0x0 C:/src/KAU_EMBEDED_19/Quartus/software/DEFAULT_SETTING_bsp/\libhal_bsp.a(alt_io_redirect.o)
 .data          0x0000000000068b00        0x0 C:/src/KAU_EMBEDED_19/Quartus/software/DEFAULT_SETTING_bsp/\libhal_bsp.a(alt_irq_entry.o)
 .data          0x0000000000068b00        0x0 C:/src/KAU_EMBEDED_19/Quartus/software/DEFAULT_SETTING_bsp/\libhal_bsp.a(alt_irq_handler.o)
 .data          0x0000000000068b00        0x0 C:/src/KAU_EMBEDED_19/Quartus/software/DEFAULT_SETTING_bsp/\libhal_bsp.a(alt_open.o)
 .data          0x0000000000068b00        0x0 C:/src/KAU_EMBEDED_19/Quartus/software/DEFAULT_SETTING_bsp/\libhal_bsp.a(alt_tick.o)
 .data          0x0000000000068b00        0x0 C:/src/KAU_EMBEDED_19/Quartus/software/DEFAULT_SETTING_bsp/\libhal_bsp.a(altera_nios2_gen2_irq.o)
 .data          0x0000000000068b00        0x0 C:/src/KAU_EMBEDED_19/Quartus/software/DEFAULT_SETTING_bsp/\libhal_bsp.a(alt_exception_entry.o)
 .data          0x0000000000068b00        0x0 C:/src/KAU_EMBEDED_19/Quartus/software/DEFAULT_SETTING_bsp/\libhal_bsp.a(alt_find_file.o)
 .data          0x0000000000068b00        0x0 C:/src/KAU_EMBEDED_19/Quartus/software/DEFAULT_SETTING_bsp/\libhal_bsp.a(alt_get_fd.o)
 .data          0x0000000000068b00        0x0 C:/src/KAU_EMBEDED_19/Quartus/software/DEFAULT_SETTING_bsp/\libhal_bsp.a(alt_icache_flush.o)
 .data          0x0000000000068b00        0x0 C:/src/KAU_EMBEDED_19/Quartus/software/DEFAULT_SETTING_bsp/\libhal_bsp.a(alt_instruction_exception_entry.o)
 .data          0x0000000000068b00        0x0 c:/intelfpga_lite/16.1/nios2eds/bin/gnu/h-x86_64-mingw32/bin/../lib/gcc/nios2-elf/5.3.0/../../../../../H-x86_64-mingw32/nios2-elf/lib/mhw-mulx\libc.a(lib_a-atexit.o)
 .data          0x0000000000068b00        0x0 c:/intelfpga_lite/16.1/nios2eds/bin/gnu/h-x86_64-mingw32/bin/../lib/gcc/nios2-elf/5.3.0/../../../../../H-x86_64-mingw32/nios2-elf/lib/mhw-mulx\libc.a(lib_a-exit.o)
 .data          0x0000000000068b00        0x0 c:/intelfpga_lite/16.1/nios2eds/bin/gnu/h-x86_64-mingw32/bin/../lib/gcc/nios2-elf/5.3.0/../../../../../H-x86_64-mingw32/nios2-elf/lib/mhw-mulx\libc.a(lib_a-memcmp.o)
 .data          0x0000000000068b00        0x0 c:/intelfpga_lite/16.1/nios2eds/bin/gnu/h-x86_64-mingw32/bin/../lib/gcc/nios2-elf/5.3.0/../../../../../H-x86_64-mingw32/nios2-elf/lib/mhw-mulx\libc.a(lib_a-__atexit.o)
 .data          0x0000000000068b00        0x0 c:/intelfpga_lite/16.1/nios2eds/bin/gnu/h-x86_64-mingw32/bin/../lib/gcc/nios2-elf/5.3.0/../../../../../H-x86_64-mingw32/nios2-elf/lib/mhw-mulx\libc.a(lib_a-__call_atexit.o)
 .data          0x0000000000068b00        0x0 C:/src/KAU_EMBEDED_19/Quartus/software/DEFAULT_SETTING_bsp/\libhal_bsp.a(alt_exit.o)
                0x0000000000070b00                _gp = ABSOLUTE ((. + 0x8000))
                [!provide]                        PROVIDE (gp, _gp)
 *(.rwdata .rwdata.*)
 *(.sdata .sdata.* .gnu.linkonce.s.*)
 .sdata         0x0000000000068b00       0x18 obj/default/TEM_HUE.o
                0x0000000000068b00                ADC_Temperature
                0x0000000000068b08                ADC_Humidity
                0x0000000000068b10                ADC_TemperatureCount
                0x0000000000068b14                ADC_HumidityCount
 .sdata         0x0000000000068b18       0x60 obj/default/main.o
                0x0000000000068b18                pTimer
                0x0000000000068b1c                pTime_low
                0x0000000000068b20                pTime_high
                0x0000000000068b24                pixel_ctrl_ptr
                0x0000000000068b28                VGA_MonitorPower
                0x0000000000068b2c                VGA_Tem
                0x0000000000068b30                VGA_Hum
                0x0000000000068b34                VGA_Rec
                0x0000000000068b38                VGA_Clock
                0x0000000000068b3c                VGA_Cam
                0x0000000000068b40                VGA_Tem_offset_x
                0x0000000000068b44                VGA_Tem_offset_y
                0x0000000000068b48                VGA_Hum_offset_x
                0x0000000000068b4c                VGA_Hum_offset_y