Archive member included to satisfy reference by file (symbol)

c:/intelfpga_lite/16.1/nios2eds/bin/gnu/h-x86_64-mingw32/bin/../lib/gcc/nios2-elf/5.3.0/../../../../../H-x86_64-mingw32/nios2-elf/lib/mhw-mulx\libc.a(lib_a-puts.o)
                              obj/default/main.o (puts)
c:/intelfpga_lite/16.1/nios2eds/bin/gnu/h-x86_64-mingw32/bin/../lib/gcc/nios2-elf/5.3.0/../../../../../H-x86_64-mingw32/nios2-elf/lib/mhw-mulx\libc.a(lib_a-strlen.o)
                              c:/intelfpga_lite/16.1/nios2eds/bin/gnu/h-x86_64-mingw32/bin/../lib/gcc/nios2-elf/5.3.0/../../../../../H-x86_64-mingw32/nios2-elf/lib/mhw-mulx\libc.a(lib_a-puts.o) (strlen)
c:/intelfpga_lite/16.1/nios2eds/bin/gnu/h-x86_64-mingw32/bin/../lib/gcc/nios2-elf/5.3.0/../../../../../H-x86_64-mingw32/nios2-elf/lib/mhw-mulx\libc.a(lib_a-findfp.o)
                              c:/intelfpga_lite/16.1/nios2eds/bin/gnu/h-x86_64-mingw32/bin/../lib/gcc/nios2-elf/5.3.0/../../../../../H-x86_64-mingw32/nios2-elf/lib/mhw-mulx\libc.a(lib_a-puts.o) (__sinit)
c:/intelfpga_lite/16.1/nios2eds/bin/gnu/h-x86_64-mingw32/bin/../lib/gcc/nios2-elf/5.3.0/../../../../../H-x86_64-mingw32/nios2-elf/lib/mhw-mulx\libc.a(lib_a-fvwrite.o)
                              c:/intelfpga_lite/16.1/nios2eds/bin/gnu/h-x86_64-mingw32/bin/../lib/gcc/nios2-elf/5.3.0/../../../../../H-x86_64-mingw32/nios2-elf/lib/mhw-mulx\libc.a(lib_a-puts.o) (__sfvwrite_r)
c:/intelfpga_lite/16.1/nios2eds/bin/gnu/h-x86_64-mingw32/bin/../lib/gcc/nios2-elf/5.3.0/../../../../../H-x86_64-mingw32/nios2-elf/lib/mhw-mulx\libc.a(lib_a-fwalk.o)
                              c:/intelfpga_lite/16.1/nios2eds/bin/gnu/h-x86_64-mingw32/bin/../lib/gcc/nios2-elf/5.3.0/../../../../../H-x86_64-mingw32/nios2-elf/lib/mhw-mulx\libc.a(lib_a-findfp.o) (_fwalk)
c:/intelfpga_lite/16.1/nios2eds/bin/gnu/h-x86_64-mingw32/bin/../lib/gcc/nios2-elf/5.3.0/../../../../../H-x86_64-mingw32/nios2-elf/lib/mhw-mulx\libc.a(lib_a-impure.o)
                              c:/intelfpga_lite/16.1/nios2eds/bin/gnu/h-x86_64-mingw32/bin/../lib/gcc/nios2-elf/5.3.0/../../../../../H-x86_64-mingw32/nios2-elf/lib/mhw-mulx\libc.a(lib_a-findfp.o) (_global_impure_ptr)
c:/intelfpga_lite/16.1/nios2eds/bin/gnu/h-x86_64-mingw32/bin/../lib/gcc/nios2-elf/5.3.0/../../../../../H-x86_64-mingw32/nios2-elf/lib/mhw-mulx\libc.a(lib_a-mallocr.o)
                              c:/intelfpga_lite/16.1/nios2eds/bin/gnu/h-x86_64-mingw32/bin/../lib/gcc/nios2-elf/5.3.0/../../../../../H-x86_64-mingw32/nios2-elf/lib/mhw-mulx\libc.a(lib_a-findfp.o) (_malloc_r)
c:/intelfpga_lite/16.1/nios2eds/bin/gnu/h-x86_64-mingw32/bin/../lib/gcc/nios2-elf/5.3.0/../../../../../H-x86_64-mingw32/nios2-elf/lib/mhw-mulx\libc.a(lib_a-memchr.o)
                              c:/intelfpga_lite/16.1/nios2eds/bin/gnu/h-x86_64-mingw32/bin/../lib/gcc/nios2-elf/5.3.0/../../../../../H-x86_64-mingw32/nios2-elf/lib/mhw-mulx\libc.a(lib_a-fvwrite.o) (memchr)
c:/intelfpga_lite/16.1/nios2eds/bin/gnu/h-x86_64-mingw32/bin/../lib/gcc/nios2-elf/5.3.0/../../../../../H-x86_64-mingw32/nios2-elf/lib/mhw-mulx\libc.a(lib_a-memcpy.o)
                              c:/intelfpga_lite/16.1/nios2eds/bin/gnu/h-x86_64-mingw32/bin/../lib/gcc/nios2-elf/5.3.0/../../../../../H-x86_64-mingw32/nios2-elf/lib/mhw-mulx\libc.a(lib_a-fvwrite.o) (memcpy)
c:/intelfpga_lite/16.1/nios2eds/bin/gnu/h-x86_64-mingw32/bin/../lib/gcc/nios2-elf/5.3.0/../../../../../H-x86_64-mingw32/nios2-elf/lib/mhw-mulx\libc.a(lib_a-memmove.o)
                              c:/intelfpga_lite/16.1/nios2eds/bin/gnu/h-x86_64-mingw32/bin/../lib/gcc/nios2-elf/5.3.0/../../../../../H-x86_64-mingw32/nios2-elf/lib/mhw-mulx\libc.a(lib_a-fvwrite.o) (memmove)
c:/intelfpga_lite/16.1/nios2eds/bin/gnu/h-x86_64-mingw32/bin/../lib/gcc/nios2-elf/5.3.0/../../../../../H-x86_64-mingw32/nios2-elf/lib/mhw-mulx\libc.a(lib_a-memset.o)
                              c:/intelfpga_lite/16.1/nios2eds/bin/gnu/h-x86_64-mingw32/bin/../lib/gcc/nios2-elf/5.3.0/../../../../../H-x86_64-mingw32/nios2-elf/lib/mhw-mulx\libc.a(lib_a-findfp.o) (memset)
c:/intelfpga_lite/16.1/nios2eds/bin/gnu/h-x86_64-mingw32/bin/../lib/gcc/nios2-elf/5.3.0/../../../../../H-x86_64-mingw32/nios2-elf/lib/mhw-mulx\libc.a(lib_a-reallocr.o)
                              c:/intelfpga_lite/16.1/nios2eds/bin/gnu/h-x86_64-mingw32/bin/../lib/gcc/nios2-elf/5.3.0/../../../../../H-x86_64-mingw32/nios2-elf/lib/mhw-mulx\libc.a(lib_a-fvwrite.o) (_realloc_r)
c:/intelfpga_lite/16.1/nios2eds/bin/gnu/h-x86_64-mingw32/bin/../lib/gcc/nios2-elf/5.3.0/../../../../../H-x86_64-mingw32/nios2-elf/lib/mhw-mulx\libc.a(lib_a-sbrkr.o)
                              c:/intelfpga_lite/16.1/nios2eds/bin/gnu/h-x86_64-mingw32/bin/../lib/gcc/nios2-elf/5.3.0/../../../../../H-x86_64-mingw32/nios2-elf/lib/mhw-mulx\libc.a(lib_a-mallocr.o) (_sbrk_r)
c:/intelfpga_lite/16.1/nios2eds/bin/gnu/h-x86_64-mingw32/bin/../lib/gcc/nios2-elf/5.3.0/../../../../../H-x86_64-mingw32/nios2-elf/lib/mhw-mulx\libc.a(lib_a-stdio.o)
[...]
Memory Configuration

Name             Origin             Length             Attributes
reset            0x0000000000000000 0x0000000000000020
SDRAM            0x0000000000000020 0x0000000001ffffe0
Onchip_SRAM      0x0000000008000000 0x0000000000040000
VGA_Subsystem_Char_Buf_Subsystem_Onchip_SRAM 0x0000000009000000 0x0000000000002000
ARM_A9_HPS_axi_sdram 0x0000000040000000 0x0000000040000000
*default*        0x0000000000000000 0xffffffffffffffff

Linker script and memory map

LOAD C:/src/KAU_EMBEDED_19/Quartus/software/DEFAULT_SETTING_bsp//obj/HAL/src/crt0.o
LOAD obj/default/main.o
LOAD c:/intelfpga_lite/16.1/nios2eds/bin/gnu/h-x86_64-mingw32/bin/../lib/gcc/nios2-elf/5.3.0/../../../../../H-x86_64-mingw32/nios2-elf/lib/mhw-mulx\libstdc++.a
LOAD c:/intelfpga_lite/16.1/nios2eds/bin/gnu/h-x86_64-mingw32/bin/../lib/gcc/nios2-elf/5.3.0/../../../../../H-x86_64-mingw32/nios2-elf/lib/mhw-mulx\libm.a
LOAD c:/intelfpga_lite/16.1/nios2eds/bin/gnu/h-x86_64-mingw32/bin/../lib/gcc/nios2-elf/5.3.0/mhw-mulx\libgcc.a
START GROUP
LOAD c:/intelfpga_lite/16.1/nios2eds/bin/gnu/h-x86_64-mingw32/bin/../lib/gcc/nios2-elf/5.3.0/../../../../../H-x86_64-mingw32/nios2-elf/lib/mhw-mulx\libc.a
LOAD c:/intelfpga_lite/16.1/nios2eds/bin/gnu/h-x86_64-mingw32/bin/../lib/gcc/nios2-elf/5.3.0/mhw-mulx\libgcc.a
LOAD C:/src/KAU_EMBEDED_19/Quartus/software/DEFAULT_SETTING_bsp/\libhal_bsp.a
LOAD c:/intelfpga_lite/16.1/nios2eds/bin/gnu/h-x86_64-mingw32/bin/../lib/gcc/nios2-elf/5.3.0/../../../../../H-x86_64-mingw32/nios2-elf/lib/mhw-mulx\libm.a
END GROUP
LOAD c:/intelfpga_lite/16.1/nios2eds/bin/gnu/h-x86_64-mingw32/bin/../lib/gcc/nios2-elf/5.3.0/mhw-mulx\libgcc.a
                0x0000000000000000                __alt_mem_SDRAM = 0x0
                0x0000000008000000                __alt_mem_Onchip_SRAM = 0x8000000
                0x0000000009000000                __alt_mem_VGA_Subsystem_Char_Buf_Subsystem_Onchip_SRAM = 0x9000000
                0x0000000040000000                __alt_mem_ARM_A9_HPS_axi_sdram = 0x40000000

.entry          0x0000000000000000       0x20
 *(.entry)
 .entry         0x0000000000000000       0x20 C:/src/KAU_EMBEDED_19/Quartus/software/DEFAULT_SETTING_bsp//obj/HAL/src/crt0.o
                0x0000000000000000                __reset

.exceptions     0x0000000000000020      0x228
                0x0000000000000020                PROVIDE (__ram_exceptions_start, ABSOLUTE (.))
                0x0000000000000020                . = ALIGN (0x20)
 *(.irq)
 *(.exceptions.entry.label)
 .exceptions.entry.label
                0x0000000000000020        0x0 C:/src/KAU_EMBEDED_19/Quartus/software/DEFAULT_SETTING_bsp/\libhal_bsp.a(alt_irq_entry.o)
                0x0000000000000020                alt_irq_entry
 .exceptions.entry.label
                0x0000000000000020        0x0 C:/src/KAU_EMBEDED_19/Quartus/software/DEFAULT_SETTING_bsp/\libhal_bsp.a(alt_exception_entry.o)
                0x0000000000000020                alt_exception
 *(.exceptions.entry.user)
 *(.exceptions.entry.ecc_fatal)
 *(.exceptions.entry)
 .exceptions.entry
                0x0000000000000020       0x54 C:/src/KAU_EMBEDED_19/Quartus/software/DEFAULT_SETTING_bsp/\libhal_bsp.a(alt_exception_entry.o)
 *(.exceptions.irqtest.user)
 *(.exceptions.irqtest)
 .exceptions.irqtest
                0x0000000000000074       0x10 C:/src/KAU_EMBEDED_19/Quartus/software/DEFAULT_SETTING_bsp/\libhal_bsp.a(alt_irq_entry.o)
 *(.exceptions.irqhandler.user)
 *(.exceptions.irqhandler)
 .exceptions.irqhandler
                0x0000000000000084        0x4 C:/src/KAU_EMBEDED_19/Quartus/software/DEFAULT_SETTING_bsp/\libhal_bsp.a(alt_irq_entry.o)
 *(.exceptions.irqreturn.user)
 *(.exceptions.irqreturn)
 .exceptions.irqreturn
                0x0000000000000088        0x4 C:/src/KAU_EMBEDED_19/Quartus/software/DEFAULT_SETTING_bsp/\libhal_bsp.a(alt_irq_entry.o)
 *(.exceptions.notirq.label)
 .exceptions.notirq.label
                0x000000000000008c        0x0 C:/src/KAU_EMBEDED_19/Quartus/software/DEFAULT_SETTING_bsp/\libhal_bsp.a(alt_irq_entry.o)
 *(.exceptions.notirq.user)
 *(.exceptions.notirq)
 .exceptions.notirq
                0x000000000000008c        0x8 C:/src/KAU_EMBEDED_19/Quartus/software/DEFAULT_SETTING_bsp/\libhal_bsp.a(alt_exception_entry.o)
 *(.exceptions.soft.user)
 *(.exceptions.soft)
 *(.exceptions.unknown.user)
 *(.exceptions.unknown)
 .exceptions.unknown
                0x0000000000000094       0x14 C:/src/KAU_EMBEDED_19/Quartus/software/DEFAULT_SETTING_bsp/\libhal_bsp.a(alt_exception_entry.o)
 *(.exceptions.exit.label)
 .exceptions.exit.label
                0x00000000000000a8        0x0 C:/src/KAU_EMBEDED_19/Quartus/software/DEFAULT_SETTING_bsp/\libhal_bsp.a(alt_irq_entry.o)
 .exceptions.exit.label
                0x00000000000000a8        0x0 C:/src/KAU_EMBEDED_19/Quartus/software/DEFAULT_SETTING_bsp/\libhal_bsp.a(alt_exception_entry.o)
 *(.exceptions.exit.user)
 *(.exceptions.exit)
 .exceptions.exit
                0x00000000000000a8       0x54 C:/src/KAU_EMBEDED_19/Quartus/software/DEFAULT_SETTING_bsp/\libhal_bsp.a(alt_exception_entry.o)
 *(.exceptions)
 .exceptions    0x00000000000000fc       0xd8 C:/src/KAU_EMBEDED_19/Quartus/software/DEFAULT_SETTING_bsp/\libhal_bsp.a(alt_irq_handler.o)
                0x00000000000000fc                alt_irq_handler
 .exceptions    0x00000000000001d4       0x74 C:/src/KAU_EMBEDED_19/Quartus/software/DEFAULT_SETTING_bsp/\libhal_bsp.a(alt_instruction_exception_entry.o)
                0x00000000000001d4                alt_instruction_exception_entry
                0x0000000000000248                PROVIDE (__ram_exceptions_end, ABSOLUTE (.))
                0x0000000000000020                PROVIDE (__flash_exceptions_start, LOADADDR (.exceptions))

.text           0x0000000000000248     0x72dc
                [!provide]                        PROVIDE (stext, ABSOLUTE (.))
 *(.interp)
 *(.hash)
 *(.dynsym)
 *(.dynstr)
 *(.gnu.version)
 *(.gnu.version_d)
 *(.gnu.version_r)
 *(.rel.init)
 *(.rela.init)
 *(.rel.text .rel.text.* .rel.gnu.linkonce.t.*)
 *(.rela.text .rela.text.* .rela.gnu.linkonce.t.*)
 *(.rel.fini)
 *(.rela.fini)
 *(.rel.rodata .rel.rodata.* .rel.gnu.linkonce.r.*)
 *(.rela.rodata .rela.rodata.* .rela.gnu.linkonce.r.*)
 *(.rel.data .rel.data.* .rel.gnu.linkonce.d.*)
 *(.rela.data .rela.data.* .rela.gnu.linkonce.d.*)
 *(.rel.tdata .rel.tdata.* .rel.gnu.linkonce.td.*)
 *(.rela.tdata .rela.tdata.* .rela.gnu.linkonce.td.*)
 *(.rel.tbss .rel.tbss.* .rel.gnu.linkonce.tb.*)
 *(.rela.tbss .rela.tbss.* .rela.gnu.linkonce.tb.*)
 *(.rel.ctors)
 *(.rela.ctors)
 *(.rel.dtors)
 *(.rela.dtors)
 *(.rel.got)
 *(.rela.got)
 *(.rel.sdata .rel.sdata.* .rel.gnu.linkonce.s.*)
 *(.rela.sdata .rela.sdata.* .rela.gnu.linkonce.s.*)
 *(.rel.sbss .rel.sbss.* .rel.gnu.linkonce.sb.*)
 *(.rela.sbss .rela.sbss.* .rela.gnu.linkonce.sb.*)
 *(.rel.sdata2 .rel.sdata2.* .rel.gnu.linkonce.s2.*)
 *(.rela.sdata2 .rela.sdata2.* .rela.gnu.linkonce.s2.*)
 *(.rel.sbss2 .rel.sbss2.* .rel.gnu.linkonce.sb2.*)
 *(.rela.sbss2 .rela.sbss2.* .rela.gnu.linkonce.sb2.*)
 *(.rel.bss .rel.bss.* .rel.gnu.linkonce.b.*)
 *(.rela.bss .rela.bss.* .rela.gnu.linkonce.b.*)
 *(.rel.plt)
 *(.rela.plt)
 *(.rel.dyn)
 *(.init)
 *(.plt)
 *(.text .stub .text.* .gnu.linkonce.t.*)
 .text          0x0000000000000248       0x3c C:/src/KAU_EMBEDED_19/Quartus/software/DEFAULT_SETTING_bsp//obj/HAL/src/crt0.o
                0x0000000000000248                _start
 .text          0x0000000000000284      0xd14 obj/default/main.o
                0x0000000000000284                Timer_ISR
                0x00000000000003a0                Init_timer
                0x0000000000000430                IMG_Number_L
                0x0000000000000520                Init_VGA
                0x0000000000000584                clockDraw_L
                0x00000000000008d8                imageDraw
                0x0000000000000a04                wait_for_vsync
                0x0000000000000a54                plot_pixel
                0x0000000000000aac                clear_screen
                0x0000000000000b24                Init_Audio
                0x0000000000000b64                Audio_ISR
                0x0000000000000ce8                Init_KEY_SW
                0x0000000000000d38                Pushbutton_ISR
                0x0000000000000f7c                main
 .text          0x0000000000000f98        0x0 c:/intelfpga_lite/16.1/nios2eds/bin/gnu/h-x86_64-mingw32/bin/../lib/gcc/nios2-elf/5.3.0/../../../../../H-x86_64-mingw32/nios2-elf/lib/mhw-mulx\libc.a(lib_a-puts.o)
 .text._puts_r  0x0000000000000f98       0xc0 c:/intelfpga_lite/16.1/nios2eds/bin/gnu/h-x86_64-mingw32/bin/../lib/gcc/nios2-elf/5.3.0/../../../../../H-x86_64-mingw32/nios2-elf/lib/mhw-mulx\libc.a(lib_a-puts.o)
                0x0000000000000f98                _puts_r
 .text.puts     0x0000000000001058       0x14 c:/intelfpga_lite/16.1/nios2eds/bin/gnu/h-x86_64-mingw32/bin/../lib/gcc/nios2-elf/5.3.0/../../../../../H-x86_64-mingw32/nios2-elf/lib/mhw-mulx\libc.a(lib_a-puts.o)
                0x0000000000001058                puts
 .text          0x000000000000106c        0x0 c:/intelfpga_lite/16.1/nios2eds/bin/gnu/h-x86_64-mingw32/bin/../lib/gcc/nios2-elf/5.3.0/../../../../../H-x86_64-mingw32/nios2-elf/lib/mhw-mulx\libc.a(lib_a-strlen.o)
 .text.strlen   0x000000000000106c       0x98 c:/intelfpga_lite/16.1/nios2eds/bin/gnu/h-x86_64-mingw32/bin/../lib/gcc/nios2-elf/5.3.0/../../../../../H-x86_64-mingw32/nios2-elf/lib/mhw-mulx\libc.a(lib_a-strlen.o)
                0x000000000000106c                strlen
 .text          0x0000000000001104        0x0 c:/intelfpga_lite/16.1/nios2eds/bin/gnu/h-x86_64-mingw32/bin/../lib/gcc/nios2-elf/5.3.0/../../../../../H-x86_64-mingw32/nios2-elf/lib/mhw-mulx\libc.a(lib_a-findfp.o)
 .text.__fp_unlock
                0x0000000000001104        0x8 c:/intelfpga_lite/16.1/nios2eds/bin/gnu/h-x86_64-mingw32/bin/../lib/gcc/nios2-elf/5.3.0/../../../../../H-x86_64-mingw32/nios2-elf/lib/mhw-mulx\libc.a(lib_a-findfp.o)
 .text._cleanup_r
                0x000000000000110c        0xc c:/intelfpga_lite/16.1/nios2eds/bin/gnu/h-x86_64-mingw32/bin/../lib/gcc/nios2-elf/5.3.0/../../../../../H-x86_64-mingw32/nios2-elf/lib/mhw-mulx\libc.a(lib_a-findfp.o)
                0x000000000000110c                _cleanup_r
 .text.__sinit.part.1
                0x0000000000001118      0x19c c:/intelfpga_lite/16.1/nios2eds/bin/gnu/h-x86_64-mingw32/bin/../lib/gcc/nios2-elf/5.3.0/../../../../../H-x86_64-mingw32/nios2-elf/lib/mhw-mulx\libc.a(lib_a-findfp.o)
 .text.__fp_lock
                0x00000000000012b4        0x8 c:/intelfpga_lite/16.1/nios2eds/bin/gnu/h-x86_64-mingw32/bin/../lib/gcc/nios2-elf/5.3.0/../../../../../H-x86_64-mingw32/nios2-elf/lib/mhw-mulx\libc.a(lib_a-findfp.o)
 .text.__sfmoreglue
                0x00000000000012bc       0x68 c:/intelfpga_lite/16.1/nios2eds/bin/gnu/h-x86_64-mingw32/bin/../lib/gcc/nios2-elf/5.3.0/../../../../../H-x86_64-mingw32/nios2-elf/lib/mhw-mulx\libc.a(lib_a-findfp.o)
                0x00000000000012bc                __sfmoreglue
 .text.__sfp    0x0000000000001324      0x118 c:/intelfpga_lite/16.1/nios2eds/bin/gnu/h-x86_64-mingw32/bin/../lib/gcc/nios2-elf/5.3.0/../../../../../H-x86_64-mingw32/nios2-elf/lib/mhw-mulx\libc.a(lib_a-findfp.o)
                0x0000000000001324                __sfp
 .text._cleanup
                0x000000000000143c       0x18 c:/intelfpga_lite/16.1/nios2eds/bin/gnu/h-x86_64-mingw32/bin/../lib/gcc/nios2-elf/5.3.0/../../../../../H-x86_64-mingw32/nios2-elf/lib/mhw-mulx\libc.a(lib_a-findfp.o)
                0x000000000000143c                _cleanup
 .text.__sinit  0x0000000000001454       0x10 c:/intelfpga_lite/16.1/nios2eds/bin/gnu/h-x86_64-mingw32/bin/../lib/gcc/nios2-elf/5.3.0/../../../../../H-x86_64-mingw32/nios2-elf/lib/mhw-mulx\libc.a(lib_a-findfp.o)
                0x0000000000001454                __sinit
 .text.__sfp_lock_acquire
                0x0000000000001464        0x4 c:/intelfpga_lite/16.1/nios2eds/bin/gnu/h-x86_64-mingw32/bin/../lib/gcc/nios2-elf/5.3.0/../../../../../H-x86_64-mingw32/nios2-elf/lib/mhw-mulx\libc.a(lib_a-findfp.o)
                0x0000000000001464                __sfp_lock_acquire
 .text.__sfp_lock_release
                0x0000000000001468        0x4 c:/intelfpga_lite/16.1/nios2eds/bin/gnu/h-x86_64-mingw32/bin/../lib/gcc/nios2-elf/5.3.0/../../../../../H-x86_64-mingw32/nios2-elf/lib/mhw-mulx\libc.a(lib_a-findfp.o)
                0x0000000000001468                __sfp_lock_release
 .text.__sinit_lock_acquire
                0x000000000000146c        0x4 c:/intelfpga_lite/16.1/nios2eds/bin/gnu/h-x86_64-mingw32/bin/../lib/gcc/nios2-elf/5.3.0/../../../../../H-x86_64-mingw32/nios2-elf/lib/mhw-mulx\libc.a(lib_a-findfp.o)
                0x000000000000146c                __sinit_lock_acquire
 .text.__sinit_lock_release
                0x0000000000001470        0x4 c:/intelfpga_lite/16.1/nios2eds/bin/gnu/h-x86_64-mingw32/bin/../lib/gcc/nios2-elf/5.3.0/../../../../../H-x86_64-mingw32/nios2-elf/lib/mhw-mulx\libc.a(lib_a-findfp.o)
                0x0000000000001470                __sinit_lock_release
 .text.__fp_lock_all
                0x0000000000001474       0x18 c:/intelfpga_lite/16.1/nios2eds/bin/gnu/h-x86_64-mingw32/bin/../lib/gcc/nios2-elf/5.3.0/../../../../../H-x86_64-mingw32/nios2-elf/lib/mhw-mulx\libc.a(lib_a-findfp.o)
                0x0000000000001474                __fp_lock_all
 .text.__fp_unlock_all
                0x000000000000148c       0x18 c:/intelfpga_lite/16.1/nios2eds/bin/gnu/h-x86_64-mingw32/bin/../lib/gcc/nios2-elf/5.3.0/../../../../../H-x86_64-mingw32/nios2-elf/lib/mhw-mulx\libc.a(lib_a-findfp.o)
                0x000000000000148c                __fp_unlock_all
 .text          0x00000000000014a4        0x0 c:/intelfpga_lite/16.1/nios2eds/bin/gnu/h-x86_64-mingw32/bin/../lib/gcc/nios2-elf/5.3.0/../../../../../H-x86_64-mingw32/nios2-elf/lib/mhw-mulx\libc.a(lib_a-fvwrite.o)
 .text.__sfvwrite_r
                0x00000000000014a4      0x4bc c:/intelfpga_lite/16.1/nios2eds/bin/gnu/h-x86_64-mingw32/bin/../lib/gcc/nios2-elf/5.3.0/../../../../../H-x86_64-mingw32/nios2-elf/lib/mhw-mulx\libc.a(lib_a-fvwrite.o)
                0x00000000000014a4                __sfvwrite_r
 .text          0x0000000000001960        0x0 c:/intelfpga_lite/16.1/nios2eds/bin/gnu/h-x86_64-mingw32/bin/../lib/gcc/nios2-elf/5.3.0/../../../../../H-x86_64-mingw32/nios2-elf/lib/mhw-mulx\libc.a(lib_a-fwalk.o)
 .text._fwalk   0x0000000000001960       0xc4 c:/intelfpga_lite/16.1/nios2eds/bin/gnu/h-x86_64-mingw32/bin/../lib/gcc/nios2-elf/5.3.0/../../../../../H-x86_64-mingw32/nios2-elf/lib/mhw-mulx\libc.a(lib_a-fwalk.o)
                0x0000000000001960                _fwalk
 .text._fwalk_reent
                0x0000000000001a24       0xc4 c:/intelfpga_lite/16.1/nios2eds/bin/gnu/h-x86_64-mingw32/bin/../lib/gcc/nios2-elf/5.3.0/../../../../../H-x86_64-mingw32/nios2-elf/lib/mhw-mulx\libc.a(lib_a-fwalk.o)
                0x0000000000001a24                _fwalk_reent
 .text          0x0000000000001ae8        0x0 c:/intelfpga_lite/16.1/nios2eds/bin/gnu/h-x86_64-mingw32/bin/../lib/gcc/nios2-elf/5.3.0/../../../../../H-x86_64-mingw32/nios2-elf/lib/mhw-mulx\libc.a(lib_a-impure.o)
 .text          0x0000000000001ae8        0x0 c:/intelfpga_lite/16.1/nios2eds/bin/gnu/h-x86_64-mingw32/bin/../lib/gcc/nios2-elf/5.3.0/../../../../../H-x86_64-mingw32/nios2-elf/lib/mhw-mulx\libc.a(lib_a-mallocr.o)
 .text._malloc_r
                0x0000000000001ae8      0x80c c:/intelfpga_lite/16.1/nios2eds/bin/gnu/h-x86_64-mingw32/bin/../lib/gcc/nios2-elf/5.3.0/../../../../../H-x86_64-mingw32/nios2-elf/lib/mhw-mulx\libc.a(lib_a-mallocr.o)
                0x0000000000001ae8                _malloc_r
 .text          0x00000000000022f4        0x0 c:/intelfpga_lite/16.1/nios2eds/bin/gnu/h-x86_64-mingw32/bin/../lib/gcc/nios2-elf/5.3.0/../../../../../H-x86_64-mingw32/nios2-elf/lib/mhw-mulx\libc.a(lib_a-memchr.o)
 .text.memchr   0x00000000000022f4       0xe4 c:/intelfpga_lite/16.1/nios2eds/bin/gnu/h-x86_64-mingw32/bin/../lib/gcc/nios2-elf/5.3.0/../../../../../H-x86_64-mingw32/nios2-elf/lib/mhw-mulx\libc.a(lib_a-memchr.o)
                0x00000000000022f4                memchr
 .text          0x00000000000023d8        0x0 c:/intelfpga_lite/16.1/nios2eds/bin/gnu/h-x86_64-mingw32/bin/../lib/gcc/nios2-elf/5.3.0/../../../../../H-x86_64-mingw32/nios2-elf/lib/mhw-mulx\libc.a(lib_a-memcpy.o)
 .text.memcpy   0x00000000000023d8      0x148 c:/intelfpga_lite/16.1/nios2eds/bin/gnu/h-x86_64-mingw32/bin/../lib/gcc/nios2-elf/5.3.0/../../../../../H-x86_64-mingw32/nios2-elf/lib/mhw-mulx\libc.a(lib_a-memcpy.o)
                0x00000000000023d8                memcpy
 .text          0x0000000000002520        0x0 c:/intelfpga_lite/16.1/nios2eds/bin/gnu/h-x86_64-mingw32/bin/../lib/gcc/nios2-elf/5.3.0/../../../../../H-x86_64-mingw32/nios2-elf/lib/mhw-mulx\libc.a(lib_a-memmove.o)
 .text.memmove  0x0000000000002520      0x15c c:/intelfpga_lite/16.1/nios2eds/bin/gnu/h-x86_64-mingw32/bin/../lib/gcc/nios2-elf/5.3.0/../../../../../H-x86_64-mingw32/nios2-elf/lib/mhw-mulx\libc.a(lib_a-memmove.o)
                0x0000000000002520                memmove
 .text          0x000000000000267c        0x0 c:/intelfpga_lite/16.1/nios2eds/bin/gnu/h-x86_64-mingw32/bin/../lib/gcc/nios2-elf/5.3.0/../../../../../H-x86_64-mingw32/nios2-elf/lib/mhw-mulx\libc.a(lib_a-memset.o)
 .text.memset   0x000000000000267c      0x128 c:/intelfpga_lite/16.1/nios2eds/bin/gnu/h-x86_64-mingw32/bin/../lib/gcc/nios2-elf/5.3.0/../../../../../H-x86_64-mingw32/nios2-elf/lib/mhw-mulx\libc.a(lib_a-memset.o)
                0x000000000000267c                memset
 .text          0x00000000000027a4        0x0 c:/intelfpga_lite/16.1/nios2eds/bin/gnu/h-x86_64-mingw32/bin/../lib/gcc/nios2-elf/5.3.0/../../../../../H-x86_64-mingw32/nios2-elf/lib/mhw-mulx\libc.a(lib_a-reallocr.o)
 .text._realloc_r
                0x00000000000027a4      0x564 c:/intelfpga_lite/16.1/nios2eds/bin/gnu/h-x86_64-mingw32/bin/../lib/gcc/nios2-elf/5.3.0/../../../../../H-x86_64-mingw32/nios2-elf/lib/mhw-mulx\libc.a(lib_a-reallocr.o)
                0x00000000000027a4                _realloc_r
 .text          0x0000000000002d08        0x0 c:/intelfpga_lite/16.1/nios2eds/bin/gnu/h-x86_64-mingw32/bin/../lib/gcc/nios2-elf/5.3.0/../../../../../H-x86_64-mingw32/nios2-elf/lib/mhw-mulx\libc.a(lib_a-sbrkr.o)
 .text._sbrk_r  0x0000000000002d08       0x54 c:/intelfpga_lite/16.1/nios2eds/bin/gnu/h-x86_64-mingw32/bin/../lib/gcc/nios2-elf/5.3.0/../../../../../H-x86_64-mingw32/nios2-elf/lib/mhw-mulx\libc.a(lib_a-sbrkr.o)
                0x0000000000002d08                _sbrk_r
 .text          0x0000000000002d5c        0x0 c:/intelfpga_lite/16.1/nios2eds/bin/gnu/h-x86_64-mingw32/bin/../lib/gcc/nios2-elf/5.3.0/../../../../../H-x86_64-mingw32/nios2-elf/lib/mhw-mulx\libc.a(lib_a-stdio.o)
 .text.__sread  0x0000000000002d5c       0x54 c:/intelfpga_lite/16.1/nios2eds/bin/gnu/h-x86_64-mingw32/bin/../lib/gcc/nios2-elf/5.3.0/../../../../../H-x86_64-mingw32/nios2-elf/lib/mhw-mulx\libc.a(lib_a-stdio.o)
                0x0000000000002d5c                __sread
 .text.__seofread
                0x0000000000002db0        0x8 c:/intelfpga_lite/16.1/nios2eds/bin/gnu/h-x86_64-mingw32/bin/../lib/gcc/nios2-elf/5.3.0/../../../../../H-x86_64-mingw32/nios2-elf/lib/mhw-mulx\libc.a(lib_a-stdio.o)
                0x0000000000002db0                __seofread
 .text.__swrite
                0x0000000000002db8       0x7c c:/intelfpga_lite/16.1/nios2eds/bin/gnu/h-x86_64-mingw32/bin/../lib/gcc/nios2-elf/5.3.0/../../../../../H-x86_64-mingw32/nios2-elf/lib/mhw-mulx\libc.a(lib_a-stdio.o)
                0x0000000000002db8                __swrite
 .text.__sseek  0x0000000000002e34       0x5c c:/intelfpga_lite/16.1/nios2eds/bin/gnu/h-x86_64-mingw32/bin/../lib/gcc/nios2-elf/5.3.0/../../../../../H-x86_64-mingw32/nios2-elf/lib/mhw-mulx\libc.a(lib_a-stdio.o)
                0x0000000000002e34                __sseek
 .text.__sclose
                0x0000000000002e90        0x8 c:/intelfpga_lite/16.1/nios2eds/bin/gnu/h-x86_64-mingw32/bin/../lib/gcc/nios2-elf/5.3.0/../../../../../H-x86_64-mingw32/nios2-elf/lib/mhw-mulx\libc.a(lib_a-stdio.o)
                0x0000000000002e90                __sclose
 .text          0x0000000000002e98        0x0 c:/intelfpga_lite/16.1/nios2eds/bin/gnu/h-x86_64-mingw32/bin/../lib/gcc/nios2-elf/5.3.0/../../../../../H-x86_64-mingw32/nios2-elf/lib/mhw-mulx\libc.a(lib_a-writer.o)
 .text._write_r
                0x0000000000002e98       0x60 c:/intelfpga_lite/16.1/nios2eds/bin/gnu/h-x86_64-mingw32/bin/../lib/gcc/nios2-elf/5.3.0/../../../../../H-x86_64-mingw32/nios2-elf/lib/mhw-mulx\libc.a(lib_a-writer.o)
                0x0000000000002e98                _write_r
 .text          0x0000000000002ef8        0x0 c:/intelfpga_lite/16.1/nios2eds/bin/gnu/h-x86_64-mingw32/bin/../lib/gcc/nios2-elf/5.3.0/../../../../../H-x86_64-mingw32/nios2-elf/lib/mhw-mulx\libc.a(lib_a-wsetup.o)
 .text.__swsetup_r
                0x0000000000002ef8      0x154 c:/intelfpga_lite/16.1/nios2eds/bin/gnu/h-x86_64-mingw32/bin/../lib/gcc/nios2-elf/5.3.0/../../../../../H-x86_64-mingw32/nios2-elf/lib/mhw-mulx\libc.a(lib_a-wsetup.o)
                0x0000000000002ef8                __swsetup_r
 .text          0x000000000000304c        0x0 c:/intelfpga_lite/16.1/nios2eds/bin/gnu/h-x86_64-mingw32/bin/../lib/gcc/nios2-elf/5.3.0/../../../../../H-x86_64-mingw32/nios2-elf/lib/mhw-mulx\libc.a(closer.o)
 .text._close_r
                0x000000000000304c       0x54 c:/intelfpga_lite/16.1/nios2eds/bin/gnu/h-x86_64-mingw32/bin/../lib/gcc/nios2-elf/5.3.0/../../../../../H-x86_64-mingw32/nios2-elf/lib/mhw-mulx\libc.a(closer.o)
                0x000000000000304c                _close_r
 .text          0x00000000000030a0        0x0 c:/intelfpga_lite/16.1/nios2eds/bin/gnu/h-x86_64-mingw32/bin/../lib/gcc/nios2-elf/5.3.0/../../../../../H-x86_64-mingw32/nios2-elf/lib/mhw-mulx\libc.a(lib_a-fclose.o)
 .text._fclose_r
                0x00000000000030a0       0xf0 c:/intelfpga_lite/16.1/nios2eds/bin/gnu/h-x86_64-mingw32/bin/../lib/gcc/nios2-elf/5.3.0/../../../../../H-x86_64-mingw32/nios2-elf/lib/mhw-mulx\libc.a(lib_a-fclose.o)
                0x00000000000030a0                _fclose_r
 .text.fclose   0x0000000000003190       0x14 c:/intelfpga_lite/16.1/nios2eds/bin/gnu/h-x86_64-mingw32/bin/../lib/gcc/nios2-elf/5.3.0/../../../../../H-x86_64-mingw32/nios2-elf/lib/mhw-mulx\libc.a(lib_a-fclose.o)
                0x0000000000003190                fclose
 .text          0x00000000000031a4        0x0 c:/intelfpga_lite/16.1/nios2eds/bin/gnu/h-x86_64-mingw32/bin/../lib/gcc/nios2-elf/5.3.0/../../../../../H-x86_64-mingw32/nios2-elf/lib/mhw-mulx\libc.a(lib_a-fflush.o)
 .text.__sflush_r
                0x00000000000031a4      0x21c c:/intelfpga_lite/16.1/nios2eds/bin/gnu/h-x86_64-mingw32/bin/../lib/gcc/nios2-elf/5.3.0/../../../../../H-x86_64-mingw32/nios2-elf/lib/mhw-mulx\libc.a(lib_a-fflush.o)
                0x00000000000031a4                __sflush_r
 .text._fflush_r
                0x00000000000033c0       0x5c c:/intelfpga_lite/16.1/nios2eds/bin/gnu/h-x86_64-mingw32/bin/../lib/gcc/nios2-elf/5.3.0/../../../../../H-x86_64-mingw32/nios2-elf/lib/mhw-mulx\libc.a(lib_a-fflush.o)
                0x00000000000033c0                _fflush_r
 .text.fflush   0x000000000000341c       0x30 c:/intelfpga_lite/16.1/nios2eds/bin/gnu/h-x86_64-mingw32/bin/../lib/gcc/nios2-elf/5.3.0/../../../../../H-x86_64-mingw32/nios2-elf/lib/mhw-mulx\libc.a(lib_a-fflush.o)
                0x000000000000341c                fflush
 .text          0x000000000000344c        0x0 c:/intelfpga_lite/16.1/nios2eds/bin/gnu/h-x86_64-mingw32/bin/../lib/gcc/nios2-elf/5.3.0/../../../../../H-x86_64-mingw32/nios2-elf/lib/mhw-mulx\libc.a(lib_a-freer.o)
 .text._malloc_trim_r
                0x000000000000344c      0x124 c:/intelfpga_lite/16.1/nios2eds/bin/gnu/h-x86_64-mingw32/bin/../lib/gcc/nios2-elf/5.3.0/../../../../../H-x86_64-mingw32/nios2-elf/lib/mhw-mulx\libc.a(lib_a-freer.o)
                0x000000000000344c                _malloc_trim_r
 .text._free_r  0x0000000000003570      0x310 c:/intelfpga_lite/16.1/nios2eds/bin/gnu/h-x86_64-mingw32/bin/../lib/gcc/nios2-elf/5.3.0/../../../../../H-x86_64-mingw32/nios2-elf/lib/mhw-mulx\libc.a(lib_a-freer.o)
                0x0000000000003570                _free_r
 .text          0x0000000000003880        0x0 c:/intelfpga_lite/16.1/nios2eds/bin/gnu/h-x86_64-mingw32/bin/../lib/gcc/nios2-elf/5.3.0/../../../../../H-x86_64-mingw32/nios2-elf/lib/mhw-mulx\libc.a(lib_a-int_errno.o)
 .text          0x0000000000003880        0x0 c:/intelfpga_lite/16.1/nios2eds/bin/gnu/h-x86_64-mingw32/bin/../lib/gcc/nios2-elf/5.3.0/../../../../../H-x86_64-mingw32/nios2-elf/lib/mhw-mulx\libc.a(lib_a-lseekr.o)
 .text._lseek_r
                0x0000000000003880       0x60 c:/intelfpga_lite/16.1/nios2eds/bin/gnu/h-x86_64-mingw32/bin/../lib/gcc/nios2-elf/5.3.0/../../../../../H-x86_64-mingw32/nios2-elf/lib/mhw-mulx\libc.a(lib_a-lseekr.o)
                0x0000000000003880                _lseek_r
 .text          0x00000000000038e0        0x0 c:/intelfpga_lite/16.1/nios2eds/bin/gnu/h-x86_64-mingw32/bin/../lib/gcc/nios2-elf/5.3.0/../../../../../H-x86_64-mingw32/nios2-elf/lib/mhw-mulx\libc.a(lib_a-makebuf.o)
 .text.__smakebuf_r
                0x00000000000038e0      0x1bc c:/intelfpga_lite/16.1/nios2eds/bin/gnu/h-x86_64-mingw32/bin/../lib/gcc/nios2-elf/5.3.0/../../../../../H-x86_64-mingw32/nios2-elf/lib/mhw-mulx\libc.a(lib_a-makebuf.o)
                0x00000000000038e0                __smakebuf_r
 .text          0x0000000000003a9c        0x0 c:/intelfpga_lite/16.1/nios2eds/bin/gnu/h-x86_64-mingw32/bin/../lib/gcc/nios2-elf/5.3.0/../../../../../H-x86_64-mingw32/nios2-elf/lib/mhw-mulx\libc.a(lib_a-readr.o)
 .text._read_r  0x0000000000003a9c       0x60 c:/intelfpga_lite/16.1/nios2eds/bin/gnu/h-x86_64-mingw32/bin/../lib/gcc/nios2-elf/5.3.0/../../../../../H-x86_64-mingw32/nios2-elf/lib/mhw-mulx\libc.a(lib_a-readr.o)
                0x0000000000003a9c                _read_r
 .text          0x0000000000003afc        0x0 c:/intelfpga_lite/16.1/nios2eds/bin/gnu/h-x86_64-mingw32/bin/../lib/gcc/nios2-elf/5.3.0/../../../../../H-x86_64-mingw32/nios2-elf/lib/mhw-mulx\libc.a(lib_a-fstatr.o)
 .text._fstat_r
                0x0000000000003afc       0x5c c:/intelfpga_lite/16.1/nios2eds/bin/gnu/h-x86_64-mingw32/bin/../lib/gcc/nios2-elf/5.3.0/../../../../../H-x86_64-mingw32/nios2-elf/lib/mhw-mulx\libc.a(lib_a-fstatr.o)
                0x0000000000003afc                _fstat_r
 .text          0x0000000000003b58        0x0 c:/intelfpga_lite/16.1/nios2eds/bin/gnu/h-x86_64-mingw32/bin/../lib/gcc/nios2-elf/5.3.0/../../../../../H-x86_64-mingw32/nios2-elf/lib/mhw-mulx\libc.a(lib_a-isattyr.o)
 .text._isatty_r
                0x0000000000003b58       0x54 c:/intelfpga_lite/16.1/nios2eds/bin/gnu/h-x86_64-mingw32/bin/../lib/gcc/nios2-elf/5.3.0/../../../../../H-x86_64-mingw32/nios2-elf/lib/mhw-mulx\libc.a(lib_a-isattyr.o)
                0x0000000000003b58                _isatty_r
 .text          0x0000000000003bac      0x1b4 c:/intelfpga_lite/16.1/nios2eds/bin/gnu/h-x86_64-mingw32/bin/../lib/gcc/nios2-elf/5.3.0/mhw-mulx\libgcc.a(lib2-divmod.o)
                0x0000000000003bac                __divsi3
                0x0000000000003c30                __modsi3
                0x0000000000003ca4                __udivsi3
                0x0000000000003d08                __umodsi3
 .text          0x0000000000003d60      0x10c C:/src/KAU_EMBEDED_19/Quartus/software/DEFAULT_SETTING_bsp/\libhal_bsp.a(alt_close.o)
                0x0000000000003d9c                close
 .text          0x0000000000003e6c       0x2c C:/src/KAU_EMBEDED_19/Quartus/software/DEFAULT_SETTING_bsp/\libhal_bsp.a(alt_dev.o)
 .text          0x0000000000003e98        0x0 C:/src/KAU_EMBEDED_19/Quartus/software/DEFAULT_SETTING_bsp/\libhal_bsp.a(alt_errno.o)
 .text          0x0000000000003e98       0xec C:/src/KAU_EMBEDED_19/Quartus/software/DEFAULT_SETTING_bsp/\libhal_bsp.a(alt_fstat.o)
                0x0000000000003ed4                fstat
 .text          0x0000000000003f84      0x180 C:/src/KAU_EMBEDED_19/Quartus/software/DEFAULT_SETTING_bsp/\libhal_bsp.a(alt_irq_register.o)
                0x0000000000003f84                alt_irq_register
 .text          0x0000000000004104        0x0 C:/src/KAU_EMBEDED_19/Quartus/software/DEFAULT_SETTING_bsp/\libhal_bsp.a(alt_irq_vars.o)
 .text          0x0000000000004104       0xe0 C:/src/KAU_EMBEDED_19/Quartus/software/DEFAULT_SETTING_bsp/\libhal_bsp.a(alt_isatty.o)
                0x0000000000004140                isatty
 .text          0x00000000000041e4       0xec C:/src/KAU_EMBEDED_19/Quartus/software/DEFAULT_SETTING_bsp/\libhal_bsp.a(alt_load.o)
                0x000000000000424c                alt_load
 .text          0x00000000000042d0      0x110 C:/src/KAU_EMBEDED_19/Quartus/software/DEFAULT_SETTING_bsp/\libhal_bsp.a(alt_lseek.o)
                0x000000000000430c                lseek
 .text          0x00000000000043e0       0x7c C:/src/KAU_EMBEDED_19/Quartus/software/DEFAULT_SETTING_bsp/\libhal_bsp.a(alt_main.o)
                0x00000000000043e0                alt_main
 .text          0x000000000000445c       0x48 C:/src/KAU_EMBEDED_19/Quartus/software/DEFAULT_SETTING_bsp/\libhal_bsp.a(alt_malloc_lock.o)
                0x000000000000445c                __malloc_lock
                0x0000000000004480                __malloc_unlock
 .text          0x00000000000044a4      0x138 C:/src/KAU_EMBEDED_19/Quartus/software/DEFAULT_SETTING_bsp/\libhal_bsp.a(alt_read.o)
                0x00000000000044e0                read
 .text          0x00000000000045dc       0x64 C:/src/KAU_EMBEDED_19/Quartus/software/DEFAULT_SETTING_bsp/\libhal_bsp.a(alt_release_fd.o)
                0x00000000000045dc                alt_release_fd
 .text          0x0000000000004640       0xb0 C:/src/KAU_EMBEDED_19/Quartus/software/DEFAULT_SETTING_bsp/\libhal_bsp.a(alt_sbrk.o)
                0x0000000000004640                sbrk
 .text          0x00000000000046f0      0x134 C:/src/KAU_EMBEDED_19/Quartus/software/DEFAULT_SETTING_bsp/\libhal_bsp.a(alt_write.o)
                0x000000000000472c                write
 .text          0x0000000000004824      0x7fc C:/src/KAU_EMBEDED_19/Quartus/software/DEFAULT_SETTING_bsp/\libhal_bsp.a(alt_sys_init.o)
                0x0000000000004858                alt_irq_init
                0x0000000000004890                alt_sys_init
 .text          0x0000000000005020      0x164 C:/src/KAU_EMBEDED_19/Quartus/software/DEFAULT_SETTING_bsp/\libhal_bsp.a(altera_avalon_jtag_uart_fd.o)
                0x0000000000005020                altera_avalon_jtag_uart_read_fd
                0x0000000000005080                altera_avalon_jtag_uart_write_fd
                0x00000000000050e0                altera_avalon_jtag_uart_close_fd
                0x0000000000005130                altera_avalon_jtag_uart_ioctl_fd
 .text          0x0000000000005184      0x3cc C:/src/KAU_EMBEDED_19/Quartus/software/DEFAULT_SETTING_bsp/\libhal_bsp.a(altera_avalon_jtag_uart_init.o)
                0x0000000000005184                altera_avalon_jtag_uart_init
                0x00000000000054e8                altera_avalon_jtag_uart_close
 .text          0x0000000000005550       0xf0 C:/src/KAU_EMBEDED_19/Quartus/software/DEFAULT_SETTING_bsp/\libhal_bsp.a(altera_avalon_jtag_uart_ioctl.o)
                0x0000000000005550                altera_avalon_jtag_uart_ioctl
 .text          0x0000000000005640      0x21c C:/src/KAU_EMBEDED_19/Quartus/software/DEFAULT_SETTING_bsp/\libhal_bsp.a(altera_avalon_jtag_uart_read.o)
                0x0000000000005640                altera_avalon_jtag_uart_read
 .text          0x000000000000585c      0x224 C:/src/KAU_EMBEDED_19/Quartus/software/DEFAULT_SETTING_bsp/\libhal_bsp.a(altera_avalon_jtag_uart_write.o)
                0x000000000000585c                altera_avalon_jtag_uart_write
 .text          0x0000000000005a80       0xf0 C:/src/KAU_EMBEDED_19/Quartus/software/DEFAULT_SETTING_bsp/\libhal_bsp.a(altera_avalon_timer_sc.o)
                0x0000000000005afc                alt_avalon_timer_sc_init
 .text          0x0000000000005b70      0x38c C:/src/KAU_EMBEDED_19/Quartus/software/DEFAULT_SETTING_bsp/\libhal_bsp.a(altera_up_avalon_irda.o)
                0x0000000000005b70                alt_up_irda_enable_read_interrupt
                0x0000000000005bcc                alt_up_irda_disable_read_interrupt
                0x0000000000005c2c                alt_up_irda_get_used_space_in_read_FIFO
                0x0000000000005c6c                alt_up_irda_get_available_space_in_write_FIFO
                0x0000000000005ca8                alt_up_irda_check_parity
                0x0000000000005cec                alt_up_irda_write_data
                0x0000000000005d2c                alt_up_irda_read_data
                0x0000000000005da0                alt_up_irda_read_fd
                0x0000000000005e30                alt_up_irda_write_fd
                0x0000000000005ec0                alt_up_irda_open_dev
 .text          0x0000000000005efc      0x6b0 C:/src/KAU_EMBEDED_19/Quartus/software/DEFAULT_SETTING_bsp/\libhal_bsp.a(altera_up_avalon_ps2.o)
                0x0000000000005efc                read_RI_bit
                0x0000000000005f30                read_RE_bit
                0x0000000000005f60                read_CE_bit
                0x0000000000005f94                read_num_bytes_available
                0x0000000000005fc4                read_data_valid
                0x0000000000005ff8                read_data_byte
                0x0000000000006024                alt_up_ps2_init
                0x00000000000060ec                alt_up_ps2_enable_read_interrupt
                0x0000000000006148                alt_up_ps2_disable_read_interrupt
                0x00000000000061a8                alt_up_ps2_write_data_byte
                0x000000000000621c                alt_up_ps2_wait_for_ack
                0x0000000000006284                alt_up_ps2_write_data_byte_with_ack
                0x00000000000062e8                alt_up_ps2_read_data_byte_timeout
                0x0000000000006384                alt_up_ps2_read_data_byte
                0x00000000000063f4                alt_up_ps2_clear_fifo
                0x000000000000644c                alt_up_ps2_read_fd
                0x00000000000064d8                alt_up_ps2_write_fd
                0x0000000000006570                alt_up_ps2_open_dev
 .text          0x00000000000065ac      0x12c C:/src/KAU_EMBEDED_19/Quartus/software/DEFAULT_SETTING_bsp/\libhal_bsp.a(alt_alarm_start.o)
                0x00000000000065ac                alt_alarm_start
 .text          0x00000000000066d8       0x20 C:/src/KAU_EMBEDED_19/Quartus/software/DEFAULT_SETTING_bsp/\libhal_bsp.a(alt_dcache_flush_all.o)
                0x00000000000066d8                alt_dcache_flush_all
 .text          0x00000000000066f8       0xe0 C:/src/KAU_EMBEDED_19/Quartus/software/DEFAULT_SETTING_bsp/\libhal_bsp.a(alt_dev_llist_insert.o)
                0x0000000000006734                alt_dev_llist_insert
 .text          0x00000000000067d8       0x60 C:/src/KAU_EMBEDED_19/Quartus/software/DEFAULT_SETTING_bsp/\libhal_bsp.a(alt_do_ctors.o)
                0x00000000000067d8                _do_ctors
 .text          0x0000000000006838       0x60 C:/src/KAU_EMBEDED_19/Quartus/software/DEFAULT_SETTING_bsp/\libhal_bsp.a(alt_do_dtors.o)
                0x0000000000006838                _do_dtors
 .text          0x0000000000006898       0x90 C:/src/KAU_EMBEDED_19/Quartus/software/DEFAULT_SETTING_bsp/\libhal_bsp.a(alt_find_dev.o)
                0x0000000000006898                alt_find_dev
 .text          0x0000000000006928       0x34 C:/src/KAU_EMBEDED_19/Quartus/software/DEFAULT_SETTING_bsp/\libhal_bsp.a(alt_icache_flush_all.o)
                0x0000000000006928                alt_icache_flush_all
 .text          0x000000000000695c      0x140 C:/src/KAU_EMBEDED_19/Quartus/software/DEFAULT_SETTING_bsp/\libhal_bsp.a(alt_io_redirect.o)
                0x0000000000006a20                alt_io_redirect
 .text          0x0000000000006a9c        0x0 C:/src/KAU_EMBEDED_19/Quartus/software/DEFAULT_SETTING_bsp/\libhal_bsp.a(alt_irq_entry.o)
 .text          0x0000000000006a9c        0x0 C:/src/KAU_EMBEDED_19/Quartus/software/DEFAULT_SETTING_bsp/\libhal_bsp.a(alt_irq_handler.o)
 .text          0x0000000000006a9c      0x254 C:/src/KAU_EMBEDED_19/Quartus/software/DEFAULT_SETTING_bsp/\libhal_bsp.a(alt_open.o)
                0x0000000000006b9c                open
 .text          0x0000000000006cf0      0x1a4 C:/src/KAU_EMBEDED_19/Quartus/software/DEFAULT_SETTING_bsp/\libhal_bsp.a(alt_tick.o)
                0x0000000000006cf0                alt_alarm_stop
                0x0000000000006d8c                alt_tick
 .text          0x0000000000006e94       0x24 C:/src/KAU_EMBEDED_19/Quartus/software/DEFAULT_SETTING_bsp/\libhal_bsp.a(altera_nios2_gen2_irq.o)
                0x0000000000006e94                altera_nios2_gen2_irq_init
 .text          0x0000000000006eb8        0x0 C:/src/KAU_EMBEDED_19/Quartus/software/DEFAULT_SETTING_bsp/\libhal_bsp.a(alt_exception_entry.o)
 .text          0x0000000000006eb8      0x108 C:/src/KAU_EMBEDED_19/Quartus/software/DEFAULT_SETTING_bsp/\libhal_bsp.a(alt_find_file.o)
                0x0000000000006eb8                alt_find_file
 .text          0x0000000000006fc0       0xa4 C:/src/KAU_EMBEDED_19/Quartus/software/DEFAULT_SETTING_bsp/\libhal_bsp.a(alt_get_fd.o)
                0x0000000000006fc0                alt_get_fd
 .text          0x0000000000007064       0x90 C:/src/KAU_EMBEDED_19/Quartus/software/DEFAULT_SETTING_bsp/\libhal_bsp.a(alt_icache_flush.o)
                0x0000000000007064                alt_icache_flush
 .text          0x00000000000070f4       0x9c C:/src/KAU_EMBEDED_19/Quartus/software/DEFAULT_SETTING_bsp/\libhal_bsp.a(alt_instruction_exception_entry.o)
                0x00000000000070f4                alt_exception_cause_generated_bad_addr
 .text          0x0000000000007190        0x0 c:/intelfpga_lite/16.1/nios2eds/bin/gnu/h-x86_64-mingw32/bin/../lib/gcc/nios2-elf/5.3.0/../../../../../H-x86_64-mingw32/nios2-elf/lib/mhw-mulx\libc.a(lib_a-atexit.o)
 .text.atexit   0x0000000000007190       0x14 c:/intelfpga_lite/16.1/nios2eds/bin/gnu/h-x86_64-mingw32/bin/../lib/gcc/nios2-elf/5.3.0/../../../../../H-x86_64-mingw32/nios2-elf/lib/mhw-mulx\libc.a(lib_a-atexit.o)
                0x0000000000007190                atexit
 .text          0x00000000000071a4        0x0 c:/intelfpga_lite/16.1/nios2eds/bin/gnu/h-x86_64-mingw32/bin/../lib/gcc/nios2-elf/5.3.0/../../../../../H-x86_64-mingw32/nios2-elf/lib/mhw-mulx\libc.a(lib_a-exit.o)
 .text.exit     0x00000000000071a4       0x38 c:/intelfpga_lite/16.1/nios2eds/bin/gnu/h-x86_64-mingw32/bin/../lib/gcc/nios2-elf/5.3.0/../../../../../H-x86_64-mingw32/nios2-elf/lib/mhw-mulx\libc.a(lib_a-exit.o)
                0x00000000000071a4                exit
 .text          0x00000000000071dc        0x0 c:/intelfpga_lite/16.1/nios2eds/bin/gnu/h-x86_64-mingw32/bin/../lib/gcc/nios2-elf/5.3.0/../../../../../H-x86_64-mingw32/nios2-elf/lib/mhw-mulx\libc.a(lib_a-memcmp.o)
 .text.memcmp   0x00000000000071dc       0x7c c:/intelfpga_lite/16.1/nios2eds/bin/gnu/h-x86_64-mingw32/bin/../lib/gcc/nios2-elf/5.3.0/../../../../../H-x86_64-mingw32/nios2-elf/lib/mhw-mulx\libc.a(lib_a-memcmp.o)
                0x00000000000071dc                memcmp
 .text          0x0000000000007258        0x0 c:/intelfpga_lite/16.1/nios2eds/bin/gnu/h-x86_64-mingw32/bin/../lib/gcc/nios2-elf/5.3.0/../../../../../H-x86_64-mingw32/nios2-elf/lib/mhw-mulx\libc.a(lib_a-__atexit.o)
 .text.__register_exitproc
                0x0000000000007258      0x118 c:/intelfpga_lite/16.1/nios2eds/bin/gnu/h-x86_64-mingw32/bin/../lib/gcc/nios2-elf/5.3.0/../../../../../H-x86_64-mingw32/nios2-elf/lib/mhw-mulx\libc.a(lib_a-__atexit.o)
                0x0000000000007258                __register_exitproc
 .text          0x0000000000007370        0x0 c:/intelfpga_lite/16.1/nios2eds/bin/gnu/h-x86_64-mingw32/bin/../lib/gcc/nios2-elf/5.3.0/../../../../../H-x86_64-mingw32/nios2-elf/lib/mhw-mulx\libc.a(lib_a-__call_atexit.o)
 .text.__call_exitprocs
                0x0000000000007370      0x180 c:/intelfpga_lite/16.1/nios2eds/bin/gnu/h-x86_64-mingw32/bin/../lib/gcc/nios2-elf/5.3.0/../../../../../H-x86_64-mingw32/nios2-elf/lib/mhw-mulx\libc.a(lib_a-__call_atexit.o)
                0x0000000000007370                __call_exitprocs
 .text          0x00000000000074f0       0x34 C:/src/KAU_EMBEDED_19/Quartus/software/DEFAULT_SETTING_bsp/\libhal_bsp.a(alt_exit.o)
                0x00000000000074f0                _exit
 *(.gnu.warning.*)
 *(.fini)
                [!provide]                        PROVIDE (__etext, ABSOLUTE (.))
                [!provide]                        PROVIDE (_etext, ABSOLUTE (.))
                [!provide]                        PROVIDE (etext, ABSOLUTE (.))
 *(.eh_frame_hdr)
                0x0000000000007524                . = ALIGN (0x4)
                [!provide]                        PROVIDE (__preinit_array_start, ABSOLUTE (.))
 *(.preinit_array)
                [!provide]                        PROVIDE (__preinit_array_end, ABSOLUTE (.))
                [!provide]                        PROVIDE (__init_array_start, ABSOLUTE (.))
 *(.init_array)
                [!provide]                        PROVIDE (__init_array_end, ABSOLUTE (.))
                [!provide]                        PROVIDE (__fini_array_start, ABSOLUTE (.))
 *(.fini_array)
                [!provide]                        PROVIDE (__fini_array_end, ABSOLUTE (.))
 *(.eh_frame)
 *(.gcc_except_table .gcc_except_table.*)
 *(.dynamic)
                0x0000000000007524                PROVIDE (__CTOR_LIST__, ABSOLUTE (.))
 *(.ctors)
 *(SORT(.ctors.*))
                0x0000000000007524                PROVIDE (__CTOR_END__, ABSOLUTE (.))
                0x0000000000007524                PROVIDE (__DTOR_LIST__, ABSOLUTE (.))
 *(.dtors)
 *(SORT(.dtors.*))
                0x0000000000007524                PROVIDE (__DTOR_END__, ABSOLUTE (.))
 *(.jcr)
                0x0000000000007524                . = ALIGN (0x4)

.rodata         0x0000000000007524     0x4e14
                0x0000000000007524                PROVIDE (__ram_rodata_start, ABSOLUTE (.))
                0x0000000000007524                . = ALIGN (0x4)
 *(.rodata .rodata.* .gnu.linkonce.r.*)
 .rodata        0x0000000000007524     0x4cf8 obj/default/main.o
                0x0000000000007524                IMG_morning_L
                0x0000000000007e3a                IMG_afternoon_L
                0x0000000000008750                IMG_Num0_L
                0x0000000000008cd4                IMG_Num1_L
                0x0000000000009258                IMG_Num2_L
                0x00000000000097dc                IMG_Num3_L
                0x0000000000009d60                IMG_Num4_L
                0x000000000000a2e4                IMG_Num5_L
                0x000000000000a868                IMG_Num6_L
                0x000000000000adec                IMG_Num7_L
                0x000000000000b370                IMG_Num8_L
                0x000000000000b8f4                IMG_Num9_L
                0x000000000000be78                IMG_Clone_L
 .rodata.str1.4
                0x000000000000c21c        0x2 c:/intelfpga_lite/16.1/nios2eds/bin/gnu/h-x86_64-mingw32/bin/../lib/gcc/nios2-elf/5.3.0/../../../../../H-x86_64-mingw32/nios2-elf/lib/mhw-mulx\libc.a(lib_a-puts.o)
 *fill*         0x000000000000c21e        0x2 
 .rodata.str1.4
                0x000000000000c220        0x4 c:/intelfpga_lite/16.1/nios2eds/bin/gnu/h-x86_64-mingw32/bin/../lib/gcc/nios2-elf/5.3.0/../../../../../H-x86_64-mingw32/nios2-elf/lib/mhw-mulx\libc.a(lib_a-impure.o)
                                          0x2 (size before relaxing)
 .rodata        0x000000000000c224        0xa C:/src/KAU_EMBEDED_19/Quartus/software/DEFAULT_SETTING_bsp/\libhal_bsp.a(alt_dev.o)
 *fill*         0x000000000000c22e        0x2 
 .rodata        0x000000000000c230        0xf C:/src/KAU_EMBEDED_19/Quartus/software/DEFAULT_SETTING_bsp/\libhal_bsp.a(alt_main.o)
 *fill*         0x000000000000c23f        0x1 
 .rodata        0x000000000000c240       0xf5 C:/src/KAU_EMBEDED_19/Quartus/software/DEFAULT_SETTING_bsp/\libhal_bsp.a(alt_sys_init.o)
 *(.rodata1)
                0x000000000000c338                . = ALIGN (0x4)
 *fill*         0x000000000000c335        0x3 
                0x000000000000c338                PROVIDE (__ram_rodata_end, ABSOLUTE (.))
                0x0000000000007524                PROVIDE (__flash_rodata_start, LOADADDR (.rodata))

.rwdata         0x000000000000c338     0x1cc0 load address 0x000000000000dff8
                0x000000000000c338                PROVIDE (__ram_rwdata_start, ABSOLUTE (.))
                0x000000000000c338                . = ALIGN (0x4)
 *(.got.plt)
 *(.got)
 *(.data1)
 *(.data .data.* .gnu.linkonce.d.*)
 .data          0x000000000000c338        0x0 C:/src/KAU_EMBEDED_19/Quartus/software/DEFAULT_SETTING_bsp//obj/HAL/src/crt0.o
 .data          0x000000000000c338        0x0 obj/default/main.o
 .data          0x000000000000c338        0x0 c:/intelfpga_lite/16.1/nios2eds/bin/gnu/h-x86_64-mingw32/bin/../lib/gcc/nios2-elf/5.3.0/../../../../../H-x86_64-mingw32/nios2-elf/lib/mhw-mulx\libc.a(lib_a-puts.o)
 .data          0x000000000000c338        0x0 c:/intelfpga_lite/16.1/nios2eds/bin/gnu/h-x86_64-mingw32/bin/../lib/gcc/nios2-elf/5.3.0/../../../../../H-x86_64-mingw32/nios2-elf/lib/mhw-mulx\libc.a(lib_a-strlen.o)
 .data          0x000000000000c338        0x0 c:/intelfpga_lite/16.1/nios2eds/bin/gnu/h-x86_64-mingw32/bin/../lib/gcc/nios2-elf/5.3.0/../../../../../H-x86_64-mingw32/nios2-elf/lib/mhw-mulx\libc.a(lib_a-findfp.o)
 .data          0x000000000000c338        0x0 c:/intelfpga_lite/16.1/nios2eds/bin/gnu/h-x86_64-mingw32/bin/../lib/gcc/nios2-elf/5.3.0/../../../../../H-x86_64-mingw32/nios2-elf/lib/mhw-mulx\libc.a(lib_a-fvwrite.o)
 .data          0x000000000000c338        0x0 c:/intelfpga_lite/16.1/nios2eds/bin/gnu/h-x86_64-mingw32/bin/../lib/gcc/nios2-elf/5.3.0/../../../../../H-x86_64-mingw32/nios2-elf/lib/mhw-mulx\libc.a(lib_a-fwalk.o)
 .data          0x000000000000c338        0x0 c:/intelfpga_lite/16.1/nios2eds/bin/gnu/h-x86_64-mingw32/bin/../lib/gcc/nios2-elf/5.3.0/../../../../../H-x86_64-mingw32/nios2-elf/lib/mhw-mulx\libc.a(lib_a-impure.o)
 .data.impure_data
                0x000000000000c338      0x424 c:/intelfpga_lite/16.1/nios2eds/bin/gnu/h-x86_64-mingw32/bin/../lib/gcc/nios2-elf/5.3.0/../../../../../H-x86_64-mingw32/nios2-elf/lib/mhw-mulx\libc.a(lib_a-impure.o)
 .data          0x000000000000c75c        0x0 c:/intelfpga_lite/16.1/nios2eds/bin/gnu/h-x86_64-mingw32/bin/../lib/gcc/nios2-elf/5.3.0/../../../../../H-x86_64-mingw32/nios2-elf/lib/mhw-mulx\libc.a(lib_a-mallocr.o)
 .data.__malloc_av_
                0x000000000000c75c      0x408 c:/intelfpga_lite/16.1/nios2eds/bin/gnu/h-x86_64-mingw32/bin/../lib/gcc/nios2-elf/5.3.0/../../../../../H-x86_64-mingw32/nios2-elf/lib/mhw-mulx\libc.a(lib_a-mallocr.o)
                0x000000000000c75c                __malloc_av_
 .data          0x000000000000cb64        0x0 c:/intelfpga_lite/16.1/nios2eds/bin/gnu/h-x86_64-mingw32/bin/../lib/gcc/nios2-elf/5.3.0/../../../../../H-x86_64-mingw32/nios2-elf/lib/mhw-mulx\libc.a(lib_a-memchr.o)
 .data          0x000000000000cb64        0x0 c:/intelfpga_lite/16.1/nios2eds/bin/gnu/h-x86_64-mingw32/bin/../lib/gcc/nios2-elf/5.3.0/../../../../../H-x86_64-mingw32/nios2-elf/lib/mhw-mulx\libc.a(lib_a-memcpy.o)
 .data          0x000000000000cb64        0x0 c:/intelfpga_lite/16.1/nios2eds/bin/gnu/h-x86_64-mingw32/bin/../lib/gcc/nios2-elf/5.3.0/../../../../../H-x86_64-mingw32/nios2-elf/lib/mhw-mulx\libc.a(lib_a-memmove.o)
 .data          0x000000000000cb64        0x0 c:/intelfpga_lite/16.1/nios2eds/bin/gnu/h-x86_64-mingw32/bin/../lib/gcc/nios2-elf/5.3.0/../../../../../H-x86_64-mingw32/nios2-elf/lib/mhw-mulx\libc.a(lib_a-memset.o)
 .data          0x000000000000cb64        0x0 c:/intelfpga_lite/16.1/nios2eds/bin/gnu/h-x86_64-mingw32/bin/../lib/gcc/nios2-elf/5.3.0/../../../../../H-x86_64-mingw32/nios2-elf/lib/mhw-mulx\libc.a(lib_a-reallocr.o)
 .data          0x000000000000cb64        0x0 c:/intelfpga_lite/16.1/nios2eds/bin/gnu/h-x86_64-mingw32/bin/../lib/gcc/nios2-elf/5.3.0/../../../../../H-x86_64-mingw32/nios2-elf/lib/mhw-mulx\libc.a(lib_a-sbrkr.o)
 .data          0x000000000000cb64        0x0 c:/intelfpga_lite/16.1/nios2eds/bin/gnu/h-x86_64-mingw32/bin/../lib/gcc/nios2-elf/5.3.0/../../../../../H-x86_64-mingw32/nios2-elf/lib/mhw-mulx\libc.a(lib_a-stdio.o)
 .data          0x000000000000cb64        0x0 c:/intelfpga_lite/16.1/nios2eds/bin/gnu/h-x86_64-mingw32/bin/../lib/gcc/nios2-elf/5.3.0/../../../../../H-x86_64-mingw32/nios2-elf/lib/mhw-mulx\libc.a(lib_a-writer.o)
 .data          0x000000000000cb64        0x0 c:/intelfpga_lite/16.1/nios2eds/bin/gnu/h-x86_64-mingw32/bin/../lib/gcc/nios2-elf/5.3.0/../../../../../H-x86_64-mingw32/nios2-elf/lib/mhw-mulx\libc.a(lib_a-wsetup.o)
 .data          0x000000000000cb64        0x0 c:/intelfpga_lite/16.1/nios2eds/bin/gnu/h-x86_64-mingw32/bin/../lib/gcc/nios2-elf/5.3.0/../../../../../H-x86_64-mingw32/nios2-elf/lib/mhw-mulx\libc.a(closer.o)
 .data          0x000000000000cb64        0x0 c:/intelfpga_lite/16.1/nios2eds/bin/gnu/h-x86_64-mingw32/bin/../lib/gcc/nios2-elf/5.3.0/../../../../../H-x86_64-mingw32/nios2-elf/lib/mhw-mulx\libc.a(lib_a-fclose.o)
 .data          0x000000000000cb64        0x0 c:/intelfpga_lite/16.1/nios2eds/bin/gnu/h-x86_64-mingw32/bin/../lib/gcc/nios2-elf/5.3.0/../../../../../H-x86_64-mingw32/nios2-elf/lib/mhw-mulx\libc.a(lib_a-fflush.o)
 .data          0x000000000000cb64        0x0 c:/intelfpga_lite/16.1/nios2eds/bin/gnu/h-x86_64-mingw32/bin/../lib/gcc/nios2-elf/5.3.0/../../../../../H-x86_64-mingw32/nios2-elf/lib/mhw-mulx\libc.a(lib_a-freer.o)
 .data          0x000000000000cb64        0x0 c:/intelfpga_lite/16.1/nios2eds/bin/gnu/h-x86_64-mingw32/bin/../lib/gcc/nios2-elf/5.3.0/../../../../../H-x86_64-mingw32/nios2-elf/lib/mhw-mulx\libc.a(lib_a-int_errno.o)
 .data          0x000000000000cb64        0x0 c:/intelfpga_lite/16.1/nios2eds/bin/gnu/h-x86_64-mingw32/bin/../lib/gcc/nios2-elf/5.3.0/../../../../../H-x86_64-mingw32/nios2-elf/lib/mhw-mulx\libc.a(lib_a-lseekr.o)
 .data          0x000000000000cb64        0x0 c:/intelfpga_lite/16.1/nios2eds/bin/gnu/h-x86_64-mingw32/bin/../lib/gcc/nios2-elf/5.3.0/../../../../../H-x86_64-mingw32/nios2-elf/lib/mhw-mulx\libc.a(lib_a-makebuf.o)
 .data          0x000000000000cb64        0x0 c:/intelfpga_lite/16.1/nios2eds/bin/gnu/h-x86_64-mingw32/bin/../lib/gcc/nios2-elf/5.3.0/../../../../../H-x86_64-mingw32/nios2-elf/lib/mhw-mulx\libc.a(lib_a-readr.o)
 .data          0x000000000000cb64        0x0 c:/intelfpga_lite/16.1/nios2eds/bin/gnu/h-x86_64-mingw32/bin/../lib/gcc/nios2-elf/5.3.0/../../../../../H-x86_64-mingw32/nios2-elf/lib/mhw-mulx\libc.a(lib_a-fstatr.o)
 .data          0x000000000000cb64        0x0 c:/intelfpga_lite/16.1/nios2eds/bin/gnu/h-x86_64-mingw32/bin/../lib/gcc/nios2-elf/5.3.0/../../../../../H-x86_64-mingw32/nios2-elf/lib/mhw-mulx\libc.a(lib_a-isattyr.o)
 .data          0x000000000000cb64        0x0 c:/intelfpga_lite/16.1/nios2eds/bin/gnu/h-x86_64-mingw32/bin/../lib/gcc/nios2-elf/5.3.0/mhw-mulx\libgcc.a(lib2-divmod.o)
 .data          0x000000000000cb64        0x0 C:/src/KAU_EMBEDED_19/Quartus/software/DEFAULT_SETTING_bsp/\libhal_bsp.a(alt_close.o)
 .data          0x000000000000cb64      0x1a8 C:/src/KAU_EMBEDED_19/Quartus/software/DEFAULT_SETTING_bsp/\libhal_bsp.a(alt_dev.o)
                0x000000000000cb64                alt_dev_null
                0x000000000000cb8c                alt_fd_list
 .data          0x000000000000cd0c        0x0 C:/src/KAU_EMBEDED_19/Quartus/software/DEFAULT_SETTING_bsp/\libhal_bsp.a(alt_errno.o)
 .data          0x000000000000cd0c        0x0 C:/src/KAU_EMBEDED_19/Quartus/software/DEFAULT_SETTING_bsp/\libhal_bsp.a(alt_fstat.o)
 .data          0x000000000000cd0c        0x0 C:/src/KAU_EMBEDED_19/Quartus/software/DEFAULT_SETTING_bsp/\libhal_bsp.a(alt_irq_register.o)
 .data          0x000000000000cd0c        0x0 C:/src/KAU_EMBEDED_19/Quartus/software/DEFAULT_SETTING_bsp/\libhal_bsp.a(alt_irq_vars.o)
 .data          0x000000000000cd0c        0x0 C:/src/KAU_EMBEDED_19/Quartus/software/DEFAULT_SETTING_bsp/\libhal_bsp.a(alt_isatty.o)
 .data          0x000000000000cd0c        0x0 C:/src/KAU_EMBEDED_19/Quartus/software/DEFAULT_SETTING_bsp/\libhal_bsp.a(alt_load.o)
 .data          0x000000000000cd0c        0x0 C:/src/KAU_EMBEDED_19/Quartus/software/DEFAULT_SETTING_bsp/\libhal_bsp.a(alt_lseek.o)
 .data          0x000000000000cd0c        0x0 C:/src/KAU_EMBEDED_19/Quartus/software/DEFAULT_SETTING_bsp/\libhal_bsp.a(alt_main.o)
 .data          0x000000000000cd0c        0x0 C:/src/KAU_EMBEDED_19/Quartus/software/DEFAULT_SETTING_bsp/\libhal_bsp.a(alt_malloc_lock.o)
 .data          0x000000000000cd0c        0x0 C:/src/KAU_EMBEDED_19/Quartus/software/DEFAULT_SETTING_bsp/\libhal_bsp.a(alt_read.o)
 .data          0x000000000000cd0c        0x0 C:/src/KAU_EMBEDED_19/Quartus/software/DEFAULT_SETTING_bsp/\libhal_bsp.a(alt_release_fd.o)
 .data          0x000000000000cd0c        0x0 C:/src/KAU_EMBEDED_19/Quartus/software/DEFAULT_SETTING_bsp/\libhal_bsp.a(alt_sbrk.o)
 .data          0x000000000000cd0c        0x0 C:/src/KAU_EMBEDED_19/Quartus/software/DEFAULT_SETTING_bsp/\libhal_bsp.a(alt_write.o)
 .data          0x000000000000cd0c     0x1294 C:/src/KAU_EMBEDED_19/Quartus/software/DEFAULT_SETTING_bsp/\libhal_bsp.a(alt_sys_init.o)
 .data          0x000000000000dfa0        0x0 C:/src/KAU_EMBEDED_19/Quartus/software/DEFAULT_SETTING_bsp/\libhal_bsp.a(altera_avalon_jtag_uart_fd.o)
 .data          0x000000000000dfa0        0x0 C:/src/KAU_EMBEDED_19/Quartus/software/DEFAULT_SETTING_bsp/\libhal_bsp.a(altera_avalon_jtag_uart_init.o)
 .data          0x000000000000dfa0        0x0 C:/src/KAU_EMBEDED_19/Quartus/software/DEFAULT_SETTING_bsp/\libhal_bsp.a(altera_avalon_jtag_uart_ioctl.o)
 .data          0x000000000000dfa0        0x0 C:/src/KAU_EMBEDED_19/Quartus/software/DEFAULT_SETTING_bsp/\libhal_bsp.a(altera_avalon_jtag_uart_read.o)
 .data          0x000000000000dfa0        0x0 C:/src/KAU_EMBEDED_19/Quartus/software/DEFAULT_SETTING_bsp/\libhal_bsp.a(altera_avalon_jtag_uart_write.o)
 .data          0x000000000000dfa0        0x0 C:/src/KAU_EMBEDED_19/Quartus/software/DEFAULT_SETTING_bsp/\libhal_bsp.a(altera_avalon_timer_sc.o)
 .data          0x000000000000dfa0        0x0 C:/src/KAU_EMBEDED_19/Quartus/software/DEFAULT_SETTING_bsp/\libhal_bsp.a(altera_up_avalon_irda.o)
 .data          0x000000000000dfa0        0x0 C:/src/KAU_EMBEDED_19/Quartus/software/DEFAULT_SETTING_bsp/\libhal_bsp.a(altera_up_avalon_ps2.o)
 .data          0x000000000000dfa0        0x0 C:/src/KAU_EMBEDED_19/Quartus/software/DEFAULT_SETTING_bsp/\libhal_bsp.a(alt_alarm_start.o)
 .data          0x000000000000dfa0        0x0 C:/src/KAU_EMBEDED_19/Quartus/software/DEFAULT_SETTING_bsp/\libhal_bsp.a(alt_dcache_flush_all.o)
 .data          0x000000000000dfa0        0x0 C:/src/KAU_EMBEDED_19/Quartus/software/DEFAULT_SETTING_bsp/\libhal_bsp.a(alt_dev_llist_insert.o)
 .data          0x000000000000dfa0        0x0 C:/src/KAU_EMBEDED_19/Quartus/software/DEFAULT_SETTING_bsp/\libhal_bsp.a(alt_do_ctors.o)
 .data          0x000000000000dfa0        0x0 C:/src/KAU_EMBEDED_19/Quartus/software/DEFAULT_SETTING_bsp/\libhal_bsp.a(alt_do_dtors.o)
 .data          0x000000000000dfa0        0x0 C:/src/KAU_EMBEDED_19/Quartus/software/DEFAULT_SETTING_bsp/\libhal_bsp.a(alt_find_dev.o)
 .data          0x000000000000dfa0        0x0 C:/src/KAU_EMBEDED_19/Quartus/software/DEFAULT_SETTING_bsp/\libhal_bsp.a(alt_icache_flush_all.o)
 .data          0x000000000000dfa0        0x0 C:/src/KAU_EMBEDED_19/Quartus/software/DEFAULT_SETTING_bsp/\libhal_bsp.a(alt_io_redirect.o)
 .data          0x000000000000dfa0        0x0 C:/src/KAU_EMBEDED_19/Quartus/software/DEFAULT_SETTING_bsp/\libhal_bsp.a(alt_irq_entry.o)
 .data          0x000000000000dfa0        0x0 C:/src/KAU_EMBEDED_19/Quartus/software/DEFAULT_SETTING_bsp/\libhal_bsp.a(alt_irq_handler.o)
 .data          0x000000000000dfa0        0x0 C:/src/KAU_EMBEDED_19/Quartus/software/DEFAULT_SETTING_bsp/\libhal_bsp.a(alt_open.o)
 .data          0x000000000000dfa0        0x0 C:/src/KAU_EMBEDED_19/Quartus/software/DEFAULT_SETTING_bsp/\libhal_bsp.a(alt_tick.o)
 .data          0x000000000000dfa0        0x0 C:/src/KAU_EMBEDED_19/Quartus/software/DEFAULT_SETTING_bsp/\libhal_bsp.a(altera_nios2_gen2_irq.o)
 .data          0x000000000000dfa0        0x0 C:/src/KAU_EMBEDED_19/Quartus/software/DEFAULT_SETTING_bsp/\libhal_bsp.a(alt_exception_entry.o)
 .data          0x000000000000dfa0        0x0 C:/src/KAU_EMBEDED_19/Quartus/software/DEFAULT_SETTING_bsp/\libhal_bsp.a(alt_find_file.o)
 .data          0x000000000000dfa0        0x0 C:/src/KAU_EMBEDED_19/Quartus/software/DEFAULT_SETTING_bsp/\libhal_bsp.a(alt_get_fd.o)
 .data          0x000000000000dfa0        0x0 C:/src/KAU_EMBEDED_19/Quartus/software/DEFAULT_SETTING_bsp/\libhal_bsp.a(alt_icache_flush.o)
 .data          0x000000000000dfa0        0x0 C:/src/KAU_EMBEDED_19/Quartus/software/DEFAULT_SETTING_bsp/\libhal_bsp.a(alt_instruction_exception_entry.o)
 .data          0x000000000000dfa0        0x0 c:/intelfpga_lite/16.1/nios2eds/bin/gnu/h-x86_64-mingw32/bin/../lib/gcc/nios2-elf/5.3.0/../../../../../H-x86_64-mingw32/nios2-elf/lib/mhw-mulx\libc.a(lib_a-atexit.o)
 .data          0x000000000000dfa0        0x0 c:/intelfpga_lite/16.1/nios2eds/bin/gnu/h-x86_64-mingw32/bin/../lib/gcc/nios2-elf/5.3.0/../../../../../H-x86_64-mingw32/nios2-elf/lib/mhw-mulx\libc.a(lib_a-exit.o)
 .data          0x000000000000dfa0        0x0 c:/intelfpga_lite/16.1/nios2eds/bin/gnu/h-x86_64-mingw32/bin/../lib/gcc/nios2-elf/5.3.0/../../../../../H-x86_64-mingw32/nios2-elf/lib/mhw-mulx\libc.a(lib_a-memcmp.o)
 .data          0x000000000000dfa0        0x0 c:/intelfpga_lite/16.1/nios2eds/bin/gnu/h-x86_64-mingw32/bin/../lib/gcc/nios2-elf/5.3.0/../../../../../H-x86_64-mingw32/nios2-elf/lib/mhw-mulx\libc.a(lib_a-__atexit.o)
 .data          0x000000000000dfa0        0x0 c:/intelfpga_lite/16.1/nios2eds/bin/gnu/h-x86_64-mingw32/bin/../lib/gcc/nios2-elf/5.3.0/../../../../../H-x86_64-mingw32/nios2-elf/lib/mhw-mulx\libc.a(lib_a-__call_atexit.o)
 .data          0x000000000000dfa0        0x0 C:/src/KAU_EMBEDED_19/Quartus/software/DEFAULT_SETTING_bsp/\libhal_bsp.a(alt_exit.o)
                0x0000000000015fa0                _gp = ABSOLUTE ((. + 0x8000))
                [!provide]                        PROVIDE (gp, _gp)
 *(.rwdata .rwdata.*)
 *(.sdata .sdata.* .gnu.linkonce.s.*)
 .sdata         0x000000000000dfa0       0x20 obj/default/main.o
                0x000000000000dfa0                pTimer
                0x000000000000dfa4                pTime_low
                0x000000000000dfa8                pTime_high
                0x000000000000dfac                pixel_ctrl_ptr
                0x000000000000dfb0                pAudio
                0x000000000000dfb4                pLED
                0x000000000000dfb8                pKEY
                0x000000000000dfbc                pSwitch
 .sdata._global_impure_ptr
                0x000000000000dfc0        0x4 c:/intelfpga_lite/16.1/nios2eds/bin/gnu/h-x86_64-mingw32/bin/../lib/gcc/nios2-elf/5.3.0/../../../../../H-x86_64-mingw32/nios2-elf/lib/mhw-mulx\libc.a(lib_a-impure.o)
                0x000000000000dfc0                _global_impure_ptr
 .sdata._impure_ptr
                0x000000000000dfc4        0x4 c:/intelfpga_lite/16.1/nios2eds/bin/gnu/h-x86_64-mingw32/bin/../lib/gcc/nios2-elf/5.3.0/../../../../../H-x86_64-mingw32/nios2-elf/lib/mhw-mulx\libc.a(lib_a-impure.o)
                0x000000000000dfc4                _impure_ptr
 .sdata.__malloc_sbrk_base
                0x000000000000dfc8        0x4 c:/intelfpga_lite/16.1/nios2eds/bin/gnu/h-x86_64-mingw32/bin/../lib/gcc/nios2-elf/5.3.0/../../../../../H-x86_64-mingw32/nios2-elf/lib/mhw-mulx\libc.a(lib_a-mallocr.o)
                0x000000000000dfc8                __malloc_sbrk_base
 .sdata.__malloc_trim_threshold
                0x000000000000dfcc        0x4 c:/intelfpga_lite/16.1/nios2eds/bin/gnu/h-x86_64-mingw32/bin/../lib/gcc/nios2-elf/5.3.0/../../../../../H-x86_64-mingw32/nios2-elf/lib/mhw-mulx\libc.a(lib_a-mallocr.o)
                0x000000000000dfcc                __malloc_trim_threshold
 .sdata         0x000000000000dfd0       0x14 C:/src/KAU_EMBEDED_19/Quartus/software/DEFAULT_SETTING_bsp/\libhal_bsp.a(alt_dev.o)
                0x000000000000dfd0                alt_fs_list
                0x000000000000dfd8                alt_dev_list
                0x000000000000dfe0                alt_max_fd
 .sdata         0x000000000000dfe4        0x4 C:/src/KAU_EMBEDED_19/Quartus/software/DEFAULT_SETTING_bsp/\libhal_bsp.a(alt_errno.o)
                0x000000000000dfe4                alt_errno
 .sdata         0x000000000000dfe8        0x4 C:/src/KAU_EMBEDED_19/Quartus/software/DEFAULT_SETTING_bsp/\libhal_bsp.a(alt_irq_vars.o)
                0x000000000000dfe8                alt_priority_mask
 .sdata         0x000000000000dfec        0x4 C:/src/KAU_EMBEDED_19/Quartus/software/DEFAULT_SETTING_bsp/\libhal_bsp.a(alt_sbrk.o)
 .sdata         0x000000000000dff0        0x8 C:/src/KAU_EMBEDED_19/Quartus/software/DEFAULT_SETTING_bsp/\libhal_bsp.a(alt_tick.o)
                0x000000000000dff0                alt_alarm_list
 *(.sdata2 .sdata2.* .gnu.linkonce.s2.*)
                0x000000000000dff8                . = ALIGN (0x4)
                0x000000000000dff8                _edata = ABSOLUTE (.)
                [!provide]                        PROVIDE (edata, ABSOLUTE (.))
                0x000000000000dff8                PROVIDE (__ram_rwdata_end, ABSOLUTE (.))
                0x000000000000dff8                PROVIDE (__flash_rwdata_start, LOADADDR (.rwdata))

.bss            0x000000000000fcb8   0x450a70
                0x000000000000fcb8                __bss_start = ABSOLUTE (.)
                [!provide]                        PROVIDE (__sbss_start, ABSOLUTE (.))
                [!provide]                        PROVIDE (___sbss_start, ABSOLUTE (.))
 *(.dynsbss)
 *(.sbss .sbss.* .gnu.linkonce.sb.*)
 .sbss          0x000000000000fcb8        0xc obj/default/main.o
                0x000000000000fcb8                Audio_Recording
                0x000000000000fcbc                Audio_Play
                0x000000000000fcc0                Audio_Buffer_index
 .sbss          0x000000000000fcc4        0x4 obj/default/main.o
                0x000000000000fcc4                pixel_buffer_start
 .sbss.__malloc_max_total_mem
                0x000000000000fcc8        0x4 c:/intelfpga_lite/16.1/nios2eds/bin/gnu/h-x86_64-mingw32/bin/../lib/gcc/nios2-elf/5.3.0/../../../../../H-x86_64-mingw32/nios2-elf/lib/mhw-mulx\libc.a(lib_a-mallocr.o)
                0x000000000000fcc8                __malloc_max_total_mem
 .sbss.__malloc_max_sbrked_mem
                0x000000000000fccc        0x4 c:/intelfpga_lite/16.1/nios2eds/bin/gnu/h-x86_64-mingw32/bin/../lib/gcc/nios2-elf/5.3.0/../../../../../H-x86_64-mingw32/nios2-elf/lib/mhw-mulx\libc.a(lib_a-mallocr.o)
                0x000000000000fccc                __malloc_max_sbrked_mem
 .sbss.__malloc_top_pad
                0x000000000000fcd0        0x4 c:/intelfpga_lite/16.1/nios2eds/bin/gnu/h-x86_64-mingw32/bin/../lib/gcc/nios2-elf/5.3.0/../../../../../H-x86_64-mingw32/nios2-elf/lib/mhw-mulx\libc.a(lib_a-mallocr.o)
                0x000000000000fcd0                __malloc_top_pad
 .sbss          0x000000000000fcd4        0x4 c:/intelfpga_lite/16.1/nios2eds/bin/gnu/h-x86_64-mingw32/bin/../lib/gcc/nios2-elf/5.3.0/../../../../../H-x86_64-mingw32/nios2-elf/lib/mhw-mulx\libc.a(lib_a-int_errno.o)
                0x000000000000fcd4                errno
 .sbss          0x000000000000fcd8        0x4 C:/src/KAU_EMBEDED_19/Quartus/software/DEFAULT_SETTING_bsp/\libhal_bsp.a(alt_irq_vars.o)
                0x000000000000fcd8                alt_irq_active
 .sbss          0x000000000000fcdc        0xc C:/src/KAU_EMBEDED_19/Quartus/software/DEFAULT_SETTING_bsp/\libhal_bsp.a(alt_main.o)
                0x000000000000fcdc                alt_argc
                0x000000000000fce0                alt_argv
                0x000000000000fce4                alt_envp
 .sbss          0x000000000000fce8        0x8 C:/src/KAU_EMBEDED_19/Quartus/software/DEFAULT_SETTING_bsp/\libhal_bsp.a(alt_tick.o)
                0x000000000000fce8                _alt_tick_rate
                0x000000000000fcec                _alt_nticks
 .sbss          0x000000000000fcf0        0x4 C:/src/KAU_EMBEDED_19/Quartus/software/DEFAULT_SETTING_bsp/\libhal_bsp.a(alt_instruction_exception_entry.o)
                0x000000000000fcf0                alt_instruction_exception_handler
 *(.sbss2 .sbss2.* .gnu.linkonce.sb2.*)
 *(.scommon)
                [!provide]                        PROVIDE (__sbss_end, ABSOLUTE (.))
                [!provide]                        PROVIDE (___sbss_end, ABSOLUTE (.))
 *(.dynbss)
 *(.bss .bss.* .gnu.linkonce.b.*)
 .bss           0x000000000000fcf4        0x0 C:/src/KAU_EMBEDED_19/Quartus/software/DEFAULT_SETTING_bsp//obj/HAL/src/crt0.o
 .bss           0x000000000000fcf4        0x0 obj/default/main.o
 .bss           0x000000000000fcf4        0x0 c:/intelfpga_lite/16.1/nios2eds/bin/gnu/h-x86_64-mingw32/bin/../lib/gcc/nios2-elf/5.3.0/../../../../../H-x86_64-mingw32/nios2-elf/lib/mhw-mulx\libc.a(lib_a-puts.o)
 .bss           0x000000000000fcf4        0x0 c:/intelfpga_lite/16.1/nios2eds/bin/gnu/h-x86_64-mingw32/bin/../lib/gcc/nios2-elf/5.3.0/../../../../../H-x86_64-mingw32/nios2-elf/lib/mhw-mulx\libc.a(lib_a-strlen.o)
 .bss           0x000000000000fcf4        0x0 c:/intelfpga_lite/16.1/nios2eds/bin/gnu/h-x86_64-mingw32/bin/../lib/gcc/nios2-elf/5.3.0/../../../../../H-x86_64-mingw32/nios2-elf/lib/mhw-mulx\libc.a(lib_a-findfp.o)
 .bss           0x000000000000fcf4        0x0 c:/intelfpga_lite/16.1/nios2eds/bin/gnu/h-x86_64-mingw32/bin/../lib/gcc/nios2-elf/5.3.0/../../../../../H-x86_64-mingw32/nios2-elf/lib/mhw-mulx\libc.a(lib_a-fvwrite.o)
 .bss           0x000000000000fcf4        0x0 c:/intelfpga_lite/16.1/nios2eds/bin/gnu/h-x86_64-mingw32/bin/../lib/gcc/nios2-elf/5.3.0/../../../../../H-x86_64-mingw32/nios2-elf/lib/mhw-mulx\libc.a(lib_a-fwalk.o)
 .bss           0x000000000000fcf4        0x0 c:/intelfpga_lite/16.1/nios2eds/bin/gnu/h-x86_64-mingw32/bin/../lib/gcc/nios2-elf/5.3.0/../../../../../H-x86_64-mingw32/nios2-elf/lib/mhw-mulx\libc.a(lib_a-impure.o)
 .bss           0x000000000000fcf4        0x0 c:/intelfpga_lite/16.1/nios2eds/bin/gnu/h-x86_64-mingw32/bin/../lib/gcc/nios2-elf/5.3.0/../../../../../H-x86_64-mingw32/nios2-elf/lib/mhw-mulx\libc.a(lib_a-mallocr.o)
 .bss.__malloc_current_mallinfo
                0x000000000000fcf4       0x28 c:/intelfpga_lite/16.1/nios2eds/bin/gnu/h-x86_64-mingw32/bin/../lib/gcc/nios2-elf/5.3.0/../../../../../H-x86_64-mingw32/nios2-elf/lib/mhw-mulx\libc.a(lib_a-mallocr.o)
                0x000000000000fcf4                __malloc_current_mallinfo
 .bss           0x000000000000fd1c        0x0 c:/intelfpga_lite/16.1/nios2eds/bin/gnu/h-x86_64-mingw32/bin/../lib/gcc/nios2-elf/5.3.0/../../../../../H-x86_64-mingw32/nios2-elf/lib/mhw-mulx\libc.a(lib_a-memchr.o)
 .bss           0x000000000000fd1c        0x0 c:/intelfpga_lite/16.1/nios2eds/bin/gnu/h-x86_64-mingw32/bin/../lib/gcc/nios2-elf/5.3.0/../../../../../H-x86_64-mingw32/nios2-elf/lib/mhw-mulx\libc.a(lib_a-memcpy.o)
 .bss           0x000000000000fd1c        0x0 c:/intelfpga_lite/16.1/nios2eds/bin/gnu/h-x86_64-mingw32/bin/../lib/gcc/nios2-elf/5.3.0/../../../../../H-x86_64-mingw32/nios2-elf/lib/mhw-mulx\libc.a(lib_a-memmove.o)
 .bss           0x000000000000fd1c        0x0 c:/intelfpga_lite/16.1/nios2eds/bin/gnu/h-x86_64-mingw32/bin/../lib/gcc/nios2-elf/5.3.0/../../../../../H-x86_64-mingw32/nios2-elf/lib/mhw-mulx\libc.a(lib_a-memset.o)
 .bss           0x000000000000fd1c        0x0 c:/intelfpga_lite/16.1/nios2eds/bin/gnu/h-x86_64-mingw32/bin/../lib/gcc/nios2-elf/5.3.0/../../../../../H-x86_64-mingw32/nios2-elf/lib/mhw-mulx\libc.a(lib_a-reallocr.o)
 .bss           0x000000000000fd1c        0x0 c:/intelfpga_lite/16.1/nios2eds/bin/gnu/h-x86_64-mingw32/bin/../lib/gcc/nios2-elf/5.3.0/../../../../../H-x86_64-mingw32/nios2-elf/lib/mhw-mulx\libc.a(lib_a-sbrkr.o)
 .bss           0x000000000000fd1c        0x0 c:/intelfpga_lite/16.1/nios2eds/bin/gnu/h-x86_64-mingw32/bin/../lib/gcc/nios2-elf/5.3.0/../../../../../H-x86_64-mingw32/nios2-elf/lib/mhw-mulx\libc.a(lib_a-stdio.o)
 .bss           0x000000000000fd1c        0x0 c:/intelfpga_lite/16.1/nios2eds/bin/gnu/h-x86_64-mingw32/bin/../lib/gcc/nios2-elf/5.3.0/../../../../../H-x86_64-mingw32/nios2-elf/lib/mhw-mulx\libc.a(lib_a-writer.o)
 .bss           0x000000000000fd1c        0x0 c:/intelfpga_lite/16.1/nios2eds/bin/gnu/h-x86_64-mingw32/bin/../lib/gcc/nios2-elf/5.3.0/../../../../../H-x86_64-mingw32/nios2-elf/lib/mhw-mulx\libc.a(lib_a-wsetup.o)
 .bss           0x000000000000fd1c        0x0 c:/intelfpga_lite/16.1/nios2eds/bin/gnu/h-x86_64-mingw32/bin/../lib/gcc/nios2-elf/5.3.0/../../../../../H-x86_64-mingw32/nios2-elf/lib/mhw-mulx\libc.a(closer.o)
 .bss           0x000000000000fd1c        0x0 c:/intelfpga_lite/16.1/nios2eds/bin/gnu/h-x86_64-mingw32/bin/../lib/gcc/nios2-elf/5.3.0/../../../../../H-x86_64-mingw32/nios2-elf/lib/mhw-mulx\libc.a(lib_a-fclose.o)
 .bss           0x000000000000fd1c        0x0 c:/intelfpga_lite/16.1/nios2eds/bin/gnu/h-x86_64-mingw32/bin/../lib/gcc/nios2-elf/5.3.0/../../../../../H-x86_64-mingw32/nios2-elf/lib/mhw-mulx\libc.a(lib_a-fflush.o)
 .bss           0x000000000000fd1c        0x0 c:/intelfpga_lite/16.1/nios2eds/bin/gnu/h-x86_64-mingw32/bin/../lib/gcc/nios2-elf/5.3.0/../../../../../H-x86_64-mingw32/nios2-elf/lib/mhw-mulx\libc.a(lib_a-freer.o)
 .bss           0x000000000000fd1c        0x0 c:/intelfpga_lite/16.1/nios2eds/bin/gnu/h-x86_64-mingw32/bin/../lib/gcc/nios2-elf/5.3.0/../../../../../H-x86_64-mingw32/nios2-elf/lib/mhw-mulx\libc.a(lib_a-int_errno.o)
 .bss           0x000000000000fd1c        0x0 c:/intelfpga_lite/16.1/nios2eds/bin/gnu/h-x86_64-mingw32/bin/../lib/gcc/nios2-elf/5.3.0/../../../../../H-x86_64-mingw32/nios2-elf/lib/mhw-mulx\libc.a(lib_a-lseekr.o)
 .bss           0x000000000000fd1c        0x0 c:/intelfpga_lite/16.1/nios2eds/bin/gnu/h-x86_64-mingw32/bin/../lib/gcc/nios2-elf/5.3.0/../../../../../H-x86_64-mingw32/nios2-elf/lib/mhw-mulx\libc.a(lib_a-makebuf.o)
 .bss           0x000000000000fd1c        0x0 c:/intelfpga_lite/16.1/nios2eds/bin/gnu/h-x86_64-mingw32/bin/../lib/gcc/nios2-elf/5.3.0/../../../../../H-x86_64-mingw32/nios2-elf/lib/mhw-mulx\libc.a(lib_a-readr.o)
 .bss           0x000000000000fd1c        0x0 c:/intelfpga_lite/16.1/nios2eds/bin/gnu/h-x86_64-mingw32/bin/../lib/gcc/nios2-elf/5.3.0/../../../../../H-x86_64-mingw32/nios2-elf/lib/mhw-mulx\libc.a(lib_a-fstatr.o)
 .bss           0x000000000000fd1c        0x0 c:/intelfpga_lite/16.1/nios2eds/bin/gnu/h-x86_64-mingw32/bin/../lib/gcc/nios2-elf/5.3.0/../../../../../H-x86_64-mingw32/nios2-elf/lib/mhw-mulx\libc.a(lib_a-isattyr.o)
 .bss           0x000000000000fd1c        0x0 c:/intelfpga_lite/16.1/nios2eds/bin/gnu/h-x86_64-mingw32/bin/../lib/gcc/nios2-elf/5.3.0/mhw-mulx\libgcc.a(lib2-divmod.o)
 .bss           0x000000000000fd1c        0x0 C:/src/KAU_EMBEDED_19/Quartus/software/DEFAULT_SETTING_bsp/\libhal_bsp.a(alt_close.o)
 .bss           0x000000000000fd1c        0x0 C:/src/KAU_EMBEDED_19/Quartus/software/DEFAULT_SETTING_bsp/\libhal_bsp.a(alt_dev.o)
 .bss           0x000000000000fd1c        0x0 C:/src/KAU_EMBEDED_19/Quartus/software/DEFAULT_SETTING_bsp/\libhal_bsp.a(alt_errno.o)
 .bss           0x000000000000fd1c        0x0 C:/src/KAU_EMBEDED_19/Quartus/software/DEFAULT_SETTING_bsp/\libhal_bsp.a(alt_fstat.o)
 .bss           0x000000000000fd1c        0x0 C:/src/KAU_EMBEDED_19/Quartus/software/DEFAULT_SETTING_bsp/\libhal_bsp.a(alt_irq_register.o)
 .bss           0x000000000000fd1c        0x0 C:/src/KAU_EMBEDED_19/Quartus/software/DEFAULT_SETTING_bsp/\libhal_bsp.a(alt_irq_vars.o)
 .bss           0x000000000000fd1c        0x0 C:/src/KAU_EMBEDED_19/Quartus/software/DEFAULT_SETTING_bsp/\libhal_bsp.a(alt_isatty.o)
 .bss           0x000000000000fd1c        0x0 C:/src/KAU_EMBEDED_19/Quartus/software/DEFAULT_SETTING_bsp/\libhal_bsp.a(alt_load.o)
 .bss           0x000000000000fd1c        0x0 C:/src/KAU_EMBEDED_19/Quartus/software/DEFAULT_SETTING_bsp/\libhal_bsp.a(alt_lseek.o)
 .bss           0x000000000000fd1c        0x0 C:/src/KAU_EMBEDED_19/Quartus/software/DEFAULT_SETTING_bsp/\libhal_bsp.a(alt_main.o)
 .bss           0x000000000000fd1c        0x0 C:/src/KAU_EMBEDED_19/Quartus/software/DEFAULT_SETTING_bsp/\libhal_bsp.a(alt_malloc_lock.o)
 .bss           0x000000000000fd1c        0x0 C:/src/KAU_EMBEDED_19/Quartus/software/DEFAULT_SETTING_bsp/\libhal_bsp.a(alt_read.o)
 .bss           0x000000000000fd1c        0x0 C:/src/KAU_EMBEDED_19/Quartus/software/DEFAULT_SETTING_bsp/\libhal_bsp.a(alt_release_fd.o)
 .bss           0x000000000000fd1c        0x0 C:/src/KAU_EMBEDED_19/Quartus/software/DEFAULT_SETTING_bsp/\libhal_bsp.a(alt_sbrk.o)
 .bss           0x000000000000fd1c        0x0 C:/src/KAU_EMBEDED_19/Quartus/software/DEFAULT_SETTING_bsp/\libhal_bsp.a(alt_write.o)
 .bss           0x000000000000fd1c        0x0 C:/src/KAU_EMBEDED_19/Quartus/software/DEFAULT_SETTING_bsp/\libhal_bsp.a(alt_sys_init.o)
 .bss           0x000000000000fd1c        0x0 C:/src/KAU_EMBEDED_19/Quartus/software/DEFAULT_SETTING_bsp/\libhal_bsp.a(altera_avalon_jtag_uart_fd.o)
 .bss           0x000000000000fd1c        0x0 C:/src/KAU_EMBEDED_19/Quartus/software/DEFAULT_SETTING_bsp/\libhal_bsp.a(altera_avalon_jtag_uart_init.o)
 .bss           0x000000000000fd1c        0x0 C:/src/KAU_EMBEDED_19/Quartus/software/DEFAULT_SETTING_bsp/\libhal_bsp.a(altera_avalon_jtag_uart_ioctl.o)
 .bss           0x000000000000fd1c        0x0 C:/src/KAU_EMBEDED_19/Quartus/software/DEFAULT_SETTING_bsp/\libhal_bsp.a(altera_avalon_jtag_uart_read.o)
 .bss           0x000000000000fd1c        0x0 C:/src/KAU_EMBEDED_19/Quartus/software/DEFAULT_SETTING_bsp/\libhal_bsp.a(altera_avalon_jtag_uart_write.o)
 .bss           0x000000000000fd1c        0x0 C:/src/KAU_EMBEDED_19/Quartus/software/DEFAULT_SETTING_bsp/\libhal_bsp.a(altera_avalon_timer_sc.o)
 .bss           0x000000000000fd1c        0x0 C:/src/KAU_EMBEDED_19/Quartus/software/DEFAULT_SETTING_bsp/\libhal_bsp.a(altera_up_avalon_irda.o)
 .bss           0x000000000000fd1c        0x0 C:/src/KAU_EMBEDED_19/Quartus/software/DEFAULT_SETTING_bsp/\libhal_bsp.a(altera_up_avalon_ps2.o)
 .bss           0x000000000000fd1c        0x0 C:/src/KAU_EMBEDED_19/Quartus/software/DEFAULT_SETTING_bsp/\libhal_bsp.a(alt_alarm_start.o)
 .bss           0x000000000000fd1c        0x0 C:/src/KAU_EMBEDED_19/Quartus/software/DEFAULT_SETTING_bsp/\libhal_bsp.a(alt_dcache_flush_all.o)
 .bss           0x000000000000fd1c        0x0 C:/src/KAU_EMBEDED_19/Quartus/software/DEFAULT_SETTING_bsp/\libhal_bsp.a(alt_dev_llist_insert.o)
 .bss           0x000000000000fd1c        0x0 C:/src/KAU_EMBEDED_19/Quartus/software/DEFAULT_SETTING_bsp/\libhal_bsp.a(alt_do_ctors.o)
 .bss           0x000000000000fd1c        0x0 C:/src/KAU_EMBEDED_19/Quartus/software/DEFAULT_SETTING_bsp/\libhal_bsp.a(alt_do_dtors.o)
 .bss           0x000000000000fd1c        0x0 C:/src/KAU_EMBEDED_19/Quartus/software/DEFAULT_SETTING_bsp/\libhal_bsp.a(alt_find_dev.o)
 .bss           0x000000000000fd1c        0x0 C:/src/KAU_EMBEDED_19/Quartus/software/DEFAULT_SETTING_bsp/\libhal_bsp.a(alt_icache_flush_all.o)
 .bss           0x000000000000fd1c        0x0 C:/src/KAU_EMBEDED_19/Quartus/software/DEFAULT_SETTING_bsp/\libhal_bsp.a(alt_io_redirect.o)
 .bss           0x000000000000fd1c        0x0 C:/src/KAU_EMBEDED_19/Quartus/software/DEFAULT_SETTING_bsp/\libhal_bsp.a(alt_irq_entry.o)
 .bss           0x000000000000fd1c        0x0 C:/src/KAU_EMBEDED_19/Quartus/software/DEFAULT_SETTING_bsp/\libhal_bsp.a(alt_irq_handler.o)
 .bss           0x000000000000fd1c        0x0 C:/src/KAU_EMBEDED_19/Quartus/software/DEFAULT_SETTING_bsp/\libhal_bsp.a(alt_open.o)
 .bss           0x000000000000fd1c        0x0 C:/src/KAU_EMBEDED_19/Quartus/software/DEFAULT_SETTING_bsp/\libhal_bsp.a(alt_tick.o)
 .bss           0x000000000000fd1c        0x0 C:/src/KAU_EMBEDED_19/Quartus/software/DEFAULT_SETTING_bsp/\libhal_bsp.a(altera_nios2_gen2_irq.o)
 .bss           0x000000000000fd1c        0x0 C:/src/KAU_EMBEDED_19/Quartus/software/DEFAULT_SETTING_bsp/\libhal_bsp.a(alt_exception_entry.o)
 .bss           0x000000000000fd1c        0x0 C:/src/KAU_EMBEDED_19/Quartus/software/DEFAULT_SETTING_bsp/\libhal_bsp.a(alt_find_file.o)
 .bss           0x000000000000fd1c        0x0 C:/src/KAU_EMBEDED_19/Quartus/software/DEFAULT_SETTING_bsp/\libhal_bsp.a(alt_get_fd.o)
 .bss           0x000000000000fd1c        0x0 C:/src/KAU_EMBEDED_19/Quartus/software/DEFAULT_SETTING_bsp/\libhal_bsp.a(alt_icache_flush.o)
 .bss           0x000000000000fd1c        0x0 C:/src/KAU_EMBEDED_19/Quartus/software/DEFAULT_SETTING_bsp/\libhal_bsp.a(alt_instruction_exception_entry.o)
 .bss           0x000000000000fd1c        0x0 c:/intelfpga_lite/16.1/nios2eds/bin/gnu/h-x86_64-mingw32/bin/../lib/gcc/nios2-elf/5.3.0/../../../../../H-x86_64-mingw32/nios2-elf/lib/mhw-mulx\libc.a(lib_a-atexit.o)
 .bss           0x000000000000fd1c        0x0 c:/intelfpga_lite/16.1/nios2eds/bin/gnu/h-x86_64-mingw32/bin/../lib/gcc/nios2-elf/5.3.0/../../../../../H-x86_64-mingw32/nios2-elf/lib/mhw-mulx\libc.a(lib_a-exit.o)
 .bss           0x000000000000fd1c        0x0 c:/intelfpga_lite/16.1/nios2eds/bin/gnu/h-x86_64-mingw32/bin/../lib/gcc/nios2-elf/5.3.0/../../../../../H-x86_64-mingw32/nios2-elf/lib/mhw-mulx\libc.a(lib_a-memcmp.o)
 .bss           0x000000000000fd1c        0x0 c:/intelfpga_lite/16.1/nios2eds/bin/gnu/h-x86_64-mingw32/bin/../lib/gcc/nios2-elf/5.3.0/../../../../../H-x86_64-mingw32/nios2-elf/lib/mhw-mulx\libc.a(lib_a-__atexit.o)
 .bss           0x000000000000fd1c        0x0 c:/intelfpga_lite/16.1/nios2eds/bin/gnu/h-x86_64-mingw32/bin/../lib/gcc/nios2-elf/5.3.0/../../../../../H-x86_64-mingw32/nios2-elf/lib/mhw-mulx\libc.a(lib_a-__call_atexit.o)
 .bss           0x000000000000fd1c        0x0 C:/src/KAU_EMBEDED_19/Quartus/software/DEFAULT_SETTING_bsp/\libhal_bsp.a(alt_exit.o)
 *(COMMON)
 COMMON         0x000000000000fd1c   0x45090c obj/default/main.o
                0x000000000000fd1c                front_buffer
                0x000000000004fd1c                r_buf
                0x000000000023819c                back_buffer
                0x000000000027819c                l_buf
                0x000000000046061c                currentTime
 COMMON         0x0000000000460628      0x100 C:/src/KAU_EMBEDED_19/Quartus/software/DEFAULT_SETTING_bsp/\libhal_bsp.a(alt_irq_handler.o)
                0x0000000000460628                alt_irq
                0x0000000000460728                . = ALIGN (0x4)
                0x0000000000460728                __bss_end = ABSOLUTE (.)

.SDRAM          0x0000000000460728        0x0
                [!provide]                        PROVIDE (_alt_partition_SDRAM_start, ABSOLUTE (.))
 *(.SDRAM .SDRAM. SDRAM.*)
                0x0000000000460728                . = ALIGN (0x4)
                [!provide]                        PROVIDE (_alt_partition_SDRAM_end, ABSOLUTE (.))
                0x0000000000460728                _end = ABSOLUTE (.)
                0x0000000000460728                end = ABSOLUTE (.)
                0x0000000000460728                __alt_stack_base = ABSOLUTE (.)
                [!provide]                        PROVIDE (_alt_partition_SDRAM_load_addr, LOADADDR (.SDRAM))

.Onchip_SRAM    0x0000000008000000        0x0 load address 0x0000000000460728
                [!provide]                        PROVIDE (_alt_partition_Onchip_SRAM_start, ABSOLUTE (.))
 *(.Onchip_SRAM .Onchip_SRAM. Onchip_SRAM.*)
                0x0000000008000000                . = ALIGN (0x4)
                [!provide]                        PROVIDE (_alt_partition_Onchip_SRAM_end, ABSOLUTE (.))
                [!provide]                        PROVIDE (_alt_partition_Onchip_SRAM_load_addr, LOADADDR (.Onchip_SRAM))

.VGA_Subsystem_Char_Buf_Subsystem_Onchip_SRAM
                0x0000000009000000        0x0 load address 0x0000000000460728
                [!provide]                        PROVIDE (_alt_partition_VGA_Subsystem_Char_Buf_Subsystem_Onchip_SRAM_start, ABSOLUTE (.))
 *(.VGA_Subsystem_Char_Buf_Subsystem_Onchip_SRAM .VGA_Subsystem_Char_Buf_Subsystem_Onchip_SRAM. VGA_Subsystem_Char_Buf_Subsystem_Onchip_SRAM.*)
                0x0000000009000000                . = ALIGN (0x4)
                [!provide]                        PROVIDE (_alt_partition_VGA_Subsystem_Char_Buf_Subsystem_Onchip_SRAM_end, ABSOLUTE (.))
                [!provide]                        PROVIDE (_alt_partition_VGA_Subsystem_Char_Buf_Subsystem_Onchip_SRAM_load_addr, LOADADDR (.VGA_Subsystem_Char_Buf_Subsystem_Onchip_SRAM))

.ARM_A9_HPS_axi_sdram
                0x0000000040000000        0x0 load address 0x0000000000460728
                [!provide]                        PROVIDE (_alt_partition_ARM_A9_HPS_axi_sdram_start, ABSOLUTE (.))
 *(.ARM_A9_HPS_axi_sdram .ARM_A9_HPS_axi_sdram. ARM_A9_HPS_axi_sdram.*)
                0x0000000040000000                . = ALIGN (0x4)
                [!provide]                        PROVIDE (_alt_partition_ARM_A9_HPS_axi_sdram_end, ABSOLUTE (.))
                [!provide]                        PROVIDE (_alt_partition_ARM_A9_HPS_axi_sdram_load_addr, LOADADDR (.ARM_A9_HPS_axi_sdram))

.stab
 *(.stab)

.stabstr
 *(.stabstr)

.stab.excl
 *(.stab.excl)

.stab.exclstr
 *(.stab.exclstr)

.stab.index
 *(.stab.index)

.stab.indexstr
 *(.stab.indexstr)

.comment        0x0000000000000000       0x23
 *(.comment)
 .comment       0x0000000000000000       0x23 obj/default/main.o
                                         0x24 (size before relaxing)
 .comment       0x0000000000000023       0x24 c:/intelfpga_lite/16.1/nios2eds/bin/gnu/h-x86_64-mingw32/bin/../lib/gcc/nios2-elf/5.3.0/../../../../../H-x86_64-mingw32/nios2-elf/lib/mhw-mulx\libc.a(lib_a-puts.o)
 .comment       0x0000000000000023       0x24 c:/intelfpga_lite/16.1/nios2eds/bin/gnu/h-x86_64-mingw32/bin/../lib/gcc/nios2-elf/5.3.0/../../../../../H-x86_64-mingw32/nios2-elf/lib/mhw-mulx\libc.a(lib_a-strlen.o)
 .comment       0x0000000000000023       0x24 c:/intelfpga_lite/16.1/nios2eds/bin/gnu/h-x86_64-mingw32/bin/../lib/gcc/nios2-elf/5.3.0/../../../../../H-x86_64-mingw32/nios2-elf/lib/mhw-mulx\libc.a(lib_a-findfp.o)
 .comment       0x0000000000000023       0x24 c:/intelfpga_lite/16.1/nios2eds/bin/gnu/h-x86_64-mingw32/bin/../lib/gcc/nios2-elf/5.3.0/../../../../../H-x86_64-mingw32/nios2-elf/lib/mhw-mulx\libc.a(lib_a-fvwrite.o)
 .comment       0x0000000000000023       0x24 c:/intelfpga_lite/16.1/nios2eds/bin/gnu/h-x86_64-mingw32/bin/../lib/gcc/nios2-elf/5.3.0/../../../../../H-x86_64-mingw32/nios2-elf/lib/mhw-mulx\libc.a(lib_a-fwalk.o)
 .comment       0x0000000000000023       0x24 c:/intelfpga_lite/16.1/nios2eds/bin/gnu/h-x86_64-mingw32/bin/../lib/gcc/nios2-elf/5.3.0/../../../../../H-x86_64-mingw32/nios2-elf/lib/mhw-mulx\libc.a(lib_a-impure.o)
 .comment       0x0000000000000023       0x24 c:/intelfpga_lite/16.1/nios2eds/bin/gnu/h-x86_64-mingw32/bin/../lib/gcc/nios2-elf/5.3.0/../../../../../H-x86_64-mingw32/nios2-elf/lib/mhw-mulx\libc.a(lib_a-mallocr.o)
 .comment       0x0000000000000023       0x24 c:/intelfpga_lite/16.1/nios2eds/bin/gnu/h-x86_64-mingw32/bin/../lib/gcc/nios2-elf/5.3.0/../../../../../H-x86_64-mingw32/nios2-elf/lib/mhw-mulx\libc.a(lib_a-memchr.o)
 .comment       0x0000000000000023       0x24 c:/intelfpga_lite/16.1/nios2eds/bin/gnu/h-x86_64-mingw32/bin/../lib/gcc/nios2-elf/5.3.0/../../../../../H-x86_64-mingw32/nios2-elf/lib/mhw-mulx\libc.a(lib_a-memcpy.o)
 .comment       0x0000000000000023       0x24 c:/intelfpga_lite/16.1/nios2eds/bin/gnu/h-x86_64-mingw32/bin/../lib/gcc/nios2-elf/5.3.0/../../../../../H-x86_64-mingw32/nios2-elf/lib/mhw-mulx\libc.a(lib_a-memmove.o)
 .comment       0x0000000000000023       0x24 c:/intelfpga_lite/16.1/nios2eds/bin/gnu/h-x86_64-mingw32/bin/../lib/gcc/nios2-elf/5.3.0/../../../../../H-x86_64-mingw32/nios2-elf/lib/mhw-mulx\libc.a(lib_a-memset.o)
 .comment       0x0000000000000023       0x24 c:/intelfpga_lite/16.1/nios2eds/bin/gnu/h-x86_64-mingw32/bin/../lib/gcc/nios2-elf/5.3.0/../../../../../H-x86_64-mingw32/nios2-elf/lib/mhw-mulx\libc.a(lib_a-reallocr.o)
 .comment       0x0000000000000023       0x24 c:/intelfpga_lite/16.1/nios2eds/bin/gnu/h-x86_64-mingw32/bin/../lib/gcc/nios2-elf/5.3.0/../../../../../H-x86_64-mingw32/nios2-elf/lib/mhw-mulx\libc.a(lib_a-sbrkr.o)
 .comment       0x0000000000000023       0x24 c:/intelfpga_lite/16.1/nios2eds/bin/gnu/h-x86_64-mingw32/bin/../lib/gcc/nios2-elf/5.3.0/../../../../../H-x86_64-mingw32/nios2-elf/lib/mhw-mulx\libc.a(lib_a-stdio.o)
 .comment       0x0000000000000023       0x24 c:/intelfpga_lite/16.1/nios2eds/bin/gnu/h-x86_64-mingw32/bin/../lib/gcc/nios2-elf/5.3.0/../../../../../H-x86_64-mingw32/nios2-elf/lib/mhw-mulx\libc.a(lib_a-writer.o)
 .comment       0x0000000000000023       0x24 c:/intelfpga_lite/16.1/nios2eds/bin/gnu/h-x86_64-mingw32/bin/../lib/gcc/nios2-elf/5.3.0/../../../../../H-x86_64-mingw32/nios2-elf/lib/mhw-mulx\libc.a(lib_a-wsetup.o)
 .comment       0x0000000000000023       0x24 c:/intelfpga_lite/16.1/nios2eds/bin/gnu/h-x86_64-mingw32/bin/../lib/gcc/nios2-elf/5.3.0/../../../../../H-x86_64-mingw32/nios2-elf/lib/mhw-mulx\libc.a(closer.o)
 .comment       0x0000000000000023       0x24 c:/intelfpga_lite/16.1/nios2eds/bin/gnu/h-x86_64-mingw32/bin/../lib/gcc/nios2-elf/5.3.0/../../../../../H-x86_64-mingw32/nios2-elf/lib/mhw-mulx\libc.a(lib_a-fclose.o)
 .comment       0x0000000000000023       0x24 c:/intelfpga_lite/16.1/nios2eds/bin/gnu/h-x86_64-mingw32/bin/../lib/gcc/nios2-elf/5.3.0/../../../../../H-x86_64-mingw32/nios2-elf/lib/mhw-mulx\libc.a(lib_a-fflush.o)
 .comment       0x0000000000000023       0x24 c:/intelfpga_lite/16.1/nios2eds/bin/gnu/h-x86_64-mingw32/bin/../lib/gcc/nios2-elf/5.3.0/../../../../../H-x86_64-mingw32/nios2-elf/lib/mhw-mulx\libc.a(lib_a-freer.o)
 .comment       0x0000000000000023       0x24 c:/intelfpga_lite/16.1/nios2eds/bin/gnu/h-x86_64-mingw32/bin/../lib/gcc/nios2-elf/5.3.0/../../../../../H-x86_64-mingw32/nios2-elf/lib/mhw-mulx\libc.a(lib_a-int_errno.o)
 .comment       0x0000000000000023       0x24 c:/intelfpga_lite/16.1/nios2eds/bin/gnu/h-x86_64-mingw32/bin/../lib/gcc/nios2-elf/5.3.0/../../../../../H-x86_64-mingw32/nios2-elf/lib/mhw-mulx\libc.a(lib_a-lseekr.o)
 .comment       0x0000000000000023       0x24 c:/intelfpga_lite/16.1/nios2eds/bin/gnu/h-x86_64-mingw32/bin/../lib/gcc/nios2-elf/5.3.0/../../../../../H-x86_64-mingw32/nios2-elf/lib/mhw-mulx\libc.a(lib_a-makebuf.o)
 .comment       0x0000000000000023       0x24 c:/intelfpga_lite/16.1/nios2eds/bin/gnu/h-x86_64-mingw32/bin/../lib/gcc/nios2-elf/5.3.0/../../../../../H-x86_64-mingw32/nios2-elf/lib/mhw-mulx\libc.a(lib_a-readr.o)
 .comment       0x0000000000000023       0x24 c:/intelfpga_lite/16.1/nios2eds/bin/gnu/h-x86_64-mingw32/bin/../lib/gcc/nios2-elf/5.3.0/../../../../../H-x86_64-mingw32/nios2-elf/lib/mhw-mulx\libc.a(lib_a-fstatr.o)
 .comment       0x0000000000000023       0x24 c:/intelfpga_lite/16.1/nios2eds/bin/gnu/h-x86_64-mingw32/bin/../lib/gcc/nios2-elf/5.3.0/../../../../../H-x86_64-mingw32/nios2-elf/lib/mhw-mulx\libc.a(lib_a-isattyr.o)
 .comment       0x0000000000000023       0x24 c:/intelfpga_lite/16.1/nios2eds/bin/gnu/h-x86_64-mingw32/bin/../lib/gcc/nios2-elf/5.3.0/mhw-mulx\libgcc.a(lib2-divmod.o)
 .comment       0x0000000000000023       0x24 C:/src/KAU_EMBEDED_19/Quartus/software/DEFAULT_SETTING_bsp/\libhal_bsp.a(alt_close.o)
 .comment       0x0000000000000023       0x24 C:/src/KAU_EMBEDED_19/Quartus/software/DEFAULT_SETTING_bsp/\libhal_bsp.a(alt_dev.o)
 .comment       0x0000000000000023       0x24 C:/src/KAU_EMBEDED_19/Quartus/software/DEFAULT_SETTING_bsp/\libhal_bsp.a(alt_errno.o)
 .comment       0x0000000000000023       0x24 C:/src/KAU_EMBEDED_19/Quartus/software/DEFAULT_SETTING_bsp/\libhal_bsp.a(alt_fstat.o)
 .comment       0x0000000000000023       0x24 C:/src/KAU_EMBEDED_19/Quartus/software/DEFAULT_SETTING_bsp/\libhal_bsp.a(alt_irq_register.o)
 .comment       0x0000000000000023       0x24 C:/src/KAU_EMBEDED_19/Quartus/software/DEFAULT_SETTING_bsp/\libhal_bsp.a(alt_irq_vars.o)
 .comment       0x0000000000000023       0x24 C:/src/KAU_EMBEDED_19/Quartus/software/DEFAULT_SETTING_bsp/\libhal_bsp.a(alt_isatty.o)
 .comment       0x0000000000000023       0x24 C:/src/KAU_EMBEDED_19/Quartus/software/DEFAULT_SETTING_bsp/\libhal_bsp.a(alt_load.o)
 .comment       0x0000000000000023       0x24 C:/src/KAU_EMBEDED_19/Quartus/software/DEFAULT_SETTING_bsp/\libhal_bsp.a(alt_lseek.o)
 .comment       0x0000000000000023       0x24 C:/src/KAU_EMBEDED_19/Quartus/software/DEFAULT_SETTING_bsp/\libhal_bsp.a(alt_main.o)
 .comment       0x0000000000000023       0x24 C:/src/KAU_EMBEDED_19/Quartus/software/DEFAULT_SETTING_bsp/\libhal_bsp.a(alt_malloc_lock.o)
 .comment       0x0000000000000023       0x24 C:/src/KAU_EMBEDED_19/Quartus/software/DEFAULT_SETTING_bsp/\libhal_bsp.a(alt_read.o)
 .comment       0x0000000000000023       0x24 C:/src/KAU_EMBEDED_19/Quartus/software/DEFAULT_SETTING_bsp/\libhal_bsp.a(alt_release_fd.o)
 .comment       0x0000000000000023       0x24 C:/src/KAU_EMBEDED_19/Quartus/software/DEFAULT_SETTING_bsp/\libhal_bsp.a(alt_sbrk.o)
 .comment       0x0000000000000023       0x24 C:/src/KAU_EMBEDED_19/Quartus/software/DEFAULT_SETTING_bsp/\libhal_bsp.a(alt_write.o)
 .comment       0x0000000000000023       0x24 C:/src/KAU_EMBEDED_19/Quartus/software/DEFAULT_SETTING_bsp/\libhal_bsp.a(alt_sys_init.o)
 .comment       0x0000000000000023       0x24 C:/src/KAU_EMBEDED_19/Quartus/software/DEFAULT_SETTING_bsp/\libhal_bsp.a(altera_avalon_jtag_uart_fd.o)
 .comment       0x0000000000000023       0x24 C:/src/KAU_EMBEDED_19/Quartus/software/DEFAULT_SETTING_bsp/\libhal_bsp.a(altera_avalon_jtag_uart_init.o)
 .comment       0x0000000000000023       0x24 C:/src/KAU_EMBEDED_19/Quartus/software/DEFAULT_SETTING_bsp/\libhal_bsp.a(altera_avalon_jtag_uart_ioctl.o)
 .comment       0x0000000000000023       0x24 C:/src/KAU_EMBEDED_19/Quartus/software/DEFAULT_SETTING_bsp/\libhal_bsp.a(altera_avalon_jtag_uart_read.o)
 .comment       0x0000000000000023       0x24 C:/src/KAU_EMBEDED_19/Quartus/software/DEFAULT_SETTING_bsp/\libhal_bsp.a(altera_avalon_jtag_uart_write.o)
 .comment       0x0000000000000023       0x24 C:/src/KAU_EMBEDED_19/Quartus/software/DEFAULT_SETTING_bsp/\libhal_bsp.a(altera_avalon_timer_sc.o)
 .comment       0x0000000000000023       0x24 C:/src/KAU_EMBEDED_19/Quartus/software/DEFAULT_SETTING_bsp/\libhal_bsp.a(altera_up_avalon_irda.o)
 .comment       0x0000000000000023       0x24 C:/src/KAU_EMBEDED_19/Quartus/software/DEFAULT_SETTING_bsp/\libhal_bsp.a(altera_up_avalon_ps2.o)
 .comment       0x0000000000000023       0x24 C:/src/KAU_EMBEDED_19/Quartus/software/DEFAULT_SETTING_bsp/\libhal_bsp.a(alt_alarm_start.o)
 .comment       0x0000000000000023       0x24 C:/src/KAU_EMBEDED_19/Quartus/software/DEFAULT_SETTING_bsp/\libhal_bsp.a(alt_dcache_flush_all.o)
 .comment       0x0000000000000023       0x24 C:/src/KAU_EMBEDED_19/Quartus/software/DEFAULT_SETTING_bsp/\libhal_bsp.a(alt_dev_llist_insert.o)
 .comment       0x0000000000000023       0x24 C:/src/KAU_EMBEDED_19/Quartus/software/DEFAULT_SETTING_bsp/\libhal_bsp.a(alt_do_ctors.o)
 .comment       0x0000000000000023       0x24 C:/src/KAU_EMBEDED_19/Quartus/software/DEFAULT_SETTING_bsp/\libhal_bsp.a(alt_do_dtors.o)
 .comment       0x0000000000000023       0x24 C:/src/KAU_EMBEDED_19/Quartus/software/DEFAULT_SETTING_bsp/\libhal_bsp.a(alt_find_dev.o)
 .comment       0x0000000000000023       0x24 C:/src/KAU_EMBEDED_19/Quartus/software/DEFAULT_SETTING_bsp/\libhal_bsp.a(alt_icache_flush_all.o)
 .comment       0x0000000000000023       0x24 C:/src/KAU_EMBEDED_19/Quartus/software/DEFAULT_SETTING_bsp/\libhal_bsp.a(alt_io_redirect.o)
 .comment       0x0000000000000023       0x24 C:/src/KAU_EMBEDED_19/Quartus/software/DEFAULT_SETTING_bsp/\libhal_bsp.a(alt_irq_handler.o)
 .comment       0x0000000000000023       0x24 C:/src/KAU_EMBEDED_19/Quartus/software/DEFAULT_SETTING_bsp/\libhal_bsp.a(alt_open.o)
 .comment       0x0000000000000023       0x24 C:/src/KAU_EMBEDED_19/Quartus/software/DEFAULT_SETTING_bsp/\libhal_bsp.a(alt_tick.o)
 .comment       0x0000000000000023       0x24 C:/src/KAU_EMBEDED_19/Quartus/software/DEFAULT_SETTING_bsp/\libhal_bsp.a(altera_nios2_gen2_irq.o)
 .comment       0x0000000000000023       0x24 C:/src/KAU_EMBEDED_19/Quartus/software/DEFAULT_SETTING_bsp/\libhal_bsp.a(alt_find_file.o)
 .comment       0x0000000000000023       0x24 C:/src/KAU_EMBEDED_19/Quartus/software/DEFAULT_SETTING_bsp/\libhal_bsp.a(alt_get_fd.o)
 .comment       0x0000000000000023       0x24 C:/src/KAU_EMBEDED_19/Quartus/software/DEFAULT_SETTING_bsp/\libhal_bsp.a(alt_icache_flush.o)
 .comment       0x0000000000000023       0x24 C:/src/KAU_EMBEDED_19/Quartus/software/DEFAULT_SETTING_bsp/\libhal_bsp.a(alt_instruction_exception_entry.o)
 .comment       0x0000000000000023       0x24 c:/intelfpga_lite/16.1/nios2eds/bin/gnu/h-x86_64-mingw32/bin/../lib/gcc/nios2-elf/5.3.0/../../../../../H-x86_64-mingw32/nios2-elf/lib/mhw-mulx\libc.a(lib_a-atexit.o)
 .comment       0x0000000000000023       0x24 c:/intelfpga_lite/16.1/nios2eds/bin/gnu/h-x86_64-mingw32/bin/../lib/gcc/nios2-elf/5.3.0/../../../../../H-x86_64-mingw32/nios2-elf/lib/mhw-mulx\libc.a(lib_a-exit.o)
 .comment       0x0000000000000023       0x24 c:/intelfpga_lite/16.1/nios2eds/bin/gnu/h-x86_64-mingw32/bin/../lib/gcc/nios2-elf/5.3.0/../../../../../H-x86_64-mingw32/nios2-elf/lib/mhw-mulx\libc.a(lib_a-memcmp.o)
 .comment       0x0000000000000023       0x24 c:/intelfpga_lite/16.1/nios2eds/bin/gnu/h-x86_64-mingw32/bin/../lib/gcc/nios2-elf/5.3.0/../../../../../H-x86_64-mingw32/nios2-elf/lib/mhw-mulx\libc.a(lib_a-__atexit.o)
 .comment       0x0000000000000023       0x24 c:/intelfpga_lite/16.1/nios2eds/bin/gnu/h-x86_64-mingw32/bin/../lib/gcc/nios2-elf/5.3.0/../../../../../H-x86_64-mingw32/nios2-elf/lib/mhw-mulx\libc.a(lib_a-__call_atexit.o)
 .comment       0x0000000000000023       0x24 C:/src/KAU_EMBEDED_19/Quartus/software/DEFAULT_SETTING_bsp/\libhal_bsp.a(alt_exit.o)

.debug
 *(.debug)

.line
 *(.line)

.debug_srcinfo
 *(.debug_srcinfo)

.debug_sfnames
 *(.debug_sfnames)

.debug_aranges  0x0000000000000000      0xa50
 *(.debug_aranges)
 .debug_aranges
                0x0000000000000000       0x28 C:/src/KAU_EMBEDED_19/Quartus/software/DEFAULT_SETTING_bsp//obj/HAL/src/crt0.o
 .debug_aranges
                0x0000000000000028       0x20 obj/default/main.o