Archive member included to satisfy reference by file (symbol)

../AlarmClock_bsp/\libhal_bsp.a(alt_irq_register.o)
                              obj/default/hello_world.o (alt_irq_register)
../AlarmClock_bsp/\libhal_bsp.a(alt_irq_vars.o)
                              ../AlarmClock_bsp/\libhal_bsp.a(alt_irq_register.o) (alt_irq_active)
../AlarmClock_bsp/\libhal_bsp.a(alt_load.o)
                              ../AlarmClock_bsp//obj/HAL/src/crt0.o (alt_load)
../AlarmClock_bsp/\libhal_bsp.a(alt_main.o)
                              ../AlarmClock_bsp//obj/HAL/src/crt0.o (alt_main)
../AlarmClock_bsp/\libhal_bsp.a(alt_sys_init.o)
                              ../AlarmClock_bsp/\libhal_bsp.a(alt_main.o) (alt_irq_init)
../AlarmClock_bsp/\libhal_bsp.a(altera_avalon_jtag_uart_fd.o)
                              ../AlarmClock_bsp/\libhal_bsp.a(alt_sys_init.o) (altera_avalon_jtag_uart_read_fd)
../AlarmClock_bsp/\libhal_bsp.a(altera_avalon_jtag_uart_init.o)
                              ../AlarmClock_bsp/\libhal_bsp.a(alt_sys_init.o) (altera_avalon_jtag_uart_init)
../AlarmClock_bsp/\libhal_bsp.a(altera_avalon_jtag_uart_ioctl.o)
                              ../AlarmClock_bsp/\libhal_bsp.a(altera_avalon_jtag_uart_fd.o) (altera_avalon_jtag_uart_ioctl)
../AlarmClock_bsp/\libhal_bsp.a(altera_avalon_jtag_uart_read.o)
                              ../AlarmClock_bsp/\libhal_bsp.a(altera_avalon_jtag_uart_fd.o) (altera_avalon_jtag_uart_read)
../AlarmClock_bsp/\libhal_bsp.a(altera_avalon_jtag_uart_write.o)
                              ../AlarmClock_bsp/\libhal_bsp.a(altera_avalon_jtag_uart_fd.o) (altera_avalon_jtag_uart_write)
../AlarmClock_bsp/\libhal_bsp.a(altera_avalon_timer_sc.o)
                              ../AlarmClock_bsp/\libhal_bsp.a(alt_sys_init.o) (alt_avalon_timer_sc_init)
../AlarmClock_bsp/\libhal_bsp.a(altera_up_avalon_irda.o)
                              ../AlarmClock_bsp/\libhal_bsp.a(alt_sys_init.o) (alt_up_irda_read_fd)
../AlarmClock_bsp/\libhal_bsp.a(altera_up_avalon_ps2.o)
                              ../AlarmClock_bsp/\libhal_bsp.a(alt_sys_init.o) (alt_up_ps2_init)
../AlarmClock_bsp/\libhal_bsp.a(alt_alarm_start.o)
                              ../AlarmClock_bsp/\libhal_bsp.a(altera_avalon_jtag_uart_init.o) (alt_alarm_start)
../AlarmClock_bsp/\libhal_bsp.a(alt_close.o)
                              ../AlarmClock_bsp/\libhal_bsp.a(alt_main.o) (close)
../AlarmClock_bsp/\libhal_bsp.a(alt_dcache_flush_all.o)
                              ../AlarmClock_bsp/\libhal_bsp.a(alt_load.o) (alt_dcache_flush_all)
../AlarmClock_bsp/\libhal_bsp.a(alt_dev.o)
                              ../AlarmClock_bsp/\libhal_bsp.a(alt_sys_init.o) (alt_dev_list)
../AlarmClock_bsp/\libhal_bsp.a(alt_dev_llist_insert.o)
                              ../AlarmClock_bsp/\libhal_bsp.a(alt_sys_init.o) (alt_dev_llist_insert)
../AlarmClock_bsp/\libhal_bsp.a(alt_do_ctors.o)
                              ../AlarmClock_bsp/\libhal_bsp.a(alt_main.o) (_do_ctors)
../AlarmClock_bsp/\libhal_bsp.a(alt_do_dtors.o)
                              ../AlarmClock_bsp/\libhal_bsp.a(alt_main.o) (_do_dtors)
../AlarmClock_bsp/\libhal_bsp.a(alt_errno.o)
                              ../AlarmClock_bsp/\libhal_bsp.a(alt_close.o) (alt_errno)
../AlarmClock_bsp/\libhal_bsp.a(alt_find_dev.o)
                              ../AlarmClock_bsp/\libhal_bsp.a(altera_up_avalon_irda.o) (alt_find_dev)
../AlarmClock_bsp/\libhal_bsp.a(alt_icache_flush_all.o)
                              ../AlarmClock_bsp/\libhal_bsp.a(alt_load.o) (alt_icache_flush_all)
../AlarmClock_bsp/\libhal_bsp.a(alt_io_redirect.o)
                              ../AlarmClock_bsp/\libhal_bsp.a(alt_main.o) (alt_io_redirect)
../AlarmClock_bsp/\libhal_bsp.a(alt_irq_entry.o)
                              ../AlarmClock_bsp/\libhal_bsp.a(alt_irq_register.o) (alt_irq_entry)
../AlarmClock_bsp/\libhal_bsp.a(alt_irq_handler.o)
                              ../AlarmClock_bsp/\libhal_bsp.a(alt_irq_register.o) (alt_irq)
../AlarmClock_bsp/\libhal_bsp.a(alt_open.o)
                              ../AlarmClock_bsp/\libhal_bsp.a(alt_io_redirect.o) (open)
../AlarmClock_bsp/\libhal_bsp.a(alt_release_fd.o)
                              ../AlarmClock_bsp/\libhal_bsp.a(alt_close.o) (alt_release_fd)
../AlarmClock_bsp/\libhal_bsp.a(alt_tick.o)
                              ../AlarmClock_bsp/\libhal_bsp.a(altera_avalon_jtag_uart_init.o) (_alt_tick_rate)
../AlarmClock_bsp/\libhal_bsp.a(altera_nios2_gen2_irq.o)
                              ../AlarmClock_bsp/\libhal_bsp.a(alt_sys_init.o) (altera_nios2_gen2_irq_init)
../AlarmClock_bsp/\libhal_bsp.a(alt_exception_entry.o)
                              ../AlarmClock_bsp/\libhal_bsp.a(alt_irq_entry.o) (alt_exception)
../AlarmClock_bsp/\libhal_bsp.a(alt_find_file.o)
                              ../AlarmClock_bsp/\libhal_bsp.a(alt_open.o) (alt_find_file)
../AlarmClock_bsp/\libhal_bsp.a(alt_get_fd.o)
                              ../AlarmClock_bsp/\libhal_bsp.a(alt_open.o) (alt_get_fd)
../AlarmClock_bsp/\libhal_bsp.a(alt_icache_flush.o)
                              ../AlarmClock_bsp/\libhal_bsp.a(alt_icache_flush_all.o) (alt_icache_flush)
../AlarmClock_bsp/\libhal_bsp.a(alt_instruction_exception_entry.o)
                              ../AlarmClock_bsp/\libhal_bsp.a(alt_exception_entry.o) (alt_instruction_exception_entry)
c:/intelfpga_lite/16.1/nios2eds/bin/gnu/h-x86_64-mingw32/bin/../lib/gcc/nios2-elf/5.2.0/../../../../../H-x86_64-mingw32/nios2-elf/lib/mhw-mulx\libc.a(lib_a-atexit.o)
                              ../AlarmClock_bsp/\libhal_bsp.a(alt_main.o) (atexit)
c:/intelfpga_lite/16.1/nios2eds/bin/gnu/h-x86_64-mingw32/bin/../lib/gcc/nios2-elf/5.2.0/../../../../../H-x86_64-mingw32/nios2-elf/lib/mhw-mulx\libc.a(lib_a-exit.o)
                              ../AlarmClock_bsp/\libhal_bsp.a(alt_main.o) (exit)
c:/intelfpga_lite/16.1/nios2eds/bin/gnu/h-x86_64-mingw32/bin/../lib/gcc/nios2-elf/5.2.0/../../../../../H-x86_64-mingw32/nios2-elf/lib/mhw-mulx\libc.a(lib_a-impure.o)
                              c:/intelfpga_lite/16.1/nios2eds/bin/gnu/h-x86_64-mingw32/bin/../lib/gcc/nios2-elf/5.2.0/../../../../../H-x86_64-mingw32/nios2-elf/lib/mhw-mulx\libc.a(lib_a-exit.o) (_global_impure_ptr)
c:/intelfpga_lite/16.1/nios2eds/bin/gnu/h-x86_64-mingw32/bin/../lib/gcc/nios2-elf/5.2.0/../../../../../H-x86_64-mingw32/nios2-elf/lib/mhw-mulx\libc.a(lib_a-int_errno.o)
                              ../AlarmClock_bsp/\libhal_bsp.a(alt_close.o) (errno)
c:/intelfpga_lite/16.1/nios2eds/bin/gnu/h-x86_64-mingw32/bin/../lib/gcc/nios2-elf/5.2.0/../../../../../H-x86_64-mingw32/nios2-elf/lib/mhw-mulx\libc.a(lib_a-memcmp.o)
                              ../AlarmClock_bsp/\libhal_bsp.a(alt_find_dev.o) (memcmp)
c:/intelfpga_lite/16.1/nios2eds/bin/gnu/h-x86_64-mingw32/bin/../lib/gcc/nios2-elf/5.2.0/../../../../../H-x86_64-mingw32/nios2-elf/lib/mhw-mulx\libc.a(lib_a-memcpy.o)
                              ../AlarmClock_bsp/\libhal_bsp.a(altera_avalon_jtag_uart_read.o) (memcpy)
c:/intelfpga_lite/16.1/nios2eds/bin/gnu/h-x86_64-mingw32/bin/../lib/gcc/nios2-elf/5.2.0/../../../../../H-x86_64-mingw32/nios2-elf/lib/mhw-mulx\libc.a(lib_a-strlen.o)
                              ../AlarmClock_bsp/\libhal_bsp.a(alt_find_dev.o) (strlen)
c:/intelfpga_lite/16.1/nios2eds/bin/gnu/h-x86_64-mingw32/bin/../lib/gcc/nios2-elf/5.2.0/../../../../../H-x86_64-mingw32/nios2-elf/lib/mhw-mulx\libc.a(lib_a-__atexit.o)
                              c:/intelfpga_lite/16.1/nios2eds/bin/gnu/h-x86_64-mingw32/bin/../lib/gcc/nios2-elf/5.2.0/../../../../../H-x86_64-mingw32/nios2-elf/lib/mhw-mulx\libc.a(lib_a-atexit.o) (__register_exitproc)
c:/intelfpga_lite/16.1/nios2eds/bin/gnu/h-x86_64-mingw32/bin/../lib/gcc/nios2-elf/5.2.0/../../../../../H-x86_64-mingw32/nios2-elf/lib/mhw-mulx\libc.a(lib_a-__call_atexit.o)
                              c:/intelfpga_lite/16.1/nios2eds/bin/gnu/h-x86_64-mingw32/bin/../lib/gcc/nios2-elf/5.2.0/../../../../../H-x86_64-mingw32/nios2-elf/lib/mhw-mulx\libc.a(lib_a-exit.o) (__call_exitprocs)
../AlarmClock_bsp/\libhal_bsp.a(alt_exit.o)
                              c:/intelfpga_lite/16.1/nios2eds/bin/gnu/h-x86_64-mingw32/bin/../lib/gcc/nios2-elf/5.2.0/../../../../../H-x86_64-mingw32/nios2-elf/lib/mhw-mulx\libc.a(lib_a-exit.o) (_exit)

Allocating common symbols
Common symbol       size              file

alt_irq             0x100             ../AlarmClock_bsp/\libhal_bsp.a(alt_irq_handler.o)
pixel_buffer_start  0x4               obj/default/hello_world.o
errno               0x4               c:/intelfpga_lite/16.1/nios2eds/bin/gnu/h-x86_64-mingw32/bin/../lib/gcc/nios2-elf/5.2.0/../../../../../H-x86_64-mingw32/nios2-elf/lib/mhw-mulx\libc.a(lib_a-int_errno.o)
front_buffer        0x40000           obj/default/hello_world.o
back_buffer         0x40000           obj/default/hello_world.o

Memory Configuration

Name             Origin             Length             Attributes
reset            0x0000000000000000 0x0000000000000020
SDRAM            0x0000000000000020 0x0000000001ffffe0
Onchip_SRAM      0x0000000008000000 0x0000000000040000
VGA_Subsystem_Char_Buf_Subsystem_Onchip_SRAM 0x0000000009000000 0x0000000000002000
ARM_A9_HPS_axi_sdram 0x0000000040000000 0x0000000040000000
*default*        0x0000000000000000 0xffffffffffffffff

Linker script and memory map

LOAD ../AlarmClock_bsp//obj/HAL/src/crt0.o
LOAD obj/default/hello_world.o
LOAD c:/intelfpga_lite/16.1/nios2eds/bin/gnu/h-x86_64-mingw32/bin/../lib/gcc/nios2-elf/5.2.0/../../../../../H-x86_64-mingw32/nios2-elf/lib/mhw-mulx\libstdc++.a
LOAD c:/intelfpga_lite/16.1/nios2eds/bin/gnu/h-x86_64-mingw32/bin/../lib/gcc/nios2-elf/5.2.0/../../../../../H-x86_64-mingw32/nios2-elf/lib/mhw-mulx\libm.a
LOAD c:/intelfpga_lite/16.1/nios2eds/bin/gnu/h-x86_64-mingw32/bin/../lib/gcc/nios2-elf/5.2.0/mhw-mulx\libgcc.a
START GROUP
LOAD c:/intelfpga_lite/16.1/nios2eds/bin/gnu/h-x86_64-mingw32/bin/../lib/gcc/nios2-elf/5.2.0/../../../../../H-x86_64-mingw32/nios2-elf/lib/mhw-mulx\libc.a
LOAD c:/intelfpga_lite/16.1/nios2eds/bin/gnu/h-x86_64-mingw32/bin/../lib/gcc/nios2-elf/5.2.0/mhw-mulx\libgcc.a
LOAD ../AlarmClock_bsp/\libhal_bsp.a
LOAD c:/intelfpga_lite/16.1/nios2eds/bin/gnu/h-x86_64-mingw32/bin/../lib/gcc/nios2-elf/5.2.0/../../../../../H-x86_64-mingw32/nios2-elf/lib/mhw-mulx\libm.a
END GROUP
LOAD c:/intelfpga_lite/16.1/nios2eds/bin/gnu/h-x86_64-mingw32/bin/../lib/gcc/nios2-elf/5.2.0/mhw-mulx\libgcc.a
                0x0000000000000000                __alt_mem_SDRAM = 0x0
                0x0000000008000000                __alt_mem_Onchip_SRAM = 0x8000000
                0x0000000009000000                __alt_mem_VGA_Subsystem_Char_Buf_Subsystem_Onchip_SRAM = 0x9000000
                0x0000000040000000                __alt_mem_ARM_A9_HPS_axi_sdram = 0x40000000

.entry          0x0000000000000000       0x20
 *(.entry)
 .entry         0x0000000000000000       0x20 ../AlarmClock_bsp//obj/HAL/src/crt0.o
                0x0000000000000000                __reset

.exceptions     0x0000000000000020      0x228
                0x0000000000000020                PROVIDE (__ram_exceptions_start, ABSOLUTE (.))
                0x0000000000000020                . = ALIGN (0x20)
 *(.irq)
 *(.exceptions.entry.label)
 .exceptions.entry.label
                0x0000000000000020        0x0 ../AlarmClock_bsp/\libhal_bsp.a(alt_irq_entry.o)
                0x0000000000000020                alt_irq_entry
 .exceptions.entry.label
                0x0000000000000020        0x0 ../AlarmClock_bsp/\libhal_bsp.a(alt_exception_entry.o)
                0x0000000000000020                alt_exception
 *(.exceptions.entry.user)
 *(.exceptions.entry.ecc_fatal)
 *(.exceptions.entry)
 .exceptions.entry
                0x0000000000000020       0x54 ../AlarmClock_bsp/\libhal_bsp.a(alt_exception_entry.o)
 *(.exceptions.irqtest.user)
 *(.exceptions.irqtest)
 .exceptions.irqtest
                0x0000000000000074       0x10 ../AlarmClock_bsp/\libhal_bsp.a(alt_irq_entry.o)
 *(.exceptions.irqhandler.user)
 *(.exceptions.irqhandler)
 .exceptions.irqhandler
                0x0000000000000084        0x4 ../AlarmClock_bsp/\libhal_bsp.a(alt_irq_entry.o)
 *(.exceptions.irqreturn.user)
 *(.exceptions.irqreturn)
 .exceptions.irqreturn
                0x0000000000000088        0x4 ../AlarmClock_bsp/\libhal_bsp.a(alt_irq_entry.o)
 *(.exceptions.notirq.label)
 .exceptions.notirq.label
                0x000000000000008c        0x0 ../AlarmClock_bsp/\libhal_bsp.a(alt_irq_entry.o)
 *(.exceptions.notirq.user)
 *(.exceptions.notirq)
 .exceptions.notirq
                0x000000000000008c        0x8 ../AlarmClock_bsp/\libhal_bsp.a(alt_exception_entry.o)
 *(.exceptions.soft.user)
 *(.exceptions.soft)
 *(.exceptions.unknown.user)
 *(.exceptions.unknown)
 .exceptions.unknown
                0x0000000000000094       0x14 ../AlarmClock_bsp/\libhal_bsp.a(alt_exception_entry.o)
 *(.exceptions.exit.label)
 .exceptions.exit.label
                0x00000000000000a8        0x0 ../AlarmClock_bsp/\libhal_bsp.a(alt_irq_entry.o)
 .exceptions.exit.label
                0x00000000000000a8        0x0 ../AlarmClock_bsp/\libhal_bsp.a(alt_exception_entry.o)
 *(.exceptions.exit.user)
 *(.exceptions.exit)
 .exceptions.exit
                0x00000000000000a8       0x54 ../AlarmClock_bsp/\libhal_bsp.a(alt_exception_entry.o)
 *(.exceptions)
 .exceptions    0x00000000000000fc       0xd8 ../AlarmClock_bsp/\libhal_bsp.a(alt_irq_handler.o)
                0x00000000000000fc                alt_irq_handler
 .exceptions    0x00000000000001d4       0x74 ../AlarmClock_bsp/\libhal_bsp.a(alt_instruction_exception_entry.o)
                0x00000000000001d4                alt_instruction_exception_entry
                0x0000000000000248                PROVIDE (__ram_exceptions_end, ABSOLUTE (.))
                0x0000000000000020                PROVIDE (__flash_exceptions_start, LOADADDR (.exceptions))

.text           0x0000000000000248     0x37a0
                [!provide]                        PROVIDE (stext, ABSOLUTE (.))
 *(.interp)
 *(.hash)
 *(.dynsym)
 *(.dynstr)
 *(.gnu.version)
 *(.gnu.version_d)
 *(.gnu.version_r)
 *(.rel.init)
 *(.rela.init)
 *(.rel.text .rel.text.* .rel.gnu.linkonce.t.*)
 *(.rela.text .rela.text.* .rela.gnu.linkonce.t.*)
 *(.rel.fini)
 *(.rela.fini)
 *(.rel.rodata .rel.rodata.* .rel.gnu.linkonce.r.*)
 *(.rela.rodata .rela.rodata.* .rela.gnu.linkonce.r.*)
 *(.rel.data .rel.data.* .rel.gnu.linkonce.d.*)
 *(.rela.data .rela.data.* .rela.gnu.linkonce.d.*)
 *(.rel.tdata .rel.tdata.* .rel.gnu.linkonce.td.*)
 *(.rela.tdata .rela.tdata.* .rela.gnu.linkonce.td.*)
 *(.rel.tbss .rel.tbss.* .rel.gnu.linkonce.tb.*)
 *(.rela.tbss .rela.tbss.* .rela.gnu.linkonce.tb.*)
 *(.rel.ctors)
 *(.rela.ctors)
 *(.rel.dtors)
 *(.rela.dtors)
 *(.rel.got)
 *(.rela.got)
 *(.rel.sdata .rel.sdata.* .rel.gnu.linkonce.s.*)
 *(.rela.sdata .rela.sdata.* .rela.gnu.linkonce.s.*)
 *(.rel.sbss .rel.sbss.* .rel.gnu.linkonce.sb.*)
 *(.rela.sbss .rela.sbss.* .rela.gnu.linkonce.sb.*)
 *(.rel.sdata2 .rel.sdata2.* .rel.gnu.linkonce.s2.*)
 *(.rela.sdata2 .rela.sdata2.* .rela.gnu.linkonce.s2.*)
 *(.rel.sbss2 .rel.sbss2.* .rel.gnu.linkonce.sb2.*)
 *(.rela.sbss2 .rela.sbss2.* .rela.gnu.linkonce.sb2.*)
 *(.rel.bss .rel.bss.* .rel.gnu.linkonce.b.*)
 *(.rela.bss .rela.bss.* .rela.gnu.linkonce.b.*)
 *(.rel.plt)
 *(.rela.plt)
 *(.rel.dyn)
 *(.init)
 *(.plt)
 *(.text .stub .text.* .gnu.linkonce.t.*)
 .text          0x0000000000000248       0x3c ../AlarmClock_bsp//obj/HAL/src/crt0.o
                0x0000000000000248                _start
 .text          0x0000000000000284      0x400 obj/default/hello_world.o
                0x0000000000000284                main
                0x0000000000000320                Timer_ISR
                0x00000000000003e8                draw_square
                0x0000000000000498                wait_for_vsync
                0x00000000000004e8                plot_pixel
                0x0000000000000540                clear_screen
                0x00000000000005b8                pattern
 .text          0x0000000000000684      0x180 ../AlarmClock_bsp/\libhal_bsp.a(alt_irq_register.o)
                0x0000000000000684                alt_irq_register
 .text          0x0000000000000804        0x0 ../AlarmClock_bsp/\libhal_bsp.a(alt_irq_vars.o)
 .text          0x0000000000000804       0xec ../AlarmClock_bsp/\libhal_bsp.a(alt_load.o)
                0x000000000000086c                alt_load
 .text          0x00000000000008f0       0x7c ../AlarmClock_bsp/\libhal_bsp.a(alt_main.o)
                0x00000000000008f0                alt_main
 .text          0x000000000000096c      0x7fc ../AlarmClock_bsp/\libhal_bsp.a(alt_sys_init.o)
                0x00000000000009a0                alt_irq_init
                0x00000000000009d8                alt_sys_init
 .text          0x0000000000001168      0x164 ../AlarmClock_bsp/\libhal_bsp.a(altera_avalon_jtag_uart_fd.o)
                0x0000000000001168                altera_avalon_jtag_uart_read_fd
                0x00000000000011c8                altera_avalon_jtag_uart_write_fd
                0x0000000000001228                altera_avalon_jtag_uart_close_fd
                0x0000000000001278                altera_avalon_jtag_uart_ioctl_fd
 .text          0x00000000000012cc      0x3cc ../AlarmClock_bsp/\libhal_bsp.a(altera_avalon_jtag_uart_init.o)
                0x00000000000012cc                altera_avalon_jtag_uart_init
                0x0000000000001630                altera_avalon_jtag_uart_close
 .text          0x0000000000001698       0xf0 ../AlarmClock_bsp/\libhal_bsp.a(altera_avalon_jtag_uart_ioctl.o)
                0x0000000000001698                altera_avalon_jtag_uart_ioctl
 .text          0x0000000000001788      0x21c ../AlarmClock_bsp/\libhal_bsp.a(altera_avalon_jtag_uart_read.o)
                0x0000000000001788                altera_avalon_jtag_uart_read
 .text          0x00000000000019a4      0x224 ../AlarmClock_bsp/\libhal_bsp.a(altera_avalon_jtag_uart_write.o)
                0x00000000000019a4                altera_avalon_jtag_uart_write
 .text          0x0000000000001bc8       0xf0 ../AlarmClock_bsp/\libhal_bsp.a(altera_avalon_timer_sc.o)
                0x0000000000001c44                alt_avalon_timer_sc_init
 .text          0x0000000000001cb8      0x38c ../AlarmClock_bsp/\libhal_bsp.a(altera_up_avalon_irda.o)
                0x0000000000001cb8                alt_up_irda_enable_read_interrupt
                0x0000000000001d14                alt_up_irda_disable_read_interrupt
                0x0000000000001d74                alt_up_irda_get_used_space_in_read_FIFO
                0x0000000000001db4                alt_up_irda_get_available_space_in_write_FIFO
                0x0000000000001df0                alt_up_irda_check_parity
                0x0000000000001e34                alt_up_irda_write_data
                0x0000000000001e74                alt_up_irda_read_data
                0x0000000000001ee8                alt_up_irda_read_fd
                0x0000000000001f78                alt_up_irda_write_fd
                0x0000000000002008                alt_up_irda_open_dev
 .text          0x0000000000002044      0x6b0 ../AlarmClock_bsp/\libhal_bsp.a(altera_up_avalon_ps2.o)
                0x0000000000002044                read_RI_bit
                0x0000000000002078                read_RE_bit
                0x00000000000020a8                read_CE_bit
                0x00000000000020dc                read_num_bytes_available
                0x000000000000210c                read_data_valid
                0x0000000000002140                read_data_byte
                0x000000000000216c                alt_up_ps2_init
                0x0000000000002234                alt_up_ps2_enable_read_interrupt
                0x0000000000002290                alt_up_ps2_disable_read_interrupt
                0x00000000000022f0                alt_up_ps2_write_data_byte
                0x0000000000002364                alt_up_ps2_wait_for_ack
                0x00000000000023cc                alt_up_ps2_write_data_byte_with_ack
                0x0000000000002430                alt_up_ps2_read_data_byte_timeout
                0x00000000000024cc                alt_up_ps2_read_data_byte
                0x000000000000253c                alt_up_ps2_clear_fifo
                0x0000000000002594                alt_up_ps2_read_fd
                0x0000000000002620                alt_up_ps2_write_fd
                0x00000000000026b8                alt_up_ps2_open_dev
 .text          0x00000000000026f4      0x12c ../AlarmClock_bsp/\libhal_bsp.a(alt_alarm_start.o)
                0x00000000000026f4                alt_alarm_start
 .text          0x0000000000002820      0x10c ../AlarmClock_bsp/\libhal_bsp.a(alt_close.o)
                0x000000000000285c                close
 .text          0x000000000000292c       0x20 ../AlarmClock_bsp/\libhal_bsp.a(alt_dcache_flush_all.o)
                0x000000000000292c                alt_dcache_flush_all
 .text          0x000000000000294c       0x2c ../AlarmClock_bsp/\libhal_bsp.a(alt_dev.o)
 .text          0x0000000000002978       0xe0 ../AlarmClock_bsp/\libhal_bsp.a(alt_dev_llist_insert.o)
                0x00000000000029b4                alt_dev_llist_insert
 .text          0x0000000000002a58       0x60 ../AlarmClock_bsp/\libhal_bsp.a(alt_do_ctors.o)
                0x0000000000002a58                _do_ctors
 .text          0x0000000000002ab8       0x60 ../AlarmClock_bsp/\libhal_bsp.a(alt_do_dtors.o)
                0x0000000000002ab8                _do_dtors
 .text          0x0000000000002b18        0x0 ../AlarmClock_bsp/\libhal_bsp.a(alt_errno.o)
 .text          0x0000000000002b18       0x90 ../AlarmClock_bsp/\libhal_bsp.a(alt_find_dev.o)
                0x0000000000002b18                alt_find_dev
 .text          0x0000000000002ba8       0x34 ../AlarmClock_bsp/\libhal_bsp.a(alt_icache_flush_all.o)
                0x0000000000002ba8                alt_icache_flush_all
 .text          0x0000000000002bdc      0x140 ../AlarmClock_bsp/\libhal_bsp.a(alt_io_redirect.o)
                0x0000000000002ca0                alt_io_redirect
 .text          0x0000000000002d1c        0x0 ../AlarmClock_bsp/\libhal_bsp.a(alt_irq_entry.o)
 .text          0x0000000000002d1c        0x0 ../AlarmClock_bsp/\libhal_bsp.a(alt_irq_handler.o)
 .text          0x0000000000002d1c      0x254 ../AlarmClock_bsp/\libhal_bsp.a(alt_open.o)
                0x0000000000002e1c                open
 .text          0x0000000000002f70       0x64 ../AlarmClock_bsp/\libhal_bsp.a(alt_release_fd.o)
                0x0000000000002f70                alt_release_fd
 .text          0x0000000000002fd4      0x1a4 ../AlarmClock_bsp/\libhal_bsp.a(alt_tick.o)
                0x0000000000002fd4                alt_alarm_stop
                0x0000000000003070                alt_tick
 .text          0x0000000000003178       0x24 ../AlarmClock_bsp/\libhal_bsp.a(altera_nios2_gen2_irq.o)
                0x0000000000003178                altera_nios2_gen2_irq_init
 .text          0x000000000000319c        0x0 ../AlarmClock_bsp/\libhal_bsp.a(alt_exception_entry.o)
 .text          0x000000000000319c      0x108 ../AlarmClock_bsp/\libhal_bsp.a(alt_find_file.o)
                0x000000000000319c                alt_find_file
 .text          0x00000000000032a4       0xa4 ../AlarmClock_bsp/\libhal_bsp.a(alt_get_fd.o)
                0x00000000000032a4                alt_get_fd
 .text          0x0000000000003348       0x90 ../AlarmClock_bsp/\libhal_bsp.a(alt_icache_flush.o)
                0x0000000000003348                alt_icache_flush
 .text          0x00000000000033d8       0x9c ../AlarmClock_bsp/\libhal_bsp.a(alt_instruction_exception_entry.o)
                0x00000000000033d8                alt_exception_cause_generated_bad_addr
 .text          0x0000000000003474        0x0 c:/intelfpga_lite/16.1/nios2eds/bin/gnu/h-x86_64-mingw32/bin/../lib/gcc/nios2-elf/5.2.0/../../../../../H-x86_64-mingw32/nios2-elf/lib/mhw-mulx\libc.a(lib_a-atexit.o)
 .text.atexit   0x0000000000003474       0x14 c:/intelfpga_lite/16.1/nios2eds/bin/gnu/h-x86_64-mingw32/bin/../lib/gcc/nios2-elf/5.2.0/../../../../../H-x86_64-mingw32/nios2-elf/lib/mhw-mulx\libc.a(lib_a-atexit.o)
                0x0000000000003474                atexit
 .text          0x0000000000003488        0x0 c:/intelfpga_lite/16.1/nios2eds/bin/gnu/h-x86_64-mingw32/bin/../lib/gcc/nios2-elf/5.2.0/../../../../../H-x86_64-mingw32/nios2-elf/lib/mhw-mulx\libc.a(lib_a-exit.o)
 .text.exit     0x0000000000003488       0x38 c:/intelfpga_lite/16.1/nios2eds/bin/gnu/h-x86_64-mingw32/bin/../lib/gcc/nios2-elf/5.2.0/../../../../../H-x86_64-mingw32/nios2-elf/lib/mhw-mulx\libc.a(lib_a-exit.o)
                0x0000000000003488                exit
 .text          0x00000000000034c0        0x0 c:/intelfpga_lite/16.1/nios2eds/bin/gnu/h-x86_64-mingw32/bin/../lib/gcc/nios2-elf/5.2.0/../../../../../H-x86_64-mingw32/nios2-elf/lib/mhw-mulx\libc.a(lib_a-impure.o)
 .text          0x00000000000034c0        0x0 c:/intelfpga_lite/16.1/nios2eds/bin/gnu/h-x86_64-mingw32/bin/../lib/gcc/nios2-elf/5.2.0/../../../../../H-x86_64-mingw32/nios2-elf/lib/mhw-mulx\libc.a(lib_a-int_errno.o)
 .text          0x00000000000034c0        0x0 c:/intelfpga_lite/16.1/nios2eds/bin/gnu/h-x86_64-mingw32/bin/../lib/gcc/nios2-elf/5.2.0/../../../../../H-x86_64-mingw32/nios2-elf/lib/mhw-mulx\libc.a(lib_a-memcmp.o)
 .text.memcmp   0x00000000000034c0       0x7c c:/intelfpga_lite/16.1/nios2eds/bin/gnu/h-x86_64-mingw32/bin/../lib/gcc/nios2-elf/5.2.0/../../../../../H-x86_64-mingw32/nios2-elf/lib/mhw-mulx\libc.a(lib_a-memcmp.o)
                0x00000000000034c0                memcmp
 .text          0x000000000000353c        0x0 c:/intelfpga_lite/16.1/nios2eds/bin/gnu/h-x86_64-mingw32/bin/../lib/gcc/nios2-elf/5.2.0/../../../../../H-x86_64-mingw32/nios2-elf/lib/mhw-mulx\libc.a(lib_a-memcpy.o)
 .text.memcpy   0x000000000000353c      0x148 c:/intelfpga_lite/16.1/nios2eds/bin/gnu/h-x86_64-mingw32/bin/../lib/gcc/nios2-elf/5.2.0/../../../../../H-x86_64-mingw32/nios2-elf/lib/mhw-mulx\libc.a(lib_a-memcpy.o)
                0x000000000000353c                memcpy
 .text          0x0000000000003684        0x0 c:/intelfpga_lite/16.1/nios2eds/bin/gnu/h-x86_64-mingw32/bin/../lib/gcc/nios2-elf/5.2.0/../../../../../H-x86_64-mingw32/nios2-elf/lib/mhw-mulx\libc.a(lib_a-strlen.o)
 .text.strlen   0x0000000000003684       0x98 c:/intelfpga_lite/16.1/nios2eds/bin/gnu/h-x86_64-mingw32/bin/../lib/gcc/nios2-elf/5.2.0/../../../../../H-x86_64-mingw32/nios2-elf/lib/mhw-mulx\libc.a(lib_a-strlen.o)
                0x0000000000003684                strlen
 .text          0x000000000000371c        0x0 c:/intelfpga_lite/16.1/nios2eds/bin/gnu/h-x86_64-mingw32/bin/../lib/gcc/nios2-elf/5.2.0/../../../../../H-x86_64-mingw32/nios2-elf/lib/mhw-mulx\libc.a(lib_a-__atexit.o)
 .text.__register_exitproc
                0x000000000000371c      0x118 c:/intelfpga_lite/16.1/nios2eds/bin/gnu/h-x86_64-mingw32/bin/../lib/gcc/nios2-elf/5.2.0/../../../../../H-x86_64-mingw32/nios2-elf/lib/mhw-mulx\libc.a(lib_a-__atexit.o)
                0x000000000000371c                __register_exitproc
 .text          0x0000000000003834        0x0 c:/intelfpga_lite/16.1/nios2eds/bin/gnu/h-x86_64-mingw32/bin/../lib/gcc/nios2-elf/5.2.0/../../../../../H-x86_64-mingw32/nios2-elf/lib/mhw-mulx\libc.a(lib_a-__call_atexit.o)
 .text.__call_exitprocs
                0x0000000000003834      0x180 c:/intelfpga_lite/16.1/nios2eds/bin/gnu/h-x86_64-mingw32/bin/../lib/gcc/nios2-elf/5.2.0/../../../../../H-x86_64-mingw32/nios2-elf/lib/mhw-mulx\libc.a(lib_a-__call_atexit.o)
                0x0000000000003834                __call_exitprocs
 .text          0x00000000000039b4       0x34 ../AlarmClock_bsp/\libhal_bsp.a(alt_exit.o)
                0x00000000000039b4                _exit
 *(.gnu.warning.*)
 *(.fini)
                [!provide]                        PROVIDE (__etext, ABSOLUTE (.))
                [!provide]                        PROVIDE (_etext, ABSOLUTE (.))
                [!provide]                        PROVIDE (etext, ABSOLUTE (.))
 *(.eh_frame_hdr)
                0x00000000000039e8                . = ALIGN (0x4)
                [!provide]                        PROVIDE (__preinit_array_start, ABSOLUTE (.))
 *(.preinit_array)
                [!provide]                        PROVIDE (__preinit_array_end, ABSOLUTE (.))
                [!provide]                        PROVIDE (__init_array_start, ABSOLUTE (.))
 *(.init_array)
                [!provide]                        PROVIDE (__init_array_end, ABSOLUTE (.))
                [!provide]                        PROVIDE (__fini_array_start, ABSOLUTE (.))
 *(.fini_array)
                [!provide]                        PROVIDE (__fini_array_end, ABSOLUTE (.))
 *(.eh_frame)
 *(.gcc_except_table .gcc_except_table.*)
 *(.dynamic)
                0x00000000000039e8                PROVIDE (__CTOR_LIST__, ABSOLUTE (.))
 *(.ctors)
 *(SORT(.ctors.*))
                0x00000000000039e8                PROVIDE (__CTOR_END__, ABSOLUTE (.))
                0x00000000000039e8                PROVIDE (__DTOR_LIST__, ABSOLUTE (.))
 *(.dtors)
 *(SORT(.dtors.*))
                0x00000000000039e8                PROVIDE (__DTOR_END__, ABSOLUTE (.))
 *(.jcr)
                0x00000000000039e8                . = ALIGN (0x4)

.rodata         0x00000000000039e8      0x118
                0x00000000000039e8                PROVIDE (__ram_rodata_start, ABSOLUTE (.))
                0x00000000000039e8                . = ALIGN (0x4)
 *(.rodata .rodata.* .gnu.linkonce.r.*)
 .rodata        0x00000000000039e8        0xf ../AlarmClock_bsp/\libhal_bsp.a(alt_main.o)
 *fill*         0x00000000000039f7        0x1 
 .rodata        0x00000000000039f8       0xf5 ../AlarmClock_bsp/\libhal_bsp.a(alt_sys_init.o)
 *fill*         0x0000000000003aed        0x3 
 .rodata        0x0000000000003af0        0xa ../AlarmClock_bsp/\libhal_bsp.a(alt_dev.o)
 *fill*         0x0000000000003afa        0x2 
 .rodata.str1.4
                0x0000000000003afc        0x4 c:/intelfpga_lite/16.1/nios2eds/bin/gnu/h-x86_64-mingw32/bin/../lib/gcc/nios2-elf/5.2.0/../../../../../H-x86_64-mingw32/nios2-elf/lib/mhw-mulx\libc.a(lib_a-impure.o)
                                          0x2 (size before relaxing)
 *(.rodata1)
                0x0000000000003b00                . = ALIGN (0x4)
                0x0000000000003b00                PROVIDE (__ram_rodata_end, ABSOLUTE (.))
                0x00000000000039e8                PROVIDE (__flash_rodata_start, LOADADDR (.rodata))

.rwdata         0x0000000000003b00     0x189c load address 0x000000000000539c
                0x0000000000003b00                PROVIDE (__ram_rwdata_start, ABSOLUTE (.))
                0x0000000000003b00                . = ALIGN (0x4)
 *(.got.plt)
 *(.got)
 *(.data1)
 *(.data .data.* .gnu.linkonce.d.*)
 .data          0x0000000000003b00        0x0 ../AlarmClock_bsp//obj/HAL/src/crt0.o
 .data          0x0000000000003b00        0x0 obj/default/hello_world.o
 .data          0x0000000000003b00        0x0 ../AlarmClock_bsp/\libhal_bsp.a(alt_irq_register.o)
 .data          0x0000000000003b00        0x0 ../AlarmClock_bsp/\libhal_bsp.a(alt_irq_vars.o)
 .data          0x0000000000003b00        0x0 ../AlarmClock_bsp/\libhal_bsp.a(alt_load.o)
 .data          0x0000000000003b00        0x0 ../AlarmClock_bsp/\libhal_bsp.a(alt_main.o)
 .data          0x0000000000003b00     0x1294 ../AlarmClock_bsp/\libhal_bsp.a(alt_sys_init.o)
 .data          0x0000000000004d94        0x0 ../AlarmClock_bsp/\libhal_bsp.a(altera_avalon_jtag_uart_fd.o)
 .data          0x0000000000004d94        0x0 ../AlarmClock_bsp/\libhal_bsp.a(altera_avalon_jtag_uart_init.o)
 .data          0x0000000000004d94        0x0 ../AlarmClock_bsp/\libhal_bsp.a(altera_avalon_jtag_uart_ioctl.o)
 .data          0x0000000000004d94        0x0 ../AlarmClock_bsp/\libhal_bsp.a(altera_avalon_jtag_uart_read.o)
 .data          0x0000000000004d94        0x0 ../AlarmClock_bsp/\libhal_bsp.a(altera_avalon_jtag_uart_write.o)
 .data          0x0000000000004d94        0x0 ../AlarmClock_bsp/\libhal_bsp.a(altera_avalon_timer_sc.o)
 .data          0x0000000000004d94        0x0 ../AlarmClock_bsp/\libhal_bsp.a(altera_up_avalon_irda.o)
 .data          0x0000000000004d94        0x0 ../AlarmClock_bsp/\libhal_bsp.a(altera_up_avalon_ps2.o)
 .data          0x0000000000004d94        0x0 ../AlarmClock_bsp/\libhal_bsp.a(alt_alarm_start.o)
 .data          0x0000000000004d94        0x0 ../AlarmClock_bsp/\libhal_bsp.a(alt_close.o)
 .data          0x0000000000004d94        0x0 ../AlarmClock_bsp/\libhal_bsp.a(alt_dcache_flush_all.o)
 .data          0x0000000000004d94      0x1a8 ../AlarmClock_bsp/\libhal_bsp.a(alt_dev.o)
                0x0000000000004d94                alt_dev_null
                0x0000000000004dbc                alt_fd_list
 .data          0x0000000000004f3c        0x0 ../AlarmClock_bsp/\libhal_bsp.a(alt_dev_llist_insert.o)
 .data          0x0000000000004f3c        0x0 ../AlarmClock_bsp/\libhal_bsp.a(alt_do_ctors.o)
 .data          0x0000000000004f3c        0x0 ../AlarmClock_bsp/\libhal_bsp.a(alt_do_dtors.o)
 .data          0x0000000000004f3c        0x0 ../AlarmClock_bsp/\libhal_bsp.a(alt_errno.o)
 .data          0x0000000000004f3c        0x0 ../AlarmClock_bsp/\libhal_bsp.a(alt_find_dev.o)
 .data          0x0000000000004f3c        0x0 ../AlarmClock_bsp/\libhal_bsp.a(alt_icache_flush_all.o)
 .data          0x0000000000004f3c        0x0 ../AlarmClock_bsp/\libhal_bsp.a(alt_io_redirect.o)
 .data          0x0000000000004f3c        0x0 ../AlarmClock_bsp/\libhal_bsp.a(alt_irq_entry.o)
 .data          0x0000000000004f3c        0x0 ../AlarmClock_bsp/\libhal_bsp.a(alt_irq_handler.o)
 .data          0x0000000000004f3c        0x0 ../AlarmClock_bsp/\libhal_bsp.a(alt_open.o)
 .data          0x0000000000004f3c        0x0 ../AlarmClock_bsp/\libhal_bsp.a(alt_release_fd.o)
 .data          0x0000000000004f3c        0x0 ../AlarmClock_bsp/\libhal_bsp.a(alt_tick.o)
 .data          0x0000000000004f3c        0x0 ../AlarmClock_bsp/\libhal_bsp.a(altera_nios2_gen2_irq.o)
 .data          0x0000000000004f3c        0x0 ../AlarmClock_bsp/\libhal_bsp.a(alt_exception_entry.o)
 .data          0x0000000000004f3c        0x0 ../AlarmClock_bsp/\libhal_bsp.a(alt_find_file.o)
 .data          0x0000000000004f3c        0x0 ../AlarmClock_bsp/\libhal_bsp.a(alt_get_fd.o)
 .data          0x0000000000004f3c        0x0 ../AlarmClock_bsp/\libhal_bsp.a(alt_icache_flush.o)
 .data          0x0000000000004f3c        0x0 ../AlarmClock_bsp/\libhal_bsp.a(alt_instruction_exception_entry.o)
 .data          0x0000000000004f3c        0x0 c:/intelfpga_lite/16.1/nios2eds/bin/gnu/h-x86_64-mingw32/bin/../lib/gcc/nios2-elf/5.2.0/../../../../../H-x86_64-mingw32/nios2-elf/lib/mhw-mulx\libc.a(lib_a-atexit.o)
 .data          0x0000000000004f3c        0x0 c:/intelfpga_lite/16.1/nios2eds/bin/gnu/h-x86_64-mingw32/bin/../lib/gcc/nios2-elf/5.2.0/../../../../../H-x86_64-mingw32/nios2-elf/lib/mhw-mulx\libc.a(lib_a-exit.o)
 .data          0x0000000000004f3c        0x0 c:/intelfpga_lite/16.1/nios2eds/bin/gnu/h-x86_64-mingw32/bin/../lib/gcc/nios2-elf/5.2.0/../../../../../H-x86_64-mingw32/nios2-elf/lib/mhw-mulx\libc.a(lib_a-impure.o)
 .data.impure_data
                0x0000000000004f3c      0x424 c:/intelfpga_lite/16.1/nios2eds/bin/gnu/h-x86_64-mingw32/bin/../lib/gcc/nios2-elf/5.2.0/../../../../../H-x86_64-mingw32/nios2-elf/lib/mhw-mulx\libc.a(lib_a-impure.o)
 .data          0x0000000000005360        0x0 c:/intelfpga_lite/16.1/nios2eds/bin/gnu/h-x86_64-mingw32/bin/../lib/gcc/nios2-elf/5.2.0/../../../../../H-x86_64-mingw32/nios2-elf/lib/mhw-mulx\libc.a(lib_a-int_errno.o)
 .data          0x0000000000005360        0x0 c:/intelfpga_lite/16.1/nios2eds/bin/gnu/h-x86_64-mingw32/bin/../lib/gcc/nios2-elf/5.2.0/../../../../../H-x86_64-mingw32/nios2-elf/lib/mhw-mulx\libc.a(lib_a-memcmp.o)
 .data          0x0000000000005360        0x0 c:/intelfpga_lite/16.1/nios2eds/bin/gnu/h-x86_64-mingw32/bin/../lib/gcc/nios2-elf/5.2.0/../../../../../H-x86_64-mingw32/nios2-elf/lib/mhw-mulx\libc.a(lib_a-memcpy.o)
 .data          0x0000000000005360        0x0 c:/intelfpga_lite/16.1/nios2eds/bin/gnu/h-x86_64-mingw32/bin/../lib/gcc/nios2-elf/5.2.0/../../../../../H-x86_64-mingw32/nios2-elf/lib/mhw-mulx\libc.a(lib_a-strlen.o)
 .data          0x0000000000005360        0x0 c:/intelfpga_lite/16.1/nios2eds/bin/gnu/h-x86_64-mingw32/bin/../lib/gcc/nios2-elf/5.2.0/../../../../../H-x86_64-mingw32/nios2-elf/lib/mhw-mulx\libc.a(lib_a-__atexit.o)
 .data          0x0000000000005360        0x0 c:/intelfpga_lite/16.1/nios2eds/bin/gnu/h-x86_64-mingw32/bin/../lib/gcc/nios2-elf/5.2.0/../../../../../H-x86_64-mingw32/nios2-elf/lib/mhw-mulx\libc.a(lib_a-__call_atexit.o)
 .data          0x0000000000005360        0x0 ../AlarmClock_bsp/\libhal_bsp.a(alt_exit.o)
                0x000000000000d360                _gp = ABSOLUTE ((. + 0x8000))
                [!provide]                        PROVIDE (gp, _gp)
 *(.rwdata .rwdata.*)
 *(.sdata .sdata.* .gnu.linkonce.s.*)
 .sdata         0x0000000000005360       0x10 obj/default/hello_world.o
                0x0000000000005360                pTimer
                0x0000000000005364                pTime_low
                0x0000000000005368                pTime_high
                0x000000000000536c                pixel_ctrl_ptr
 .sdata         0x0000000000005370        0x4 ../AlarmClock_bsp/\libhal_bsp.a(alt_irq_vars.o)
                0x0000000000005370                alt_priority_mask
 .sdata         0x0000000000005374       0x14 ../AlarmClock_bsp/\libhal_bsp.a(alt_dev.o)
                0x0000000000005374                alt_fs_list
                0x000000000000537c                alt_dev_list
                0x0000000000005384                alt_max_fd
 .sdata         0x0000000000005388        0x4 ../AlarmClock_bsp/\libhal_bsp.a(alt_errno.o)
                0x0000000000005388                alt_errno
 .sdata         0x000000000000538c        0x8 ../AlarmClock_bsp/\libhal_bsp.a(alt_tick.o)
                0x000000000000538c                alt_alarm_list
 .sdata._global_impure_ptr
                0x0000000000005394        0x4 c:/intelfpga_lite/16.1/nios2eds/bin/gnu/h-x86_64-mingw32/bin/../lib/gcc/nios2-elf/5.2.0/../../../../../H-x86_64-mingw32/nios2-elf/lib/mhw-mulx\libc.a(lib_a-impure.o)
                0x0000000000005394                _global_impure_ptr
 .sdata._impure_ptr
                0x0000000000005398        0x4 c:/intelfpga_lite/16.1/nios2eds/bin/gnu/h-x86_64-mingw32/bin/../lib/gcc/nios2-elf/5.2.0/../../../../../H-x86_64-mingw32/nios2-elf/lib/mhw-mulx\libc.a(lib_a-impure.o)
                0x0000000000005398                _impure_ptr
 *(.sdata2 .sdata2.* .gnu.linkonce.s2.*)
                0x000000000000539c                . = ALIGN (0x4)
                0x000000000000539c                _edata = ABSOLUTE (.)
                [!provide]                        PROVIDE (edata, ABSOLUTE (.))
                0x000000000000539c                PROVIDE (__ram_rwdata_end, ABSOLUTE (.))
                0x000000000000539c                PROVIDE (__flash_rwdata_start, LOADADDR (.rwdata))

.bss            0x0000000000006c38    0x80128
                0x0000000000006c38                __bss_start = ABSOLUTE (.)
                [!provide]                        PROVIDE (__sbss_start, ABSOLUTE (.))
                [!provide]                        PROVIDE (___sbss_start, ABSOLUTE (.))
 *(.dynsbss)
 *(.sbss .sbss.* .gnu.linkonce.sb.*)
 .sbss          0x0000000000006c38        0x4 obj/default/hello_world.o
                0x0000000000006c38                count
 .sbss          0x0000000000006c3c        0x4 obj/default/hello_world.o
                0x0000000000006c3c                pixel_buffer_start
 .sbss          0x0000000000006c40        0x4 ../AlarmClock_bsp/\libhal_bsp.a(alt_irq_vars.o)
                0x0000000000006c40                alt_irq_active
 .sbss          0x0000000000006c44        0xc ../AlarmClock_bsp/\libhal_bsp.a(alt_main.o)
                0x0000000000006c44                alt_argc
                0x0000000000006c48                alt_argv
                0x0000000000006c4c                alt_envp
 .sbss          0x0000000000006c50        0x8 ../AlarmClock_bsp/\libhal_bsp.a(alt_tick.o)
                0x0000000000006c50                _alt_tick_rate
                0x0000000000006c54                _alt_nticks
 .sbss          0x0000000000006c58        0x4 ../AlarmClock_bsp/\libhal_bsp.a(alt_instruction_exception_entry.o)
                0x0000000000006c58                alt_instruction_exception_handler
 .sbss          0x0000000000006c5c        0x4 c:/intelfpga_lite/16.1/nios2eds/bin/gnu/h-x86_64-mingw32/bin/../lib/gcc/nios2-elf/5.2.0/../../../../../H-x86_64-mingw32/nios2-elf/lib/mhw-mulx\libc.a(lib_a-int_errno.o)
                0x0000000000006c5c                errno
 *(.sbss2 .sbss2.* .gnu.linkonce.sb2.*)
 *(.scommon)
                [!provide]                        PROVIDE (__sbss_end, ABSOLUTE (.))
                [!provide]                        PROVIDE (___sbss_end, ABSOLUTE (.))
 *(.dynbss)
 *(.bss .bss.* .gnu.linkonce.b.*)
 .bss           0x0000000000006c60        0x0 ../AlarmClock_bsp//obj/HAL/src/crt0.o
 .bss           0x0000000000006c60        0x0 obj/default/hello_world.o
 .bss           0x0000000000006c60        0x0 ../AlarmClock_bsp/\libhal_bsp.a(alt_irq_register.o)
 .bss           0x0000000000006c60        0x0 ../AlarmClock_bsp/\libhal_bsp.a(alt_irq_vars.o)
 .bss           0x0000000000006c60        0x0 ../AlarmClock_bsp/\libhal_bsp.a(alt_load.o)
 .bss           0x0000000000006c60        0x0 ../AlarmClock_bsp/\libhal_bsp.a(alt_main.o)
 .bss           0x0000000000006c60        0x0 ../AlarmClock_bsp/\libhal_bsp.a(alt_sys_init.o)
 .bss           0x0000000000006c60        0x0 ../AlarmClock_bsp/\libhal_bsp.a(altera_avalon_jtag_uart_fd.o)
 .bss           0x0000000000006c60        0x0 ../AlarmClock_bsp/\libhal_bsp.a(altera_avalon_jtag_uart_init.o)
 .bss           0x0000000000006c60        0x0 ../AlarmClock_bsp/\libhal_bsp.a(altera_avalon_jtag_uart_ioctl.o)
 .bss           0x0000000000006c60        0x0 ../AlarmClock_bsp/\libhal_bsp.a(altera_avalon_jtag_uart_read.o)
 .bss           0x0000000000006c60        0x0 ../AlarmClock_bsp/\libhal_bsp.a(altera_avalon_jtag_uart_write.o)
 .bss           0x0000000000006c60        0x0 ../AlarmClock_bsp/\libhal_bsp.a(altera_avalon_timer_sc.o)
 .bss           0x0000000000006c60        0x0 ../AlarmClock_bsp/\libhal_bsp.a(altera_up_avalon_irda.o)
 .bss           0x0000000000006c60        0x0 ../AlarmClock_bsp/\libhal_bsp.a(altera_up_avalon_ps2.o)
 .bss           0x0000000000006c60        0x0 ../AlarmClock_bsp/\libhal_bsp.a(alt_alarm_start.o)
 .bss           0x0000000000006c60        0x0 ../AlarmClock_bsp/\libhal_bsp.a(alt_close.o)
 .bss           0x0000000000006c60        0x0 ../AlarmClock_bsp/\libhal_bsp.a(alt_dcache_flush_all.o)
 .bss           0x0000000000006c60        0x0 ../AlarmClock_bsp/\libhal_bsp.a(alt_dev.o)
 .bss           0x0000000000006c60        0x0 ../AlarmClock_bsp/\libhal_bsp.a(alt_dev_llist_insert.o)
 .bss           0x0000000000006c60        0x0 ../AlarmClock_bsp/\libhal_bsp.a(alt_do_ctors.o)
 .bss           0x0000000000006c60        0x0 ../AlarmClock_bsp/\libhal_bsp.a(alt_do_dtors.o)
 .bss           0x0000000000006c60        0x0 ../AlarmClock_bsp/\libhal_bsp.a(alt_errno.o)
 .bss           0x0000000000006c60        0x0 ../AlarmClock_bsp/\libhal_bsp.a(alt_find_dev.o)
 .bss           0x0000000000006c60        0x0 ../AlarmClock_bsp/\libhal_bsp.a(alt_icache_flush_all.o)
 .bss           0x0000000000006c60        0x0 ../AlarmClock_bsp/\libhal_bsp.a(alt_io_redirect.o)
 .bss           0x0000000000006c60        0x0 ../AlarmClock_bsp/\libhal_bsp.a(alt_irq_entry.o)
 .bss           0x0000000000006c60        0x0 ../AlarmClock_bsp/\libhal_bsp.a(alt_irq_handler.o)
 .bss           0x0000000000006c60        0x0 ../AlarmClock_bsp/\libhal_bsp.a(alt_open.o)
 .bss           0x0000000000006c60        0x0 ../AlarmClock_bsp/\libhal_bsp.a(alt_release_fd.o)
 .bss           0x0000000000006c60        0x0 ../AlarmClock_bsp/\libhal_bsp.a(alt_tick.o)
 .bss           0x0000000000006c60        0x0 ../AlarmClock_bsp/\libhal_bsp.a(altera_nios2_gen2_irq.o)
 .bss           0x0000000000006c60        0x0 ../AlarmClock_bsp/\libhal_bsp.a(alt_exception_entry.o)
 .bss           0x0000000000006c60        0x0 ../AlarmClock_bsp/\libhal_bsp.a(alt_find_file.o)
 .bss           0x0000000000006c60        0x0 ../AlarmClock_bsp/\libhal_bsp.a(alt_get_fd.o)
 .bss           0x0000000000006c60        0x0 ../AlarmClock_bsp/\libhal_bsp.a(alt_icache_flush.o)
 .bss           0x0000000000006c60        0x0 ../AlarmClock_bsp/\libhal_bsp.a(alt_instruction_exception_entry.o)
 .bss           0x0000000000006c60        0x0 c:/intelfpga_lite/16.1/nios2eds/bin/gnu/h-x86_64-mingw32/bin/../lib/gcc/nios2-elf/5.2.0/../../../../../H-x86_64-mingw32/nios2-elf/lib/mhw-mulx\libc.a(lib_a-atexit.o)
 .bss           0x0000000000006c60        0x0 c:/intelfpga_lite/16.1/nios2eds/bin/gnu/h-x86_64-mingw32/bin/../lib/gcc/nios2-elf/5.2.0/../../../../../H-x86_64-mingw32/nios2-elf/lib/mhw-mulx\libc.a(lib_a-exit.o)
 .bss           0x0000000000006c60        0x0 c:/intelfpga_lite/16.1/nios2eds/bin/gnu/h-x86_64-mingw32/bin/../lib/gcc/nios2-elf/5.2.0/../../../../../H-x86_64-mingw32/nios2-elf/lib/mhw-mulx\libc.a(lib_a-impure.o)
 .bss           0x0000000000006c60        0x0 c:/intelfpga_lite/16.1/nios2eds/bin/gnu/h-x86_64-mingw32/bin/../lib/gcc/nios2-elf/5.2.0/../../../../../H-x86_64-mingw32/nios2-elf/lib/mhw-mulx\libc.a(lib_a-int_errno.o)
 .bss           0x0000000000006c60        0x0 c:/intelfpga_lite/16.1/nios2eds/bin/gnu/h-x86_64-mingw32/bin/../lib/gcc/nios2-elf/5.2.0/../../../../../H-x86_64-mingw32/nios2-elf/lib/mhw-mulx\libc.a(lib_a-memcmp.o)
 .bss           0x0000000000006c60        0x0 c:/intelfpga_lite/16.1/nios2eds/bin/gnu/h-x86_64-mingw32/bin/../lib/gcc/nios2-elf/5.2.0/../../../../../H-x86_64-mingw32/nios2-elf/lib/mhw-mulx\libc.a(lib_a-memcpy.o)
 .bss           0x0000000000006c60        0x0 c:/intelfpga_lite/16.1/nios2eds/bin/gnu/h-x86_64-mingw32/bin/../lib/gcc/nios2-elf/5.2.0/../../../../../H-x86_64-mingw32/nios2-elf/lib/mhw-mulx\libc.a(lib_a-strlen.o)
 .bss           0x0000000000006c60        0x0 c:/intelfpga_lite/16.1/nios2eds/bin/gnu/h-x86_64-mingw32/bin/../lib/gcc/nios2-elf/5.2.0/../../../../../H-x86_64-mingw32/nios2-elf/lib/mhw-mulx\libc.a(lib_a-__atexit.o)
 .bss           0x0000000000006c60        0x0 c:/intelfpga_lite/16.1/nios2eds/bin/gnu/h-x86_64-mingw32/bin/../lib/gcc/nios2-elf/5.2.0/../../../../../H-x86_64-mingw32/nios2-elf/lib/mhw-mulx\libc.a(lib_a-__call_atexit.o)
 .bss           0x0000000000006c60        0x0 ../AlarmClock_bsp/\libhal_bsp.a(alt_exit.o)
 *(COMMON)
 COMMON         0x0000000000006c60    0x80000 obj/default/hello_world.o
                0x0000000000006c60                front_buffer
                0x0000000000046c60                back_buffer
 COMMON         0x0000000000086c60      0x100 ../AlarmClock_bsp/\libhal_bsp.a(alt_irq_handler.o)
                0x0000000000086c60                alt_irq
                0x0000000000086d60                . = ALIGN (0x4)
                0x0000000000086d60                __bss_end = ABSOLUTE (.)

.SDRAM          0x0000000000086d60        0x0
                [!provide]                        PROVIDE (_alt_partition_SDRAM_start, ABSOLUTE (.))
 *(.SDRAM .SDRAM. SDRAM.*)
                0x0000000000086d60                . = ALIGN (0x4)
                [!provide]                        PROVIDE (_alt_partition_SDRAM_end, ABSOLUTE (.))
                0x0000000000086d60                _end = ABSOLUTE (.)
                0x0000000000086d60                end = ABSOLUTE (.)
                0x0000000000086d60                __alt_stack_base = ABSOLUTE (.)
                [!provide]                        PROVIDE (_alt_partition_SDRAM_load_addr, LOADADDR (.SDRAM))

.Onchip_SRAM    0x0000000008000000        0x0 load address 0x0000000000086d60
                [!provide]                        PROVIDE (_alt_partition_Onchip_SRAM_start, ABSOLUTE (.))
 *(.Onchip_SRAM .Onchip_SRAM. Onchip_SRAM.*)
                0x0000000008000000                . = ALIGN (0x4)
                [!provide]                        PROVIDE (_alt_partition_Onchip_SRAM_end, ABSOLUTE (.))
                [!provide]                        PROVIDE (_alt_partition_Onchip_SRAM_load_addr, LOADADDR (.Onchip_SRAM))

.VGA_Subsystem_Char_Buf_Subsystem_Onchip_SRAM
                0x0000000009000000        0x0 load address 0x0000000000086d60
                [!provide]                        PROVIDE (_alt_partition_VGA_Subsystem_Char_Buf_Subsystem_Onchip_SRAM_start, ABSOLUTE (.))
 *(.VGA_Subsystem_Char_Buf_Subsystem_Onchip_SRAM .VGA_Subsystem_Char_Buf_Subsystem_Onchip_SRAM. VGA_Subsystem_Char_Buf_Subsystem_Onchip_SRAM.*)
                0x0000000009000000                . = ALIGN (0x4)
                [!provide]                        PROVIDE (_alt_partition_VGA_Subsystem_Char_Buf_Subsystem_Onchip_SRAM_end, ABSOLUTE (.))
                [!provide]                        PROVIDE (_alt_partition_VGA_Subsystem_Char_Buf_Subsystem_Onchip_SRAM_load_addr, LOADADDR (.VGA_Subsystem_Char_Buf_Subsystem_Onchip_SRAM))

.ARM_A9_HPS_axi_sdram
                0x0000000040000000        0x0 load address 0x0000000000086d60
                [!provide]                        PROVIDE (_alt_partition_ARM_A9_HPS_axi_sdram_start, ABSOLUTE (.))
 *(.ARM_A9_HPS_axi_sdram .ARM_A9_HPS_axi_sdram. ARM_A9_HPS_axi_sdram.*)
                0x0000000040000000                . = ALIGN (0x4)
                [!provide]                        PROVIDE (_alt_partition_ARM_A9_HPS_axi_sdram_end, ABSOLUTE (.))
                [!provide]                        PROVIDE (_alt_partition_ARM_A9_HPS_axi_sdram_load_addr, LOADADDR (.ARM_A9_HPS_axi_sdram))

.stab
 *(.stab)

.stabstr
 *(.stabstr)

.stab.excl
 *(.stab.excl)

.stab.exclstr
 *(.stab.exclstr)

.stab.index
 *(.stab.index)

.stab.indexstr
 *(.stab.indexstr)

.comment        0x0000000000000000       0x23
 *(.comment)
 .comment       0x0000000000000000       0x23 obj/default/hello_world.o
                                         0x24 (size before relaxing)
 .comment       0x0000000000000023       0x24 ../AlarmClock_bsp/\libhal_bsp.a(alt_irq_register.o)
 .comment       0x0000000000000023       0x24 ../AlarmClock_bsp/\libhal_bsp.a(alt_irq_vars.o)
 .comment       0x0000000000000023       0x24 ../AlarmClock_bsp/\libhal_bsp.a(alt_load.o)
 .comment       0x0000000000000023       0x24 ../AlarmClock_bsp/\libhal_bsp.a(alt_main.o)
 .comment       0x0000000000000023       0x24 ../AlarmClock_bsp/\libhal_bsp.a(alt_sys_init.o)
 .comment       0x0000000000000023       0x24 ../AlarmClock_bsp/\libhal_bsp.a(altera_avalon_jtag_uart_fd.o)
 .comment       0x0000000000000023       0x24 ../AlarmClock_bsp/\libhal_bsp.a(altera_avalon_jtag_uart_init.o)
 .comment       0x0000000000000023       0x24 ../AlarmClock_bsp/\libhal_bsp.a(altera_avalon_jtag_uart_ioctl.o)
 .comment       0x0000000000000023       0x24 ../AlarmClock_bsp/\libhal_bsp.a(altera_avalon_jtag_uart_read.o)
 .comment       0x0000000000000023       0x24 ../AlarmClock_bsp/\libhal_bsp.a(altera_avalon_jtag_uart_write.o)
 .comment       0x0000000000000023       0x24 ../AlarmClock_bsp/\libhal_bsp.a(altera_avalon_timer_sc.o)
 .comment       0x0000000000000023       0x24 ../AlarmClock_bsp/\libhal_bsp.a(altera_up_avalon_irda.o)
 .comment       0x0000000000000023       0x24 ../AlarmClock_bsp/\libhal_bsp.a(altera_up_avalon_ps2.o)
 .comment       0x0000000000000023       0x24 ../AlarmClock_bsp/\libhal_bsp.a(alt_alarm_start.o)
 .comment       0x0000000000000023       0x24 ../AlarmClock_bsp/\libhal_bsp.a(alt_close.o)
 .comment       0x0000000000000023       0x24 ../AlarmClock_bsp/\libhal_bsp.a(alt_dcache_flush_all.o)
 .comment       0x0000000000000023       0x24 ../AlarmClock_bsp/\libhal_bsp.a(alt_dev.o)
 .comment       0x0000000000000023       0x24 ../AlarmClock_bsp/\libhal_bsp.a(alt_dev_llist_insert.o)
 .comment       0x0000000000000023       0x24 ../AlarmClock_bsp/\libhal_bsp.a(alt_do_ctors.o)
 .comment       0x0000000000000023       0x24 ../AlarmClock_bsp/\libhal_bsp.a(alt_do_dtors.o)
 .comment       0x0000000000000023       0x24 ../AlarmClock_bsp/\libhal_bsp.a(alt_errno.o)
 .comment       0x0000000000000023       0x24 ../AlarmClock_bsp/\libhal_bsp.a(alt_find_dev.o)
 .comment       0x0000000000000023       0x24 ../AlarmClock_bsp/\libhal_bsp.a(alt_icache_flush_all.o)
 .comment       0x0000000000000023       0x24 ../AlarmClock_bsp/\libhal_bsp.a(alt_io_redirect.o)
 .comment       0x0000000000000023       0x24 ../AlarmClock_bsp/\libhal_bsp.a(alt_irq_handler.o)
 .comment       0x0000000000000023       0x24 ../AlarmClock_bsp/\libhal_bsp.a(alt_open.o)
 .comment       0x0000000000000023       0x24 ../AlarmClock_bsp/\libhal_bsp.a(alt_release_fd.o)
 .comment       0x0000000000000023       0x24 ../AlarmClock_bsp/\libhal_bsp.a(alt_tick.o)
 .comment       0x0000000000000023       0x24 ../AlarmClock_bsp/\libhal_bsp.a(altera_nios2_gen2_irq.o)
 .comment       0x0000000000000023       0x24 ../AlarmClock_bsp/\libhal_bsp.a(alt_find_file.o)
 .comment       0x0000000000000023       0x24 ../AlarmClock_bsp/\libhal_bsp.a(alt_get_fd.o)
 .comment       0x0000000000000023       0x24 ../AlarmClock_bsp/\libhal_bsp.a(alt_icache_flush.o)
 .comment       0x0000000000000023       0x24 ../AlarmClock_bsp/\libhal_bsp.a(alt_instruction_exception_entry.o)
 .comment       0x0000000000000023       0x24 c:/intelfpga_lite/16.1/nios2eds/bin/gnu/h-x86_64-mingw32/bin/../lib/gcc/nios2-elf/5.2.0/../../../../../H-x86_64-mingw32/nios2-elf/lib/mhw-mulx\libc.a(lib_a-atexit.o)
 .comment       0x0000000000000023       0x24 c:/intelfpga_lite/16.1/nios2eds/bin/gnu/h-x86_64-mingw32/bin/../lib/gcc/nios2-elf/5.2.0/../../../../../H-x86_64-mingw32/nios2-elf/lib/mhw-mulx\libc.a(lib_a-exit.o)
 .comment       0x0000000000000023       0x24 c:/intelfpga_lite/16.1/nios2eds/bin/gnu/h-x86_64-mingw32/bin/../lib/gcc/nios2-elf/5.2.0/../../../../../H-x86_64-mingw32/nios2-elf/lib/mhw-mulx\libc.a(lib_a-impure.o)
 .comment       0x0000000000000023       0x24 c:/intelfpga_lite/16.1/nios2eds/bin/gnu/h-x86_64-mingw32/bin/../lib/gcc/nios2-elf/5.2.0/../../../../../H-x86_64-mingw32/nios2-elf/lib/mhw-mulx\libc.a(lib_a-int_errno.o)
 .comment       0x0000000000000023       0x24 c:/intelfpga_lite/16.1/nios2eds/bin/gnu/h-x86_64-mingw32/bin/../lib/gcc/nios2-elf/5.2.0/../../../../../H-x86_64-mingw32/nios2-elf/lib/mhw-mulx\libc.a(lib_a-memcmp.o)
 .comment       0x0000000000000023       0x24 c:/intelfpga_lite/16.1/nios2eds/bin/gnu/h-x86_64-mingw32/bin/../lib/gcc/nios2-elf/5.2.0/../../../../../H-x86_64-mingw32/nios2-elf/lib/mhw-mulx\libc.a(lib_a-memcpy.o)
 .comment       0x0000000000000023       0x24 c:/intelfpga_lite/16.1/nios2eds/bin/gnu/h-x86_64-mingw32/bin/../lib/gcc/nios2-elf/5.2.0/../../../../../H-x86_64-mingw32/nios2-elf/lib/mhw-mulx\libc.a(lib_a-strlen.o)
 .comment       0x0000000000000023       0x24 c:/intelfpga_lite/16.1/nios2eds/bin/gnu/h-x86_64-mingw32/bin/../lib/gcc/nios2-elf/5.2.0/../../../../../H-x86_64-mingw32/nios2-elf/lib/mhw-mulx\libc.a(lib_a-__atexit.o)
 .comment       0x0000000000000023       0x24 c:/intelfpga_lite/16.1/nios2eds/bin/gnu/h-x86_64-mingw32/bin/../lib/gcc/nios2-elf/5.2.0/../../../../../H-x86_64-mingw32/nios2-elf/lib/mhw-mulx\libc.a(lib_a-__call_atexit.o)
 .comment       0x0000000000000023       0x24 ../AlarmClock_bsp/\libhal_bsp.a(alt_exit.o)

.debug
 *(.debug)

.line
 *(.line)

.debug_srcinfo
 *(.debug_srcinfo)

.debug_sfnames
 *(.debug_sfnames)

.debug_aranges  0x0000000000000000      0x5f8
 *(.debug_aranges)
 .debug_aranges
                0x0000000000000000       0x28 ../AlarmClock_bsp//obj/HAL/src/crt0.o
 .debug_aranges
                0x0000000000000028       0x20 obj/default/hello_world.o
 .debug_aranges
                0x0000000000000048       0x20 ../AlarmClock_bsp/\libhal_bsp.a(alt_irq_register.o)
 .debug_aranges
                0x0000000000000068       0x18 ../AlarmClock_bsp/\libhal_bsp.a(alt_irq_vars.o)
 .debug_aranges
                0x0000000000000080       0x20 ../AlarmClock_bsp/\libhal_bsp.a(alt_load.o)
 .debug_aranges
                0x00000000000000a0       0x20 ../AlarmClock_bsp/\libhal_bsp.a(alt_main.o)
 .debug_aranges
                0x00000000000000c0       0x20 ../AlarmClock_bsp/\libhal_bsp.a(alt_sys_init.o)
 .debug_aranges
                0x00000000000000e0       0x20 ../AlarmClock_bsp/\libhal_bsp.a(altera_avalon_jtag_uart_fd.o)
 .debug_aranges
                0x0000000000000100       0x20 ../AlarmClock_bsp/\libhal_bsp.a(altera_avalon_jtag_uart_init.o)
 .debug_aranges
                0x0000000000000120       0x20 ../AlarmClock_bsp/\libhal_bsp.a(altera_avalon_jtag_uart_ioctl.o)
 .debug_aranges
                0x0000000000000140       0x20 ../AlarmClock_bsp/\libhal_bsp.a(altera_avalon_jtag_uart_read.o)
 .debug_aranges
                0x0000000000000160       0x20 ../AlarmClock_bsp/\libhal_bsp.a(altera_avalon_jtag_uart_write.o)
 .debug_aranges
                0x0000000000000180       0x20 ../AlarmClock_bsp/\libhal_bsp.a(altera_avalon_timer_sc.o)
 .debug_aranges
                0x00000000000001a0       0x20 ../AlarmClock_bsp/\libhal_bsp.a(altera_up_avalon_irda.o)
 .debug_aranges
                0x00000000000001c0       0x20 ../AlarmClock_bsp/\libhal_bsp.a(altera_up_avalon_ps2.o)
 .debug_aranges
                0x00000000000001e0       0x20 ../AlarmClock_bsp/\libhal_bsp.a(alt_alarm_start.o)
 .debug_aranges
                0x0000000000000200       0x20 ../AlarmClock_bsp/\libhal_bsp.a(alt_close.o)
 .debug_aranges
                0x0000000000000220       0x20 ../AlarmClock_bsp/\libhal_bsp.a(alt_dcache_flush_all.o)
 .debug_aranges
                0x0000000000000240       0x20 ../AlarmClock_bsp/\libhal_bsp.a(alt_dev.o)
 .debug_aranges
                0x0000000000000260       0x20 ../AlarmClock_bsp/\libhal_bsp.a(alt_dev_llist_insert.o)
 .debug_aranges
                0x0000000000000280       0x20 ../AlarmClock_bsp/\libhal_bsp.a(alt_do_ctors.o)
 .debug_aranges
                0x00000000000002a0       0x20 ../AlarmClock_bsp/\libhal_bsp.a(alt_do_dtors.o)
 .debug_aranges
                0x00000000000002c0       0x18 ../AlarmClock_bsp/\libhal_bsp.a(alt_errno.o)
 .debug_aranges
                0x00000000000002d8       0x20 ../AlarmClock_bsp/\libhal_bsp.a(alt_find_dev.o)
 .debug_aranges
                0x00000000000002f8       0x20 ../AlarmClock_bsp/\libhal_bsp.a(alt_icache_flush_all.o)
 .debug_aranges
                0x0000000000000318       0x20 ../AlarmClock_bsp/\libhal_bsp.a(alt_io_redirect.o)
 .debug_aranges
                0x0000000000000338       0x30 ../AlarmClock_bsp/\libhal_bsp.a(alt_irq_entry.o)
 .debug_aranges
                0x0000000000000368       0x20 ../AlarmClock_bsp/\libhal_bsp.a(alt_irq_handler.o)
 .debug_aranges
                0x0000000000000388       0x20 ../AlarmClock_bsp/\libhal_bsp.a(alt_open.o)
 .debug_aranges
                0x00000000000003a8       0x20 ../AlarmClock_bsp/\libhal_bsp.a(alt_release_fd.o)
 .debug_aranges
                0x00000000000003c8       0x20 ../AlarmClock_bsp/\libhal_bsp.a(alt_tick.o)
 .debug_aranges
                0x00000000000003e8       0x20 ../AlarmClock_bsp/\libhal_bsp.a(altera_nios2_gen2_irq.o)
 .debug_aranges
                0x0000000000000408       0x38 ../AlarmClock_bsp/\libhal_bsp.a(alt_exception_entry.o)
 .debug_aranges
                0x0000000000000440       0x20 ../AlarmClock_bsp/\libhal_bsp.a(alt_find_file.o)
 .debug_aranges
                0x0000000000000460       0x20 ../AlarmClock_bsp/\libhal_bsp.a(alt_get_fd.o)
 .debug_aranges
                0x0000000000000480       0x20 ../AlarmClock_bsp/\libhal_bsp.a(alt_icache_flush.o)
 .debug_aranges
                0x00000000000004a0       0x28 ../AlarmClock_bsp/\libhal_bsp.a(alt_instruction_exception_entry.o)
 .debug_aranges
                0x00000000000004c8       0x20 c:/intelfpga_lite/16.1/nios2eds/bin/gnu/h-x86_64-mingw32/bin/../lib/gcc/nios2-elf/5.2.0/../../../../../H-x86_64-mingw32/nios2-elf/lib/mhw-mulx\libc.a(lib_a-atexit.o)
 .debug_aranges
                0x00000000000004e8       0x20 c:/intelfpga_lite/16.1/nios2eds/bin/gnu/h-x86_64-mingw32/bin/../lib/gcc/nios2-elf/5.2.0/../../../../../H-x86_64-mingw32/nios2-elf/lib/mhw-mulx\libc.a(lib_a-exit.o)
 .debug_aranges
                0x0000000000000508       0x18 c:/intelfpga_lite/16.1/nios2eds/bin/gnu/h-x86_64-mingw32/bin/../lib/gcc/nios2-elf/5.2.0/../../../../../H-x86_64-mingw32/nios2-elf/lib/mhw-mulx\libc.a(lib_a-impure.o)
 .debug_aranges
                0x0000000000000520       0x18 c:/intelfpga_lite/16.1/nios2eds/bin/gnu/h-x86_64-mingw32/bin/../lib/gcc/nios2-elf/5.2.0/../../../../../H-x86_64-mingw32/nios2-elf/lib/mhw-mulx\libc.a(lib_a-int_errno.o)
 .debug_aranges
                0x0000000000000538       0x20 c:/intelfpga_lite/16.1/nios2eds/bin/gnu/h-x86_64-mingw32/bin/../lib/gcc/nios2-elf/5.2.0/../../../../../H-x86_64-mingw32/nios2-elf/lib/mhw-mulx\libc.a(lib_a-memcmp.o)
 .debug_aranges
                0x0000000000000558       0x20 c:/intelfpga_lite/16.1/nios2eds/bin/gnu/h-x86_64-mingw32/bin/../lib/gcc/nios2-elf/5.2.0/../../../../../H-x86_64-mingw32/nios2-elf/lib/mhw-mulx\libc.a(lib_a-memcpy.o)
 .debug_aranges
                0x0000000000000578       0x20 c:/intelfpga_lite/16.1/nios2eds/bin/gnu/h-x86_64-mingw32/bin/../lib/gcc/nios2-elf/5.2.0/../../../../../H-x86_64-mingw32/nios2-elf/lib/mhw-mulx\libc.a(lib_a-strlen.o)
 .debug_aranges
                0x0000000000000598       0x20 c:/intelfpga_lite/16.1/nios2eds/bin/gnu/h-x86_64-mingw32/bin/../lib/gcc/nios2-elf/5.2.0/../../../../../H-x86_64-mingw32/nios2-elf/lib/mhw-mulx\libc.a(lib_a-__atexit.o)
 .debug_aranges
                0x00000000000005b8       0x20 c:/intelfpga_lite/16.1/nios2eds/bin/gnu/h-x86_64-mingw32/bin/../lib/gcc/nios2-elf/5.2.0/../../../../../H-x86_64-mingw32/nios2-elf/lib/mhw-mulx\libc.a(lib_a-__call_atexit.o)
 .debug_aranges
                0x00000000000005d8       0x20 ../AlarmClock_bsp/\libhal_bsp.a(alt_exit.o)

.debug_pubnames
 *(.debug_pubnames)

.debug_info     0x0000000000000000     0x8b17
 *(.debug_info .gnu.linkonce.wi.*)
 .debug_info    0x0000000000000000       0xa8 ../AlarmClock_bsp//obj/HAL/src/crt0.o
 .debug_info    0x00000000000000a8      0x316 obj/default/hello_world.o
 .debug_info    0x00000000000003be      0x329 ../AlarmClock_bsp/\libhal_bsp.a(alt_irq_register.o)
 .debug_info    0x00000000000006e7       0x88 ../AlarmClock_bsp/\libhal_bsp.a(alt_irq_vars.o)
 .debug_info    0x000000000000076f      0x145 ../AlarmClock_bsp/\libhal_bsp.a(alt_load.o)
 .debug_info    0x00000000000008b4      0x157 ../AlarmClock_bsp/\libhal_bsp.a(alt_main.o)
 .debug_info    0x0000000000000a0b      0x929 ../AlarmClock_bsp/\libhal_bsp.a(alt_sys_init.o)
 .debug_info    0x0000000000001334      0x52e ../AlarmClock_bsp/\libhal_bsp.a(altera_avalon_jtag_uart_fd.o)
 .debug_info    0x0000000000001862      0x3c3 ../AlarmClock_bsp/\libhal_bsp.a(altera_avalon_jtag_uart_init.o)
 .debug_info    0x0000000000001c25      0x280 ../AlarmClock_bsp/\libhal_bsp.a(altera_avalon_jtag_uart_ioctl.o)
 .debug_info    0x0000000000001ea5      0x35b ../AlarmClock_bsp/\libhal_bsp.a(altera_avalon_jtag_uart_read.o)
 .debug_info    0x0000000000002200      0x356 ../AlarmClock_bsp/\libhal_bsp.a(altera_avalon_jtag_uart_write.o)
 .debug_info    0x0000000000002556      0x249 ../AlarmClock_bsp/\libhal_bsp.a(altera_avalon_timer_sc.o)
 .debug_info    0x000000000000279f      0x568 ../AlarmClock_bsp/\libhal_bsp.a(altera_up_avalon_irda.o)
 .debug_info    0x0000000000002d07      0x7d4 ../AlarmClock_bsp/\libhal_bsp.a(altera_up_avalon_ps2.o)
 .debug_info    0x00000000000034db      0x2e2 ../AlarmClock_bsp/\libhal_bsp.a(alt_alarm_start.o)
 .debug_info    0x00000000000037bd      0x321 ../AlarmClock_bsp/\libhal_bsp.a(alt_close.o)
 .debug_info    0x0000000000003ade       0x92 ../AlarmClock_bsp/\libhal_bsp.a(alt_dcache_flush_all.o)
 .debug_info    0x0000000000003b70      0x49c ../AlarmClock_bsp/\libhal_bsp.a(alt_dev.o)
 .debug_info    0x000000000000400c      0x1a9 ../AlarmClock_bsp/\libhal_bsp.a(alt_dev_llist_insert.o)
 .debug_info    0x00000000000041b5       0x83 ../AlarmClock_bsp/\libhal_bsp.a(alt_do_ctors.o)
 .debug_info    0x0000000000004238       0x83 ../AlarmClock_bsp/\libhal_bsp.a(alt_do_dtors.o)
 .debug_info    0x00000000000042bb       0xa6 ../AlarmClock_bsp/\libhal_bsp.a(alt_errno.o)
 .debug_info    0x0000000000004361      0x2e9 ../AlarmClock_bsp/\libhal_bsp.a(alt_find_dev.o)
 .debug_info    0x000000000000464a       0x92 ../AlarmClock_bsp/\libhal_bsp.a(alt_icache_flush_all.o)
 .debug_info    0x00000000000046dc      0x4a5 ../AlarmClock_bsp/\libhal_bsp.a(alt_io_redirect.o)
 .debug_info    0x0000000000004b81       0xb1 ../AlarmClock_bsp/\libhal_bsp.a(alt_irq_entry.o)
 .debug_info    0x0000000000004c32      0x1a7 ../AlarmClock_bsp/\libhal_bsp.a(alt_irq_handler.o)
 .debug_info    0x0000000000004dd9      0x3bb ../AlarmClock_bsp/\libhal_bsp.a(alt_open.o)
 .debug_info    0x0000000000005194      0x2b0 ../AlarmClock_bsp/\libhal_bsp.a(alt_release_fd.o)
 .debug_info    0x0000000000005444      0x2af ../AlarmClock_bsp/\libhal_bsp.a(alt_tick.o)
 .debug_info    0x00000000000056f3       0xb8 ../AlarmClock_bsp/\libhal_bsp.a(altera_nios2_gen2_irq.o)
 .debug_info    0x00000000000057ab       0xb7 ../AlarmClock_bsp/\libhal_bsp.a(alt_exception_entry.o)
 .debug_info    0x0000000000005862      0x2e6 ../AlarmClock_bsp/\libhal_bsp.a(alt_find_file.o)
 .debug_info    0x0000000000005b48      0x310 ../AlarmClock_bsp/\libhal_bsp.a(alt_get_fd.o)
 .debug_info    0x0000000000005e58       0xdc ../AlarmClock_bsp/\libhal_bsp.a(alt_icache_flush.o)
 .debug_info    0x0000000000005f34      0x1e7 ../AlarmClock_bsp/\libhal_bsp.a(alt_instruction_exception_entry.o)
 .debug_info    0x000000000000611b       0xfe c:/intelfpga_lite/16.1/nios2eds/bin/gnu/h-x86_64-mingw32/bin/../lib/gcc/nios2-elf/5.2.0/../../../../../H-x86_64-mingw32/nios2-elf/lib/mhw-mulx\libc.a(lib_a-atexit.o)
 .debug_info    0x0000000000006219      0x8e4 c:/intelfpga_lite/16.1/nios2eds/bin/gnu/h-x86_64-mingw32/bin/../lib/gcc/nios2-elf/5.2.0/../../../../../H-x86_64-mingw32/nios2-elf/lib/mhw-mulx\libc.a(lib_a-exit.o)
 .debug_info    0x0000000000006afd      0x8a1 c:/intelfpga_lite/16.1/nios2eds/bin/gnu/h-x86_64-mingw32/bin/../lib/gcc/nios2-elf/5.2.0/../../../../../H-x86_64-mingw32/nios2-elf/lib/mhw-mulx\libc.a(lib_a-impure.o)
 .debug_info    0x000000000000739e       0x8a c:/intelfpga_lite/16.1/nios2eds/bin/gnu/h-x86_64-mingw32/bin/../lib/gcc/nios2-elf/5.2.0/../../../../../H-x86_64-mingw32/nios2-elf/lib/mhw-mulx\libc.a(lib_a-int_errno.o)
 .debug_info    0x0000000000007428      0x11a c:/intelfpga_lite/16.1/nios2eds/bin/gnu/h-x86_64-mingw32/bin/../lib/gcc/nios2-elf/5.2.0/../../../../../H-x86_64-mingw32/nios2-elf/lib/mhw-mulx\libc.a(lib_a-memcmp.o)
 .debug_info    0x0000000000007542      0x144 c:/intelfpga_lite/16.1/nios2eds/bin/gnu/h-x86_64-mingw32/bin/../lib/gcc/nios2-elf/5.2.0/../../../../../H-x86_64-mingw32/nios2-elf/lib/mhw-mulx\libc.a(lib_a-memcpy.o)
 .debug_info    0x0000000000007686       0xe2 c:/intelfpga_lite/16.1/nios2eds/bin/gnu/h-x86_64-mingw32/bin/../lib/gcc/nios2-elf/5.2.0/../../../../../H-x86_64-mingw32/nios2-elf/lib/mhw-mulx\libc.a(lib_a-strlen.o)
 .debug_info    0x0000000000007768      0x934 c:/intelfpga_lite/16.1/nios2eds/bin/gnu/h-x86_64-mingw32/bin/../lib/gcc/nios2-elf/5.2.0/../../../../../H-x86_64-mingw32/nios2-elf/lib/mhw-mulx\libc.a(lib_a-__atexit.o)
 .debug_info    0x000000000000809c      0x965 c:/intelfpga_lite/16.1/nios2eds/bin/gnu/h-x86_64-mingw32/bin/../lib/gcc/nios2-elf/5.2.0/../../../../../H-x86_64-mingw32/nios2-elf/lib/mhw-mulx\libc.a(lib_a-__call_atexit.o)
 .debug_info    0x0000000000008a01      0x116 ../AlarmClock_bsp/\libhal_bsp.a(alt_exit.o)

.debug_abbrev   0x0000000000000000     0x2d7b
 *(.debug_abbrev)
 .debug_abbrev  0x0000000000000000       0x12 ../AlarmClock_bsp//obj/HAL/src/crt0.o
 .debug_abbrev  0x0000000000000012      0x126 obj/default/hello_world.o
 .debug_abbrev  0x0000000000000138      0x186 ../AlarmClock_bsp/\libhal_bsp.a(alt_irq_register.o)
 .debug_abbrev  0x00000000000002be       0x40 ../AlarmClock_bsp/\libhal_bsp.a(alt_irq_vars.o)
 .debug_abbrev  0x00000000000002fe       0x9f ../AlarmClock_bsp/\libhal_bsp.a(alt_load.o)
 .debug_abbrev  0x000000000000039d       0xc1 ../AlarmClock_bsp/\libhal_bsp.a(alt_main.o)
 .debug_abbrev  0x000000000000045e      0x1aa ../AlarmClock_bsp/\libhal_bsp.a(alt_sys_init.o)
 .debug_abbrev  0x0000000000000608      0x127 ../AlarmClock_bsp/\libhal_bsp.a(altera_avalon_jtag_uart_fd.o)
 .debug_abbrev  0x000000000000072f      0x19e ../AlarmClock_bsp/\libhal_bsp.a(altera_avalon_jtag_uart_init.o)
 .debug_abbrev  0x00000000000008cd      0x111 ../AlarmClock_bsp/\libhal_bsp.a(altera_avalon_jtag_uart_ioctl.o)
 .debug_abbrev  0x00000000000009de      0x1aa ../AlarmClock_bsp/\libhal_bsp.a(altera_avalon_jtag_uart_read.o)
 .debug_abbrev  0x0000000000000b88      0x1a8 ../AlarmClock_bsp/\libhal_bsp.a(altera_avalon_jtag_uart_write.o)
 .debug_abbrev  0x0000000000000d30      0x155 ../AlarmClock_bsp/\libhal_bsp.a(altera_avalon_timer_sc.o)
 .debug_abbrev  0x0000000000000e85      0x135 ../AlarmClock_bsp/\libhal_bsp.a(altera_up_avalon_irda.o)
 .debug_abbrev  0x0000000000000fba      0x1a1 ../AlarmClock_bsp/\libhal_bsp.a(altera_up_avalon_ps2.o)
 .debug_abbrev  0x000000000000115b      0x162 ../AlarmClock_bsp/\libhal_bsp.a(alt_alarm_start.o)
 .debug_abbrev  0x00000000000012bd      0x11f ../AlarmClock_bsp/\libhal_bsp.a(alt_close.o)
 .debug_abbrev  0x00000000000013dc       0x42 ../AlarmClock_bsp/\libhal_bsp.a(alt_dcache_flush_all.o)
 .debug_abbrev  0x000000000000141e       0xd9 ../AlarmClock_bsp/\libhal_bsp.a(alt_dev.o)
 .debug_abbrev  0x00000000000014f7      0x114 ../AlarmClock_bsp/\libhal_bsp.a(alt_dev_llist_insert.o)
 .debug_abbrev  0x000000000000160b       0x79 ../AlarmClock_bsp/\libhal_bsp.a(alt_do_ctors.o)
 .debug_abbrev  0x0000000000001684       0x79 ../AlarmClock_bsp/\libhal_bsp.a(alt_do_dtors.o)
 .debug_abbrev  0x00000000000016fd       0x5a ../AlarmClock_bsp/\libhal_bsp.a(alt_errno.o)
 .debug_abbrev  0x0000000000001757       0xf0 ../AlarmClock_bsp/\libhal_bsp.a(alt_find_dev.o)
 .debug_abbrev  0x0000000000001847       0x42 ../AlarmClock_bsp/\libhal_bsp.a(alt_icache_flush_all.o)
 .debug_abbrev  0x0000000000001889      0x114 ../AlarmClock_bsp/\libhal_bsp.a(alt_io_redirect.o)
 .debug_abbrev  0x000000000000199d       0x12 ../AlarmClock_bsp/\libhal_bsp.a(alt_irq_entry.o)
 .debug_abbrev  0x00000000000019af      0x13a ../AlarmClock_bsp/\libhal_bsp.a(alt_irq_handler.o)
 .debug_abbrev  0x0000000000001ae9      0x148 ../AlarmClock_bsp/\libhal_bsp.a(alt_open.o)
 .debug_abbrev  0x0000000000001c31       0xde ../AlarmClock_bsp/\libhal_bsp.a(alt_release_fd.o)
 .debug_abbrev  0x0000000000001d0f      0x16b ../AlarmClock_bsp/\libhal_bsp.a(alt_tick.o)
 .debug_abbrev  0x0000000000001e7a       0x67 ../AlarmClock_bsp/\libhal_bsp.a(altera_nios2_gen2_irq.o)
 .debug_abbrev  0x0000000000001ee1       0x12 ../AlarmClock_bsp/\libhal_bsp.a(alt_exception_entry.o)
 .debug_abbrev  0x0000000000001ef3       0xf0 ../AlarmClock_bsp/\libhal_bsp.a(alt_find_file.o)
 .debug_abbrev  0x0000000000001fe3      0x10d ../AlarmClock_bsp/\libhal_bsp.a(alt_get_fd.o)
 .debug_abbrev  0x00000000000020f0       0x8c ../AlarmClock_bsp/\libhal_bsp.a(alt_icache_flush.o)
 .debug_abbrev  0x000000000000217c       0xdc ../AlarmClock_bsp/\libhal_bsp.a(alt_instruction_exception_entry.o)
 .debug_abbrev  0x0000000000002258       0xaa c:/intelfpga_lite/16.1/nios2eds/bin/gnu/h-x86_64-mingw32/bin/../lib/gcc/nios2-elf/5.2.0/../../../../../H-x86_64-mingw32/nios2-elf/lib/mhw-mulx\libc.a(lib_a-atexit.o)
 .debug_abbrev  0x0000000000002302      0x1e5 c:/intelfpga_lite/16.1/nios2eds/bin/gnu/h-x86_64-mingw32/bin/../lib/gcc/nios2-elf/5.2.0/../../../../../H-x86_64-mingw32/nios2-elf/lib/mhw-mulx\libc.a(lib_a-exit.o)
 .debug_abbrev  0x00000000000024e7      0x18f c:/intelfpga_lite/16.1/nios2eds/bin/gnu/h-x86_64-mingw32/bin/../lib/gcc/nios2-elf/5.2.0/../../../../../H-x86_64-mingw32/nios2-elf/lib/mhw-mulx\libc.a(lib_a-impure.o)
 .debug_abbrev  0x0000000000002676       0x37 c:/intelfpga_lite/16.1/nios2eds/bin/gnu/h-x86_64-mingw32/bin/../lib/gcc/nios2-elf/5.2.0/../../../../../H-x86_64-mingw32/nios2-elf/lib/mhw-mulx\libc.a(lib_a-int_errno.o)
 .debug_abbrev  0x00000000000026ad       0x7f c:/intelfpga_lite/16.1/nios2eds/bin/gnu/h-x86_64-mingw32/bin/../lib/gcc/nios2-elf/5.2.0/../../../../../H-x86_64-mingw32/nios2-elf/lib/mhw-mulx\libc.a(lib_a-memcmp.o)
 .debug_abbrev  0x000000000000272c       0xa3 c:/intelfpga_lite/16.1/nios2eds/bin/gnu/h-x86_64-mingw32/bin/../lib/gcc/nios2-elf/5.2.0/../../../../../H-x86_64-mingw32/nios2-elf/lib/mhw-mulx\libc.a(lib_a-memcpy.o)
 .debug_abbrev  0x00000000000027cf       0x90 c:/intelfpga_lite/16.1/nios2eds/bin/gnu/h-x86_64-mingw32/bin/../lib/gcc/nios2-elf/5.2.0/../../../../../H-x86_64-mingw32/nios2-elf/lib/mhw-mulx\libc.a(lib_a-strlen.o)
 .debug_abbrev  0x000000000000285f      0x21e c:/intelfpga_lite/16.1/nios2eds/bin/gnu/h-x86_64-mingw32/bin/../lib/gcc/nios2-elf/5.2.0/../../../../../H-x86_64-mingw32/nios2-elf/lib/mhw-mulx\libc.a(lib_a-__atexit.o)
 .debug_abbrev  0x0000000000002a7d      0x22e c:/intelfpga_lite/16.1/nios2eds/bin/gnu/h-x86_64-mingw32/bin/../lib/gcc/nios2-elf/5.2.0/../../../../../H-x86_64-mingw32/nios2-elf/lib/mhw-mulx\libc.a(lib_a-__call_atexit.o)
 .debug_abbrev  0x0000000000002cab       0xd0 ../AlarmClock_bsp/\libhal_bsp.a(alt_exit.o)

.debug_line     0x0000000000000000     0x30ea
 *(.debug_line)
 .debug_line    0x0000000000000000       0x6c ../AlarmClock_bsp//obj/HAL/src/crt0.o
 .debug_line    0x000000000000006c      0x152 obj/default/hello_world.o
 .debug_line    0x00000000000001be      0x155 ../AlarmClock_bsp/\libhal_bsp.a(alt_irq_register.o)
 .debug_line    0x0000000000000313       0x50 ../AlarmClock_bsp/\libhal_bsp.a(alt_irq_vars.o)
 .debug_line    0x0000000000000363       0x8e ../AlarmClock_bsp/\libhal_bsp.a(alt_load.o)
 .debug_line    0x00000000000003f1       0xd1 ../AlarmClock_bsp/\libhal_bsp.a(alt_main.o)
 .debug_line    0x00000000000004c2      0x30d ../AlarmClock_bsp/\libhal_bsp.a(alt_sys_init.o)
 .debug_line    0x00000000000007cf      0x12f ../AlarmClock_bsp/\libhal_bsp.a(altera_avalon_jtag_uart_fd.o)
 .debug_line    0x00000000000008fe      0x19f ../AlarmClock_bsp/\libhal_bsp.a(altera_avalon_jtag_uart_init.o)
 .debug_line    0x0000000000000a9d      0x131 ../AlarmClock_bsp/\libhal_bsp.a(altera_avalon_jtag_uart_ioctl.o)
 .debug_line    0x0000000000000bce      0x185 ../AlarmClock_bsp/\libhal_bsp.a(altera_avalon_jtag_uart_read.o)
 .debug_line    0x0000000000000d53      0x184 ../AlarmClock_bsp/\libhal_bsp.a(altera_avalon_jtag_uart_write.o)
 .debug_line    0x0000000000000ed7      0x113 ../AlarmClock_bsp/\libhal_bsp.a(altera_avalon_timer_sc.o)
 .debug_line    0x0000000000000fea      0x13c ../AlarmClock_bsp/\libhal_bsp.a(altera_up_avalon_irda.o)
 .debug_line    0x0000000000001126      0x1a5 ../AlarmClock_bsp/\libhal_bsp.a(altera_up_avalon_ps2.o)
 .debug_line    0x00000000000012cb      0x10d ../AlarmClock_bsp/\libhal_bsp.a(alt_alarm_start.o)
 .debug_line    0x00000000000013d8      0x165 ../AlarmClock_bsp/\libhal_bsp.a(alt_close.o)
 .debug_line    0x000000000000153d       0x51 ../AlarmClock_bsp/\libhal_bsp.a(alt_dcache_flush_all.o)
 .debug_line    0x000000000000158e       0xf8 ../AlarmClock_bsp/\libhal_bsp.a(alt_dev.o)
 .debug_line    0x0000000000001686       0xcf ../AlarmClock_bsp/\libhal_bsp.a(alt_dev_llist_insert.o)
 .debug_line    0x0000000000001755       0x59 ../AlarmClock_bsp/\libhal_bsp.a(alt_do_ctors.o)
 .debug_line    0x00000000000017ae       0x59 ../AlarmClock_bsp/\libhal_bsp.a(alt_do_dtors.o)
 .debug_line    0x0000000000001807       0x51 ../AlarmClock_bsp/\libhal_bsp.a(alt_errno.o)
 .debug_line    0x0000000000001858       0xb5 ../AlarmClock_bsp/\libhal_bsp.a(alt_find_dev.o)
 .debug_line    0x000000000000190d       0x50 ../AlarmClock_bsp/\libhal_bsp.a(alt_icache_flush_all.o)
 .debug_line    0x000000000000195d      0x133 ../AlarmClock_bsp/\libhal_bsp.a(alt_io_redirect.o)
 .debug_line    0x0000000000001a90       0x6b ../AlarmClock_bsp/\libhal_bsp.a(alt_irq_entry.o)
 .debug_line    0x0000000000001afb       0xcd ../AlarmClock_bsp/\libhal_bsp.a(alt_irq_handler.o)
 .debug_line    0x0000000000001bc8      0x128 ../AlarmClock_bsp/\libhal_bsp.a(alt_open.o)
 .debug_line    0x0000000000001cf0       0xae ../AlarmClock_bsp/\libhal_bsp.a(alt_release_fd.o)
 .debug_line    0x0000000000001d9e      0x113 ../AlarmClock_bsp/\libhal_bsp.a(alt_tick.o)
 .debug_line    0x0000000000001eb1       0x8d ../AlarmClock_bsp/\libhal_bsp.a(altera_nios2_gen2_irq.o)
 .debug_line    0x0000000000001f3e       0xb3 ../AlarmClock_bsp/\libhal_bsp.a(alt_exception_entry.o)
 .debug_line    0x0000000000001ff1       0xd1 ../AlarmClock_bsp/\libhal_bsp.a(alt_find_file.o)
 .debug_line    0x00000000000020c2       0xd4 ../AlarmClock_bsp/\libhal_bsp.a(alt_get_fd.o)
 .debug_line    0x0000000000002196       0x81 ../AlarmClock_bsp/\libhal_bsp.a(alt_icache_flush.o)
 .debug_line    0x0000000000002217       0xba ../AlarmClock_bsp/\libhal_bsp.a(alt_instruction_exception_entry.o)
 .debug_line    0x00000000000022d1       0xe7 c:/intelfpga_lite/16.1/nios2eds/bin/gnu/h-x86_64-mingw32/bin/../lib/gcc/nios2-elf/5.2.0/../../../../../H-x86_64-mingw32/nios2-elf/lib/mhw-mulx\libc.a(lib_a-atexit.o)
 .debug_line    0x00000000000023b8      0x1fc c:/intelfpga_lite/16.1/nios2eds/bin/gnu/h-x86_64-mingw32/bin/../lib/gcc/nios2-elf/5.2.0/../../../../../H-x86_64-mingw32/nios2-elf/lib/mhw-mulx\libc.a(lib_a-exit.o)
 .debug_line    0x00000000000025b4      0x160 c:/intelfpga_lite/16.1/nios2eds/bin/gnu/h-x86_64-mingw32/bin/../lib/gcc/nios2-elf/5.2.0/../../../../../H-x86_64-mingw32/nios2-elf/lib/mhw-mulx\libc.a(lib_a-impure.o)
 .debug_line    0x0000000000002714       0x5f c:/intelfpga_lite/16.1/nios2eds/bin/gnu/h-x86_64-mingw32/bin/../lib/gcc/nios2-elf/5.2.0/../../../../../H-x86_64-mingw32/nios2-elf/lib/mhw-mulx\libc.a(lib_a-int_errno.o)
 .debug_line    0x0000000000002773      0x176 c:/intelfpga_lite/16.1/nios2eds/bin/gnu/h-x86_64-mingw32/bin/../lib/gcc/nios2-elf/5.2.0/../../../../../H-x86_64-mingw32/nios2-elf/lib/mhw-mulx\libc.a(lib_a-memcmp.o)
 .debug_line    0x00000000000028e9      0x18c c:/intelfpga_lite/16.1/nios2eds/bin/gnu/h-x86_64-mingw32/bin/../lib/gcc/nios2-elf/5.2.0/../../../../../H-x86_64-mingw32/nios2-elf/lib/mhw-mulx\libc.a(lib_a-memcpy.o)
 .debug_line    0x0000000000002a75      0x16f c:/intelfpga_lite/16.1/nios2eds/bin/gnu/h-x86_64-mingw32/bin/../lib/gcc/nios2-elf/5.2.0/../../../../../H-x86_64-mingw32/nios2-elf/lib/mhw-mulx\libc.a(lib_a-strlen.o)
 .debug_line    0x0000000000002be4      0x21f c:/intelfpga_lite/16.1/nios2eds/bin/gnu/h-x86_64-mingw32/bin/../lib/gcc/nios2-elf/5.2.0/../../../../../H-x86_64-mingw32/nios2-elf/lib/mhw-mulx\libc.a(lib_a-__atexit.o)
 .debug_line    0x0000000000002e03      0x23a c:/intelfpga_lite/16.1/nios2eds/bin/gnu/h-x86_64-mingw32/bin/../lib/gcc/nios2-elf/5.2.0/../../../../../H-x86_64-mingw32/nios2-elf/lib/mhw-mulx\libc.a(lib_a-__call_atexit.o)
 .debug_line    0x000000000000303d       0xad ../AlarmClock_bsp/\libhal_bsp.a(alt_exit.o)

.debug_frame    0x0000000000000000      0xf8c
 *(.debug_frame)
 .debug_frame   0x0000000000000000      0x118 obj/default/hello_world.o
 .debug_frame   0x0000000000000118       0x34 ../AlarmClock_bsp/\libhal_bsp.a(alt_irq_register.o)
 .debug_frame   0x000000000000014c       0x5c ../AlarmClock_bsp/\libhal_bsp.a(alt_load.o)
 .debug_frame   0x00000000000001a8       0x2c ../AlarmClock_bsp/\libhal_bsp.a(alt_main.o)
 .debug_frame   0x00000000000001d4       0x88 ../AlarmClock_bsp/\libhal_bsp.a(alt_sys_init.o)
 .debug_frame   0x000000000000025c       0xb0 ../AlarmClock_bsp/\libhal_bsp.a(altera_avalon_jtag_uart_fd.o)
 .debug_frame   0x000000000000030c       0xa4 ../AlarmClock_bsp/\libhal_bsp.a(altera_avalon_jtag_uart_init.o)
 .debug_frame   0x00000000000003b0       0x34 ../AlarmClock_bsp/\libhal_bsp.a(altera_avalon_jtag_uart_ioctl.o)
 .debug_frame   0x00000000000003e4       0x38 ../AlarmClock_bsp/\libhal_bsp.a(altera_avalon_jtag_uart_read.o)
 .debug_frame   0x000000000000041c       0x38 ../AlarmClock_bsp/\libhal_bsp.a(altera_avalon_jtag_uart_write.o)
 .debug_frame   0x0000000000000454       0x60 ../AlarmClock_bsp/\libhal_bsp.a(altera_avalon_timer_sc.o)
 .debug_frame   0x00000000000004b4      0x188 ../AlarmClock_bsp/\libhal_bsp.a(altera_up_avalon_irda.o)
 .debug_frame   0x000000000000063c      0x2c0 ../AlarmClock_bsp/\libhal_bsp.a(altera_up_avalon_ps2.o)
 .debug_frame   0x00000000000008fc       0x34 ../AlarmClock_bsp/\libhal_bsp.a(alt_alarm_start.o)
 .debug_frame   0x0000000000000930       0x60 ../AlarmClock_bsp/\libhal_bsp.a(alt_close.o)
 .debug_frame   0x0000000000000990       0x34 ../AlarmClock_bsp/\libhal_bsp.a(alt_dcache_flush_all.o)
 .debug_frame   0x00000000000009c4       0x34 ../AlarmClock_bsp/\libhal_bsp.a(alt_dev.o)
 .debug_frame   0x00000000000009f8       0x60 ../AlarmClock_bsp/\libhal_bsp.a(alt_dev_llist_insert.o)
 .debug_frame   0x0000000000000a58       0x38 ../AlarmClock_bsp/\libhal_bsp.a(alt_do_ctors.o)
 .debug_frame   0x0000000000000a90       0x38 ../AlarmClock_bsp/\libhal_bsp.a(alt_do_dtors.o)
 .debug_frame   0x0000000000000ac8       0x38 ../AlarmClock_bsp/\libhal_bsp.a(alt_find_dev.o)
 .debug_frame   0x0000000000000b00       0x38 ../AlarmClock_bsp/\libhal_bsp.a(alt_icache_flush_all.o)
 .debug_frame   0x0000000000000b38       0x60 ../AlarmClock_bsp/\libhal_bsp.a(alt_io_redirect.o)
 .debug_frame   0x0000000000000b98       0x38 ../AlarmClock_bsp/\libhal_bsp.a(alt_irq_handler.o)
 .debug_frame   0x0000000000000bd0       0x84 ../AlarmClock_bsp/\libhal_bsp.a(alt_open.o)
 .debug_frame   0x0000000000000c54       0x34 ../AlarmClock_bsp/\libhal_bsp.a(alt_release_fd.o)
 .debug_frame   0x0000000000000c88       0x5c ../AlarmClock_bsp/\libhal_bsp.a(alt_tick.o)
 .debug_frame   0x0000000000000ce4       0x34 ../AlarmClock_bsp/\libhal_bsp.a(altera_nios2_gen2_irq.o)
 .debug_frame   0x0000000000000d18       0x38 ../AlarmClock_bsp/\libhal_bsp.a(alt_find_file.o)
 .debug_frame   0x0000000000000d50       0x34 ../AlarmClock_bsp/\libhal_bsp.a(alt_get_fd.o)
 .debug_frame   0x0000000000000d84       0x34 ../AlarmClock_bsp/\libhal_bsp.a(alt_icache_flush.o)
 .debug_frame   0x0000000000000db8       0x5c ../AlarmClock_bsp/\libhal_bsp.a(alt_instruction_exception_entry.o)
 .debug_frame   0x0000000000000e14       0x20 c:/intelfpga_lite/16.1/nios2eds/bin/gnu/h-x86_64-mingw32/bin/../lib/gcc/nios2-elf/5.2.0/../../../../../H-x86_64-mingw32/nios2-elf/lib/mhw-mulx\libc.a(lib_a-atexit.o)
 .debug_frame   0x0000000000000e34       0x28 c:/intelfpga_lite/16.1/nios2eds/bin/gnu/h-x86_64-mingw32/bin/../lib/gcc/nios2-elf/5.2.0/../../../../../H-x86_64-mingw32/nios2-elf/lib/mhw-mulx\libc.a(lib_a-exit.o)
 .debug_frame   0x0000000000000e5c       0x20 c:/intelfpga_lite/16.1/nios2eds/bin/gnu/h-x86_64-mingw32/bin/../lib/gcc/nios2-elf/5.2.0/../../../../../H-x86_64-mingw32/nios2-elf/lib/mhw-mulx\libc.a(lib_a-memcmp.o)
 .debug_frame   0x0000000000000e7c       0x38 c:/intelfpga_lite/16.1/nios2eds/bin/gnu/h-x86_64-mingw32/bin/../lib/gcc/nios2-elf/5.2.0/../../../../../H-x86_64-mingw32/nios2-elf/lib/mhw-mulx\libc.a(lib_a-memcpy.o)
 .debug_frame   0x0000000000000eb4       0x20 c:/intelfpga_lite/16.1/nios2eds/bin/gnu/h-x86_64-mingw32/bin/../lib/gcc/nios2-elf/5.2.0/../../../../../H-x86_64-mingw32/nios2-elf/lib/mhw-mulx\libc.a(lib_a-strlen.o)
 .debug_frame   0x0000000000000ed4       0x38 c:/intelfpga_lite/16.1/nios2eds/bin/gnu/h-x86_64-mingw32/bin/../lib/gcc/nios2-elf/5.2.0/../../../../../H-x86_64-mingw32/nios2-elf/lib/mhw-mulx\libc.a(lib_a-__atexit.o)
 .debug_frame   0x0000000000000f0c       0x54 c:/intelfpga_lite/16.1/nios2eds/bin/gnu/h-x86_64-mingw32/bin/../lib/gcc/nios2-elf/5.2.0/../../../../../H-x86_64-mingw32/nios2-elf/lib/mhw-mulx\libc.a(lib_a-__call_atexit.o)
 .debug_frame   0x0000000000000f60       0x2c ../AlarmClock_bsp/\libhal_bsp.a(alt_exit.o)

.debug_str      0x0000000000000000     0x21a0
 *(.debug_str)
 .debug_str     0x0000000000000000      0x216 obj/default/hello_world.o
                                        0x261 (size before relaxing)
 .debug_str     0x0000000000000216      0x11b ../AlarmClock_bsp/\libhal_bsp.a(alt_irq_register.o)
                                        0x24f (size before relaxing)
 .debug_str     0x0000000000000331       0x17 ../AlarmClock_bsp/\libhal_bsp.a(alt_irq_vars.o)
                                        0x181 (size before relaxing)
 .debug_str     0x0000000000000348       0xe9 ../AlarmClock_bsp/\libhal_bsp.a(alt_load.o)
                                        0x259 (size before relaxing)
 .debug_str     0x0000000000000431       0x70 ../AlarmClock_bsp/\libhal_bsp.a(alt_main.o)
                                        0x20d (size before relaxing)
 .debug_str     0x00000000000004a1      0x4c6 ../AlarmClock_bsp/\libhal_bsp.a(alt_sys_init.o)
                                        0x6fe (size before relaxing)
 .debug_str     0x0000000000000967       0xb2 ../AlarmClock_bsp/\libhal_bsp.a(altera_avalon_jtag_uart_fd.o)
                                        0x3eb (size before relaxing)
 .debug_str     0x0000000000000a19       0xd1 ../AlarmClock_bsp/\libhal_bsp.a(altera_avalon_jtag_uart_init.o)
                                        0x3a0 (size before relaxing)
 .debug_str     0x0000000000000aea       0x4a ../AlarmClock_bsp/\libhal_bsp.a(altera_avalon_jtag_uart_ioctl.o)
                                        0x2da (size before relaxing)
 .debug_str     0x0000000000000b34       0x48 ../AlarmClock_bsp/\libhal_bsp.a(altera_avalon_jtag_uart_read.o)
                                        0x350 (size before relaxing)
 .debug_str     0x0000000000000b7c       0x4a ../AlarmClock_bsp/\libhal_bsp.a(altera_avalon_jtag_uart_write.o)
                                        0x351 (size before relaxing)
 .debug_str     0x0000000000000bc6       0x6d ../AlarmClock_bsp/\libhal_bsp.a(altera_avalon_timer_sc.o)
                                        0x2b3 (size before relaxing)
 .debug_str     0x0000000000000c33      0x176 ../AlarmClock_bsp/\libhal_bsp.a(altera_up_avalon_irda.o)
                                        0x3a6 (size before relaxing)
 .debug_str     0x0000000000000da9      0x1c5 ../AlarmClock_bsp/\libhal_bsp.a(altera_up_avalon_ps2.o)
                                        0x479 (size before relaxing)
 .debug_str     0x0000000000000f6e       0x59 ../AlarmClock_bsp/\libhal_bsp.a(alt_alarm_start.o)
                                        0x2e6 (size before relaxing)
 .debug_str     0x0000000000000fc7       0x44 ../AlarmClock_bsp/\libhal_bsp.a(alt_close.o)
                                        0x252 (size before relaxing)
 .debug_str     0x000000000000100b       0x34 ../AlarmClock_bsp/\libhal_bsp.a(alt_dcache_flush_all.o)
                                        0x19c (size before relaxing)
 .debug_str     0x000000000000103f      0x120 ../AlarmClock_bsp/\libhal_bsp.a(alt_dev.o)
                                        0x34c (size before relaxing)
 .debug_str     0x000000000000115f       0x34 ../AlarmClock_bsp/\libhal_bsp.a(alt_dev_llist_insert.o)
                                        0x213 (size before relaxing)
 .debug_str     0x0000000000001193       0x48 ../AlarmClock_bsp/\libhal_bsp.a(alt_do_ctors.o)
                                        0x117 (size before relaxing)
 .debug_str     0x00000000000011db       0x4c ../AlarmClock_bsp/\libhal_bsp.a(alt_do_dtors.o)
                                        0x116 (size before relaxing)
 .debug_str     0x0000000000001227       0x14 ../AlarmClock_bsp/\libhal_bsp.a(alt_errno.o)
                                        0x18c (size before relaxing)
 .debug_str     0x000000000000123b       0x24 ../AlarmClock_bsp/\libhal_bsp.a(alt_find_dev.o)
                                        0x233 (size before relaxing)
 .debug_str     0x000000000000125f       0x34 ../AlarmClock_bsp/\libhal_bsp.a(alt_icache_flush_all.o)
                                        0x19c (size before relaxing)
 .debug_str     0x0000000000001293       0x56 ../AlarmClock_bsp/\libhal_bsp.a(alt_io_redirect.o)
                                        0x35d (size before relaxing)
 .debug_str     0x00000000000012e9       0x3a ../AlarmClock_bsp/\libhal_bsp.a(alt_irq_handler.o)
                                        0x1ff (size before relaxing)
 .debug_str     0x0000000000001323       0x2f ../AlarmClock_bsp/\libhal_bsp.a(alt_open.o)
                                        0x292 (size before relaxing)
 .debug_str     0x0000000000001352       0x28 ../AlarmClock_bsp/\libhal_bsp.a(alt_release_fd.o)
                                        0x21a (size before relaxing)
 .debug_str     0x000000000000137a       0x4a ../AlarmClock_bsp/\libhal_bsp.a(alt_tick.o)
                                        0x2ba (size before relaxing)
 .debug_str     0x00000000000013c4       0x3b ../AlarmClock_bsp/\libhal_bsp.a(altera_nios2_gen2_irq.o)
                                        0x1cc (size before relaxing)
 .debug_str     0x00000000000013ff       0x26 ../AlarmClock_bsp/\libhal_bsp.a(alt_find_file.o)
                                        0x241 (size before relaxing)
 .debug_str     0x0000000000001425       0x30 ../AlarmClock_bsp/\libhal_bsp.a(alt_get_fd.o)
                                        0x263 (size before relaxing)
 .debug_str     0x0000000000001455       0x2c ../AlarmClock_bsp/\libhal_bsp.a(alt_icache_flush.o)
                                        0x1a2 (size before relaxing)
 .debug_str     0x0000000000001481      0x48b ../AlarmClock_bsp/\libhal_bsp.a(alt_instruction_exception_entry.o)
                                        0x5e7 (size before relaxing)
 .debug_str     0x000000000000190c      0x178 c:/intelfpga_lite/16.1/nios2eds/bin/gnu/h-x86_64-mingw32/bin/../lib/gcc/nios2-elf/5.2.0/../../../../../H-x86_64-mingw32/nios2-elf/lib/mhw-mulx\libc.a(lib_a-atexit.o)
                                        0x21d (size before relaxing)
 .debug_str     0x0000000000001a84      0x3a7 c:/intelfpga_lite/16.1/nios2eds/bin/gnu/h-x86_64-mingw32/bin/../lib/gcc/nios2-elf/5.2.0/../../../../../H-x86_64-mingw32/nios2-elf/lib/mhw-mulx\libc.a(lib_a-exit.o)
                                        0x5ba (size before relaxing)
 .debug_str     0x0000000000001e2b       0xd4 c:/intelfpga_lite/16.1/nios2eds/bin/gnu/h-x86_64-mingw32/bin/../lib/gcc/nios2-elf/5.2.0/../../../../../H-x86_64-mingw32/nios2-elf/lib/mhw-mulx\libc.a(lib_a-impure.o)
                                        0x5b1 (size before relaxing)
 .debug_str     0x0000000000001eff       0x3f c:/intelfpga_lite/16.1/nios2eds/bin/gnu/h-x86_64-mingw32/bin/../lib/gcc/nios2-elf/5.2.0/../../../../../H-x86_64-mingw32/nios2-elf/lib/mhw-mulx\libc.a(lib_a-int_errno.o)
                                        0x1d9 (size before relaxing)
 .debug_str     0x0000000000001f3e       0xd8 c:/intelfpga_lite/16.1/nios2eds/bin/gnu/h-x86_64-mingw32/bin/../lib/gcc/nios2-elf/5.2.0/../../../../../H-x86_64-mingw32/nios2-elf/lib/mhw-mulx\libc.a(lib_a-memcmp.o)
                                        0x1e0 (size before relaxing)
 .debug_str     0x0000000000002016       0x6b c:/intelfpga_lite/16.1/nios2eds/bin/gnu/h-x86_64-mingw32/bin/../lib/gcc/nios2-elf/5.2.0/../../../../../H-x86_64-mingw32/nios2-elf/lib/mhw-mulx\libc.a(lib_a-memcpy.o)
                                        0x207 (size before relaxing)
 .debug_str     0x0000000000002081       0x51 c:/intelfpga_lite/16.1/nios2eds/bin/gnu/h-x86_64-mingw32/bin/../lib/gcc/nios2-elf/5.2.0/../../../../../H-x86_64-mingw32/nios2-elf/lib/mhw-mulx\libc.a(lib_a-strlen.o)
                                        0x1f3 (size before relaxing)
 .debug_str     0x00000000000020d2       0x3f c:/intelfpga_lite/16.1/nios2eds/bin/gnu/h-x86_64-mingw32/bin/../lib/gcc/nios2-elf/5.2.0/../../../../../H-x86_64-mingw32/nios2-elf/lib/mhw-mulx\libc.a(lib_a-__atexit.o)
                                        0x5f2 (size before relaxing)
 .debug_str     0x0000000000002111       0x65 c:/intelfpga_lite/16.1/nios2eds/bin/gnu/h-x86_64-mingw32/bin/../lib/gcc/nios2-elf/5.2.0/../../../../../H-x86_64-mingw32/nios2-elf/lib/mhw-mulx\libc.a(lib_a-__call_atexit.o)
                                        0x5de (size before relaxing)
 .debug_str     0x0000000000002176       0x2a ../AlarmClock_bsp/\libhal_bsp.a(alt_exit.o)
                                        0x1c1 (size before relaxing)

.debug_loc      0x0000000000000000      0x770
 *(.debug_loc)
 .debug_loc     0x0000000000000000       0x2c c:/intelfpga_lite/16.1/nios2eds/bin/gnu/h-x86_64-mingw32/bin/../lib/gcc/nios2-elf/5.2.0/../../../../../H-x86_64-mingw32/nios2-elf/lib/mhw-mulx\libc.a(lib_a-atexit.o)
 .debug_loc     0x000000000000002c       0x1e c:/intelfpga_lite/16.1/nios2eds/bin/gnu/h-x86_64-mingw32/bin/../lib/gcc/nios2-elf/5.2.0/../../../../../H-x86_64-mingw32/nios2-elf/lib/mhw-mulx\libc.a(lib_a-exit.o)
 .debug_loc     0x000000000000004a      0x126 c:/intelfpga_lite/16.1/nios2eds/bin/gnu/h-x86_64-mingw32/bin/../lib/gcc/nios2-elf/5.2.0/../../../../../H-x86_64-mingw32/nios2-elf/lib/mhw-mulx\libc.a(lib_a-memcmp.o)
 .debug_loc     0x0000000000000170      0x266 c:/intelfpga_lite/16.1/nios2eds/bin/gnu/h-x86_64-mingw32/bin/../lib/gcc/nios2-elf/5.2.0/../../../../../H-x86_64-mingw32/nios2-elf/lib/mhw-mulx\libc.a(lib_a-memcpy.o)
 .debug_loc     0x00000000000003d6       0x47 c:/intelfpga_lite/16.1/nios2eds/bin/gnu/h-x86_64-mingw32/bin/../lib/gcc/nios2-elf/5.2.0/../../../../../H-x86_64-mingw32/nios2-elf/lib/mhw-mulx\libc.a(lib_a-strlen.o)
 .debug_loc     0x000000000000041d      0x185 c:/intelfpga_lite/16.1/nios2eds/bin/gnu/h-x86_64-mingw32/bin/../lib/gcc/nios2-elf/5.2.0/../../../../../H-x86_64-mingw32/nios2-elf/lib/mhw-mulx\libc.a(lib_a-__atexit.o)
 .debug_loc     0x00000000000005a2      0x1ce c:/intelfpga_lite/16.1/nios2eds/bin/gnu/h-x86_64-mingw32/bin/../lib/gcc/nios2-elf/5.2.0/../../../../../H-x86_64-mingw32/nios2-elf/lib/mhw-mulx\libc.a(lib_a-__call_atexit.o)

.debug_macinfo
 *(.debug_macinfo)

.debug_weaknames
 *(.debug_weaknames)

.debug_funcnames
 *(.debug_funcnames)

.debug_typenames
 *(.debug_typenames)

.debug_varnames
 *(.debug_varnames)

.debug_alt_sim_info
                0x0000000000000000       0x20
 *(.debug_alt_sim_info)
 .debug_alt_sim_info
                0x0000000000000000       0x20 ../AlarmClock_bsp//obj/HAL/src/crt0.o
                0x0000000002000000                __alt_data_end = 0x2000000
                0x0000000002000000                PROVIDE (__alt_stack_pointer, __alt_data_end)
                [!provide]                        PROVIDE (__alt_stack_limit, __alt_stack_base)
                [!provide]                        PROVIDE (__alt_heap_start, end)
                [!provide]                        PROVIDE (__alt_heap_limit, 0x2000000)
OUTPUT(AlarmClock.elf elf32-littlenios2)

.debug_ranges   0x0000000000000000      0x178
 .debug_ranges  0x0000000000000000       0x20 ../AlarmClock_bsp//obj/HAL/src/crt0.o
 .debug_ranges  0x0000000000000020       0x30 ../AlarmClock_bsp/\libhal_bsp.a(altera_avalon_jtag_uart_init.o)
 .debug_ranges  0x0000000000000050       0x18 ../AlarmClock_bsp/\libhal_bsp.a(altera_avalon_jtag_uart_read.o)
 .debug_ranges  0x0000000000000068       0x28 ../AlarmClock_bsp/\libhal_bsp.a(alt_irq_entry.o)
 .debug_ranges  0x0000000000000090       0x10 ../AlarmClock_bsp/\libhal_bsp.a(alt_irq_handler.o)
 .debug_ranges  0x00000000000000a0       0x30 ../AlarmClock_bsp/\libhal_bsp.a(alt_exception_entry.o)
 .debug_ranges  0x00000000000000d0       0x18 ../AlarmClock_bsp/\libhal_bsp.a(alt_instruction_exception_entry.o)
 .debug_ranges  0x00000000000000e8       0x10 c:/intelfpga_lite/16.1/nios2eds/bin/gnu/h-x86_64-mingw32/bin/../lib/gcc/nios2-elf/5.2.0/../../../../../H-x86_64-mingw32/nios2-elf/lib/mhw-mulx\libc.a(lib_a-atexit.o)
 .debug_ranges  0x00000000000000f8       0x10 c:/intelfpga_lite/16.1/nios2eds/bin/gnu/h-x86_64-mingw32/bin/../lib/gcc/nios2-elf/5.2.0/../../../../../H-x86_64-mingw32/nios2-elf/lib/mhw-mulx\libc.a(lib_a-exit.o)
 .debug_ranges  0x0000000000000108       0x10 c:/intelfpga_lite/16.1/nios2eds/bin/gnu/h-x86_64-mingw32/bin/../lib/gcc/nios2-elf/5.2.0/../../../../../H-x86_64-mingw32/nios2-elf/lib/mhw-mulx\libc.a(lib_a-memcmp.o)
 .debug_ranges  0x0000000000000118       0x10 c:/intelfpga_lite/16.1/nios2eds/bin/gnu/h-x86_64-mingw32/bin/../lib/gcc/nios2-elf/5.2.0/../../../../../H-x86_64-mingw32/nios2-elf/lib/mhw-mulx\libc.a(lib_a-memcpy.o)
 .debug_ranges  0x0000000000000128       0x10 c:/intelfpga_lite/16.1/nios2eds/bin/gnu/h-x86_64-mingw32/bin/../lib/gcc/nios2-elf/5.2.0/../../../../../H-x86_64-mingw32/nios2-elf/lib/mhw-mulx\libc.a(lib_a-strlen.o)
 .debug_ranges  0x0000000000000138       0x10 c:/intelfpga_lite/16.1/nios2eds/bin/gnu/h-x86_64-mingw32/bin/../lib/gcc/nios2-elf/5.2.0/../../../../../H-x86_64-mingw32/nios2-elf/lib/mhw-mulx\libc.a(lib_a-__atexit.o)
 .debug_ranges  0x0000000000000148       0x30 c:/intelfpga_lite/16.1/nios2eds/bin/gnu/h-x86_64-mingw32/bin/../lib/gcc/nios2-elf/5.2.0/../../../../../H-x86_64-mingw32/nios2-elf/lib/mhw-mulx\libc.a(lib_a-__call_atexit.o)
